

================================================================
== Vitis HLS Report for 'DebayerG_Pipeline_VITIS_LOOP_318_4'
================================================================
* Date:           Mon Sep 21 19:19:14 2026

* Version:        2025.2 (Build 6295257 on Nov 14 2025)
* Project:        prj
* Solution:       sol (Vivado IP Flow Target)
* Product family: zynq
* Target device:  xc7z020-clg400-1


================================================================
== Performance Estimates
================================================================
+ Timing: 
    * Summary: 
    +--------+----------+----------+------------+
    |  Clock |  Target  | Estimated| Uncertainty|
    +--------+----------+----------+------------+
    |ap_clk  |  10.00 ns|  7.282 ns|     2.70 ns|
    +--------+----------+----------+------------+

+ Latency: 
    * Summary: 
    +---------+---------+----------+----------+-----+-----+-------------------+
    |  Latency (cycles) |  Latency (absolute) |  Interval |      Pipeline     |
    |   min   |   max   |    min   |    max   | min | max |        Type       |
    +---------+---------+----------+----------+-----+-----+-------------------+
    |       17|    65552|  0.170 us|  0.656 ms|    0|    0|  loop pipeline stp|
    +---------+---------+----------+----------+-----+-----+-------------------+

    + Detail: 
        * Instance: 
        N/A

        * Loop: 
        +--------------------+---------+---------+----------+-----------+-----------+-----------+----------+
        |                    |  Latency (cycles) | Iteration|  Initiation Interval  |    Trip   |          |
        |      Loop Name     |   min   |   max   |  Latency |  achieved |   target  |   Count   | Pipelined|
        +--------------------+---------+---------+----------+-----------+-----------+-----------+----------+
        |- VITIS_LOOP_318_4  |       15|    65550|        15|          1|          1|  2 ~ 65537|       yes|
        +--------------------+---------+---------+----------+-----------+-----------+-----------+----------+



================================================================
== Utilization Estimates
================================================================
* Summary: 
+-----------------+---------+-----+--------+-------+-----+
|       Name      | BRAM_18K| DSP |   FF   |  LUT  | URAM|
+-----------------+---------+-----+--------+-------+-----+
|DSP              |        -|    2|       -|      -|    -|
|Expression       |        -|    -|       0|   2382|    -|
|FIFO             |        -|    -|       -|      -|    -|
|Instance         |        -|    6|       0|     36|    -|
|Memory           |       14|    -|       0|      0|    0|
|Multiplexer      |        -|    -|       0|    576|    -|
|Register         |        -|    -|    3529|   1056|    -|
+-----------------+---------+-----+--------+-------+-----+
|Total            |       14|    8|    3529|   4050|    0|
+-----------------+---------+-----+--------+-------+-----+
|Available        |      280|  220|  106400|  53200|    0|
+-----------------+---------+-----+--------+-------+-----+
|Utilization (%)  |        5|    3|       3|      7|    0|
+-----------------+---------+-----+--------+-------+-----+

+ Detail: 
    * Instance: 
    +-------------------------+---------------------+---------+----+---+----+-----+
    |         Instance        |        Module       | BRAM_18K| DSP| FF| LUT| URAM|
    +-------------------------+---------------------+---------+----+---+----+-----+
    |mul_14s_10ns_24_1_1_U60  |mul_14s_10ns_24_1_1  |        0|   1|  0|   6|    0|
    |mul_14s_10ns_24_1_1_U61  |mul_14s_10ns_24_1_1  |        0|   1|  0|   6|    0|
    |mul_18s_8ns_18_1_1_U57   |mul_18s_8ns_18_1_1   |        0|   1|  0|   6|    0|
    |mul_18s_8ns_18_1_1_U58   |mul_18s_8ns_18_1_1   |        0|   1|  0|   6|    0|
    |mul_18s_9ns_18_1_1_U56   |mul_18s_9ns_18_1_1   |        0|   1|  0|   6|    0|
    |mul_18s_9ns_18_1_1_U59   |mul_18s_9ns_18_1_1   |        0|   1|  0|   6|    0|
    +-------------------------+---------------------+---------+----+---+----+-----+
    |Total                    |                     |        0|   6|  0|  36|    0|
    +-------------------------+---------------------+---------+----+---+----+-----+

    * DSP: 
    +------------------------------------+--------------------------------+--------------+
    |              Instance              |             Module             |  Expression  |
    +------------------------------------+--------------------------------+--------------+
    |mac_muladd_14s_10ns_24s_25_4_1_U62  |mac_muladd_14s_10ns_24s_25_4_1  |  i0 + i1 * i2|
    |mac_muladd_14s_10ns_24s_25_4_1_U63  |mac_muladd_14s_10ns_24s_25_4_1  |  i0 + i1 * i2|
    +------------------------------------+--------------------------------+--------------+

    * Memory: 
    +-----------------+----------------------------------------------------------------+---------+---+----+-----+------+-----+------+-------------+
    |      Memory     |                             Module                             | BRAM_18K| FF| LUT| URAM| Words| Bits| Banks| W*Bits*Banks|
    +-----------------+----------------------------------------------------------------+---------+---+----+-----+------+-----+------+-------------+
    |DIV1_TABLE_U     |DebayerG_Pipeline_VITIS_LOOP_318_4_DIV1_TABLE_ROM_AUTO_1R       |        2|  0|   0|    0|  1024|   10|     1|        10240|
    |DIV2_TABLE_U     |DebayerG_Pipeline_VITIS_LOOP_318_4_DIV2_TABLE_ROM_AUTO_1R       |        4|  0|   0|    0|  4096|   18|     1|        73728|
    |linebuf_yuv_3_U  |DebayerG_Pipeline_VITIS_LOOP_318_4_linebuf_yuv_3_RAM_AUTO_1R1W  |        2|  0|   0|    0|  1921|   10|     1|        19210|
    |linebuf_yuv_2_U  |DebayerG_Pipeline_VITIS_LOOP_318_4_linebuf_yuv_3_RAM_AUTO_1R1W  |        2|  0|   0|    0|  1921|   10|     1|        19210|
    |linebuf_yuv_1_U  |DebayerG_Pipeline_VITIS_LOOP_318_4_linebuf_yuv_3_RAM_AUTO_1R1W  |        2|  0|   0|    0|  1921|   10|     1|        19210|
    |linebuf_yuv_U    |DebayerG_Pipeline_VITIS_LOOP_318_4_linebuf_yuv_3_RAM_AUTO_1R1W  |        2|  0|   0|    0|  1921|   10|     1|        19210|
    +-----------------+----------------------------------------------------------------+---------+---+----+-----+------+-----+------+-------------+
    |Total            |                                                                |       14|  0|   0|    0| 12804|   68|     6|       160808|
    +-----------------+----------------------------------------------------------------+---------+---+----+-----+------+-----+------+-------------+

    * FIFO: 
    N/A

    * Expression: 
    +------------------------------------+----------+----+---+----+------------+------------+
    |            Variable Name           | Operation| DSP| FF| LUT| Bitwidth P0| Bitwidth P1|
    +------------------------------------+----------+----+---+----+------------+------------+
    |add_ln451_fu_1395_p2                |         +|   0|  0|  12|          11|          11|
    |add_ln453_fu_1455_p2                |         +|   0|  0|  12|          11|          11|
    |add_ln455_fu_1523_p2                |         +|   0|  0|  12|          11|          11|
    |add_ln457_fu_1579_p2                |         +|   0|  0|  12|          11|          11|
    |add_ln458_fu_1611_p2                |         +|   0|  0|  12|          11|          11|
    |add_ln459_fu_1639_p2                |         +|   0|  0|  12|          11|          11|
    |add_ln460_fu_1671_p2                |         +|   0|  0|  12|          11|          11|
    |add_ln461_fu_1699_p2                |         +|   0|  0|  12|          11|          11|
    |add_ln465_1_fu_1812_p2              |         +|   0|  0|  14|          13|          13|
    |add_ln465_fu_1802_p2                |         +|   0|  0|  14|          13|          13|
    |add_ln466_1_fu_1854_p2              |         +|   0|  0|  14|          13|          13|
    |add_ln466_fu_1844_p2                |         +|   0|  0|  14|          13|          13|
    |add_ln467_fu_1880_p2                |         +|   0|  0|  14|          13|          13|
    |add_ln468_1_fu_1916_p2              |         +|   0|  0|  14|          13|          13|
    |add_ln468_fu_1906_p2                |         +|   0|  0|  14|          13|          13|
    |add_ln476_1_fu_2465_p2              |         +|   0|  0|  14|          13|          13|
    |add_ln476_2_fu_2475_p2              |         +|   0|  0|  17|          14|          14|
    |add_ln476_fu_2455_p2                |         +|   0|  0|  14|          13|          13|
    |add_ln477_1_fu_2660_p2              |         +|   0|  0|  14|          13|          13|
    |add_ln477_2_fu_2670_p2              |         +|   0|  0|  17|          14|          14|
    |add_ln477_fu_2650_p2                |         +|   0|  0|  14|          13|          13|
    |add_ln478_1_fu_2855_p2              |         +|   0|  0|  14|          13|          13|
    |add_ln478_2_fu_2865_p2              |         +|   0|  0|  17|          14|          14|
    |add_ln478_fu_2845_p2                |         +|   0|  0|  14|          13|          13|
    |add_ln479_1_fu_3050_p2              |         +|   0|  0|  14|          13|          13|
    |add_ln479_2_fu_3060_p2              |         +|   0|  0|  17|          14|          14|
    |add_ln479_fu_3040_p2                |         +|   0|  0|  14|          13|          13|
    |add_ln483_fu_2196_p2                |         +|   0|  0|  12|          11|          11|
    |add_ln484_fu_2280_p2                |         +|   0|  0|  12|          11|          11|
    |add_ln492_1_fu_3092_p2              |         +|   0|  0|  14|          13|          13|
    |add_ln492_2_fu_3112_p2              |         +|   0|  0|  12|          11|           1|
    |add_ln492_3_fu_3122_p2              |         +|   0|  0|  14|          13|          13|
    |add_ln492_4_fu_3142_p2              |         +|   0|  0|  14|          13|          13|
    |add_ln492_5_fu_3162_p2              |         +|   0|  0|  14|          13|          13|
    |add_ln492_fu_3082_p2                |         +|   0|  0|  12|          11|           1|
    |add_ln495_1_fu_3245_p2              |         +|   0|  0|  13|          10|          10|
    |add_ln495_fu_3230_p2                |         +|   0|  0|  14|           9|           9|
    |add_ln504_2_fu_3388_p2              |         +|   0|  0|  33|          26|          26|
    |ave_1_fu_1864_p2                    |         +|   0|  0|  17|          14|          14|
    |ave_2_fu_1890_p2                    |         +|   0|  0|  17|          14|          14|
    |ave_3_fu_1926_p2                    |         +|   0|  0|  17|          14|          14|
    |ave_fu_1822_p2                      |         +|   0|  0|  17|          14|          14|
    |g_fu_3451_p2                        |         +|   0|  0|  17|          14|          14|
    |out_x_fu_1003_p2                    |         +|   0|  0|  24|          17|           3|
    |sw_1_fu_3255_p2                     |         +|   0|  0|  12|          11|          11|
    |x_11_fu_989_p2                      |         +|   0|  0|  24|          17|           1|
    |K_10_fu_1681_p2                     |         -|   0|  0|  12|          12|          12|
    |K_11_fu_1709_p2                     |         -|   0|  0|  12|          12|          12|
    |K_1_fu_1405_p2                      |         -|   0|  0|  12|          12|          12|
    |K_2_fu_1437_p2                      |         -|   0|  0|  12|          12|          12|
    |K_3_fu_1465_p2                      |         -|   0|  0|  12|          12|          12|
    |K_4_fu_1497_p2                      |         -|   0|  0|  12|          12|          12|
    |K_5_fu_1533_p2                      |         -|   0|  0|  12|          12|          12|
    |K_6_fu_1557_p2                      |         -|   0|  0|  12|          12|          12|
    |K_7_fu_1589_p2                      |         -|   0|  0|  12|          12|          12|
    |K_8_fu_1621_p2                      |         -|   0|  0|  12|          12|          12|
    |K_9_fu_1649_p2                      |         -|   0|  0|  12|          12|          12|
    |K_fu_1369_p2                        |         -|   0|  0|  12|          12|          12|
    |sub_ln450_fu_1363_p2                |         -|   0|  0|  12|          12|          12|
    |sub_ln452_fu_1431_p2                |         -|   0|  0|  12|          12|          12|
    |sub_ln454_fu_1491_p2                |         -|   0|  0|  12|          12|          12|
    |sub_ln456_fu_1551_p2                |         -|   0|  0|  12|          12|          12|
    |sub_ln472_1_fu_1970_p2              |         -|   0|  0|  12|           1|          12|
    |sub_ln472_2_fu_1992_p2              |         -|   0|  0|  20|           1|          15|
    |sub_ln472_3_fu_2018_p2              |         -|   0|  0|  12|           1|          12|
    |sub_ln472_4_fu_2040_p2              |         -|   0|  0|  20|           1|          15|
    |sub_ln472_5_fu_2066_p2              |         -|   0|  0|  12|           1|          12|
    |sub_ln472_6_fu_2088_p2              |         -|   0|  0|  20|           1|          15|
    |sub_ln472_7_fu_2114_p2              |         -|   0|  0|  12|           1|          12|
    |sub_ln472_fu_1944_p2                |         -|   0|  0|  20|           1|          15|
    |sub_ln476_1_fu_2338_p2              |         -|   0|  0|  14|          13|          13|
    |sub_ln476_2_fu_2377_p2              |         -|   0|  0|  14|          13|          13|
    |sub_ln476_3_fu_2416_p2              |         -|   0|  0|  14|          13|          13|
    |sub_ln476_fu_2299_p2                |         -|   0|  0|  14|          13|          13|
    |sub_ln477_1_fu_2533_p2              |         -|   0|  0|  14|          13|          13|
    |sub_ln477_2_fu_2572_p2              |         -|   0|  0|  14|          13|          13|
    |sub_ln477_3_fu_2611_p2              |         -|   0|  0|  14|          13|          13|
    |sub_ln477_fu_2494_p2                |         -|   0|  0|  14|          13|          13|
    |sub_ln478_1_fu_2728_p2              |         -|   0|  0|  14|          13|          13|
    |sub_ln478_2_fu_2767_p2              |         -|   0|  0|  14|          13|          13|
    |sub_ln478_3_fu_2806_p2              |         -|   0|  0|  14|          13|          13|
    |sub_ln478_fu_2689_p2                |         -|   0|  0|  14|          13|          13|
    |sub_ln479_1_fu_2923_p2              |         -|   0|  0|  14|          13|          13|
    |sub_ln479_2_fu_2962_p2              |         -|   0|  0|  14|          13|          13|
    |sub_ln479_3_fu_3001_p2              |         -|   0|  0|  14|          13|          13|
    |sub_ln479_fu_2884_p2                |         -|   0|  0|  14|          13|          13|
    |sub_ln483_1_fu_2162_p2              |         -|   0|  0|  12|          11|          11|
    |sub_ln483_fu_2128_p2                |         -|   0|  0|  12|          11|          11|
    |sub_ln484_1_fu_2246_p2              |         -|   0|  0|  12|          11|          11|
    |sub_ln484_fu_2212_p2                |         -|   0|  0|  12|          11|          11|
    |sub_ln504_1_fu_3425_p2              |         -|   0|  0|  14|           1|          13|
    |sub_ln504_fu_3398_p2                |         -|   0|  0|  34|           1|          27|
    |sub_ln61_10_fu_2398_p2              |         -|   0|  0|  12|           1|          12|
    |sub_ln61_11_fu_2437_p2              |         -|   0|  0|  12|           1|          12|
    |sub_ln61_12_fu_2515_p2              |         -|   0|  0|  12|           1|          12|
    |sub_ln61_13_fu_2554_p2              |         -|   0|  0|  12|           1|          12|
    |sub_ln61_14_fu_2593_p2              |         -|   0|  0|  12|           1|          12|
    |sub_ln61_15_fu_2632_p2              |         -|   0|  0|  12|           1|          12|
    |sub_ln61_16_fu_2710_p2              |         -|   0|  0|  12|           1|          12|
    |sub_ln61_17_fu_2749_p2              |         -|   0|  0|  12|           1|          12|
    |sub_ln61_18_fu_2788_p2              |         -|   0|  0|  12|           1|          12|
    |sub_ln61_19_fu_2827_p2              |         -|   0|  0|  12|           1|          12|
    |sub_ln61_20_fu_2905_p2              |         -|   0|  0|  12|           1|          12|
    |sub_ln61_21_fu_2944_p2              |         -|   0|  0|  12|           1|          12|
    |sub_ln61_22_fu_2983_p2              |         -|   0|  0|  12|           1|          12|
    |sub_ln61_23_fu_3022_p2              |         -|   0|  0|  12|           1|          12|
    |sub_ln61_24_fu_2144_p2              |         -|   0|  0|  13|           1|          10|
    |sub_ln61_25_fu_2178_p2              |         -|   0|  0|  13|           1|          10|
    |sub_ln61_26_fu_2228_p2              |         -|   0|  0|  13|           1|          10|
    |sub_ln61_27_fu_2262_p2              |         -|   0|  0|  13|           1|          10|
    |sub_ln61_9_fu_2359_p2               |         -|   0|  0|  12|           1|          12|
    |sub_ln61_fu_2320_p2                 |         -|   0|  0|  12|           1|          12|
    |ap_block_pp0                        |       and|   0|  0|   2|           1|           1|
    |ap_block_state15_pp0_stage0_iter14  |       and|   0|  0|   2|           1|           1|
    |ap_block_state2_pp0_stage0_iter1    |       and|   0|  0|   2|           1|           1|
    |ap_condition_2953                   |       and|   0|  0|   2|           1|           1|
    |ap_condition_470                    |       and|   0|  0|   2|           1|           1|
    |ap_condition_84                     |       and|   0|  0|   2|           1|           1|
    |ap_condition_978                    |       and|   0|  0|   2|           1|           1|
    |ap_enable_state1_pp0_iter0_stage0   |       and|   0|  0|   2|           1|           1|
    |ap_enable_state2_pp0_iter1_stage0   |       and|   0|  0|   2|           1|           1|
    |ap_enable_state3_pp0_iter2_stage0   |       and|   0|  0|   2|           1|           1|
    |ap_predicate_op115_load_state1      |       and|   0|  0|   2|           1|           1|
    |ap_predicate_op137_load_state2      |       and|   0|  0|   2|           1|           1|
    |ap_predicate_op187_store_state3     |       and|   0|  0|   2|           1|           1|
    |icmp_ln318_fu_983_p2                |      icmp|   0|  0|  24|          17|          17|
    |icmp_ln328_fu_1013_p2               |      icmp|   0|  0|  24|          17|          17|
    |icmp_ln346_fu_849_p2                |      icmp|   0|  0|  24|          17|          17|
    |icmp_ln387_fu_1019_p2               |      icmp|   0|  0|  24|          17|           1|
    |icmp_ln403_fu_855_p2                |      icmp|   0|  0|  24|          17|           1|
    |icmp_ln439_fu_1035_p2               |      icmp|   0|  0|  20|          15|          15|
    |icmp_ln506_fu_869_p2                |      icmp|   0|  0|  20|          15|          15|
    |icmp_ln510_fu_3486_p2               |      icmp|   0|  0|  13|           4|           1|
    |ap_block_pp0_stage0_01001           |        or|   0|  0|   2|           1|           1|
    |or_ln510_fu_3510_p2                 |        or|   0|  0|   2|           1|           1|
    |or_ln585_fu_1041_p2                 |        or|   0|  0|  17|          17|          17|
    |LineBufVal_8_fu_1313_p3             |    select|   0|  0|  10|           1|          10|
    |g_1_fu_3457_p3                      |    select|   0|  0|  14|           1|          14|
    |mean_1_fu_2024_p3                   |    select|   0|  0|  12|           1|          12|
    |mean_2_fu_2072_p3                   |    select|   0|  0|  12|           1|          12|
    |mean_3_fu_2120_p3                   |    select|   0|  0|  12|           1|          12|
    |mean_fu_1976_p3                     |    select|   0|  0|  12|           1|          12|
    |phi_ln509_fu_3538_p3                |    select|   0|  0|  10|           1|          10|
    |phi_ln511_fu_3545_p3                |    select|   0|  0|  10|           1|          10|
    |phitmp9_fu_3531_p3                  |    select|   0|  0|  10|           1|           1|
    |phitmp_fu_3524_p3                   |    select|   0|  0|  10|           1|          10|
    |select_ln387_10_fu_1227_p3          |    select|   0|  0|  10|           1|          10|
    |select_ln387_11_fu_1234_p3          |    select|   0|  0|  10|           1|          10|
    |select_ln387_12_fu_1241_p3          |    select|   0|  0|  10|           1|          10|
    |select_ln387_13_fu_1247_p3          |    select|   0|  0|  10|           1|          10|
    |select_ln387_14_fu_1254_p3          |    select|   0|  0|  10|           1|          10|
    |select_ln387_15_fu_1261_p3          |    select|   0|  0|  10|           1|          10|
    |select_ln387_16_fu_1268_p3          |    select|   0|  0|  10|           1|          10|
    |select_ln387_17_fu_1275_p3          |    select|   0|  0|  10|           1|          10|
    |select_ln387_18_fu_1283_p3          |    select|   0|  0|  10|           1|          10|
    |select_ln387_19_fu_1291_p3          |    select|   0|  0|  10|           1|          10|
    |select_ln387_1_fu_1166_p3           |    select|   0|  0|  10|           1|          10|
    |select_ln387_2_fu_1173_p3           |    select|   0|  0|  10|           1|          10|
    |select_ln387_3_fu_1180_p3           |    select|   0|  0|  10|           1|          10|
    |select_ln387_4_fu_1187_p3           |    select|   0|  0|  10|           1|          10|
    |select_ln387_5_fu_1193_p3           |    select|   0|  0|  10|           1|          10|
    |select_ln387_6_fu_1200_p3           |    select|   0|  0|  10|           1|          10|
    |select_ln387_7_fu_1207_p3           |    select|   0|  0|  10|           1|          10|
    |select_ln387_8_fu_1214_p3           |    select|   0|  0|  10|           1|          10|
    |select_ln387_9_fu_1220_p3           |    select|   0|  0|  10|           1|          10|
    |select_ln387_fu_1160_p3             |    select|   0|  0|  10|           1|          10|
    |select_ln403_1_fu_1306_p3           |    select|   0|  0|  10|           1|          10|
    |select_ln403_fu_1299_p3             |    select|   0|  0|  10|           1|          10|
    |select_ln504_fu_3439_p3             |    select|   0|  0|  13|           1|          13|
    |select_ln510_1_fu_3502_p3           |    select|   0|  0|   2|           1|           2|
    |select_ln510_fu_3516_p3             |    select|   0|  0|  10|           1|          10|
    |select_ln61_10_fu_2794_p3           |    select|   0|  0|  12|           1|          12|
    |select_ln61_11_fu_2833_p3           |    select|   0|  0|  12|           1|          12|
    |select_ln61_12_fu_2911_p3           |    select|   0|  0|  12|           1|          12|
    |select_ln61_13_fu_2950_p3           |    select|   0|  0|  12|           1|          12|
    |select_ln61_14_fu_2989_p3           |    select|   0|  0|  12|           1|          12|
    |select_ln61_15_fu_3028_p3           |    select|   0|  0|  12|           1|          12|
    |select_ln61_16_fu_2150_p3           |    select|   0|  0|  10|           1|          10|
    |select_ln61_17_fu_2184_p3           |    select|   0|  0|  10|           1|          10|
    |select_ln61_18_fu_2234_p3           |    select|   0|  0|  10|           1|          10|
    |select_ln61_19_fu_2268_p3           |    select|   0|  0|  10|           1|          10|
    |select_ln61_1_fu_2365_p3            |    select|   0|  0|  12|           1|          12|
    |select_ln61_2_fu_2404_p3            |    select|   0|  0|  12|           1|          12|
    |select_ln61_3_fu_2443_p3            |    select|   0|  0|  12|           1|          12|
    |select_ln61_4_fu_2521_p3            |    select|   0|  0|  12|           1|          12|
    |select_ln61_5_fu_2560_p3            |    select|   0|  0|  12|           1|          12|
    |select_ln61_6_fu_2599_p3            |    select|   0|  0|  12|           1|          12|
    |select_ln61_7_fu_2638_p3            |    select|   0|  0|  12|           1|          12|
    |select_ln61_8_fu_2716_p3            |    select|   0|  0|  12|           1|          12|
    |select_ln61_9_fu_2755_p3            |    select|   0|  0|  12|           1|          12|
    |select_ln61_fu_2326_p3              |    select|   0|  0|  12|           1|          12|
    |ap_enable_pp0                       |       xor|   0|  0|   2|           1|           2|
    |xor_ln439_1_fu_1025_p2              |       xor|   0|  0|   2|           1|           1|
    |xor_ln510_fu_3496_p2                |       xor|   0|  0|   2|           1|           2|
    +------------------------------------+----------+----+---+----+------------+------------+
    |Total                               |          |   0|  0|2382|        1278|        2070|
    +------------------------------------+----------+----+---+----+------------+------------+

    * Multiplexer: 
    +----------------------------------------+----+-----------+-----+-----------+
    |                  Name                  | LUT| Input Size| Bits| Total Bits|
    +----------------------------------------+----+-----------+-----+-----------+
    |ap_done_int                             |   9|          2|    1|          2|
    |ap_enable_reg_pp0_iter3                 |   9|          2|    1|          2|
    |ap_phi_mux_empty_153_phi_fu_667_p4      |   9|          2|   10|         20|
    |ap_phi_mux_empty_154_phi_fu_676_p4      |  14|          3|   10|         30|
    |ap_phi_mux_empty_155_phi_fu_685_p4      |  14|          3|   10|         30|
    |ap_phi_mux_empty_156_phi_fu_694_p4      |  14|          3|   10|         30|
    |ap_phi_mux_empty_157_phi_fu_703_p4      |   9|          2|   10|         20|
    |ap_phi_mux_empty_158_phi_fu_712_p4      |  14|          3|   10|         30|
    |ap_phi_mux_empty_159_phi_fu_721_p4      |  14|          3|   10|         30|
    |ap_phi_mux_empty_160_phi_fu_730_p4      |  14|          3|   10|         30|
    |ap_phi_mux_empty_161_phi_fu_739_p4      |   9|          2|   10|         20|
    |ap_phi_mux_empty_162_phi_fu_758_p4      |  14|          3|   10|         30|
    |ap_phi_mux_empty_163_phi_fu_767_p4      |  14|          3|   10|         30|
    |ap_phi_mux_empty_164_phi_fu_776_p4      |   9|          2|   10|         20|
    |ap_phi_mux_empty_165_phi_fu_785_p4      |  14|          3|   10|         30|
    |ap_phi_mux_empty_166_phi_fu_794_p4      |  14|          3|   10|         30|
    |ap_phi_mux_empty_167_phi_fu_803_p4      |  14|          3|   10|         30|
    |ap_phi_mux_empty_168_phi_fu_812_p4      |   9|          2|   10|         20|
    |ap_phi_mux_empty_169_phi_fu_821_p4      |  14|          3|   10|         30|
    |ap_phi_mux_empty_170_phi_fu_830_p4      |  14|          3|   10|         30|
    |ap_phi_mux_empty_171_phi_fu_839_p4      |  14|          3|   10|         30|
    |ap_phi_mux_g_2_phi_fu_748_p4            |  14|          3|   10|         30|
    |ap_phi_mux_p_ph_phi_fu_655_p4           |  14|          3|   10|         30|
    |ap_phi_reg_pp0_iter2_empty_153_reg_664  |   9|          2|   10|         20|
    |ap_phi_reg_pp0_iter2_empty_157_reg_700  |   9|          2|   10|         20|
    |ap_phi_reg_pp0_iter2_empty_161_reg_736  |   9|          2|   10|         20|
    |ap_phi_reg_pp0_iter2_empty_164_reg_773  |   9|          2|   10|         20|
    |ap_phi_reg_pp0_iter2_empty_168_reg_809  |   9|          2|   10|         20|
    |ap_sig_allocacmp_z                      |   9|          2|   17|         34|
    |empty_133_fu_238                        |   9|          2|   10|         20|
    |empty_134_fu_242                        |   9|          2|   10|         20|
    |empty_135_fu_246                        |   9|          2|   10|         20|
    |empty_136_fu_250                        |   9|          2|   10|         20|
    |empty_137_fu_254                        |   9|          2|   10|         20|
    |empty_138_fu_258                        |   9|          2|   10|         20|
    |empty_139_fu_262                        |   9|          2|   10|         20|
    |empty_140_fu_266                        |   9|          2|   10|         20|
    |empty_141_fu_270                        |   9|          2|   10|         20|
    |empty_142_fu_274                        |   9|          2|   10|         20|
    |empty_143_fu_278                        |   9|          2|   10|         20|
    |empty_144_fu_282                        |   9|          2|   10|         20|
    |empty_145_fu_286                        |   9|          2|   10|         20|
    |empty_146_fu_290                        |   9|          2|   10|         20|
    |empty_147_fu_294                        |   9|          2|   10|         20|
    |empty_148_fu_298                        |   9|          2|   10|         20|
    |empty_149_fu_302                        |   9|          2|   10|         20|
    |empty_150_fu_306                        |   9|          2|   10|         20|
    |empty_151_fu_310                        |   9|          2|   10|         20|
    |empty_152_fu_314                        |   9|          2|   10|         20|
    |g_2_reg_745                             |  14|          3|   10|         30|
    |imgBayer_blk_n                          |   9|          2|    1|          2|
    |imgG_blk_n                              |   9|          2|    1|          2|
    |p_ph_reg_652                            |  14|          3|   10|         30|
    |x_fu_234                                |   9|          2|   17|         34|
    +----------------------------------------+----+-----------+-----+-----------+
    |Total                                   | 576|        126|  518|       1216|
    +----------------------------------------+----+-----------+-----+-----------+

    * Register: 
    +-------------------------------------------+----+----+-----+-----------+
    |                    Name                   | FF | LUT| Bits| Const Bits|
    +-------------------------------------------+----+----+-----+-----------+
    |K_10_reg_4139                              |  12|   0|   12|          0|
    |K_11_reg_4144                              |  12|   0|   12|          0|
    |K_1_reg_4079                               |  12|   0|   12|          0|
    |K_2_reg_4089                               |  12|   0|   12|          0|
    |K_3_reg_4094                               |  12|   0|   12|          0|
    |K_4_reg_4099                               |  12|   0|   12|          0|
    |K_5_reg_4109                               |  12|   0|   12|          0|
    |K_6_reg_4114                               |  12|   0|   12|          0|
    |K_7_reg_4119                               |  12|   0|   12|          0|
    |K_8_reg_4129                               |  12|   0|   12|          0|
    |K_9_reg_4134                               |  12|   0|   12|          0|
    |K_reg_4074                                 |  12|   0|   12|          0|
    |LineBufVal_5_reg_3960                      |  10|   0|   10|          0|
    |LineBufVal_6_reg_3969                      |  10|   0|   10|          0|
    |LineBufVal_7_reg_3978                      |  10|   0|   10|          0|
    |LineBufVal_reg_3951                        |  10|   0|   10|          0|
    |SD_1_reg_4258                              |  10|   0|   10|          0|
    |SD_1_reg_4258_pp0_iter4_reg                |  10|   0|   10|          0|
    |SD_reg_4253                                |  10|   0|   10|          0|
    |SD_reg_4253_pp0_iter4_reg                  |  10|   0|   10|          0|
    |add_ln495_reg_4325                         |   9|   0|    9|          0|
    |add_ln504_2_reg_4393                       |  26|   0|   26|          0|
    |ap_CS_fsm                                  |   1|   0|    1|          0|
    |ap_block_pp0_stage0_subdone_grp0_done_reg  |   1|   0|    1|          0|
    |ap_done_reg                                |   1|   0|    1|          0|
    |ap_enable_reg_pp0_iter1                    |   1|   0|    1|          0|
    |ap_enable_reg_pp0_iter10                   |   1|   0|    1|          0|
    |ap_enable_reg_pp0_iter11                   |   1|   0|    1|          0|
    |ap_enable_reg_pp0_iter12                   |   1|   0|    1|          0|
    |ap_enable_reg_pp0_iter13                   |   1|   0|    1|          0|
    |ap_enable_reg_pp0_iter14                   |   1|   0|    1|          0|
    |ap_enable_reg_pp0_iter2                    |   1|   0|    1|          0|
    |ap_enable_reg_pp0_iter3                    |   1|   0|    1|          0|
    |ap_enable_reg_pp0_iter4                    |   1|   0|    1|          0|
    |ap_enable_reg_pp0_iter5                    |   1|   0|    1|          0|
    |ap_enable_reg_pp0_iter6                    |   1|   0|    1|          0|
    |ap_enable_reg_pp0_iter7                    |   1|   0|    1|          0|
    |ap_enable_reg_pp0_iter8                    |   1|   0|    1|          0|
    |ap_enable_reg_pp0_iter9                    |   1|   0|    1|          0|
    |ap_loop_exit_ready_pp0_iter10_reg          |   1|   0|    1|          0|
    |ap_loop_exit_ready_pp0_iter11_reg          |   1|   0|    1|          0|
    |ap_loop_exit_ready_pp0_iter12_reg          |   1|   0|    1|          0|
    |ap_loop_exit_ready_pp0_iter13_reg          |   1|   0|    1|          0|
    |ap_loop_exit_ready_pp0_iter1_reg           |   1|   0|    1|          0|
    |ap_loop_exit_ready_pp0_iter2_reg           |   1|   0|    1|          0|
    |ap_loop_exit_ready_pp0_iter3_reg           |   1|   0|    1|          0|
    |ap_loop_exit_ready_pp0_iter4_reg           |   1|   0|    1|          0|
    |ap_loop_exit_ready_pp0_iter5_reg           |   1|   0|    1|          0|
    |ap_loop_exit_ready_pp0_iter6_reg           |   1|   0|    1|          0|
    |ap_loop_exit_ready_pp0_iter7_reg           |   1|   0|    1|          0|
    |ap_loop_exit_ready_pp0_iter8_reg           |   1|   0|    1|          0|
    |ap_loop_exit_ready_pp0_iter9_reg           |   1|   0|    1|          0|
    |ap_phi_reg_pp0_iter1_empty_153_reg_664     |  10|   0|   10|          0|
    |ap_phi_reg_pp0_iter1_empty_157_reg_700     |  10|   0|   10|          0|
    |ap_phi_reg_pp0_iter1_empty_161_reg_736     |  10|   0|   10|          0|
    |ap_phi_reg_pp0_iter1_empty_164_reg_773     |  10|   0|   10|          0|
    |ap_phi_reg_pp0_iter1_empty_168_reg_809     |  10|   0|   10|          0|
    |ap_phi_reg_pp0_iter2_empty_153_reg_664     |  10|   0|   10|          0|
    |ap_phi_reg_pp0_iter2_empty_157_reg_700     |  10|   0|   10|          0|
    |ap_phi_reg_pp0_iter2_empty_161_reg_736     |  10|   0|   10|          0|
    |ap_phi_reg_pp0_iter2_empty_164_reg_773     |  10|   0|   10|          0|
    |ap_phi_reg_pp0_iter2_empty_168_reg_809     |  10|   0|   10|          0|
    |ave_1_reg_4198                             |  14|   0|   14|          0|
    |ave_2_reg_4213                             |  14|   0|   14|          0|
    |ave_3_reg_4228                             |  14|   0|   14|          0|
    |ave_reg_4171                               |  14|   0|   14|          0|
    |empty_133_fu_238                           |  10|   0|   10|          0|
    |empty_134_fu_242                           |  10|   0|   10|          0|
    |empty_135_fu_246                           |  10|   0|   10|          0|
    |empty_136_fu_250                           |  10|   0|   10|          0|
    |empty_137_fu_254                           |  10|   0|   10|          0|
    |empty_138_fu_258                           |  10|   0|   10|          0|
    |empty_139_fu_262                           |  10|   0|   10|          0|
    |empty_140_fu_266                           |  10|   0|   10|          0|
    |empty_141_fu_270                           |  10|   0|   10|          0|
    |empty_142_fu_274                           |  10|   0|   10|          0|
    |empty_143_fu_278                           |  10|   0|   10|          0|
    |empty_144_fu_282                           |  10|   0|   10|          0|
    |empty_145_fu_286                           |  10|   0|   10|          0|
    |empty_146_fu_290                           |  10|   0|   10|          0|
    |empty_147_fu_294                           |  10|   0|   10|          0|
    |empty_148_fu_298                           |  10|   0|   10|          0|
    |empty_149_fu_302                           |  10|   0|   10|          0|
    |empty_150_fu_306                           |  10|   0|   10|          0|
    |empty_151_fu_310                           |  10|   0|   10|          0|
    |empty_152_fu_314                           |  10|   0|   10|          0|
    |g_2_reg_745                                |  10|   0|   10|          0|
    |icmp_ln318_reg_3849                        |   1|   0|    1|          0|
    |icmp_ln328_reg_3853                        |   1|   0|    1|          0|
    |icmp_ln346_reg_3832                        |   1|   0|    1|          0|
    |icmp_ln387_reg_3881                        |   1|   0|    1|          0|
    |icmp_ln387_reg_3881_pp0_iter1_reg          |   1|   0|    1|          0|
    |icmp_ln403_reg_3836                        |   1|   0|    1|          0|
    |icmp_ln439_reg_3905                        |   1|   0|    1|          0|
    |icmp_ln506_reg_3843                        |   1|   0|    1|          0|
    |linebuf_yuv_1_addr_reg_3863                |  11|   0|   11|          0|
    |linebuf_yuv_1_addr_reg_3863_pp0_iter1_reg  |  11|   0|   11|          0|
    |linebuf_yuv_2_addr_reg_3869                |  11|   0|   11|          0|
    |linebuf_yuv_2_addr_reg_3869_pp0_iter1_reg  |  11|   0|   11|          0|
    |linebuf_yuv_3_addr_reg_3875                |  11|   0|   11|          0|
    |linebuf_yuv_3_addr_reg_3875_pp0_iter1_reg  |  11|   0|   11|          0|
    |linebuf_yuv_addr_reg_3857                  |  11|   0|   11|          0|
    |lshr_ln1_reg_4309                          |   8|   0|    8|          0|
    |lshr_ln494_1_reg_4314                      |   8|   0|    8|          0|
    |lshr_ln494_2_reg_4319                      |   9|   0|    9|          0|
    |lshr_ln501_1_reg_4353                      |  10|   0|   10|          0|
    |lshr_ln501_2_reg_4358                      |  10|   0|   10|          0|
    |mean_1_reg_4238                            |  12|   0|   12|          0|
    |mean_2_reg_4243                            |  12|   0|   12|          0|
    |mean_3_reg_4248                            |  12|   0|   12|          0|
    |mean_reg_4233                              |  12|   0|   12|          0|
    |mul_ln504_1_reg_4373                       |  24|   0|   24|          0|
    |mul_ln504_3_reg_4378                       |  24|   0|   24|          0|
    |norm_reg_4335                              |  18|   0|   18|          0|
    |p_load198_reg_4051                         |  10|   0|   10|          0|
    |p_load199_reg_4046                         |  10|   0|   10|          0|
    |p_load200_reg_4041                         |  10|   0|   10|          0|
    |p_load201_reg_4036                         |  10|   0|   10|          0|
    |p_load202_reg_4031                         |  10|   0|   10|          0|
    |p_load203_reg_4026                         |  10|   0|   10|          0|
    |p_load204_reg_4021                         |  10|   0|   10|          0|
    |p_load205_reg_4016                         |  10|   0|   10|          0|
    |p_load206_reg_4011                         |  10|   0|   10|          0|
    |p_load207_reg_4006                         |  10|   0|   10|          0|
    |p_load208_reg_4001                         |  10|   0|   10|          0|
    |p_load209_reg_3996                         |  10|   0|   10|          0|
    |p_load210_reg_3991                         |  10|   0|   10|          0|
    |p_load211_reg_3986                         |  10|   0|   10|          0|
    |p_load212_reg_3944                         |  10|   0|   10|          0|
    |p_load214_reg_3937                         |  10|   0|   10|          0|
    |p_load216_reg_3930                         |  10|   0|   10|          0|
    |p_load218_reg_3923                         |  10|   0|   10|          0|
    |p_load220_reg_3916                         |  10|   0|   10|          0|
    |p_load_reg_4056                            |  10|   0|   10|          0|
    |p_ph_reg_652                               |  10|   0|   10|          0|
    |select_ln510_reg_4404                      |  10|   0|   10|          0|
    |sext_ln465_1_reg_4154                      |  13|   0|   13|          0|
    |sext_ln465_2_reg_4160                      |  13|   0|   13|          0|
    |sext_ln465_3_reg_4165                      |  13|   0|   13|          0|
    |sext_ln465_reg_4149                        |  13|   0|   13|          0|
    |sext_ln466_1_reg_4181                      |  13|   0|   13|          0|
    |sext_ln466_2_reg_4187                      |  13|   0|   13|          0|
    |sext_ln466_3_reg_4193                      |  13|   0|   13|          0|
    |sext_ln466_reg_4176                        |  13|   0|   13|          0|
    |sext_ln467_1_reg_4208                      |  13|   0|   13|          0|
    |sext_ln467_reg_4203                        |  13|   0|   13|          0|
    |sext_ln468_1_reg_4223                      |  13|   0|   13|          0|
    |sext_ln468_reg_4218                        |  13|   0|   13|          0|
    |sw_reg_4303                                |   9|   0|    9|          0|
    |tmp_3_cast_reg_4399                        |  13|   0|   13|          0|
    |tmp_52_reg_3912                            |   1|   0|    1|          0|
    |var_1_reg_4268                             |  13|   0|   13|          0|
    |var_2_reg_4273                             |  13|   0|   13|          0|
    |var_3_reg_4278                             |  13|   0|   13|          0|
    |var_reg_4263                               |  13|   0|   13|          0|
    |x_fu_234                                   |  17|   0|   17|          0|
    |zext_ln450_1_reg_4061                      |  10|   0|   11|          1|
    |zext_ln450_3_reg_4066                      |  10|   0|   11|          1|
    |zext_ln452_1_reg_4084                      |  10|   0|   11|          1|
    |zext_ln455_2_reg_4104                      |  10|   0|   11|          1|
    |zext_ln458_1_reg_4124                      |  10|   0|   11|          1|
    |ave_1_reg_4198                             |  64|  32|   14|          0|
    |ave_2_reg_4213                             |  64|  32|   14|          0|
    |ave_3_reg_4228                             |  64|  32|   14|          0|
    |ave_reg_4171                               |  64|  32|   14|          0|
    |g_2_reg_745                                |  64|  32|   10|          0|
    |icmp_ln318_reg_3849                        |  64|  32|    1|          0|
    |icmp_ln328_reg_3853                        |  64|  32|    1|          0|
    |icmp_ln439_reg_3905                        |  64|  32|    1|          0|
    |lshr_ln1_reg_4309                          |  64|  32|    8|          0|
    |lshr_ln494_1_reg_4314                      |  64|  32|    8|          0|
    |lshr_ln494_2_reg_4319                      |  64|  32|    9|          0|
    |p_load198_reg_4051                         |  64|  32|   10|          0|
    |p_load199_reg_4046                         |  64|  32|   10|          0|
    |p_load200_reg_4041                         |  64|  32|   10|          0|
    |p_load201_reg_4036                         |  64|  32|   10|          0|
    |p_load202_reg_4031                         |  64|  32|   10|          0|
    |p_load203_reg_4026                         |  64|  32|   10|          0|
    |p_load204_reg_4021                         |  64|  32|   10|          0|
    |p_load205_reg_4016                         |  64|  32|   10|          0|
    |p_load206_reg_4011                         |  64|  32|   10|          0|
    |p_load207_reg_4006                         |  64|  32|   10|          0|
    |p_load208_reg_4001                         |  64|  32|   10|          0|
    |p_load209_reg_3996                         |  64|  32|   10|          0|
    |p_load210_reg_3991                         |  64|  32|   10|          0|
    |p_load211_reg_3986                         |  64|  32|   10|          0|
    |p_load212_reg_3944                         |  64|  32|   10|          0|
    |p_load214_reg_3937                         |  64|  32|   10|          0|
    |p_load216_reg_3930                         |  64|  32|   10|          0|
    |p_load218_reg_3923                         |  64|  32|   10|          0|
    |p_load220_reg_3916                         |  64|  32|   10|          0|
    |p_load_reg_4056                            |  64|  32|   10|          0|
    |sw_reg_4303                                |  64|  32|    9|          0|
    |tmp_52_reg_3912                            |  64|  32|    1|          0|
    +-------------------------------------------+----+----+-----+-----------+
    |Total                                      |3529|1056| 1726|          5|
    +-------------------------------------------+----+----+-----+-----------+



================================================================
== Interface
================================================================
* Summary: 
+-------------------------+-----+-----+------------+------------------------------------+--------------+
|        RTL Ports        | Dir | Bits|  Protocol  |            Source Object           |    C Type    |
+-------------------------+-----+-----+------------+------------------------------------+--------------+
|ap_clk                   |   in|    1|  ap_ctrl_hs|  DebayerG_Pipeline_VITIS_LOOP_318_4|  return value|
|ap_rst                   |   in|    1|  ap_ctrl_hs|  DebayerG_Pipeline_VITIS_LOOP_318_4|  return value|
|ap_start                 |   in|    1|  ap_ctrl_hs|  DebayerG_Pipeline_VITIS_LOOP_318_4|  return value|
|ap_done                  |  out|    1|  ap_ctrl_hs|  DebayerG_Pipeline_VITIS_LOOP_318_4|  return value|
|ap_idle                  |  out|    1|  ap_ctrl_hs|  DebayerG_Pipeline_VITIS_LOOP_318_4|  return value|
|ap_ready                 |  out|    1|  ap_ctrl_hs|  DebayerG_Pipeline_VITIS_LOOP_318_4|  return value|
|imgBayer_dout            |   in|   10|     ap_fifo|                            imgBayer|       pointer|
|imgBayer_empty_n         |   in|    1|     ap_fifo|                            imgBayer|       pointer|
|imgBayer_read            |  out|    1|     ap_fifo|                            imgBayer|       pointer|
|imgBayer_num_data_valid  |   in|    3|     ap_fifo|                            imgBayer|       pointer|
|imgBayer_fifo_cap        |   in|    3|     ap_fifo|                            imgBayer|       pointer|
|imgG_din                 |  out|   30|     ap_fifo|                                imgG|       pointer|
|imgG_full_n              |   in|    1|     ap_fifo|                                imgG|       pointer|
|imgG_write               |  out|    1|     ap_fifo|                                imgG|       pointer|
|imgG_num_data_valid      |   in|   32|     ap_fifo|                                imgG|       pointer|
|imgG_fifo_cap            |   in|   32|     ap_fifo|                                imgG|       pointer|
|p_lcssa52315241          |   in|   10|     ap_none|                     p_lcssa52315241|        scalar|
|p_lcssa52305239          |   in|   10|     ap_none|                     p_lcssa52305239|        scalar|
|p_lcssa52295237          |   in|   10|     ap_none|                     p_lcssa52295237|        scalar|
|p_lcssa52285235          |   in|   10|     ap_none|                     p_lcssa52285235|        scalar|
|p_lcssa52275233          |   in|   10|     ap_none|                     p_lcssa52275233|        scalar|
|p_lcssa50685110          |   in|   10|     ap_none|                     p_lcssa50685110|        scalar|
|p_lcssa50675108          |   in|   10|     ap_none|                     p_lcssa50675108|        scalar|
|p_lcssa50655106          |   in|   10|     ap_none|                     p_lcssa50655106|        scalar|
|p_lcssa50645104          |   in|   10|     ap_none|                     p_lcssa50645104|        scalar|
|p_lcssa50635102          |   in|   10|     ap_none|                     p_lcssa50635102|        scalar|
|p_lcssa50615100          |   in|   10|     ap_none|                     p_lcssa50615100|        scalar|
|p_lcssa50605098          |   in|   10|     ap_none|                     p_lcssa50605098|        scalar|
|p_lcssa50595096          |   in|   10|     ap_none|                     p_lcssa50595096|        scalar|
|p_lcssa50575094          |   in|   10|     ap_none|                     p_lcssa50575094|        scalar|
|p_lcssa50565092          |   in|   10|     ap_none|                     p_lcssa50565092|        scalar|
|p_lcssa50555090          |   in|   10|     ap_none|                     p_lcssa50555090|        scalar|
|p_lcssa50535088          |   in|   10|     ap_none|                     p_lcssa50535088|        scalar|
|p_lcssa50525086          |   in|   10|     ap_none|                     p_lcssa50525086|        scalar|
|p_lcssa50515084          |   in|   10|     ap_none|                     p_lcssa50515084|        scalar|
|p_lcssa50495082          |   in|   10|     ap_none|                     p_lcssa50495082|        scalar|
|height_val               |   in|   16|   ap_stable|                          height_val|        scalar|
|y                        |   in|   17|     ap_none|                                   y|        scalar|
|width_val                |   in|   16|   ap_stable|                           width_val|        scalar|
|empty_56                 |   in|    1|     ap_none|                            empty_56|        scalar|
|trunc_ln                 |   in|   15|     ap_none|                            trunc_ln|        scalar|
|loopWidth                |   in|   17|   ap_stable|                           loopWidth|        scalar|
|empty                    |   in|    1|     ap_none|                               empty|        scalar|
|xor_ln439                |   in|   15|     ap_none|                           xor_ln439|        scalar|
|out_y                    |   in|   17|     ap_none|                               out_y|        scalar|
|p_out                    |  out|   10|      ap_vld|                               p_out|       pointer|
|p_out_ap_vld             |  out|    1|      ap_vld|                               p_out|       pointer|
|p_out1                   |  out|   10|      ap_vld|                              p_out1|       pointer|
|p_out1_ap_vld            |  out|    1|      ap_vld|                              p_out1|       pointer|
|p_out2                   |  out|   10|      ap_vld|                              p_out2|       pointer|
|p_out2_ap_vld            |  out|    1|      ap_vld|                              p_out2|       pointer|
|p_out3                   |  out|   10|      ap_vld|                              p_out3|       pointer|
|p_out3_ap_vld            |  out|    1|      ap_vld|                              p_out3|       pointer|
|p_out4                   |  out|   10|      ap_vld|                              p_out4|       pointer|
|p_out4_ap_vld            |  out|    1|      ap_vld|                              p_out4|       pointer|
|p_out5                   |  out|   10|      ap_vld|                              p_out5|       pointer|
|p_out5_ap_vld            |  out|    1|      ap_vld|                              p_out5|       pointer|
|p_out6                   |  out|   10|      ap_vld|                              p_out6|       pointer|
|p_out6_ap_vld            |  out|    1|      ap_vld|                              p_out6|       pointer|
|p_out7                   |  out|   10|      ap_vld|                              p_out7|       pointer|
|p_out7_ap_vld            |  out|    1|      ap_vld|                              p_out7|       pointer|
|p_out8                   |  out|   10|      ap_vld|                              p_out8|       pointer|
|p_out8_ap_vld            |  out|    1|      ap_vld|                              p_out8|       pointer|
|p_out9                   |  out|   10|      ap_vld|                              p_out9|       pointer|
|p_out9_ap_vld            |  out|    1|      ap_vld|                              p_out9|       pointer|
|p_out10                  |  out|   10|      ap_vld|                             p_out10|       pointer|
|p_out10_ap_vld           |  out|    1|      ap_vld|                             p_out10|       pointer|
|p_out11                  |  out|   10|      ap_vld|                             p_out11|       pointer|
|p_out11_ap_vld           |  out|    1|      ap_vld|                             p_out11|       pointer|
|p_out12                  |  out|   10|      ap_vld|                             p_out12|       pointer|
|p_out12_ap_vld           |  out|    1|      ap_vld|                             p_out12|       pointer|
|p_out13                  |  out|   10|      ap_vld|                             p_out13|       pointer|
|p_out13_ap_vld           |  out|    1|      ap_vld|                             p_out13|       pointer|
|p_out14                  |  out|   10|      ap_vld|                             p_out14|       pointer|
|p_out14_ap_vld           |  out|    1|      ap_vld|                             p_out14|       pointer|
|p_out15                  |  out|   10|      ap_vld|                             p_out15|       pointer|
|p_out15_ap_vld           |  out|    1|      ap_vld|                             p_out15|       pointer|
|p_out16                  |  out|   10|      ap_vld|                             p_out16|       pointer|
|p_out16_ap_vld           |  out|    1|      ap_vld|                             p_out16|       pointer|
|p_out17                  |  out|   10|      ap_vld|                             p_out17|       pointer|
|p_out17_ap_vld           |  out|    1|      ap_vld|                             p_out17|       pointer|
|p_out18                  |  out|   10|      ap_vld|                             p_out18|       pointer|
|p_out18_ap_vld           |  out|    1|      ap_vld|                             p_out18|       pointer|
|p_out19                  |  out|   10|      ap_vld|                             p_out19|       pointer|
|p_out19_ap_vld           |  out|    1|      ap_vld|                             p_out19|       pointer|
+-------------------------+-----+-----+------------+------------------------------------+--------------+

