#-----------------------------------------------------------
# Vivado v2025.2 (64-bit)
# SW Build 6299465 on Fri Nov 14 19:35:11 GMT 2025
# IP Build 6300035 on Fri Nov 14 10:48:45 MST 2025
# SharedData Build 6298862 on Thu Nov 13 04:50:51 MST 2025
# Start of session at: Fri Sep 11 23:56:04 2026
# Process ID         : 19216
# Current directory  : C:/Users/dotignore/Desktop/Xilinx/projects/zybo_z7_cam_rpi_v2_5mp_hdmi
# Command line       : vivado.exe -mode batch -nojournal -log scripts\vivado_hdmi.log -source scripts\add_hdmi_and_build.tcl
# Log file           : C:/Users/dotignore/Desktop/Xilinx/projects/zybo_z7_cam_rpi_v2_5mp_hdmi/scripts/vivado_hdmi.log
# Journal file       : 
# Running On         : DESKTOP-6M954OF
# Platform           : Windows Server 2016 or Windows 10
# Operating System   : 26200
# Processor Detail   : Intel(R) Core(TM) i7-1065G7 CPU @ 1.30GHz
# CPU Frequency      : 1498 MHz
# CPU Physical cores : 4
# CPU Logical cores  : 8
# Host memory        : 33916 MB
# Swap memory        : 5100 MB
# Total Virtual      : 39017 MB
# Available Virtual  : 10581 MB
#-----------------------------------------------------------
source {scripts\add_hdmi_and_build.tcl}
# set proj_dir [file normalize [file join [file dirname [info script]] ..]]
# set xpr      [file join $proj_dir zybo_z7_imx219 zybo_z7_imx219.xpr]
# set ip_repo  [file join $proj_dir vivado-library]
# set boards   [file join $proj_dir vivado-boards-master new board_files]
# set xsa_out  [file join $proj_dir zybo_z7_imx219 design_1_wrapper.xsa]
# if {![file exists $xpr]} {
#   error "Project not found: $xpr"
# }
# set_param board.repoPaths $boards
# set stale [file join $proj_dir zybo_z7_imx219 zybo_z7_imx219.gen sources_1 bd design_1 ip design_1_axi_vdma_0_0]
# if {[file exists $stale]} {
#   file delete -force $stale
# }
# open_project $xpr
INFO: [ProjectBase 1-489] The host OS only allows 260 characters in a normal path. The project is stored in a path with more than 80 characters. If you experience issues with IP, Block Designs, or files not being found, please consider moving the project to a location with a shorter path. Alternately consider using the OS subst command to map part of the path to a drive letter.
Current project path is 'C:/Users/dotignore/Desktop/Xilinx/projects/zybo_z7_cam_rpi_v2_5mp_hdmi/zybo_z7_imx219'
Scanning sources...
Finished scanning sources
WARNING: [Board 49-26] cannot add Board Part digilentinc.com:arty-a7-100:part0:1.0 available at C:/Users/dotignore/Desktop/Xilinx/projects/zybo_z7_cam_rpi_v2_5mp_hdmi/vivado-boards-master/new/board_files/arty-a7-100/E.0/1.0/board.xml as part xc7a100tcsg324-1 specified in board_part file is either invalid or not available
WARNING: [Board 49-26] cannot add Board Part digilentinc.com:arty-a7-100:part0:1.1 available at C:/Users/dotignore/Desktop/Xilinx/projects/zybo_z7_cam_rpi_v2_5mp_hdmi/vivado-boards-master/new/board_files/arty-a7-100/E.0/1.1/board.xml as part xc7a100tcsg324-1 specified in board_part file is either invalid or not available
WARNING: [Board 49-26] cannot add Board Part digilentinc.com:arty-a7-35:part0:1.0 available at C:/Users/dotignore/Desktop/Xilinx/projects/zybo_z7_cam_rpi_v2_5mp_hdmi/vivado-boards-master/new/board_files/arty-a7-35/E.0/1.0/board.xml as part xc7a35ticsg324-1l specified in board_part file is either invalid or not available
WARNING: [Board 49-26] cannot add Board Part digilentinc.com:arty-a7-35:part0:1.1 available at C:/Users/dotignore/Desktop/Xilinx/projects/zybo_z7_cam_rpi_v2_5mp_hdmi/vivado-boards-master/new/board_files/arty-a7-35/E.0/1.1/board.xml as part xc7a35ticsg324-1l specified in board_part file is either invalid or not available
WARNING: [Board 49-26] cannot add Board Part digilentinc.com:arty:part0:1.1 available at C:/Users/dotignore/Desktop/Xilinx/projects/zybo_z7_cam_rpi_v2_5mp_hdmi/vivado-boards-master/new/board_files/arty/C.0/board.xml as part xc7a35ticsg324-1l specified in board_part file is either invalid or not available
WARNING: [Board 49-26] cannot add Board Part digilentinc.com:basys3:part0:1.2 available at C:/Users/dotignore/Desktop/Xilinx/projects/zybo_z7_cam_rpi_v2_5mp_hdmi/vivado-boards-master/new/board_files/basys3/C.0/board.xml as part xc7a35tcpg236-1 specified in board_part file is either invalid or not available
WARNING: [Board 49-26] cannot add Board Part digilentinc.com:cmod_a7-15t:part0:1.2 available at C:/Users/dotignore/Desktop/Xilinx/projects/zybo_z7_cam_rpi_v2_5mp_hdmi/vivado-boards-master/new/board_files/cmod_a7-15t/B.0/board.xml as part xc7a15tcpg236-1 specified in board_part file is either invalid or not available
WARNING: [Board 49-26] cannot add Board Part digilentinc.com:cmod_a7-35t:part0:1.2 available at C:/Users/dotignore/Desktop/Xilinx/projects/zybo_z7_cam_rpi_v2_5mp_hdmi/vivado-boards-master/new/board_files/cmod_a7-35t/B.0/board.xml as part xc7a35tcpg236-1 specified in board_part file is either invalid or not available
WARNING: [Board 49-26] cannot add Board Part digilentinc.com:genesys2:part0:1.1 available at C:/Users/dotignore/Desktop/Xilinx/projects/zybo_z7_cam_rpi_v2_5mp_hdmi/vivado-boards-master/new/board_files/genesys2/H/board.xml as part xc7k325tffg900-2 specified in board_part file is either invalid or not available
WARNING: [Board 49-26] cannot add Board Part digilentinc.com:gzu_3eg:part0:1.0 available at C:/Users/dotignore/Desktop/Xilinx/projects/zybo_z7_cam_rpi_v2_5mp_hdmi/vivado-boards-master/new/board_files/genesys-zu-3eg/B.0/board.xml as part xczu3eg-sfvc784-1-e specified in board_part file is either invalid or not available
WARNING: [Board 49-26] cannot add Board Part digilentinc.com:gzu_3eg:part0:1.1 available at C:/Users/dotignore/Desktop/Xilinx/projects/zybo_z7_cam_rpi_v2_5mp_hdmi/vivado-boards-master/new/board_files/genesys-zu-3eg/D.0/board.xml as part xczu3eg-sfvc784-1-e specified in board_part file is either invalid or not available
WARNING: [Board 49-26] cannot add Board Part digilentinc.com:gzu_5ev:part0:1.1 available at C:/Users/dotignore/Desktop/Xilinx/projects/zybo_z7_cam_rpi_v2_5mp_hdmi/vivado-boards-master/new/board_files/genesys-zu-5ev/C.0/board.xml as part xczu5ev-sfvc784-1-e specified in board_part file is either invalid or not available
WARNING: [Board 49-26] cannot add Board Part digilentinc.com:nexys-a7-100t:part0:1.0 available at C:/Users/dotignore/Desktop/Xilinx/projects/zybo_z7_cam_rpi_v2_5mp_hdmi/vivado-boards-master/new/board_files/nexys-a7-100t/D.0/1.0/board.xml as part xc7a100tcsg324-1 specified in board_part file is either invalid or not available
WARNING: [Board 49-26] cannot add Board Part digilentinc.com:nexys-a7-100t:part0:1.3 available at C:/Users/dotignore/Desktop/Xilinx/projects/zybo_z7_cam_rpi_v2_5mp_hdmi/vivado-boards-master/new/board_files/nexys-a7-100t/D.0/1.3/board.xml as part xc7a100tcsg324-1 specified in board_part file is either invalid or not available
WARNING: [Board 49-26] cannot add Board Part digilentinc.com:nexys-a7-50t:part0:1.0 available at C:/Users/dotignore/Desktop/Xilinx/projects/zybo_z7_cam_rpi_v2_5mp_hdmi/vivado-boards-master/new/board_files/nexys-a7-50t/D.0/1.0/board.xml as part xc7a50ticsg324-1l specified in board_part file is either invalid or not available
WARNING: [Board 49-26] cannot add Board Part digilentinc.com:nexys-a7-50t:part0:1.3 available at C:/Users/dotignore/Desktop/Xilinx/projects/zybo_z7_cam_rpi_v2_5mp_hdmi/vivado-boards-master/new/board_files/nexys-a7-50t/D.0/1.3/board.xml as part xc7a50ticsg324-1l specified in board_part file is either invalid or not available
WARNING: [Board 49-26] cannot add Board Part digilentinc.com:nexys4:part0:1.1 available at C:/Users/dotignore/Desktop/Xilinx/projects/zybo_z7_cam_rpi_v2_5mp_hdmi/vivado-boards-master/new/board_files/nexys4/B.1/board.xml as part xc7a100tcsg324-1 specified in board_part file is either invalid or not available
WARNING: [Board 49-26] cannot add Board Part digilentinc.com:nexys4_ddr:part0:1.1 available at C:/Users/dotignore/Desktop/Xilinx/projects/zybo_z7_cam_rpi_v2_5mp_hdmi/vivado-boards-master/new/board_files/nexys4_ddr/C.1/board.xml as part xc7a100tcsg324-1 specified in board_part file is either invalid or not available
WARNING: [Board 49-26] cannot add Board Part digilentinc.com:nexys_video:part0:1.1 available at C:/Users/dotignore/Desktop/Xilinx/projects/zybo_z7_cam_rpi_v2_5mp_hdmi/vivado-boards-master/new/board_files/nexys_video/A.0/1.1/board.xml as part xc7a200tsbg484-1 specified in board_part file is either invalid or not available
WARNING: [Board 49-26] cannot add Board Part digilentinc.com:nexys_video:part0:1.2 available at C:/Users/dotignore/Desktop/Xilinx/projects/zybo_z7_cam_rpi_v2_5mp_hdmi/vivado-boards-master/new/board_files/nexys_video/A.0/1.2/board.xml as part xc7a200tsbg484-1 specified in board_part file is either invalid or not available
WARNING: [Board 49-26] cannot add Board Part digilentinc.com:sword:part0:1.0 available at C:/Users/dotignore/Desktop/Xilinx/projects/zybo_z7_cam_rpi_v2_5mp_hdmi/vivado-boards-master/new/board_files/sword/C.0/board.xml as part xc7k325tffg900-2 specified in board_part file is either invalid or not available
WARNING: [Board 49-26] cannot add Board Part digilentinc.com:usb104-a7:part0:1.0 available at C:/Users/dotignore/Desktop/Xilinx/projects/zybo_z7_cam_rpi_v2_5mp_hdmi/vivado-boards-master/new/board_files/usb104-a7/B/1.0/board.xml as part xc7a100tcsg324-1 specified in board_part file is either invalid or not available
WARNING: [Board 49-26] cannot add Board Part digilentinc.com:usb104-a7:part0:1.1 available at C:/Users/dotignore/Desktop/Xilinx/projects/zybo_z7_cam_rpi_v2_5mp_hdmi/vivado-boards-master/new/board_files/usb104-a7/B/1.1/board.xml as part xc7a100tcsg324-1 specified in board_part file is either invalid or not available
WARNING: [Board 49-26] cannot add Board Part digilentinc.com:usb104-a7:part0:1.2 available at C:/Users/dotignore/Desktop/Xilinx/projects/zybo_z7_cam_rpi_v2_5mp_hdmi/vivado-boards-master/new/board_files/usb104-a7/B/1.2/board.xml as part xc7a100tcsg324-1 specified in board_part file is either invalid or not available
WARNING: [Board 49-26] cannot add Board Part digilentinc.com:usb104-a7:part0:1.3 available at C:/Users/dotignore/Desktop/Xilinx/projects/zybo_z7_cam_rpi_v2_5mp_hdmi/vivado-boards-master/new/board_files/usb104-a7/B/1.3/board.xml as part xc7a100tcsg324-1 specified in board_part file is either invalid or not available
WARNING: [Board 49-26] cannot add Board Part xilinx.com:ac701:part0:1.4 available at C:/AMDDesignTools/2025.2/data/xhub/boards\XilinxBoardStore\boards\Xilinx\ac701\1.4\board.xml as part xc7a200tfbg676-2 specified in board_part file is either invalid or not available
WARNING: [Board 49-26] cannot add Board Part xilinx.com:emb-plus-vpr-4616:part0:1.0 available at C:/AMDDesignTools/2025.2/data/xhub/boards\XilinxBoardStore\boards\Xilinx\emb-plus-vpr-4616\1.0\board.xml as part xcve2302-sfva784-2mp-e-s specified in board_part file is either invalid or not available
WARNING: [Board 49-26] cannot add Board Part xilinx.com:emb-plus-vpr-4616:part0:1.1 available at C:/AMDDesignTools/2025.2/data/xhub/boards\XilinxBoardStore\boards\Xilinx\emb-plus-vpr-4616\1.1\board.xml as part xcve2302-sfva784-2mp-e-s specified in board_part file is either invalid or not available
WARNING: [Board 49-26] cannot add Board Part xilinx.com:k24c:part0:1.0 available at C:/AMDDesignTools/2025.2/data/xhub/boards\XilinxBoardStore\boards\Xilinx\k24c\1.0\board.xml as part xck24-ubva530-2lv-c specified in board_part file is either invalid or not available
WARNING: [Board 49-26] cannot add Board Part xilinx.com:k24c:part0:1.1 available at C:/AMDDesignTools/2025.2/data/xhub/boards\XilinxBoardStore\boards\Xilinx\k24c\1.1\board.xml as part xck24-ubva530-2lv-c specified in board_part file is either invalid or not available
WARNING: [Board 49-26] cannot add Board Part xilinx.com:k24i:part0:1.0 available at C:/AMDDesignTools/2025.2/data/xhub/boards\XilinxBoardStore\boards\Xilinx\k24i\1.0\board.xml as part xck24-ubva530-2lvi-i specified in board_part file is either invalid or not available
WARNING: [Board 49-26] cannot add Board Part xilinx.com:k26c:part0:1.2 available at C:/AMDDesignTools/2025.2/data/xhub/boards\XilinxBoardStore\boards\Xilinx\k26c\1.2\board.xml as part xck26-sfvc784-2lv-c specified in board_part file is either invalid or not available
WARNING: [Board 49-26] cannot add Board Part xilinx.com:k26c:part0:1.3 available at C:/AMDDesignTools/2025.2/data/xhub/boards\XilinxBoardStore\boards\Xilinx\k26c\1.3\board.xml as part xck26-sfvc784-2lv-c specified in board_part file is either invalid or not available
WARNING: [Board 49-26] cannot add Board Part xilinx.com:k26c:part0:1.4 available at C:/AMDDesignTools/2025.2/data/xhub/boards\XilinxBoardStore\boards\Xilinx\k26c\1.4\board.xml as part xck26-sfvc784-2lv-c specified in board_part file is either invalid or not available
WARNING: [Board 49-26] cannot add Board Part xilinx.com:k26i:part0:1.2 available at C:/AMDDesignTools/2025.2/data/xhub/boards\XilinxBoardStore\boards\Xilinx\k26i\1.2\board.xml as part xck26-sfvc784-2lvi-i specified in board_part file is either invalid or not available
WARNING: [Board 49-26] cannot add Board Part xilinx.com:k26i:part0:1.3 available at C:/AMDDesignTools/2025.2/data/xhub/boards\XilinxBoardStore\boards\Xilinx\k26i\1.3\board.xml as part xck26-sfvc784-2lvi-i specified in board_part file is either invalid or not available
WARNING: [Board 49-26] cannot add Board Part xilinx.com:k26i:part0:1.4 available at C:/AMDDesignTools/2025.2/data/xhub/boards\XilinxBoardStore\boards\Xilinx\k26i\1.4\board.xml as part xck26-sfvc784-2lvi-i specified in board_part file is either invalid or not available
WARNING: [Board 49-26] cannot add Board Part xilinx.com:kc705:part0:1.6 available at C:/AMDDesignTools/2025.2/data/xhub/boards\XilinxBoardStore\boards\Xilinx\kc705\1.6\board.xml as part xc7k325tffg900-2 specified in board_part file is either invalid or not available
WARNING: [Board 49-26] cannot add Board Part xilinx.com:kc705:part0:1.7 available at C:/AMDDesignTools/2025.2/data/xhub/boards\XilinxBoardStore\boards\Xilinx\kc705\1.7\board.xml as part xc7k325tffg900-2 specified in board_part file is either invalid or not available
WARNING: [Board 49-26] cannot add Board Part xilinx.com:kcu105:part0:1.6 available at C:/AMDDesignTools/2025.2/data/xhub/boards\XilinxBoardStore\boards\Xilinx\kcu105\1.6\board.xml as part xcku040-ffva1156-2-e specified in board_part file is either invalid or not available
WARNING: [Board 49-26] cannot add Board Part xilinx.com:kcu105:part0:1.7 available at C:/AMDDesignTools/2025.2/data/xhub/boards\XilinxBoardStore\boards\Xilinx\kcu105\1.7\board.xml as part xcku040-ffva1156-2-e specified in board_part file is either invalid or not available
WARNING: [Board 49-26] cannot add Board Part xilinx.com:kcu116:part0:1.4 available at C:/AMDDesignTools/2025.2/data/xhub/boards\XilinxBoardStore\boards\Xilinx\kcu116\1.4\board.xml as part xcku5p-ffvb676-2-e specified in board_part file is either invalid or not available
WARNING: [Board 49-26] cannot add Board Part xilinx.com:kcu116:part0:1.5 available at C:/AMDDesignTools/2025.2/data/xhub/boards\XilinxBoardStore\boards\Xilinx\kcu116\1.5\board.xml as part xcku5p-ffvb676-2-e specified in board_part file is either invalid or not available
WARNING: [Board 49-26] cannot add Board Part xilinx.com:kcu1500:part0:1.2 available at C:/AMDDesignTools/2025.2/data/xhub/boards\XilinxBoardStore\boards\Xilinx\kcu1500\1.2\board.xml as part xcku115-flvb2104-2-e specified in board_part file is either invalid or not available
WARNING: [Board 49-26] cannot add Board Part xilinx.com:kd240_som:part0:1.0 available at C:/AMDDesignTools/2025.2/data/xhub/boards\XilinxBoardStore\boards\Xilinx\kd240_som\1.0\board.xml as part xck24-ubva530-2lv-c specified in board_part file is either invalid or not available
WARNING: [Board 49-26] cannot add Board Part xilinx.com:kd240_som:part0:1.1 available at C:/AMDDesignTools/2025.2/data/xhub/boards\XilinxBoardStore\boards\Xilinx\kd240_som\1.1\board.xml as part xck24-ubva530-2lv-c specified in board_part file is either invalid or not available
WARNING: [Board 49-26] cannot add Board Part xilinx.com:kr260_som:part0:1.0 available at C:/AMDDesignTools/2025.2/data/xhub/boards\XilinxBoardStore\boards\Xilinx\kr260_som\1.0\board.xml as part xck26-sfvc784-2lv-c specified in board_part file is either invalid or not available
WARNING: [Board 49-26] cannot add Board Part xilinx.com:kr260_som:part0:1.1 available at C:/AMDDesignTools/2025.2/data/xhub/boards\XilinxBoardStore\boards\Xilinx\kr260_som\1.1\board.xml as part xck26-sfvc784-2lv-c specified in board_part file is either invalid or not available
WARNING: [Board 49-26] cannot add Board Part xilinx.com:kv260_som:part0:1.2 available at C:/AMDDesignTools/2025.2/data/xhub/boards\XilinxBoardStore\boards\Xilinx\kv260_som\1.2\board.xml as part xck26-sfvc784-2lv-c specified in board_part file is either invalid or not available
WARNING: [Board 49-26] cannot add Board Part xilinx.com:kv260_som:part0:1.3 available at C:/AMDDesignTools/2025.2/data/xhub/boards\XilinxBoardStore\boards\Xilinx\kv260_som\1.3\board.xml as part xck26-sfvc784-2lv-c specified in board_part file is either invalid or not available
WARNING: [Board 49-26] cannot add Board Part xilinx.com:kv260_som:part0:1.4 available at C:/AMDDesignTools/2025.2/data/xhub/boards\XilinxBoardStore\boards\Xilinx\kv260_som\1.4\board.xml as part xck26-sfvc784-2lv-c specified in board_part file is either invalid or not available
WARNING: [Board 49-26] cannot add Board Part xilinx.com:scu35:part0:1.0 available at C:/AMDDesignTools/2025.2/data/xhub/boards\XilinxBoardStore\boards\Xilinx\scu35\1.0\board.xml as part xcsu35p-sbvb625-2-e specified in board_part file is either invalid or not available
WARNING: [Board 49-26] cannot add Board Part xilinx.com:v80:part0:1.0 available at C:/AMDDesignTools/2025.2/data/xhub/boards\XilinxBoardStore\boards\Xilinx\v80\1.0\board.xml as part xcv80-lsva4737-2mhp-e-s specified in board_part file is either invalid or not available
WARNING: [Board 49-26] cannot add Board Part xilinx.com:vc707:part0:1.4 available at C:/AMDDesignTools/2025.2/data/xhub/boards\XilinxBoardStore\boards\Xilinx\vc707\1.4\board.xml as part xc7vx485tffg1761-2 specified in board_part file is either invalid or not available
WARNING: [Board 49-26] cannot add Board Part xilinx.com:vc707:part0:1.5 available at C:/AMDDesignTools/2025.2/data/xhub/boards\XilinxBoardStore\boards\Xilinx\vc707\1.5\board.xml as part xc7vx485tffg1761-2 specified in board_part file is either invalid or not available
WARNING: [Board 49-26] cannot add Board Part xilinx.com:vc709:part0:1.8 available at C:/AMDDesignTools/2025.2/data/xhub/boards\XilinxBoardStore\boards\Xilinx\vc709\1.8\board.xml as part xc7vx690tffg1761-2 specified in board_part file is either invalid or not available
WARNING: [Board 49-26] cannot add Board Part xilinx.com:vck190:part0:2.2 available at C:/AMDDesignTools/2025.2/data/xhub/boards\XilinxBoardStore\boards\Xilinx\vck190\production\2.2\board.xml as part xcvc1902-vsva2197-2mp-e-s specified in board_part file is either invalid or not available
WARNING: [Board 49-26] cannot add Board Part xilinx.com:vck190:part0:3.0 available at C:/AMDDesignTools/2025.2/data/xhub/boards\XilinxBoardStore\boards\Xilinx\vck190\production\3.0\board.xml as part xcvc1902-vsva2197-2mp-e-s specified in board_part file is either invalid or not available
WARNING: [Board 49-26] cannot add Board Part xilinx.com:vck190:part0:3.1 available at C:/AMDDesignTools/2025.2/data/xhub/boards\XilinxBoardStore\boards\Xilinx\vck190\production\3.1\board.xml as part xcvc1902-vsva2197-2mp-e-s specified in board_part file is either invalid or not available
WARNING: [Board 49-26] cannot add Board Part xilinx.com:vck190:part0:3.2 available at C:/AMDDesignTools/2025.2/data/xhub/boards\XilinxBoardStore\boards\Xilinx\vck190\production\3.2\board.xml as part xcvc1902-vsva2197-2mp-e-s specified in board_part file is either invalid or not available
WARNING: [Board 49-26] cannot add Board Part xilinx.com:vck190:part0:3.3 available at C:/AMDDesignTools/2025.2/data/xhub/boards\XilinxBoardStore\boards\Xilinx\vck190\production\3.3\board.xml as part xcvc1902-vsva2197-2mp-e-s specified in board_part file is either invalid or not available
WARNING: [Board 49-26] cannot add Board Part xilinx.com:vck190:part0:3.4 available at C:/AMDDesignTools/2025.2/data/xhub/boards\XilinxBoardStore\boards\Xilinx\vck190\production\3.4\board.xml as part xcvc1902-vsva2197-2mp-e-s specified in board_part file is either invalid or not available
WARNING: [Board 49-26] cannot add Board Part xilinx.com:vck190_newl:part0:1.0 available at C:/AMDDesignTools/2025.2/data/xhub/boards\XilinxBoardStore\boards\Xilinx\vck190_newl\production\1.0\board.xml as part xcvc1902-vsva2197-2mp-e-s specified in board_part file is either invalid or not available
WARNING: [Board 49-26] cannot add Board Part xilinx.com:vck190_newl:part0:1.1 available at C:/AMDDesignTools/2025.2/data/xhub/boards\XilinxBoardStore\boards\Xilinx\vck190_newl\production\1.1\board.xml as part xcvc1902-vsva2197-2mp-e-s specified in board_part file is either invalid or not available
WARNING: [Board 49-26] cannot add Board Part xilinx.com:vck190_newl:part0:1.2 available at C:/AMDDesignTools/2025.2/data/xhub/boards\XilinxBoardStore\boards\Xilinx\vck190_newl\production\1.2\board.xml as part xcvc1902-vsva2197-2mp-e-s specified in board_part file is either invalid or not available
WARNING: [Board 49-26] cannot add Board Part xilinx.com:vck190_newl:part0:1.3 available at C:/AMDDesignTools/2025.2/data/xhub/boards\XilinxBoardStore\boards\Xilinx\vck190_newl\production\1.3\board.xml as part xcvc1902-vsva2197-2mp-e-s specified in board_part file is either invalid or not available
WARNING: [Board 49-26] cannot add Board Part xilinx.com:vcu108:part0:1.6 available at C:/AMDDesignTools/2025.2/data/xhub/boards\XilinxBoardStore\boards\Xilinx\vcu108\1.6\board.xml as part xcvu095-ffva2104-2-e specified in board_part file is either invalid or not available
WARNING: [Board 49-26] cannot add Board Part xilinx.com:vcu108:part0:1.7 available at C:/AMDDesignTools/2025.2/data/xhub/boards\XilinxBoardStore\boards\Xilinx\vcu108\1.7\board.xml as part xcvu095-ffva2104-2-e specified in board_part file is either invalid or not available
WARNING: [Board 49-26] cannot add Board Part xilinx.com:vcu110:part0:1.4 available at C:/AMDDesignTools/2025.2/data/xhub/boards\XilinxBoardStore\boards\Xilinx\vcu110\1.4\board.xml as part xcvu190-flgc2104-2-e specified in board_part file is either invalid or not available
WARNING: [Board 49-26] cannot add Board Part xilinx.com:vcu118:part0:2.0 available at C:/AMDDesignTools/2025.2/data/xhub/boards\XilinxBoardStore\boards\Xilinx\vcu118\2.0\board.xml as part xcvu9p-flga2104-2l-e specified in board_part file is either invalid or not available
WARNING: [Board 49-26] cannot add Board Part xilinx.com:vcu118:part0:2.3 available at C:/AMDDesignTools/2025.2/data/xhub/boards\XilinxBoardStore\boards\Xilinx\vcu118\2.3\board.xml as part xcvu9p-flga2104-2l-e specified in board_part file is either invalid or not available
WARNING: [Board 49-26] cannot add Board Part xilinx.com:vcu118:part0:2.4 available at C:/AMDDesignTools/2025.2/data/xhub/boards\XilinxBoardStore\boards\Xilinx\vcu118\2.4\board.xml as part xcvu9p-flga2104-2l-e specified in board_part file is either invalid or not available
WARNING: [Board 49-26] cannot add Board Part xilinx.com:vcu128:part0:1.0 available at C:/AMDDesignTools/2025.2/data/xhub/boards\XilinxBoardStore\boards\Xilinx\vcu128\production\1.0\board.xml as part xcvu37p-fsvh2892-2l-e specified in board_part file is either invalid or not available
WARNING: [Board 49-26] cannot add Board Part xilinx.com:vcu129:part0:1.0 available at C:/AMDDesignTools/2025.2/data/xhub/boards\XilinxBoardStore\boards\Xilinx\vcu129\production\1.0\board.xml as part xcvu29p-fsga2577-2l-e specified in board_part file is either invalid or not available
WARNING: [Board 49-26] cannot add Board Part xilinx.com:vcu1525:part0:1.3 available at C:/AMDDesignTools/2025.2/data/xhub/boards\XilinxBoardStore\boards\Xilinx\vcu1525\1.3\board.xml as part xcvu9p-fsgd2104-2l-e specified in board_part file is either invalid or not available
WARNING: [Board 49-26] cannot add Board Part xilinx.com:vek280:part0:1.0 available at C:/AMDDesignTools/2025.2/data/xhub/boards\XilinxBoardStore\boards\Xilinx\vek280\production\1.0\board.xml as part xcve2802-vsvh1760-2mp-e-s specified in board_part file is either invalid or not available
WARNING: [Board 49-26] cannot add Board Part xilinx.com:vek280:part0:1.1 available at C:/AMDDesignTools/2025.2/data/xhub/boards\XilinxBoardStore\boards\Xilinx\vek280\production\1.1\board.xml as part xcve2802-vsvh1760-2mp-e-s specified in board_part file is either invalid or not available
WARNING: [Board 49-26] cannot add Board Part xilinx.com:vek280:part0:1.2 available at C:/AMDDesignTools/2025.2/data/xhub/boards\XilinxBoardStore\boards\Xilinx\vek280\production\1.2\board.xml as part xcve2802-vsvh1760-2mp-e-s specified in board_part file is either invalid or not available
WARNING: [Board 49-26] cannot add Board Part xilinx.com:vek385:part0:1.0 available at C:/AMDDesignTools/2025.2/data/xhub/boards\XilinxBoardStore\boards\Xilinx\vek385\1.0\board.xml as part xc2ve3858-ssva2112-2mp-e-s specified in board_part file is either invalid or not available
WARNING: [Board 49-26] cannot add Board Part xilinx.com:vek385:part0:1.1 available at C:/AMDDesignTools/2025.2/data/xhub/boards\XilinxBoardStore\boards\Xilinx\vek385\1.1\board.xml as part xc2ve3858-ssva2112-2mp-e-s specified in board_part file is either invalid or not available
WARNING: [Board 49-26] cannot add Board Part xilinx.com:vek385_1:part0:1.0 available at C:/AMDDesignTools/2025.2/data/xhub/boards\XilinxBoardStore\boards\Xilinx\vek385_2\1.0\board.xml as part xc2ve3858-ssva2112-2mp-e-s specified in board_part file is either invalid or not available
WARNING: [Board 49-26] cannot add Board Part xilinx.com:vermeo_t1_mpsoc:part0:1.0 available at C:/AMDDesignTools/2025.2/data/xhub/boards\XilinxBoardStore\boards\Xilinx\vermeo_t1_mpsoc\1.0\board.xml as part xczu19eg-ffvd1760-2l-e specified in board_part file is either invalid or not available
WARNING: [Board 49-26] cannot add Board Part xilinx.com:vermeo_t1_rfsoc:part0:1.0 available at C:/AMDDesignTools/2025.2/data/xhub/boards\XilinxBoardStore\boards\Xilinx\vermeo_t1_rfsoc\1.0\board.xml as part xczu21dr-ffvd1156-2l-e specified in board_part file is either invalid or not available
WARNING: [Board 49-26] cannot add Board Part xilinx.com:vhk158:part0:1.0 available at C:/AMDDesignTools/2025.2/data/xhub/boards\XilinxBoardStore\boards\Xilinx\vhk158\production\1.0\board.xml as part xcvh1582-vsva3697-2mp-e-s specified in board_part file is either invalid or not available
WARNING: [Board 49-26] cannot add Board Part xilinx.com:vhk158:part0:1.1 available at C:/AMDDesignTools/2025.2/data/xhub/boards\XilinxBoardStore\boards\Xilinx\vhk158\production\1.1\board.xml as part xcvh1582-vsva3697-2mp-e-s specified in board_part file is either invalid or not available
WARNING: [Board 49-26] cannot add Board Part xilinx.com:vhk158:part0:1.2 available at C:/AMDDesignTools/2025.2/data/xhub/boards\XilinxBoardStore\boards\Xilinx\vhk158\production\1.2\board.xml as part xcvh1582-vsva3697-2mp-e-s specified in board_part file is either invalid or not available
WARNING: [Board 49-26] cannot add Board Part xilinx.com:vmk180:part0:2.2 available at C:/AMDDesignTools/2025.2/data/xhub/boards\XilinxBoardStore\boards\Xilinx\vmk180\production\2.2\board.xml as part xcvm1802-vsva2197-2mp-e-s specified in board_part file is either invalid or not available
WARNING: [Board 49-26] cannot add Board Part xilinx.com:vmk180:part0:3.0 available at C:/AMDDesignTools/2025.2/data/xhub/boards\XilinxBoardStore\boards\Xilinx\vmk180\production\3.0\board.xml as part xcvm1802-vsva2197-2mp-e-s specified in board_part file is either invalid or not available
WARNING: [Board 49-26] cannot add Board Part xilinx.com:vmk180:part0:3.1 available at C:/AMDDesignTools/2025.2/data/xhub/boards\XilinxBoardStore\boards\Xilinx\vmk180\production\3.1\board.xml as part xcvm1802-vsva2197-2mp-e-s specified in board_part file is either invalid or not available
WARNING: [Board 49-26] cannot add Board Part xilinx.com:vmk180:part0:3.2 available at C:/AMDDesignTools/2025.2/data/xhub/boards\XilinxBoardStore\boards\Xilinx\vmk180\production\3.2\board.xml as part xcvm1802-vsva2197-2mp-e-s specified in board_part file is either invalid or not available
WARNING: [Board 49-26] cannot add Board Part xilinx.com:vmk180:part0:3.3 available at C:/AMDDesignTools/2025.2/data/xhub/boards\XilinxBoardStore\boards\Xilinx\vmk180\production\3.3\board.xml as part xcvm1802-vsva2197-2mp-e-s specified in board_part file is either invalid or not available
WARNING: [Board 49-26] cannot add Board Part xilinx.com:vmk180_newl:part0:1.0 available at C:/AMDDesignTools/2025.2/data/xhub/boards\XilinxBoardStore\boards\Xilinx\vmk180_newl\production\1.0\board.xml as part xcvm1802-vsva2197-2mp-e-s specified in board_part file is either invalid or not available
WARNING: [Board 49-26] cannot add Board Part xilinx.com:vmk180_newl:part0:1.1 available at C:/AMDDesignTools/2025.2/data/xhub/boards\XilinxBoardStore\boards\Xilinx\vmk180_newl\production\1.1\board.xml as part xcvm1802-vsva2197-2mp-e-s specified in board_part file is either invalid or not available
WARNING: [Board 49-26] cannot add Board Part xilinx.com:vpk120:part0:1.0 available at C:/AMDDesignTools/2025.2/data/xhub/boards\XilinxBoardStore\boards\Xilinx\vpk120\production\1.0\board.xml as part xcvp1202-vsva2785-2mp-e-s specified in board_part file is either invalid or not available
WARNING: [Board 49-26] cannot add Board Part xilinx.com:vpk120:part0:1.1 available at C:/AMDDesignTools/2025.2/data/xhub/boards\XilinxBoardStore\boards\Xilinx\vpk120\production\1.1\board.xml as part xcvp1202-vsva2785-2mp-e-s specified in board_part file is either invalid or not available
WARNING: [Board 49-26] cannot add Board Part xilinx.com:vpk120:part0:1.2 available at C:/AMDDesignTools/2025.2/data/xhub/boards\XilinxBoardStore\boards\Xilinx\vpk120\production\1.2\board.xml as part xcvp1202-vsva2785-2mp-e-s specified in board_part file is either invalid or not available
WARNING: [Board 49-26] cannot add Board Part xilinx.com:vpk180:part0:1.0 available at C:/AMDDesignTools/2025.2/data/xhub/boards\XilinxBoardStore\boards\Xilinx\vpk180\production\1.0\board.xml as part xcvp1802-lsvc4072-2mp-e-s specified in board_part file is either invalid or not available
WARNING: [Board 49-26] cannot add Board Part xilinx.com:vpk180:part0:1.1 available at C:/AMDDesignTools/2025.2/data/xhub/boards\XilinxBoardStore\boards\Xilinx\vpk180\production\1.1\board.xml as part xcvp1802-lsvc4072-2mp-e-s specified in board_part file is either invalid or not available
WARNING: [Board 49-26] cannot add Board Part xilinx.com:vpk180:part0:1.2 available at C:/AMDDesignTools/2025.2/data/xhub/boards\XilinxBoardStore\boards\Xilinx\vpk180\production\1.2\board.xml as part xcvp1802-lsvc4072-2mp-e-s specified in board_part file is either invalid or not available
WARNING: [Board 49-26] cannot add Board Part xilinx.com:vrk160:part0:1.0 available at C:/AMDDesignTools/2025.2/data/xhub/boards\XilinxBoardStore\boards\Xilinx\vrk160\1.0\board.xml as part xcvr1602-vsva2488-2mp-e-s-es1 specified in board_part file is either invalid or not available
INFO: [Common 17-14] Message 'Board 49-26' appears 100 times and further instances of the messages will be disabled. Use the Tcl command set_msg_config to change the current settings.
INFO: [IP_Flow 19-234] Refreshing IP repositories
INFO: [IP_Flow 19-1700] Loaded user IP repository 'c:/Users/dotignore/Desktop/Xilinx/projects/zybo_z7_cam_rpi_v2_5mp_hdmi/vivado-library'.
INFO: [IP_Flow 19-2313] Loaded Vivado IP repository 'C:/AMDDesignTools/2025.2/Vivado/data/ip'.
WARNING: [IP_Flow 19-3664] IP 'design_1_axi_smc_0' generated file not found 'c:/Users/dotignore/Desktop/Xilinx/projects/zybo_z7_cam_rpi_v2_5mp_hdmi/zybo_z7_imx219/zybo_z7_imx219.gen/sources_1/bd/design_1/ip/design_1_axi_smc_0/design_1_axi_smc_0.dcp'. Please regenerate to continue.
WARNING: [IP_Flow 19-3664] IP 'design_1_axi_smc_0' generated file not found 'c:/Users/dotignore/Desktop/Xilinx/projects/zybo_z7_cam_rpi_v2_5mp_hdmi/zybo_z7_imx219/zybo_z7_imx219.gen/sources_1/bd/design_1/ip/design_1_axi_smc_0/design_1_axi_smc_0_stub.v'. Please regenerate to continue.
WARNING: [IP_Flow 19-3664] IP 'design_1_axi_smc_0' generated file not found 'c:/Users/dotignore/Desktop/Xilinx/projects/zybo_z7_cam_rpi_v2_5mp_hdmi/zybo_z7_imx219/zybo_z7_imx219.gen/sources_1/bd/design_1/ip/design_1_axi_smc_0/design_1_axi_smc_0_stub.vhdl'. Please regenerate to continue.
WARNING: [IP_Flow 19-3664] IP 'design_1_axi_smc_0' generated file not found 'c:/Users/dotignore/Desktop/Xilinx/projects/zybo_z7_cam_rpi_v2_5mp_hdmi/zybo_z7_imx219/zybo_z7_imx219.gen/sources_1/bd/design_1/ip/design_1_axi_smc_0/design_1_axi_smc_0_sim_netlist.v'. Please regenerate to continue.
WARNING: [IP_Flow 19-3664] IP 'design_1_axi_smc_0' generated file not found 'c:/Users/dotignore/Desktop/Xilinx/projects/zybo_z7_cam_rpi_v2_5mp_hdmi/zybo_z7_imx219/zybo_z7_imx219.gen/sources_1/bd/design_1/ip/design_1_axi_smc_0/design_1_axi_smc_0_sim_netlist.vhdl'. Please regenerate to continue.
WARNING: [IP_Flow 19-3664] IP 'design_1_axi_mem_intercon_imp_xbar_0' generated file not found 'c:/Users/dotignore/Desktop/Xilinx/projects/zybo_z7_cam_rpi_v2_5mp_hdmi/zybo_z7_imx219/zybo_z7_imx219.gen/sources_1/bd/design_1/ip/design_1_axi_mem_intercon_imp_xbar_0/design_1_axi_mem_intercon_imp_xbar_0.dcp'. Please regenerate to continue.
WARNING: [IP_Flow 19-3664] IP 'design_1_axi_mem_intercon_imp_xbar_0' generated file not found 'c:/Users/dotignore/Desktop/Xilinx/projects/zybo_z7_cam_rpi_v2_5mp_hdmi/zybo_z7_imx219/zybo_z7_imx219.gen/sources_1/bd/design_1/ip/design_1_axi_mem_intercon_imp_xbar_0/design_1_axi_mem_intercon_imp_xbar_0_stub.v'. Please regenerate to continue.
WARNING: [IP_Flow 19-3664] IP 'design_1_axi_mem_intercon_imp_xbar_0' generated file not found 'c:/Users/dotignore/Desktop/Xilinx/projects/zybo_z7_cam_rpi_v2_5mp_hdmi/zybo_z7_imx219/zybo_z7_imx219.gen/sources_1/bd/design_1/ip/design_1_axi_mem_intercon_imp_xbar_0/design_1_axi_mem_intercon_imp_xbar_0_stub.vhdl'. Please regenerate to continue.
WARNING: [IP_Flow 19-3664] IP 'design_1_axi_mem_intercon_imp_xbar_0' generated file not found 'c:/Users/dotignore/Desktop/Xilinx/projects/zybo_z7_cam_rpi_v2_5mp_hdmi/zybo_z7_imx219/zybo_z7_imx219.gen/sources_1/bd/design_1/ip/design_1_axi_mem_intercon_imp_xbar_0/design_1_axi_mem_intercon_imp_xbar_0_sim_netlist.v'. Please regenerate to continue.
WARNING: [IP_Flow 19-3664] IP 'design_1_axi_mem_intercon_imp_xbar_0' generated file not found 'c:/Users/dotignore/Desktop/Xilinx/projects/zybo_z7_cam_rpi_v2_5mp_hdmi/zybo_z7_imx219/zybo_z7_imx219.gen/sources_1/bd/design_1/ip/design_1_axi_mem_intercon_imp_xbar_0/design_1_axi_mem_intercon_imp_xbar_0_sim_netlist.vhdl'. Please regenerate to continue.
WARNING: [IP_Flow 19-3664] IP 'design_1_axi_mem_intercon_imp_auto_pc_1' generated file not found 'c:/Users/dotignore/Desktop/Xilinx/projects/zybo_z7_cam_rpi_v2_5mp_hdmi/zybo_z7_imx219/zybo_z7_imx219.gen/sources_1/bd/design_1/ip/design_1_axi_mem_intercon_imp_auto_pc_1/design_1_axi_mem_intercon_imp_auto_pc_1.dcp'. Please regenerate to continue.
WARNING: [IP_Flow 19-3664] IP 'design_1_axi_mem_intercon_imp_auto_pc_1' generated file not found 'c:/Users/dotignore/Desktop/Xilinx/projects/zybo_z7_cam_rpi_v2_5mp_hdmi/zybo_z7_imx219/zybo_z7_imx219.gen/sources_1/bd/design_1/ip/design_1_axi_mem_intercon_imp_auto_pc_1/design_1_axi_mem_intercon_imp_auto_pc_1_stub.v'. Please regenerate to continue.
WARNING: [IP_Flow 19-3664] IP 'design_1_axi_mem_intercon_imp_auto_pc_1' generated file not found 'c:/Users/dotignore/Desktop/Xilinx/projects/zybo_z7_cam_rpi_v2_5mp_hdmi/zybo_z7_imx219/zybo_z7_imx219.gen/sources_1/bd/design_1/ip/design_1_axi_mem_intercon_imp_auto_pc_1/design_1_axi_mem_intercon_imp_auto_pc_1_stub.vhdl'. Please regenerate to continue.
WARNING: [IP_Flow 19-3664] IP 'design_1_axi_mem_intercon_imp_auto_pc_1' generated file not found 'c:/Users/dotignore/Desktop/Xilinx/projects/zybo_z7_cam_rpi_v2_5mp_hdmi/zybo_z7_imx219/zybo_z7_imx219.gen/sources_1/bd/design_1/ip/design_1_axi_mem_intercon_imp_auto_pc_1/design_1_axi_mem_intercon_imp_auto_pc_1_sim_netlist.v'. Please regenerate to continue.
WARNING: [IP_Flow 19-3664] IP 'design_1_axi_mem_intercon_imp_auto_pc_1' generated file not found 'c:/Users/dotignore/Desktop/Xilinx/projects/zybo_z7_cam_rpi_v2_5mp_hdmi/zybo_z7_imx219/zybo_z7_imx219.gen/sources_1/bd/design_1/ip/design_1_axi_mem_intercon_imp_auto_pc_1/design_1_axi_mem_intercon_imp_auto_pc_1_sim_netlist.vhdl'. Please regenerate to continue.
WARNING: [IP_Flow 19-12246] XCI file 'c:/Users/dotignore/Desktop/Xilinx/projects/zybo_z7_cam_rpi_v2_5mp_hdmi/zybo_z7_imx219/zybo_z7_imx219.srcs/sources_1/bd/design_1/ip/design_1_axis_raw10to8_0/design_1_axis_raw10to8_0.xci' contents have changed since it was last written.
WARNING: [IP_Flow 19-3664] IP 'design_1_axis_raw10to8_0' generated file not found 'c:/Users/dotignore/Desktop/Xilinx/projects/zybo_z7_cam_rpi_v2_5mp_hdmi/zybo_z7_imx219/zybo_z7_imx219.gen/sources_1/bd/design_1/ip/design_1_axis_raw10to8_0/design_1_axis_raw10to8_0.dcp'. Please regenerate to continue.
WARNING: [IP_Flow 19-3664] IP 'design_1_axis_raw10to8_0' generated file not found 'c:/Users/dotignore/Desktop/Xilinx/projects/zybo_z7_cam_rpi_v2_5mp_hdmi/zybo_z7_imx219/zybo_z7_imx219.gen/sources_1/bd/design_1/ip/design_1_axis_raw10to8_0/design_1_axis_raw10to8_0_stub.v'. Please regenerate to continue.
WARNING: [IP_Flow 19-3664] IP 'design_1_axis_raw10to8_0' generated file not found 'c:/Users/dotignore/Desktop/Xilinx/projects/zybo_z7_cam_rpi_v2_5mp_hdmi/zybo_z7_imx219/zybo_z7_imx219.gen/sources_1/bd/design_1/ip/design_1_axis_raw10to8_0/design_1_axis_raw10to8_0_stub.vhdl'. Please regenerate to continue.
WARNING: [IP_Flow 19-3664] IP 'design_1_axis_raw10to8_0' generated file not found 'c:/Users/dotignore/Desktop/Xilinx/projects/zybo_z7_cam_rpi_v2_5mp_hdmi/zybo_z7_imx219/zybo_z7_imx219.gen/sources_1/bd/design_1/ip/design_1_axis_raw10to8_0/design_1_axis_raw10to8_0_sim_netlist.v'. Please regenerate to continue.
WARNING: [IP_Flow 19-3664] IP 'design_1_axis_raw10to8_0' generated file not found 'c:/Users/dotignore/Desktop/Xilinx/projects/zybo_z7_cam_rpi_v2_5mp_hdmi/zybo_z7_imx219/zybo_z7_imx219.gen/sources_1/bd/design_1/ip/design_1_axis_raw10to8_0/design_1_axis_raw10to8_0_sim_netlist.vhdl'. Please regenerate to continue.
WARNING: [IP_Flow 19-3664] IP 'design_1_v_demosaic_0_0' generated file not found 'c:/Users/dotignore/Desktop/Xilinx/projects/zybo_z7_cam_rpi_v2_5mp_hdmi/zybo_z7_imx219/zybo_z7_imx219.gen/sources_1/bd/design_1/ip/design_1_v_demosaic_0_0/design_1_v_demosaic_0_0.dcp'. Please regenerate to continue.
WARNING: [IP_Flow 19-3664] IP 'design_1_v_demosaic_0_0' generated file not found 'c:/Users/dotignore/Desktop/Xilinx/projects/zybo_z7_cam_rpi_v2_5mp_hdmi/zybo_z7_imx219/zybo_z7_imx219.gen/sources_1/bd/design_1/ip/design_1_v_demosaic_0_0/design_1_v_demosaic_0_0_stub.v'. Please regenerate to continue.
WARNING: [IP_Flow 19-3664] IP 'design_1_v_demosaic_0_0' generated file not found 'c:/Users/dotignore/Desktop/Xilinx/projects/zybo_z7_cam_rpi_v2_5mp_hdmi/zybo_z7_imx219/zybo_z7_imx219.gen/sources_1/bd/design_1/ip/design_1_v_demosaic_0_0/design_1_v_demosaic_0_0_stub.vhdl'. Please regenerate to continue.
WARNING: [IP_Flow 19-3664] IP 'design_1_v_demosaic_0_0' generated file not found 'c:/Users/dotignore/Desktop/Xilinx/projects/zybo_z7_cam_rpi_v2_5mp_hdmi/zybo_z7_imx219/zybo_z7_imx219.gen/sources_1/bd/design_1/ip/design_1_v_demosaic_0_0/design_1_v_demosaic_0_0_sim_netlist.v'. Please regenerate to continue.
WARNING: [IP_Flow 19-3664] IP 'design_1_v_demosaic_0_0' generated file not found 'c:/Users/dotignore/Desktop/Xilinx/projects/zybo_z7_cam_rpi_v2_5mp_hdmi/zybo_z7_imx219/zybo_z7_imx219.gen/sources_1/bd/design_1/ip/design_1_v_demosaic_0_0/design_1_v_demosaic_0_0_sim_netlist.vhdl'. Please regenerate to continue.
WARNING: [IP_Flow 19-3664] IP 'design_1_clk_wiz_hdmi_0' generated file not found 'c:/Users/dotignore/Desktop/Xilinx/projects/zybo_z7_cam_rpi_v2_5mp_hdmi/zybo_z7_imx219/zybo_z7_imx219.gen/sources_1/bd/design_1/ip/design_1_clk_wiz_hdmi_0/design_1_clk_wiz_hdmi_0.dcp'. Please regenerate to continue.
WARNING: [IP_Flow 19-3664] IP 'design_1_clk_wiz_hdmi_0' generated file not found 'c:/Users/dotignore/Desktop/Xilinx/projects/zybo_z7_cam_rpi_v2_5mp_hdmi/zybo_z7_imx219/zybo_z7_imx219.gen/sources_1/bd/design_1/ip/design_1_clk_wiz_hdmi_0/design_1_clk_wiz_hdmi_0_stub.v'. Please regenerate to continue.
WARNING: [IP_Flow 19-3664] IP 'design_1_clk_wiz_hdmi_0' generated file not found 'c:/Users/dotignore/Desktop/Xilinx/projects/zybo_z7_cam_rpi_v2_5mp_hdmi/zybo_z7_imx219/zybo_z7_imx219.gen/sources_1/bd/design_1/ip/design_1_clk_wiz_hdmi_0/design_1_clk_wiz_hdmi_0_stub.vhdl'. Please regenerate to continue.
WARNING: [IP_Flow 19-3664] IP 'design_1_clk_wiz_hdmi_0' generated file not found 'c:/Users/dotignore/Desktop/Xilinx/projects/zybo_z7_cam_rpi_v2_5mp_hdmi/zybo_z7_imx219/zybo_z7_imx219.gen/sources_1/bd/design_1/ip/design_1_clk_wiz_hdmi_0/design_1_clk_wiz_hdmi_0_sim_netlist.v'. Please regenerate to continue.
WARNING: [IP_Flow 19-3664] IP 'design_1_clk_wiz_hdmi_0' generated file not found 'c:/Users/dotignore/Desktop/Xilinx/projects/zybo_z7_cam_rpi_v2_5mp_hdmi/zybo_z7_imx219/zybo_z7_imx219.gen/sources_1/bd/design_1/ip/design_1_clk_wiz_hdmi_0/design_1_clk_wiz_hdmi_0_sim_netlist.vhdl'. Please regenerate to continue.
WARNING: [IP_Flow 19-3664] IP 'design_1_rst_hdmi_0' generated file not found 'c:/Users/dotignore/Desktop/Xilinx/projects/zybo_z7_cam_rpi_v2_5mp_hdmi/zybo_z7_imx219/zybo_z7_imx219.gen/sources_1/bd/design_1/ip/design_1_rst_hdmi_0/design_1_rst_hdmi_0.dcp'. Please regenerate to continue.
WARNING: [IP_Flow 19-3664] IP 'design_1_rst_hdmi_0' generated file not found 'c:/Users/dotignore/Desktop/Xilinx/projects/zybo_z7_cam_rpi_v2_5mp_hdmi/zybo_z7_imx219/zybo_z7_imx219.gen/sources_1/bd/design_1/ip/design_1_rst_hdmi_0/design_1_rst_hdmi_0_stub.v'. Please regenerate to continue.
WARNING: [IP_Flow 19-3664] IP 'design_1_rst_hdmi_0' generated file not found 'c:/Users/dotignore/Desktop/Xilinx/projects/zybo_z7_cam_rpi_v2_5mp_hdmi/zybo_z7_imx219/zybo_z7_imx219.gen/sources_1/bd/design_1/ip/design_1_rst_hdmi_0/design_1_rst_hdmi_0_stub.vhdl'. Please regenerate to continue.
WARNING: [IP_Flow 19-3664] IP 'design_1_rst_hdmi_0' generated file not found 'c:/Users/dotignore/Desktop/Xilinx/projects/zybo_z7_cam_rpi_v2_5mp_hdmi/zybo_z7_imx219/zybo_z7_imx219.gen/sources_1/bd/design_1/ip/design_1_rst_hdmi_0/design_1_rst_hdmi_0_sim_netlist.v'. Please regenerate to continue.
WARNING: [IP_Flow 19-3664] IP 'design_1_rst_hdmi_0' generated file not found 'c:/Users/dotignore/Desktop/Xilinx/projects/zybo_z7_cam_rpi_v2_5mp_hdmi/zybo_z7_imx219/zybo_z7_imx219.gen/sources_1/bd/design_1/ip/design_1_rst_hdmi_0/design_1_rst_hdmi_0_sim_netlist.vhdl'. Please regenerate to continue.
WARNING: [IP_Flow 19-3664] IP 'design_1_v_tc_0_0' generated file not found 'c:/Users/dotignore/Desktop/Xilinx/projects/zybo_z7_cam_rpi_v2_5mp_hdmi/zybo_z7_imx219/zybo_z7_imx219.gen/sources_1/bd/design_1/ip/design_1_v_tc_0_0/design_1_v_tc_0_0.dcp'. Please regenerate to continue.
WARNING: [IP_Flow 19-3664] IP 'design_1_v_tc_0_0' generated file not found 'c:/Users/dotignore/Desktop/Xilinx/projects/zybo_z7_cam_rpi_v2_5mp_hdmi/zybo_z7_imx219/zybo_z7_imx219.gen/sources_1/bd/design_1/ip/design_1_v_tc_0_0/design_1_v_tc_0_0_stub.v'. Please regenerate to continue.
WARNING: [IP_Flow 19-3664] IP 'design_1_v_tc_0_0' generated file not found 'c:/Users/dotignore/Desktop/Xilinx/projects/zybo_z7_cam_rpi_v2_5mp_hdmi/zybo_z7_imx219/zybo_z7_imx219.gen/sources_1/bd/design_1/ip/design_1_v_tc_0_0/design_1_v_tc_0_0_stub.vhdl'. Please regenerate to continue.
WARNING: [IP_Flow 19-3664] IP 'design_1_v_tc_0_0' generated file not found 'c:/Users/dotignore/Desktop/Xilinx/projects/zybo_z7_cam_rpi_v2_5mp_hdmi/zybo_z7_imx219/zybo_z7_imx219.gen/sources_1/bd/design_1/ip/design_1_v_tc_0_0/design_1_v_tc_0_0_sim_netlist.v'. Please regenerate to continue.
WARNING: [IP_Flow 19-3664] IP 'design_1_v_tc_0_0' generated file not found 'c:/Users/dotignore/Desktop/Xilinx/projects/zybo_z7_cam_rpi_v2_5mp_hdmi/zybo_z7_imx219/zybo_z7_imx219.gen/sources_1/bd/design_1/ip/design_1_v_tc_0_0/design_1_v_tc_0_0_sim_netlist.vhdl'. Please regenerate to continue.
WARNING: [IP_Flow 19-3664] IP 'design_1_v_axi4s_vid_out_0_0' generated file not found 'c:/Users/dotignore/Desktop/Xilinx/projects/zybo_z7_cam_rpi_v2_5mp_hdmi/zybo_z7_imx219/zybo_z7_imx219.gen/sources_1/bd/design_1/ip/design_1_v_axi4s_vid_out_0_0/design_1_v_axi4s_vid_out_0_0.dcp'. Please regenerate to continue.
WARNING: [IP_Flow 19-3664] IP 'design_1_v_axi4s_vid_out_0_0' generated file not found 'c:/Users/dotignore/Desktop/Xilinx/projects/zybo_z7_cam_rpi_v2_5mp_hdmi/zybo_z7_imx219/zybo_z7_imx219.gen/sources_1/bd/design_1/ip/design_1_v_axi4s_vid_out_0_0/design_1_v_axi4s_vid_out_0_0_stub.v'. Please regenerate to continue.
WARNING: [IP_Flow 19-3664] IP 'design_1_v_axi4s_vid_out_0_0' generated file not found 'c:/Users/dotignore/Desktop/Xilinx/projects/zybo_z7_cam_rpi_v2_5mp_hdmi/zybo_z7_imx219/zybo_z7_imx219.gen/sources_1/bd/design_1/ip/design_1_v_axi4s_vid_out_0_0/design_1_v_axi4s_vid_out_0_0_stub.vhdl'. Please regenerate to continue.
WARNING: [IP_Flow 19-3664] IP 'design_1_v_axi4s_vid_out_0_0' generated file not found 'c:/Users/dotignore/Desktop/Xilinx/projects/zybo_z7_cam_rpi_v2_5mp_hdmi/zybo_z7_imx219/zybo_z7_imx219.gen/sources_1/bd/design_1/ip/design_1_v_axi4s_vid_out_0_0/design_1_v_axi4s_vid_out_0_0_sim_netlist.v'. Please regenerate to continue.
WARNING: [IP_Flow 19-3664] IP 'design_1_v_axi4s_vid_out_0_0' generated file not found 'c:/Users/dotignore/Desktop/Xilinx/projects/zybo_z7_cam_rpi_v2_5mp_hdmi/zybo_z7_imx219/zybo_z7_imx219.gen/sources_1/bd/design_1/ip/design_1_v_axi4s_vid_out_0_0/design_1_v_axi4s_vid_out_0_0_sim_netlist.vhdl'. Please regenerate to continue.
WARNING: [IP_Flow 19-3664] IP 'design_1_rgb2dvi_0_0' generated file not found 'c:/Users/dotignore/Desktop/Xilinx/projects/zybo_z7_cam_rpi_v2_5mp_hdmi/zybo_z7_imx219/zybo_z7_imx219.gen/sources_1/bd/design_1/ip/design_1_rgb2dvi_0_0/design_1_rgb2dvi_0_0.dcp'. Please regenerate to continue.
WARNING: [IP_Flow 19-3664] IP 'design_1_rgb2dvi_0_0' generated file not found 'c:/Users/dotignore/Desktop/Xilinx/projects/zybo_z7_cam_rpi_v2_5mp_hdmi/zybo_z7_imx219/zybo_z7_imx219.gen/sources_1/bd/design_1/ip/design_1_rgb2dvi_0_0/design_1_rgb2dvi_0_0_stub.v'. Please regenerate to continue.
WARNING: [IP_Flow 19-3664] IP 'design_1_rgb2dvi_0_0' generated file not found 'c:/Users/dotignore/Desktop/Xilinx/projects/zybo_z7_cam_rpi_v2_5mp_hdmi/zybo_z7_imx219/zybo_z7_imx219.gen/sources_1/bd/design_1/ip/design_1_rgb2dvi_0_0/design_1_rgb2dvi_0_0_stub.vhdl'. Please regenerate to continue.
WARNING: [IP_Flow 19-3664] IP 'design_1_rgb2dvi_0_0' generated file not found 'c:/Users/dotignore/Desktop/Xilinx/projects/zybo_z7_cam_rpi_v2_5mp_hdmi/zybo_z7_imx219/zybo_z7_imx219.gen/sources_1/bd/design_1/ip/design_1_rgb2dvi_0_0/design_1_rgb2dvi_0_0_sim_netlist.v'. Please regenerate to continue.
WARNING: [IP_Flow 19-3664] IP 'design_1_rgb2dvi_0_0' generated file not found 'c:/Users/dotignore/Desktop/Xilinx/projects/zybo_z7_cam_rpi_v2_5mp_hdmi/zybo_z7_imx219/zybo_z7_imx219.gen/sources_1/bd/design_1/ip/design_1_rgb2dvi_0_0/design_1_rgb2dvi_0_0_sim_netlist.vhdl'. Please regenerate to continue.
open_project: Time (s): cpu = 00:01:01 ; elapsed = 00:01:14 . Memory (MB): peak = 710.285 ; gain = 403.270
# set_property board_part_repo_paths [list $boards] [current_project]
# set_property board_part {digilentinc.com:zybo-z7-20:part0:1.2} [current_project]
# set_property ip_repo_paths [list $ip_repo] [current_project]
# update_ip_catalog -rebuild
INFO: [IP_Flow 19-234] Refreshing IP repositories
INFO: [IP_Flow 19-1700] Loaded user IP repository 'c:/Users/dotignore/Desktop/Xilinx/projects/zybo_z7_cam_rpi_v2_5mp_hdmi/vivado-library'.
# open_bd_design [get_files design_1.bd]
Reading block design file <C:/Users/dotignore/Desktop/Xilinx/projects/zybo_z7_cam_rpi_v2_5mp_hdmi/zybo_z7_imx219/zybo_z7_imx219.srcs/sources_1/bd/design_1/design_1.bd>...
Adding component instance block -- xilinx.com:ip:processing_system7:5.5 - processing_system7_0
Adding component instance block -- xilinx.com:ip:proc_sys_reset:5.0 - proc_sys_reset_0
Adding component instance block -- xilinx.com:ip:mipi_csi2_rx_subsystem:6.0 - mipi_csi2_rx_subsyst_0
Adding component instance block -- xilinx.com:ip:smartconnect:1.0 - axi_smc
Adding component instance block -- xilinx.com:ip:axi_vdma:6.3 - axi_vdma_0
Adding component instance block -- xilinx.com:ip:axi_interconnect:2.1 - axi_mem_intercon
Adding component instance block -- xilinx.com:ip:axi_crossbar:2.1 - xbar
Adding component instance block -- xilinx.com:ip:axi_protocol_converter:2.1 - auto_pc
Adding component instance block -- xilinx.com:ip:axi_protocol_converter:2.1 - auto_pc
Adding component instance block -- xilinx.com:ip:clk_wiz:6.0 - clk_wiz_0
Adding component instance block -- xilinx.com:ip:axis_subset_converter:1.1 - axis_raw10to8
Adding component instance block -- xilinx.com:ip:v_demosaic:1.1 - v_demosaic_0
Adding component instance block -- xilinx.com:ip:clk_wiz:6.0 - clk_wiz_hdmi
Adding component instance block -- xilinx.com:ip:proc_sys_reset:5.0 - rst_hdmi
Adding component instance block -- xilinx.com:ip:v_tc:6.2 - v_tc_0
Adding component instance block -- xilinx.com:ip:v_axi4s_vid_out:4.0 - v_axi4s_vid_out_0
Adding component instance block -- digilentinc.com:ip:rgb2dvi:1.4 - rgb2dvi_0
Successfully read diagram <design_1> from block design file <C:/Users/dotignore/Desktop/Xilinx/projects/zybo_z7_cam_rpi_v2_5mp_hdmi/zybo_z7_imx219/zybo_z7_imx219.srcs/sources_1/bd/design_1/design_1.bd>
WARNING: [BD 41-176] The physical port 'dl0_rxinvalidcodehs' specified in the portmap, is not found on the block! 
WARNING: [BD 41-176] The physical port 'dl0_rxulpmesc' specified in the portmap, is not found on the block! 
WARNING: [BD 41-176] The physical port 'dl1_rxinvalidcodehs' specified in the portmap, is not found on the block! 
WARNING: [BD 41-176] The physical port 'dl1_rxulpmesc' specified in the portmap, is not found on the block! 
WARNING: [BD 41-176] The physical port 'dl2_rxinvalidcodehs' specified in the portmap, is not found on the block! 
WARNING: [BD 41-176] The physical port 'dl2_rxulpmesc' specified in the portmap, is not found on the block! 
WARNING: [BD 41-176] The physical port 'dl3_rxulpmesc' specified in the portmap, is not found on the block! 
open_bd_design: Time (s): cpu = 00:00:07 ; elapsed = 00:00:12 . Memory (MB): peak = 755.055 ; gain = 44.770
# catch {upgrade_ip [get_ips] -sync}
# if {[llength [get_bd_intf_nets -quiet mipi_csi2_rx_subsyst_0_video_out]]} {
#   delete_bd_objs [get_bd_intf_nets mipi_csi2_rx_subsyst_0_video_out]
# }
# set_property -dict [list \
#   CONFIG.c_include_mm2s {1} \
#   CONFIG.c_num_fstores {3} \
#   CONFIG.c_m_axis_mm2s_tdata_width {24} \
#   CONFIG.c_mm2s_linebuffer_depth {4096} \
#   CONFIG.c_s2mm_linebuffer_depth {4096} \
# ] [get_bd_cells axi_vdma_0]
# if {[llength [get_bd_cells -quiet axis_raw10to8]] == 0} {
#   create_bd_cell -type ip -vlnv xilinx.com:ip:axis_subset_converter:1.1 axis_raw10to8
# }
# set_property -dict [list \
#   CONFIG.S_TDATA_NUM_BYTES.VALUE_SRC USER \
#   CONFIG.M_TDATA_NUM_BYTES.VALUE_SRC USER \
#   CONFIG.S_TDATA_NUM_BYTES {2} \
#   CONFIG.M_TDATA_NUM_BYTES {1} \
#   CONFIG.TDATA_REMAP {tdata[9:2]} \
# ] [get_bd_cells axis_raw10to8]
# if {[llength [get_bd_cells -quiet v_demosaic_0]] == 0} {
#   create_bd_cell -type ip -vlnv xilinx.com:ip:v_demosaic:1.1 v_demosaic_0
# }
# set_property -dict [list \
#   CONFIG.SAMPLES_PER_CLOCK {1} \
#   CONFIG.MAX_COLS {1920} \
#   CONFIG.MAX_ROWS {1080} \
#   CONFIG.MAX_DATA_WIDTH {8} \
# ] [get_bd_cells v_demosaic_0]
# if {[llength [get_bd_cells -quiet clk_wiz_hdmi]] == 0} {
#   create_bd_cell -type ip -vlnv xilinx.com:ip:clk_wiz:6.0 clk_wiz_hdmi
# }
# set_property -dict [list \
#   CONFIG.PRIM_IN_FREQ {100.000} \
#   CONFIG.CLKOUT1_REQUESTED_OUT_FREQ {148.500} \
#   CONFIG.USE_LOCKED {true} \
#   CONFIG.USE_RESET {false} \
# ] [get_bd_cells clk_wiz_hdmi]
# if {[llength [get_bd_cells -quiet rst_hdmi]] == 0} {
#   create_bd_cell -type ip -vlnv xilinx.com:ip:proc_sys_reset:5.0 rst_hdmi
# }
# if {[llength [get_bd_cells -quiet v_tc_0]] == 0} {
#   create_bd_cell -type ip -vlnv xilinx.com:ip:v_tc:6.2 v_tc_0
# }
# set_property -dict [list \
#   CONFIG.enable_detection {false} \
#   CONFIG.enable_generation {true} \
#   CONFIG.VIDEO_MODE {1080p} \
# ] [get_bd_cells v_tc_0]
# if {[llength [get_bd_cells -quiet v_axi4s_vid_out_0]] == 0} {
#   create_bd_cell -type ip -vlnv xilinx.com:ip:v_axi4s_vid_out:4.0 v_axi4s_vid_out_0
# }
# set_property -dict [list \
#   CONFIG.C_PIXELS_PER_CLOCK {1} \
#   CONFIG.C_NATIVE_COMPONENT_WIDTH {8} \
#   CONFIG.C_NATIVE_DATA_WIDTH {24} \
#   CONFIG.C_HAS_ASYNC_CLK {1} \
#   CONFIG.C_ADDR_WIDTH {12} \
#   CONFIG.C_VTG_MASTER_SLAVE {1} \
# ] [get_bd_cells v_axi4s_vid_out_0]
CRITICAL WARNING: [BD 41-1276] Cannot set the parameter C_NATIVE_DATA_WIDTH on /v_axi4s_vid_out_0. Parameter does not exist
# if {[llength [get_bd_cells -quiet rgb2dvi_0]] == 0} {
#   create_bd_cell -type ip -vlnv digilentinc.com:ip:rgb2dvi:1.4 rgb2dvi_0
# }
# set_property -dict [list \
#   CONFIG.kGenerateSerialClk {true} \
#   CONFIG.kClkRange {1} \
#   CONFIG.kRstActiveHigh {false} \
# ] [get_bd_cells rgb2dvi_0]
# foreach pair {
#   {mipi_csi2_rx_subsyst_0/video_out axis_raw10to8/S_AXIS}
#   {axis_raw10to8/M_AXIS v_demosaic_0/s_axis_video}
#   {v_demosaic_0/m_axis_video axi_vdma_0/S_AXIS_S2MM}
#   {axi_vdma_0/M_AXIS_MM2S v_axi4s_vid_out_0/video_in}
#   {v_tc_0/vtiming_out v_axi4s_vid_out_0/vtiming_in}
# } {
#   catch {connect_bd_intf_net [get_bd_intf_pins [lindex $pair 0]] [get_bd_intf_pins [lindex $pair 1]]}
# }
WARNING: [BD 41-394] Exec TCL: all interface pins/ports are already connected to interface net '/axis_raw10to8_M_AXIS'
WARNING: [BD 41-394] Exec TCL: all interface pins/ports are already connected to interface net '/v_demosaic_0_m_axis_video'
WARNING: [BD 41-394] Exec TCL: all interface pins/ports are already connected to interface net '/axi_vdma_0_M_AXIS_MM2S'
WARNING: [BD 41-394] Exec TCL: all interface pins/ports are already connected to interface net '/v_tc_0_vtiming_out'
# foreach pair {
#   {v_axi4s_vid_out_0/vid_data rgb2dvi_0/vid_pData}
#   {v_axi4s_vid_out_0/vid_hsync rgb2dvi_0/vid_pHSync}
#   {v_axi4s_vid_out_0/vid_vsync rgb2dvi_0/vid_pVSync}
#   {v_axi4s_vid_out_0/vid_active_video rgb2dvi_0/vid_pVDE}
#   {v_axi4s_vid_out_0/vtg_ce v_tc_0/gen_clken}
# } {
#   catch {connect_bd_net [get_bd_pins [lindex $pair 0]] [get_bd_pins [lindex $pair 1]]}
# }
WARNING: [BD 41-395] Exec TCL: all ports/pins are already connected to '/v_axi4s_vid_out_0_vid_data'
ERROR: [BD 5-4] Error: running connect_bd_net.
WARNING: [BD 41-395] Exec TCL: all ports/pins are already connected to '/v_axi4s_vid_out_0_vid_hsync'
ERROR: [BD 5-4] Error: running connect_bd_net.
WARNING: [BD 41-395] Exec TCL: all ports/pins are already connected to '/v_axi4s_vid_out_0_vid_vsync'
ERROR: [BD 5-4] Error: running connect_bd_net.
WARNING: [BD 41-395] Exec TCL: all ports/pins are already connected to '/v_axi4s_vid_out_0_vid_active_video'
ERROR: [BD 5-4] Error: running connect_bd_net.
WARNING: [BD 41-395] Exec TCL: all ports/pins are already connected to '/v_axi4s_vid_out_0_vtg_ce'
ERROR: [BD 5-4] Error: running connect_bd_net.
# set fclk [get_bd_pins processing_system7_0/FCLK_CLK1]
# set rstn [get_bd_pins proc_sys_reset_0/peripheral_aresetn]
# set rstn_fclk [get_bd_pins processing_system7_0/FCLK_RESET0_N]
# foreach pair [list \
#   [list $fclk [get_bd_pins axis_raw10to8/aclk]] \
#   [list $rstn [get_bd_pins axis_raw10to8/aresetn]] \
#   [list $fclk [get_bd_pins v_demosaic_0/ap_clk]] \
#   [list $rstn [get_bd_pins v_demosaic_0/ap_rst_n]] \
#   [list $fclk [get_bd_pins axi_vdma_0/m_axi_mm2s_aclk]] \
#   [list $fclk [get_bd_pins axi_vdma_0/m_axis_mm2s_aclk]] \
#   [list $fclk [get_bd_pins v_axi4s_vid_out_0/aclk]] \
#   [list $rstn [get_bd_pins v_axi4s_vid_out_0/aresetn]] \
#   [list $fclk [get_bd_pins v_tc_0/s_axi_aclk]] \
#   [list $rstn [get_bd_pins v_tc_0/s_axi_aresetn]] \
#   [list $fclk [get_bd_pins clk_wiz_hdmi/clk_in1]] \
#   [list [get_bd_pins clk_wiz_hdmi/clk_out1] [get_bd_pins rst_hdmi/slowest_sync_clk]] \
#   [list [get_bd_pins clk_wiz_hdmi/locked] [get_bd_pins rst_hdmi/dcm_locked]] \
#   [list $rstn_fclk [get_bd_pins rst_hdmi/ext_reset_in]] \
#   [list [get_bd_pins clk_wiz_hdmi/clk_out1] [get_bd_pins v_tc_0/clk]] \
#   [list [get_bd_pins rst_hdmi/peripheral_aresetn] [get_bd_pins v_tc_0/resetn]] \
#   [list [get_bd_pins clk_wiz_hdmi/clk_out1] [get_bd_pins v_axi4s_vid_out_0/vid_io_out_clk]] \
#   [list [get_bd_pins rst_hdmi/peripheral_reset] [get_bd_pins v_axi4s_vid_out_0/vid_io_out_reset]] \
#   [list [get_bd_pins clk_wiz_hdmi/clk_out1] [get_bd_pins rgb2dvi_0/PixelClk]] \
#   [list [get_bd_pins rst_hdmi/peripheral_aresetn] [get_bd_pins rgb2dvi_0/aRst_n]] \
# ] {
#   catch {connect_bd_net [lindex $pair 0] [lindex $pair 1]}
# }
WARNING: [BD 41-395] Exec TCL: all ports/pins are already connected to '/processing_system7_0_FCLK_CLK1'
ERROR: [BD 5-4] Error: running connect_bd_net.
WARNING: [BD 41-395] Exec TCL: all ports/pins are already connected to '/proc_sys_reset_0_peripheral_aresetn'
ERROR: [BD 5-4] Error: running connect_bd_net.
WARNING: [BD 41-395] Exec TCL: all ports/pins are already connected to '/processing_system7_0_FCLK_CLK1'
ERROR: [BD 5-4] Error: running connect_bd_net.
WARNING: [BD 41-395] Exec TCL: all ports/pins are already connected to '/proc_sys_reset_0_peripheral_aresetn'
ERROR: [BD 5-4] Error: running connect_bd_net.
WARNING: [BD 41-395] Exec TCL: all ports/pins are already connected to '/processing_system7_0_FCLK_CLK1'
ERROR: [BD 5-4] Error: running connect_bd_net.
WARNING: [BD 41-395] Exec TCL: all ports/pins are already connected to '/processing_system7_0_FCLK_CLK1'
ERROR: [BD 5-4] Error: running connect_bd_net.
WARNING: [BD 41-395] Exec TCL: all ports/pins are already connected to '/processing_system7_0_FCLK_CLK1'
ERROR: [BD 5-4] Error: running connect_bd_net.
WARNING: [BD 41-395] Exec TCL: all ports/pins are already connected to '/proc_sys_reset_0_peripheral_aresetn'
ERROR: [BD 5-4] Error: running connect_bd_net.
WARNING: [BD 41-395] Exec TCL: all ports/pins are already connected to '/processing_system7_0_FCLK_CLK1'
ERROR: [BD 5-4] Error: running connect_bd_net.
WARNING: [BD 41-395] Exec TCL: all ports/pins are already connected to '/proc_sys_reset_0_peripheral_aresetn'
ERROR: [BD 5-4] Error: running connect_bd_net.
WARNING: [BD 41-395] Exec TCL: all ports/pins are already connected to '/processing_system7_0_FCLK_CLK1'
ERROR: [BD 5-4] Error: running connect_bd_net.
WARNING: [BD 41-395] Exec TCL: all ports/pins are already connected to '/clk_wiz_hdmi_clk_out1'
ERROR: [BD 5-4] Error: running connect_bd_net.
WARNING: [BD 41-395] Exec TCL: all ports/pins are already connected to '/clk_wiz_hdmi_locked'
ERROR: [BD 5-4] Error: running connect_bd_net.
WARNING: [BD 41-395] Exec TCL: all ports/pins are already connected to '/processing_system7_0_FCLK_RESET0_N'
ERROR: [BD 5-4] Error: running connect_bd_net.
WARNING: [BD 41-395] Exec TCL: all ports/pins are already connected to '/clk_wiz_hdmi_clk_out1'
ERROR: [BD 5-4] Error: running connect_bd_net.
WARNING: [BD 41-395] Exec TCL: all ports/pins are already connected to '/rst_hdmi_peripheral_aresetn'
ERROR: [BD 5-4] Error: running connect_bd_net.
WARNING: [BD 41-395] Exec TCL: all ports/pins are already connected to '/clk_wiz_hdmi_clk_out1'
ERROR: [BD 5-4] Error: running connect_bd_net.
WARNING: [BD 41-395] Exec TCL: all ports/pins are already connected to '/rst_hdmi_peripheral_reset'
ERROR: [BD 5-4] Error: running connect_bd_net.
WARNING: [BD 41-395] Exec TCL: all ports/pins are already connected to '/clk_wiz_hdmi_clk_out1'
ERROR: [BD 5-4] Error: running connect_bd_net.
WARNING: [BD 41-395] Exec TCL: all ports/pins are already connected to '/rst_hdmi_peripheral_aresetn'
ERROR: [BD 5-4] Error: running connect_bd_net.
# foreach p {TMDS_Clk_p TMDS_Clk_n} {
#   if {[llength [get_bd_ports -quiet $p]] == 0} {
#     create_bd_port -dir O $p
#   }
#   catch {connect_bd_net [get_bd_pins rgb2dvi_0/$p] [get_bd_ports $p]}
# }
WARNING: [BD 41-1306] The connection to interface pin </rgb2dvi_0/TMDS_Clk_p> is being overridden by the user with net <rgb2dvi_0_TMDS_Clk_p>. This pin will not be connected as a part of interface connection <TMDS>, and might not recreate the connectivity as expected using the writ_bd_tcl command.
WARNING: [BD 41-1306] The connection to interface pin </rgb2dvi_0/TMDS_Clk_n> is being overridden by the user with net <rgb2dvi_0_TMDS_Clk_n>. This pin will not be connected as a part of interface connection <TMDS>, and might not recreate the connectivity as expected using the writ_bd_tcl command.
# if {[llength [get_bd_ports -quiet TMDS_Data_p]] == 0} {
#   create_bd_port -dir O -from 2 -to 0 TMDS_Data_p
#   create_bd_port -dir O -from 2 -to 0 TMDS_Data_n
# }
# catch {connect_bd_net [get_bd_pins rgb2dvi_0/TMDS_Data_p] [get_bd_ports TMDS_Data_p]}
WARNING: [BD 41-1306] The connection to interface pin </rgb2dvi_0/TMDS_Data_p> is being overridden by the user with net <rgb2dvi_0_TMDS_Data_p>. This pin will not be connected as a part of interface connection <TMDS>, and might not recreate the connectivity as expected using the writ_bd_tcl command.
# catch {connect_bd_net [get_bd_pins rgb2dvi_0/TMDS_Data_n] [get_bd_ports TMDS_Data_n]}
WARNING: [BD 41-1306] The connection to interface pin </rgb2dvi_0/TMDS_Data_n> is being overridden by the user with net <rgb2dvi_0_TMDS_Data_n>. This pin will not be connected as a part of interface connection <TMDS>, and might not recreate the connectivity as expected using the writ_bd_tcl command.
# set xdc [file join $proj_dir constrs hdmi_out.xdc]
# catch {add_files -fileset constrs_1 -norecurse $xdc}
WARNING: [filemgmt 56-12] File 'C:/Users/dotignore/Desktop/Xilinx/projects/zybo_z7_cam_rpi_v2_5mp_hdmi/constrs/hdmi_out.xdc' cannot be added to the project because it already exists in the project, skipping this file
# catch {apply_bd_automation -rule xilinx.com:bd_rule:axi4 \
#   -config [list Master "/processing_system7_0/M_AXI_GP0" Clk "Auto"] \
#   [get_bd_intf_pins v_demosaic_0/s_axi_CTRL]}
apply_bd_automation: Time (s): cpu = 00:00:04 ; elapsed = 00:00:06 . Memory (MB): peak = 778.859 ; gain = 3.996
# catch {apply_bd_automation -rule xilinx.com:bd_rule:axi4 \
#   -config [list Master "/processing_system7_0/M_AXI_GP0" Clk "Auto"] \
#   [get_bd_intf_pins v_tc_0/ctrl]}
# catch {apply_bd_automation -rule xilinx.com:bd_rule:axi4 \
#   -config [list Slave "/processing_system7_0/S_AXI_HP0" Clk "Auto"] \
#   [get_bd_intf_pins axi_vdma_0/M_AXI_MM2S]}
ERROR: [Ip 78-87] Error found in procedure get_rule_options.
 
ERROR: [Ip 78-92] Failed to extract configurable options 
ERROR: [xilinx.com:ip:axi_vdma:6.3-1] /axi_vdma_0 No valid slave interface could be found to connect to </axi_vdma_0/M_AXI_MM2S>
INFO: [Common 17-17] undo 'apply_bd_automation'
# assign_bd_address
INFO: [BD 41-3093] Triggering Legacy Auto Assign Algorithm
# regenerate_bd_layout
# validate_bd_design
WARNING: [BD 41-2670] Found an incomplete address path from address space '/processing_system7_0/Data' to master interface '/axi_smc/M04_AXI'. Please either complete or remove this path to resolve.
clk_domain: design_1_processing_system7_0_0_FCLK_CLK1, clk_domain_1: design_1_processing_system7_0_0_FCLK_CLK1, clkDomainValSrc_1: PROPAGATED, clk_domain_ctrl: 0
clk_domain: design_1_processing_system7_0_0_FCLK_CLK1, clk_domain_1: design_1_processing_system7_0_0_FCLK_CLK1, clkDomainValSrc_1: PROPAGATED, clk_domain_ctrl: 0
INFO: [BD 5-943] Reserving offset range <0x43C0_0000 [ 4K ]> from slave interface '/axi_smc/S00_AXI' to master interface '/axi_smc/M00_AXI'. This will be used by smartconnect on path for routing.
INFO: [BD 5-943] Reserving offset range <0x4300_0000 [ 64K ]> from slave interface '/axi_smc/S00_AXI' to master interface '/axi_smc/M01_AXI'. This will be used by smartconnect on path for routing.
INFO: [BD 5-943] Reserving offset range <0x43C1_0000 [ 64K ]> from slave interface '/axi_smc/S00_AXI' to master interface '/axi_smc/M02_AXI'. This will be used by smartconnect on path for routing.
INFO: [BD 5-943] Reserving offset range <0x43C2_0000 [ 64K ]> from slave interface '/axi_smc/S00_AXI' to master interface '/axi_smc/M03_AXI'. This will be used by smartconnect on path for routing.
INFO: [xilinx.com:ip:smartconnect:1.0-1] design_1_axi_smc_0: SmartConnect design_1_axi_smc_0 is in Low-Area Mode.
INFO: [Ipptcl 7-1463] No Compatible Board Interface found. Board Tab not created in customize GUI
xit::source_ipfile: Time (s): cpu = 00:00:10 ; elapsed = 00:00:12 . Memory (MB): peak = 844.922 ; gain = 48.059
xit::source_ipfile: Time (s): cpu = 00:00:14 ; elapsed = 00:00:15 . Memory (MB): peak = 861.426 ; gain = 16.504
INFO: [xilinx.com:ip:clk_wiz:6.0-1] /clk_wiz_0 clk_wiz propagate
INFO: [xilinx.com:ip:clk_wiz:6.0-1] /clk_wiz_hdmi clk_wiz propagate
validate_bd_design: Time (s): cpu = 00:00:34 ; elapsed = 00:00:41 . Memory (MB): peak = 868.371 ; gain = 89.512
# save_bd_design
Wrote  : <C:\Users\dotignore\Desktop\Xilinx\projects\zybo_z7_cam_rpi_v2_5mp_hdmi\zybo_z7_imx219\zybo_z7_imx219.srcs\sources_1\bd\design_1\design_1.bd> 
WARNING: [IP_Flow 19-11785] File 'c:/Users/dotignore/Desktop/Xilinx/projects/zybo_z7_cam_rpi_v2_5mp_hdmi/zybo_z7_imx219/zybo_z7_imx219.gen/sources_1/bd/design_1/ipshared/7e8c/hdl/axi_vdma_v6_3_24.vh' is not registered in generated file cache.
WARNING: [IP_Flow 19-11785] File 'c:/Users/dotignore/Desktop/Xilinx/projects/zybo_z7_cam_rpi_v2_5mp_hdmi/zybo_z7_imx219/zybo_z7_imx219.gen/sources_1/bd/design_1/ipshared/7e8c/hdl/axi_vdma_v6_3_rfs.v' is not registered in generated file cache.
WARNING: [IP_Flow 19-11785] File 'c:/Users/dotignore/Desktop/Xilinx/projects/zybo_z7_cam_rpi_v2_5mp_hdmi/zybo_z7_imx219/zybo_z7_imx219.gen/sources_1/bd/design_1/ipshared/7e8c/hdl/axi_vdma_v6_3_rfs.vhd' is not registered in generated file cache.
WARNING: [IP_Flow 19-11785] File 'c:/Users/dotignore/Desktop/Xilinx/projects/zybo_z7_cam_rpi_v2_5mp_hdmi/zybo_z7_imx219/zybo_z7_imx219.gen/sources_1/bd/design_1/ipshared/d44a/hdl/axi_datamover_v5_1_vh_rfs.vhd' is not registered in generated file cache.
save_bd_design: Time (s): cpu = 00:00:04 ; elapsed = 00:00:06 . Memory (MB): peak = 868.371 ; gain = 0.000
INFO: [BD 41-1662] The design 'design_1.bd' is already validated. Therefore parameter propagation will not be re-run.
WARNING: [BD 41-2384] Width mismatch when connecting pin: '/axi_mem_intercon/xbar/m_axi_bid'(1) to pin: '/axi_mem_intercon/m00_couplers/S_AXI_bid'(6) - Only lower order bits will be connected.
WARNING: [BD 41-2384] Width mismatch when connecting pin: '/axi_mem_intercon/xbar/m_axi_rid'(1) to pin: '/axi_mem_intercon/m00_couplers/S_AXI_rid'(6) - Only lower order bits will be connected.
WARNING: [BD 41-2384] Width mismatch when connecting pin: '/processing_system7_0/S_AXI_HP0_AWID'(6) to pin: '/axi_mem_intercon/M00_AXI_awid'(1) - Only lower order bits will be connected.
WARNING: [BD 41-2384] Width mismatch when connecting pin: '/processing_system7_0/S_AXI_HP0_ARID'(6) to pin: '/axi_mem_intercon/M00_AXI_arid'(1) - Only lower order bits will be connected.
WARNING: [BD 41-2384] Width mismatch when connecting pin: '/processing_system7_0/S_AXI_HP0_WID'(6) to pin: '/axi_mem_intercon/M00_AXI_wid'(1) - Only lower order bits will be connected.
WARNING: [BD 41-2384] Width mismatch when connecting pin: '/v_demosaic_0/s_axis_video_TDEST'(1) to pin: '/axis_raw10to8/m_axis_tdest'(10) - Only lower order bits will be connected.
Verilog Output written to : c:/Users/dotignore/Desktop/Xilinx/projects/zybo_z7_cam_rpi_v2_5mp_hdmi/zybo_z7_imx219/zybo_z7_imx219.gen/sources_1/bd/design_1/synth/design_1.v
WARNING: [BD 41-2384] Width mismatch when connecting pin: '/axi_mem_intercon/xbar/m_axi_bid'(1) to pin: '/axi_mem_intercon/m00_couplers/S_AXI_bid'(6) - Only lower order bits will be connected.
WARNING: [BD 41-2384] Width mismatch when connecting pin: '/axi_mem_intercon/xbar/m_axi_rid'(1) to pin: '/axi_mem_intercon/m00_couplers/S_AXI_rid'(6) - Only lower order bits will be connected.
WARNING: [BD 41-2384] Width mismatch when connecting pin: '/processing_system7_0/S_AXI_HP0_AWID'(6) to pin: '/axi_mem_intercon/M00_AXI_awid'(1) - Only lower order bits will be connected.
WARNING: [BD 41-2384] Width mismatch when connecting pin: '/processing_system7_0/S_AXI_HP0_ARID'(6) to pin: '/axi_mem_intercon/M00_AXI_arid'(1) - Only lower order bits will be connected.
WARNING: [BD 41-2384] Width mismatch when connecting pin: '/processing_system7_0/S_AXI_HP0_WID'(6) to pin: '/axi_mem_intercon/M00_AXI_wid'(1) - Only lower order bits will be connected.
WARNING: [BD 41-2384] Width mismatch when connecting pin: '/v_demosaic_0/s_axis_video_TDEST'(1) to pin: '/axis_raw10to8/m_axis_tdest'(10) - Only lower order bits will be connected.
Verilog Output written to : c:/Users/dotignore/Desktop/Xilinx/projects/zybo_z7_cam_rpi_v2_5mp_hdmi/zybo_z7_imx219/zybo_z7_imx219.gen/sources_1/bd/design_1/sim/design_1.v
Verilog Output written to : c:/Users/dotignore/Desktop/Xilinx/projects/zybo_z7_cam_rpi_v2_5mp_hdmi/zybo_z7_imx219/zybo_z7_imx219.gen/sources_1/bd/design_1/hdl/design_1_wrapper.v
# set wrap [make_wrapper -files [get_files design_1.bd] -top]
# add_files -norecurse $wrap
WARNING: [filemgmt 56-12] File 'c:/Users/dotignore/Desktop/Xilinx/projects/zybo_z7_cam_rpi_v2_5mp_hdmi/zybo_z7_imx219/zybo_z7_imx219.gen/sources_1/bd/design_1/hdl/design_1_wrapper.v' cannot be added to the project because it already exists in the project, skipping this file
# update_compile_order -fileset sources_1
# set_property top design_1_wrapper [current_fileset]
# reset_run synth_1
# launch_runs impl_1 -to_step write_bitstream -jobs 6
INFO: [BD 41-1662] The design 'design_1.bd' is already validated. Therefore parameter propagation will not be re-run.
WARNING: [BD 41-2384] Width mismatch when connecting pin: '/axi_mem_intercon/xbar/m_axi_bid'(1) to pin: '/axi_mem_intercon/m00_couplers/S_AXI_bid'(6) - Only lower order bits will be connected.
WARNING: [BD 41-2384] Width mismatch when connecting pin: '/axi_mem_intercon/xbar/m_axi_rid'(1) to pin: '/axi_mem_intercon/m00_couplers/S_AXI_rid'(6) - Only lower order bits will be connected.
WARNING: [BD 41-2384] Width mismatch when connecting pin: '/processing_system7_0/S_AXI_HP0_AWID'(6) to pin: '/axi_mem_intercon/M00_AXI_awid'(1) - Only lower order bits will be connected.
WARNING: [BD 41-2384] Width mismatch when connecting pin: '/processing_system7_0/S_AXI_HP0_ARID'(6) to pin: '/axi_mem_intercon/M00_AXI_arid'(1) - Only lower order bits will be connected.
WARNING: [BD 41-2384] Width mismatch when connecting pin: '/processing_system7_0/S_AXI_HP0_WID'(6) to pin: '/axi_mem_intercon/M00_AXI_wid'(1) - Only lower order bits will be connected.
WARNING: [BD 41-2384] Width mismatch when connecting pin: '/v_demosaic_0/s_axis_video_TDEST'(1) to pin: '/axis_raw10to8/m_axis_tdest'(10) - Only lower order bits will be connected.
Verilog Output written to : c:/Users/dotignore/Desktop/Xilinx/projects/zybo_z7_cam_rpi_v2_5mp_hdmi/zybo_z7_imx219/zybo_z7_imx219.gen/sources_1/bd/design_1/synth/design_1.v
WARNING: [BD 41-2384] Width mismatch when connecting pin: '/axi_mem_intercon/xbar/m_axi_bid'(1) to pin: '/axi_mem_intercon/m00_couplers/S_AXI_bid'(6) - Only lower order bits will be connected.
WARNING: [BD 41-2384] Width mismatch when connecting pin: '/axi_mem_intercon/xbar/m_axi_rid'(1) to pin: '/axi_mem_intercon/m00_couplers/S_AXI_rid'(6) - Only lower order bits will be connected.
WARNING: [BD 41-2384] Width mismatch when connecting pin: '/processing_system7_0/S_AXI_HP0_AWID'(6) to pin: '/axi_mem_intercon/M00_AXI_awid'(1) - Only lower order bits will be connected.
WARNING: [BD 41-2384] Width mismatch when connecting pin: '/processing_system7_0/S_AXI_HP0_ARID'(6) to pin: '/axi_mem_intercon/M00_AXI_arid'(1) - Only lower order bits will be connected.
WARNING: [BD 41-2384] Width mismatch when connecting pin: '/processing_system7_0/S_AXI_HP0_WID'(6) to pin: '/axi_mem_intercon/M00_AXI_wid'(1) - Only lower order bits will be connected.
WARNING: [BD 41-2384] Width mismatch when connecting pin: '/v_demosaic_0/s_axis_video_TDEST'(1) to pin: '/axis_raw10to8/m_axis_tdest'(10) - Only lower order bits will be connected.
Verilog Output written to : c:/Users/dotignore/Desktop/Xilinx/projects/zybo_z7_cam_rpi_v2_5mp_hdmi/zybo_z7_imx219/zybo_z7_imx219.gen/sources_1/bd/design_1/sim/design_1.v
Verilog Output written to : c:/Users/dotignore/Desktop/Xilinx/projects/zybo_z7_cam_rpi_v2_5mp_hdmi/zybo_z7_imx219/zybo_z7_imx219.gen/sources_1/bd/design_1/hdl/design_1_wrapper.v
Exporting to file c:/Users/dotignore/Desktop/Xilinx/projects/zybo_z7_cam_rpi_v2_5mp_hdmi/zybo_z7_imx219/zybo_z7_imx219.gen/sources_1/bd/design_1/ip/design_1_mipi_csi2_rx_subsyst_0_0/bd_0/hw_handoff/design_1_mipi_csi2_rx_subsyst_0_0.hwh
Generated Hardware Definition File c:/Users/dotignore/Desktop/Xilinx/projects/zybo_z7_cam_rpi_v2_5mp_hdmi/zybo_z7_imx219/zybo_z7_imx219.gen/sources_1/bd/design_1/ip/design_1_mipi_csi2_rx_subsyst_0_0/bd_0/synth/design_1_mipi_csi2_rx_subsyst_0_0.hwdef
WARNING: [BD 41-2384] Width mismatch when connecting pin: '/s00_nodes/s00_ar_node/s_sc_payld'(148) to pin: '/s00_nodes/S_SC_AR_payld'(144) - Only lower order bits will be connected.
WARNING: [BD 41-2384] Width mismatch when connecting pin: '/s00_nodes/s00_aw_node/s_sc_payld'(148) to pin: '/s00_nodes/S_SC_AW_payld'(144) - Only lower order bits will be connected.
WARNING: [BD 41-2384] Width mismatch when connecting pin: '/m00_nodes/m00_r_node/s_sc_payld'(55) to pin: '/m00_nodes/S_SC_R_payld'(53) - Only lower order bits will be connected.
WARNING: [BD 41-2384] Width mismatch when connecting pin: '/m00_nodes/m00_b_node/s_sc_payld'(9) to pin: '/m00_nodes/S_SC_B_payld'(7) - Only lower order bits will be connected.
WARNING: [BD 41-2384] Width mismatch when connecting pin: '/m01_nodes/m01_r_node/s_sc_payld'(55) to pin: '/m01_nodes/S_SC_R_payld'(53) - Only lower order bits will be connected.
WARNING: [BD 41-2384] Width mismatch when connecting pin: '/m01_nodes/m01_b_node/s_sc_payld'(9) to pin: '/m01_nodes/S_SC_B_payld'(7) - Only lower order bits will be connected.
WARNING: [BD 41-2384] Width mismatch when connecting pin: '/m02_nodes/m02_r_node/s_sc_payld'(55) to pin: '/m02_nodes/S_SC_R_payld'(53) - Only lower order bits will be connected.
WARNING: [BD 41-2384] Width mismatch when connecting pin: '/m02_nodes/m02_b_node/s_sc_payld'(9) to pin: '/m02_nodes/S_SC_B_payld'(7) - Only lower order bits will be connected.
WARNING: [BD 41-2384] Width mismatch when connecting pin: '/m03_nodes/m03_r_node/s_sc_payld'(55) to pin: '/m03_nodes/S_SC_R_payld'(53) - Only lower order bits will be connected.
WARNING: [BD 41-2384] Width mismatch when connecting pin: '/m03_nodes/m03_b_node/s_sc_payld'(9) to pin: '/m03_nodes/S_SC_B_payld'(7) - Only lower order bits will be connected.
WARNING: [BD 41-2384] Width mismatch when connecting pin: '/s00_axi2sc/s_sc_r_payld'(53) to pin: '/s00_nodes/M_SC_R_payld'(55) - Only lower order bits will be connected.
WARNING: [BD 41-2384] Width mismatch when connecting pin: '/s00_axi2sc/s_sc_b_payld'(7) to pin: '/s00_nodes/M_SC_B_payld'(9) - Only lower order bits will be connected.
WARNING: [BD 41-2384] Width mismatch when connecting pin: '/m00_sc2axi/s_sc_ar_payld'(144) to pin: '/m00_nodes/M_SC_AR_payld'(148) - Only lower order bits will be connected.
WARNING: [BD 41-2384] Width mismatch when connecting pin: '/m00_sc2axi/s_sc_aw_payld'(144) to pin: '/m00_nodes/M_SC_AW_payld'(148) - Only lower order bits will be connected.
WARNING: [BD 41-2384] Width mismatch when connecting pin: '/m01_sc2axi/s_sc_ar_payld'(144) to pin: '/m01_nodes/M_SC_AR_payld'(148) - Only lower order bits will be connected.
WARNING: [BD 41-2384] Width mismatch when connecting pin: '/m01_sc2axi/s_sc_aw_payld'(144) to pin: '/m01_nodes/M_SC_AW_payld'(148) - Only lower order bits will be connected.
WARNING: [BD 41-2384] Width mismatch when connecting pin: '/m02_sc2axi/s_sc_ar_payld'(144) to pin: '/m02_nodes/M_SC_AR_payld'(148) - Only lower order bits will be connected.
WARNING: [BD 41-2384] Width mismatch when connecting pin: '/m02_sc2axi/s_sc_aw_payld'(144) to pin: '/m02_nodes/M_SC_AW_payld'(148) - Only lower order bits will be connected.
WARNING: [BD 41-2384] Width mismatch when connecting pin: '/m03_sc2axi/s_sc_ar_payld'(144) to pin: '/m03_nodes/M_SC_AR_payld'(148) - Only lower order bits will be connected.
WARNING: [BD 41-2384] Width mismatch when connecting pin: '/m03_sc2axi/s_sc_aw_payld'(144) to pin: '/m03_nodes/M_SC_AW_payld'(148) - Only lower order bits will be connected.
WARNING: [BD 41-2384] Width mismatch when connecting pin: '/s00_nodes/s00_ar_node/s_sc_payld'(148) to pin: '/s00_nodes/S_SC_AR_payld'(144) - Only lower order bits will be connected.
WARNING: [BD 41-2384] Width mismatch when connecting pin: '/s00_nodes/s00_aw_node/s_sc_payld'(148) to pin: '/s00_nodes/S_SC_AW_payld'(144) - Only lower order bits will be connected.
WARNING: [BD 41-2384] Width mismatch when connecting pin: '/m00_nodes/m00_r_node/s_sc_payld'(55) to pin: '/m00_nodes/S_SC_R_payld'(53) - Only lower order bits will be connected.
WARNING: [BD 41-2384] Width mismatch when connecting pin: '/m00_nodes/m00_b_node/s_sc_payld'(9) to pin: '/m00_nodes/S_SC_B_payld'(7) - Only lower order bits will be connected.
WARNING: [BD 41-2384] Width mismatch when connecting pin: '/m01_nodes/m01_r_node/s_sc_payld'(55) to pin: '/m01_nodes/S_SC_R_payld'(53) - Only lower order bits will be connected.
WARNING: [BD 41-2384] Width mismatch when connecting pin: '/m01_nodes/m01_b_node/s_sc_payld'(9) to pin: '/m01_nodes/S_SC_B_payld'(7) - Only lower order bits will be connected.
WARNING: [BD 41-2384] Width mismatch when connecting pin: '/m02_nodes/m02_r_node/s_sc_payld'(55) to pin: '/m02_nodes/S_SC_R_payld'(53) - Only lower order bits will be connected.
WARNING: [BD 41-2384] Width mismatch when connecting pin: '/m02_nodes/m02_b_node/s_sc_payld'(9) to pin: '/m02_nodes/S_SC_B_payld'(7) - Only lower order bits will be connected.
WARNING: [BD 41-2384] Width mismatch when connecting pin: '/m03_nodes/m03_r_node/s_sc_payld'(55) to pin: '/m03_nodes/S_SC_R_payld'(53) - Only lower order bits will be connected.
WARNING: [BD 41-2384] Width mismatch when connecting pin: '/m03_nodes/m03_b_node/s_sc_payld'(9) to pin: '/m03_nodes/S_SC_B_payld'(7) - Only lower order bits will be connected.
WARNING: [BD 41-2384] Width mismatch when connecting pin: '/s00_axi2sc/s_sc_r_payld'(53) to pin: '/s00_nodes/M_SC_R_payld'(55) - Only lower order bits will be connected.
WARNING: [BD 41-2384] Width mismatch when connecting pin: '/s00_axi2sc/s_sc_b_payld'(7) to pin: '/s00_nodes/M_SC_B_payld'(9) - Only lower order bits will be connected.
WARNING: [BD 41-2384] Width mismatch when connecting pin: '/m00_sc2axi/s_sc_ar_payld'(144) to pin: '/m00_nodes/M_SC_AR_payld'(148) - Only lower order bits will be connected.
WARNING: [BD 41-2384] Width mismatch when connecting pin: '/m00_sc2axi/s_sc_aw_payld'(144) to pin: '/m00_nodes/M_SC_AW_payld'(148) - Only lower order bits will be connected.
WARNING: [BD 41-2384] Width mismatch when connecting pin: '/m01_sc2axi/s_sc_ar_payld'(144) to pin: '/m01_nodes/M_SC_AR_payld'(148) - Only lower order bits will be connected.
WARNING: [BD 41-2384] Width mismatch when connecting pin: '/m01_sc2axi/s_sc_aw_payld'(144) to pin: '/m01_nodes/M_SC_AW_payld'(148) - Only lower order bits will be connected.
WARNING: [BD 41-2384] Width mismatch when connecting pin: '/m02_sc2axi/s_sc_ar_payld'(144) to pin: '/m02_nodes/M_SC_AR_payld'(148) - Only lower order bits will be connected.
WARNING: [BD 41-2384] Width mismatch when connecting pin: '/m02_sc2axi/s_sc_aw_payld'(144) to pin: '/m02_nodes/M_SC_AW_payld'(148) - Only lower order bits will be connected.
WARNING: [BD 41-2384] Width mismatch when connecting pin: '/m03_sc2axi/s_sc_ar_payld'(144) to pin: '/m03_nodes/M_SC_AR_payld'(148) - Only lower order bits will be connected.
WARNING: [BD 41-2384] Width mismatch when connecting pin: '/m03_sc2axi/s_sc_aw_payld'(144) to pin: '/m03_nodes/M_SC_AW_payld'(148) - Only lower order bits will be connected.
Exporting to file c:/Users/dotignore/Desktop/Xilinx/projects/zybo_z7_cam_rpi_v2_5mp_hdmi/zybo_z7_imx219/zybo_z7_imx219.gen/sources_1/bd/design_1/ip/design_1_axi_smc_0/bd_0/hw_handoff/design_1_axi_smc_0.hwh
Generated Hardware Definition File c:/Users/dotignore/Desktop/Xilinx/projects/zybo_z7_cam_rpi_v2_5mp_hdmi/zybo_z7_imx219/zybo_z7_imx219.gen/sources_1/bd/design_1/ip/design_1_axi_smc_0/bd_0/synth/design_1_axi_smc_0.hwdef
INFO: [BD 41-1029] Generation completed for the IP Integrator block axi_smc .
WARNING: [IP_Flow 19-4994] Overwriting existing constraint file 'c:/Users/dotignore/Desktop/Xilinx/projects/zybo_z7_cam_rpi_v2_5mp_hdmi/zybo_z7_imx219/zybo_z7_imx219.gen/sources_1/bd/design_1/ip/design_1_axi_vdma_0_0/design_1_axi_vdma_0_0_ooc.xdc'
INFO: [BD 41-1029] Generation completed for the IP Integrator block axi_vdma_0 .
WARNING: [IP_Flow 19-4994] Overwriting existing constraint file 'c:/Users/dotignore/Desktop/Xilinx/projects/zybo_z7_cam_rpi_v2_5mp_hdmi/zybo_z7_imx219/zybo_z7_imx219.gen/sources_1/bd/design_1/ip/design_1_axi_mem_intercon_imp_auto_pc_0/design_1_axi_mem_intercon_imp_auto_pc_0_ooc.xdc'
INFO: [BD 41-1029] Generation completed for the IP Integrator block axi_mem_intercon/s00_couplers/auto_pc .
WARNING: [IP_Flow 19-4994] Overwriting existing constraint file 'c:/Users/dotignore/Desktop/Xilinx/projects/zybo_z7_cam_rpi_v2_5mp_hdmi/zybo_z7_imx219/zybo_z7_imx219.gen/sources_1/bd/design_1/ip/design_1_axi_mem_intercon_imp_auto_pc_1/design_1_axi_mem_intercon_imp_auto_pc_1_ooc.xdc'
INFO: [BD 41-1029] Generation completed for the IP Integrator block axi_mem_intercon/s01_couplers/auto_pc .
Exporting to file c:/Users/dotignore/Desktop/Xilinx/projects/zybo_z7_cam_rpi_v2_5mp_hdmi/zybo_z7_imx219/zybo_z7_imx219.gen/sources_1/bd/design_1/hw_handoff/design_1.hwh
Generated Hardware Definition File c:/Users/dotignore/Desktop/Xilinx/projects/zybo_z7_cam_rpi_v2_5mp_hdmi/zybo_z7_imx219/zybo_z7_imx219.gen/sources_1/bd/design_1/synth/design_1.hwdef
INFO: [BD 41-3262] Generated VHDL Instantiation Template file c:/Users/dotignore/Desktop/Xilinx/projects/zybo_z7_cam_rpi_v2_5mp_hdmi/zybo_z7_imx219/zybo_z7_imx219.gen/sources_1/bd/design_1/design_1.vho
INFO: [BD 41-3262] Generated Verilog Instantiation Template file c:/Users/dotignore/Desktop/Xilinx/projects/zybo_z7_cam_rpi_v2_5mp_hdmi/zybo_z7_imx219/zybo_z7_imx219.gen/sources_1/bd/design_1/design_1.veo
INFO: [BD 41-3262] Generated System Verilog Instantiation Template file c:/Users/dotignore/Desktop/Xilinx/projects/zybo_z7_cam_rpi_v2_5mp_hdmi/zybo_z7_imx219/zybo_z7_imx219.gen/sources_1/bd/design_1/design_1_sv.sveo
INFO: [IP_Flow 19-4993] Using cached IP synthesis design for IP design_1_axi_mem_intercon_imp_auto_pc_0, cache-ID = 6a143d8bf6554d33; cache size = 43.617 MB.
[Fri Sep 11 23:59:34 2026] Launched design_1_axi_vdma_0_0_synth_1, design_1_axi_smc_0_synth_1, design_1_rst_hdmi_0_synth_1, design_1_clk_wiz_hdmi_0_synth_1, design_1_axi_mem_intercon_imp_xbar_0_synth_1, design_1_v_demosaic_0_0_synth_1, design_1_axi_mem_intercon_imp_auto_pc_1_synth_1, synth_1...
Run output will be captured here:
design_1_axi_vdma_0_0_synth_1: C:/Users/dotignore/Desktop/Xilinx/projects/zybo_z7_cam_rpi_v2_5mp_hdmi/zybo_z7_imx219/zybo_z7_imx219.runs/design_1_axi_vdma_0_0_synth_1/runme.log
design_1_axi_smc_0_synth_1: C:/Users/dotignore/Desktop/Xilinx/projects/zybo_z7_cam_rpi_v2_5mp_hdmi/zybo_z7_imx219/zybo_z7_imx219.runs/design_1_axi_smc_0_synth_1/runme.log
design_1_rst_hdmi_0_synth_1: C:/Users/dotignore/Desktop/Xilinx/projects/zybo_z7_cam_rpi_v2_5mp_hdmi/zybo_z7_imx219/zybo_z7_imx219.runs/design_1_rst_hdmi_0_synth_1/runme.log
design_1_clk_wiz_hdmi_0_synth_1: C:/Users/dotignore/Desktop/Xilinx/projects/zybo_z7_cam_rpi_v2_5mp_hdmi/zybo_z7_imx219/zybo_z7_imx219.runs/design_1_clk_wiz_hdmi_0_synth_1/runme.log
design_1_axi_mem_intercon_imp_xbar_0_synth_1: C:/Users/dotignore/Desktop/Xilinx/projects/zybo_z7_cam_rpi_v2_5mp_hdmi/zybo_z7_imx219/zybo_z7_imx219.runs/design_1_axi_mem_intercon_imp_xbar_0_synth_1/runme.log
design_1_v_demosaic_0_0_synth_1: C:/Users/dotignore/Desktop/Xilinx/projects/zybo_z7_cam_rpi_v2_5mp_hdmi/zybo_z7_imx219/zybo_z7_imx219.runs/design_1_v_demosaic_0_0_synth_1/runme.log
design_1_axi_mem_intercon_imp_auto_pc_1_synth_1: C:/Users/dotignore/Desktop/Xilinx/projects/zybo_z7_cam_rpi_v2_5mp_hdmi/zybo_z7_imx219/zybo_z7_imx219.runs/design_1_axi_mem_intercon_imp_auto_pc_1_synth_1/runme.log
synth_1: C:/Users/dotignore/Desktop/Xilinx/projects/zybo_z7_cam_rpi_v2_5mp_hdmi/zybo_z7_imx219/zybo_z7_imx219.runs/synth_1/runme.log
[Fri Sep 11 23:59:34 2026] Launched impl_1...
Run output will be captured here: C:/Users/dotignore/Desktop/Xilinx/projects/zybo_z7_cam_rpi_v2_5mp_hdmi/zybo_z7_imx219/zybo_z7_imx219.runs/impl_1/runme.log
launch_runs: Time (s): cpu = 00:00:24 ; elapsed = 00:00:40 . Memory (MB): peak = 922.754 ; gain = 36.609
# wait_on_run impl_1
[Fri Sep 11 23:59:34 2026] Waiting for impl_1 to finish...
[Sat Sep 12 00:09:43 2026] impl_1 finished
ERROR: [Vivado 12-13638] Failed runs(s) : 'design_1_v_demosaic_0_0_synth_1'
 'design_1_v_demosaic_0_0_synth_1' run failed with below errors.
ERROR: [Common 17-680] Path length exceeds 260-Byte maximum allowed by Windows: c:/Users/dotignore/Desktop/Xilinx/projects/zybo_z7_cam_rpi_v2_5mp_hdmi/zybo_z7_imx219/zybo_z7_imx219.runs/design_1_v_demosaic_0_0_synth_1/prj/sol/impl/ip/hdl/verilog/design_1_v_demosaic_0_0_DebayerRatBorBatR_Pipeline_VITIS_LOOP_633_2_lineBuffer_1_RAM_AUTO_1R1W.v
Please consider using the OS subst command to shorten the path length by mapping part of the path to a virtual drive letter. See Answer Record AR52787 for more information.
Resolution: In Windows 7 or later, the mklink command can also be used to create a symbolic link and shorten the path.

wait_on_runs: Time (s): cpu = 00:00:13 ; elapsed = 00:10:09 . Memory (MB): peak = 922.754 ; gain = 0.000
ERROR: [Common 17-39] 'wait_on_runs' failed due to earlier errors.

    while executing
"wait_on_run impl_1"
    (file "scripts\add_hdmi_and_build.tcl" line 206)
INFO: [Common 17-206] Exiting Vivado at Sat Sep 12 00:09:43 2026...
