Copyright 1986-2022 Xilinx, Inc. All Rights Reserved. Copyright 2022-2025 Advanced Micro Devices, Inc. All Rights Reserved.
----------------------------------------------------------------------------------------------------------------------------------------------------------------------
| Tool Version     : Vivado v.2025.2 (win64) Build 6299465 Fri Nov 14 19:35:11 GMT 2025
| Date             : Mon Sep 21 19:28:18 2026
| Host             : DESKTOP-6M954OF running 64-bit major release  (build 9200)
| Command          : report_power -file design_1_wrapper_power_routed.rpt -pb design_1_wrapper_power_summary_routed.pb -rpx design_1_wrapper_power_routed.rpx
| Design           : design_1_wrapper
| Device           : xc7z020clg400-1
| Design State     : routed
| Grade            : commercial
| Process          : typical
| Characterization : Production
----------------------------------------------------------------------------------------------------------------------------------------------------------------------

Power Report

Table of Contents
-----------------
1. Summary
1.1 On-Chip Components
1.2 Power Supply Summary
1.3 Confidence Level
2. Settings
2.1 Environment
2.2 Clock Constraints
3. Detailed Reports
3.1 By Hierarchy

1. Summary
----------

+--------------------------+--------------+
| Total On-Chip Power (W)  | 2.061        |
| Design Power Budget (W)  | Unspecified* |
| Power Budget Margin (W)  | NA           |
| Dynamic (W)              | 1.906        |
| Device Static (W)        | 0.156        |
| Effective TJA (C/W)      | 11.5         |
| Max Ambient (C)          | 61.2         |
| Junction Temperature (C) | 48.8         |
| Confidence Level         | Low          |
| Setting File             | ---          |
| Simulation Activity File | ---          |
| Design Nets Matched      | NA           |
+--------------------------+--------------+
* Specify Design Power Budget using, set_operating_conditions -design_power_budget <value in Watts>


1.1 On-Chip Components
----------------------

+--------------------------+-----------+----------+-----------+-----------------+
| On-Chip                  | Power (W) | Used     | Available | Utilization (%) |
+--------------------------+-----------+----------+-----------+-----------------+
| Clocks                   |     0.071 |       16 |       --- |             --- |
| Slice Logic              |     0.017 |    31140 |       --- |             --- |
|   LUT as Logic           |     0.014 |     9843 |     53200 |           18.50 |
|   Register               |     0.001 |    15892 |    106400 |           14.94 |
|   CARRY4                 |     0.001 |      452 |     13300 |            3.40 |
|   LUT as Distributed RAM |    <0.001 |      292 |     17400 |            1.68 |
|   F7/F8 Muxes            |    <0.001 |      372 |     53200 |            0.70 |
|   LUT as Shift Register  |    <0.001 |      249 |     17400 |            1.43 |
|   Others                 |     0.000 |     1697 |       --- |             --- |
| Signals                  |     0.018 |    22472 |       --- |             --- |
| Block RAM                |     0.008 |       23 |       140 |           16.43 |
| MMCM                     |     0.331 |        3 |         4 |           75.00 |
| I/O                      |     0.057 |       24 |       125 |           19.20 |
| PS7                      |     1.404 |        1 |       --- |             --- |
| Static Power             |     0.156 |          |           |                 |
| Total                    |     2.061 |          |           |                 |
+--------------------------+-----------+----------+-----------+-----------------+


1.2 Power Supply Summary
------------------------

+-----------+-------------+-----------+-------------+------------+-------------+-------------+------------+
| Source    | Voltage (V) | Total (A) | Dynamic (A) | Static (A) | Powerup (A) | Budget (A)  | Margin (A) |
+-----------+-------------+-----------+-------------+------------+-------------+-------------+------------+
| Vccint    |       1.000 |     0.139 |       0.120 |      0.019 |       NA    | Unspecified | NA         |
| Vccaux    |       1.800 |     0.209 |       0.193 |      0.017 |       NA    | Unspecified | NA         |
| Vcco33    |       3.300 |     0.011 |       0.010 |      0.001 |       NA    | Unspecified | NA         |
| Vcco25    |       2.500 |     0.000 |       0.000 |      0.000 |       NA    | Unspecified | NA         |
| Vcco18    |       1.800 |     0.000 |       0.000 |      0.000 |       NA    | Unspecified | NA         |
| Vcco15    |       1.500 |     0.000 |       0.000 |      0.000 |       NA    | Unspecified | NA         |
| Vcco135   |       1.350 |     0.000 |       0.000 |      0.000 |       NA    | Unspecified | NA         |
| Vcco12    |       1.200 |     0.000 |       0.000 |      0.000 |       NA    | Unspecified | NA         |
| Vccaux_io |       1.800 |     0.000 |       0.000 |      0.000 |       NA    | Unspecified | NA         |
| Vccbram   |       1.000 |     0.003 |       0.000 |      0.003 |       NA    | Unspecified | NA         |
| MGTAVcc   |       1.000 |     0.000 |       0.000 |      0.000 |       NA    | Unspecified | NA         |
| MGTAVtt   |       1.200 |     0.000 |       0.000 |      0.000 |       NA    | Unspecified | NA         |
| MGTVccaux |       1.800 |     0.000 |       0.000 |      0.000 |       NA    | Unspecified | NA         |
| Vccpint   |       1.000 |     0.757 |       0.722 |      0.035 |       NA    | Unspecified | NA         |
| Vccpaux   |       1.800 |     0.061 |       0.051 |      0.010 |       NA    | Unspecified | NA         |
| Vccpll    |       1.800 |     0.017 |       0.014 |      0.003 |       NA    | Unspecified | NA         |
| Vcco_ddr  |       1.350 |     0.413 |       0.411 |      0.002 |       NA    | Unspecified | NA         |
| Vcco_mio0 |       1.800 |     0.004 |       0.003 |      0.001 |       NA    | Unspecified | NA         |
| Vcco_mio1 |       1.800 |     0.003 |       0.002 |      0.001 |       NA    | Unspecified | NA         |
| Vccadc    |       1.800 |     0.020 |       0.000 |      0.020 |       NA    | Unspecified | NA         |
+-----------+-------------+-----------+-------------+------------+-------------+-------------+------------+


1.3 Confidence Level
--------------------

+-----------------------------+------------+--------------------------------------------------------+------------------------------------------------------------------------------------------------------------+
| User Input Data             | Confidence | Details                                                | Action                                                                                                     |
+-----------------------------+------------+--------------------------------------------------------+------------------------------------------------------------------------------------------------------------+
| Design implementation state | High       | Design is routed                                       |                                                                                                            |
| Clock nodes activity        | High       | User specified more than 95% of clocks                 |                                                                                                            |
| I/O nodes activity          | Low        | More than 75% of inputs are missing user specification | Provide missing input activity with simulation results or by editing the "By Resource Type -> I/Os" view   |
| Internal nodes activity     | Medium     | User specified less than 25% of internal nodes         | Provide missing internal nodes activity with simulation results or by editing the "By Resource Type" views |
| Device models               | High       | Device models are Production                           |                                                                                                            |
|                             |            |                                                        |                                                                                                            |
| Overall confidence level    | Low        |                                                        |                                                                                                            |
+-----------------------------+------------+--------------------------------------------------------+------------------------------------------------------------------------------------------------------------+


2. Settings
-----------

2.1 Environment
---------------

+-----------------------+------------------------+
| Ambient Temp (C)      | 25.0                   |
| ThetaJA (C/W)         | 11.5                   |
| Airflow (LFM)         | 250                    |
| Heat Sink             | none                   |
| ThetaSA (C/W)         | 0.0                    |
| Board Selection       | medium (10"x10")       |
| # of Board Layers     | 8to11 (8 to 11 Layers) |
| Board Temperature (C) | 25.0                   |
+-----------------------+------------------------+


2.2 Clock Constraints
---------------------

+----------------------------------+------------------------------------------------------------------------------------------------------------------------------+-----------------+
| Clock                            | Domain                                                                                                                       | Constraint (ns) |
+----------------------------------+------------------------------------------------------------------------------------------------------------------------------+-----------------+
| CLKFBIN                          | design_1_i/rgb2dvi_0/U0/ClockGenInternal.ClockGenX/CLKFBIN                                                                   |            13.5 |
| FeedbackClkOut                   | design_1_i/rgb2dvi_0/U0/ClockGenInternal.ClockGenX/FeedbackClkOut                                                            |            13.5 |
| PixelClkIO                       | design_1_i/rgb2dvi_0/U0/ClockGenInternal.ClockGenX/GenMMCM.PixelClkBuffer_0                                                  |            13.5 |
| PixelClkInX5                     | design_1_i/rgb2dvi_0/U0/ClockGenInternal.ClockGenX/PixelClkInX5                                                              |             2.7 |
| clk_fpga_0                       | design_1_i/processing_system7_0/inst/FCLK_CLK_unbuffered[0]                                                                  |             5.0 |
| clk_fpga_1                       | design_1_i/processing_system7_0/inst/FCLK_CLK1                                                                               |            10.0 |
| clk_fpga_1                       | design_1_i/processing_system7_0/inst/FCLK_CLK_unbuffered[1]                                                                  |            10.0 |
| clk_out1_design_1_clk_wiz_0_0    | design_1_i/clk_wiz_0/inst/clk_out1_design_1_clk_wiz_0_0                                                                      |            41.7 |
| clk_out1_design_1_clk_wiz_hdmi_0 | design_1_i/clk_wiz_hdmi/inst/clk_out1_design_1_clk_wiz_hdmi_0                                                                |            13.5 |
| clkfbout_design_1_clk_wiz_0_0    | design_1_i/clk_wiz_0/inst/clkfbout_design_1_clk_wiz_0_0                                                                      |            50.0 |
| clkfbout_design_1_clk_wiz_hdmi_0 | design_1_i/clk_wiz_hdmi/inst/clkfbout_design_1_clk_wiz_hdmi_0                                                                |            40.0 |
| dphy_hs_clock_clk_p              | mipi_phy_if_0_clk_hs_p                                                                                                       |             2.2 |
| rxbyteclkhs_1                    | design_1_i/mipi_csi2_rx_subsyst_0/inst/phy/inst/inst/bd_d10d_phy_0_rx_support_i/slave_rx.bd_d10d_phy_0_rx_ioi_i/div4_clk_out |             8.8 |
+----------------------------------+------------------------------------------------------------------------------------------------------------------------------+-----------------+


3. Detailed Reports
-------------------

3.1 By Hierarchy
----------------

+----------------------------+-----------+
| Name                       | Power (W) |
+----------------------------+-----------+
| design_1_wrapper           |     1.906 |
|   GPIO_0_0_tri_iobuf_0     |     0.003 |
|   IIC_0_0_scl_iobuf        |     0.003 |
|   IIC_0_0_sda_iobuf        |     0.003 |
|   design_1_i               |     1.880 |
|     axi_mem_intercon       |     0.003 |
|       m00_couplers         |     0.002 |
|       xbar                 |     0.002 |
|     axi_smc                |     0.010 |
|       inst                 |     0.010 |
|     axi_vdma_0             |     0.027 |
|       U0                   |     0.027 |
|     axis_raw_to_gbr_0      |     0.002 |
|       inst                 |     0.002 |
|     clk_wiz_0              |     0.122 |
|       inst                 |     0.122 |
|     clk_wiz_hdmi           |     0.117 |
|       inst                 |     0.117 |
|     mipi_csi2_rx_subsyst_0 |     0.041 |
|       inst                 |     0.041 |
|     processing_system7_0   |     1.405 |
|       inst                 |     1.405 |
|     raw_vdma               |     0.007 |
|       U0                   |     0.007 |
|     rgb2dvi_0              |     0.118 |
|       U0                   |     0.118 |
|     v_axi4s_vid_out_0      |     0.009 |
|       inst                 |     0.009 |
|     v_demosaic_0           |     0.004 |
|       inst                 |     0.004 |
|     v_tc_0                 |     0.012 |
|       U0                   |     0.012 |
+----------------------------+-----------+


