
*** Running vivado
    with args -log bd_d10d_vfb_0_0.vds -m64 -product Vivado -mode batch -messageDb vivado.pb -notrace -source bd_d10d_vfb_0_0.tcl



****** Vivado v2025.2 (64-bit)
  **** SW Build 6299465 on Fri Nov 14 19:35:11 GMT 2025
  **** IP Build 6300035 on Fri Nov 14 10:48:45 MST 2025
  **** SharedData Build 6298862 on Thu Nov 13 04:50:51 MST 2025
  **** Start of session at: Thu Sep  3 17:07:40 2026
    ** Copyright 1986-2022 Xilinx, Inc. All Rights Reserved.
    ** Copyright 2022-2025 Advanced Micro Devices, Inc. All Rights Reserved.

source bd_d10d_vfb_0_0.tcl -notrace
create_project: Time (s): cpu = 00:00:25 ; elapsed = 00:00:28 . Memory (MB): peak = 527.625 ; gain = 219.945
Command: synth_design -top bd_d10d_vfb_0_0 -part xc7z020clg400-1 -incremental_mode off -mode out_of_context
Starting synth_design
Attempting to get a license for feature 'Synthesis' and/or device 'xc7z020'
INFO: [Common 17-349] Got license for feature 'Synthesis' and/or device 'xc7z020'
INFO: [Device 21-403] Loading part xc7z020clg400-1
INFO: [Synth 8-7079] Multithreading enabled for synth_design using a maximum of 2 processes.
INFO: [Synth 8-7078] Launching helper process for spawning children vivado processes
INFO: [Synth 8-7075] Helper process launched with PID 13152
---------------------------------------------------------------------------------
Starting RTL Elaboration : Time (s): cpu = 00:00:17 ; elapsed = 00:00:23 . Memory (MB): peak = 1381.176 ; gain = 541.168
---------------------------------------------------------------------------------
INFO: [Synth 8-11241] undeclared symbol 'i_axis_tlast', assumed default net type 'wire' [c:/Users/dotignore/Desktop/Xilinx/projects/zybo_z7_cam_rpi_v2_5mp/zybo_z7_imx219/zybo_z7_imx219.gen/sources_1/bd/design_1/ip/design_1_mipi_csi2_rx_subsyst_0_0/bd_0/ip/ip_2/bd_d10d_vfb_0_0/src/verilog/bd_d10d_vfb_0_0_YUV420_vc16_demux.v:337]
INFO: [Synth 8-11241] undeclared symbol 'odd_lines_hold', assumed default net type 'wire' [c:/Users/dotignore/Desktop/Xilinx/projects/zybo_z7_cam_rpi_v2_5mp/zybo_z7_imx219/zybo_z7_imx219.gen/sources_1/bd/design_1/ipshared/ce4e/hdl/vfb_v1_0_syn_rfs.v:602]
INFO: [Synth 8-11241] undeclared symbol 's_yuv_detector_vc13', assumed default net type 'wire' [c:/Users/dotignore/Desktop/Xilinx/projects/zybo_z7_cam_rpi_v2_5mp/zybo_z7_imx219/zybo_z7_imx219.gen/sources_1/bd/design_1/ip/design_1_mipi_csi2_rx_subsyst_0_0/bd_0/ip/ip_2/bd_d10d_vfb_0_0_core.v:1239]
INFO: [Synth 8-6157] synthesizing module 'bd_d10d_vfb_0_0' [c:/Users/dotignore/Desktop/Xilinx/projects/zybo_z7_cam_rpi_v2_5mp/zybo_z7_imx219/zybo_z7_imx219.gen/sources_1/bd/design_1/ip/design_1_mipi_csi2_rx_subsyst_0_0/bd_0/ip/ip_2/bd_d10d_vfb_0_0.v:52]
INFO: [Synth 8-6157] synthesizing module 'bd_d10d_vfb_0_0_core' [c:/Users/dotignore/Desktop/Xilinx/projects/zybo_z7_cam_rpi_v2_5mp/zybo_z7_imx219/zybo_z7_imx219.gen/sources_1/bd/design_1/ip/design_1_mipi_csi2_rx_subsyst_0_0/bd_0/ip/ip_2/bd_d10d_vfb_0_0_core.v:52]
INFO: [Synth 8-6157] synthesizing module 'vfb_v1_0_29_reorder' [c:/Users/dotignore/Desktop/Xilinx/projects/zybo_z7_cam_rpi_v2_5mp/zybo_z7_imx219/zybo_z7_imx219.gen/sources_1/bd/design_1/ipshared/ce4e/hdl/vfb_v1_0_syn_rfs.v:973]
	Parameter AXIS_TDATA_WIDTH bound to: 64 - type: integer 
	Parameter AXIS_TUSER_WIDTH bound to: 96 - type: integer 
	Parameter AXIS_TDEST_WIDTH bound to: 4 - type: integer 
	Parameter VFB_TU_WIDTH bound to: 1 - type: integer 
	Parameter VFB_TSB0_WIDTH bound to: 32 - type: integer 
	Parameter VFB_TSB1_WIDTH bound to: 0 - type: integer 
	Parameter VFB_TSB2_WIDTH bound to: 3 - type: integer 
	Parameter VFB_OP_DWIDTH bound to: 16 - type: integer 
	Parameter VFB_DATA_TYPE bound to: 43 - type: integer 
	Parameter VFB_VC bound to: 0 - type: integer 
	Parameter VFB_FILTER_VC bound to: 0 - type: integer 
	Parameter VFB_REQ_BUFFER bound to: 1 - type: integer 
	Parameter VFB_REQ_REORDER bound to: 1 - type: integer 
	Parameter VFB_FIFO_WIDTH bound to: 64 - type: integer 
	Parameter VFB_DCONV_TUW bound to: 24 - type: integer 
	Parameter VFB_4PXL_W bound to: 40 - type: integer 
INFO: [Synth 8-6155] done synthesizing module 'vfb_v1_0_29_reorder' (0#1) [c:/Users/dotignore/Desktop/Xilinx/projects/zybo_z7_cam_rpi_v2_5mp/zybo_z7_imx219/zybo_z7_imx219.gen/sources_1/bd/design_1/ipshared/ce4e/hdl/vfb_v1_0_syn_rfs.v:973]
INFO: [Synth 8-6157] synthesizing module 'bd_d10d_vfb_0_0_axis_dconverter' [c:/Users/dotignore/Desktop/Xilinx/projects/zybo_z7_cam_rpi_v2_5mp/zybo_z7_imx219/zybo_z7_imx219.gen/sources_1/bd/design_1/ip/design_1_mipi_csi2_rx_subsyst_0_0/bd_0/ip/ip_2/bd_d10d_vfb_0_0/src/verilog/bd_d10d_vfb_0_0_axis_dconverter.v:47]
INFO: [Synth 8-6157] synthesizing module 'bd_d10d_vfb_0_0_axis_converter' [c:/Users/dotignore/Desktop/Xilinx/projects/zybo_z7_cam_rpi_v2_5mp/zybo_z7_imx219/zybo_z7_imx219.gen/sources_1/bd/design_1/ip/design_1_mipi_csi2_rx_subsyst_0_0/bd_0/ip/ip_2/ip_0/synth/bd_d10d_vfb_0_0_axis_converter.v:53]
INFO: [Synth 8-6157] synthesizing module 'axis_dwidth_converter_v1_1_34_axis_dwidth_converter' [c:/Users/dotignore/Desktop/Xilinx/projects/zybo_z7_cam_rpi_v2_5mp/zybo_z7_imx219/zybo_z7_imx219.gen/sources_1/bd/design_1/ipshared/80a6/hdl/axis_dwidth_converter_v1_1_vl_rfs.v:814]
INFO: [Synth 8-6157] synthesizing module 'axis_dwidth_converter_v1_1_34_axisc_downsizer' [c:/Users/dotignore/Desktop/Xilinx/projects/zybo_z7_cam_rpi_v2_5mp/zybo_z7_imx219/zybo_z7_imx219.gen/sources_1/bd/design_1/ipshared/80a6/hdl/axis_dwidth_converter_v1_1_vl_rfs.v:60]
INFO: [Synth 8-6155] done synthesizing module 'axis_dwidth_converter_v1_1_34_axisc_downsizer' (0#1) [c:/Users/dotignore/Desktop/Xilinx/projects/zybo_z7_cam_rpi_v2_5mp/zybo_z7_imx219/zybo_z7_imx219.gen/sources_1/bd/design_1/ipshared/80a6/hdl/axis_dwidth_converter_v1_1_vl_rfs.v:60]
INFO: [Synth 8-6157] synthesizing module 'axis_register_slice_v1_1_35_axis_register_slice' [c:/Users/dotignore/Desktop/Xilinx/projects/zybo_z7_cam_rpi_v2_5mp/zybo_z7_imx219/zybo_z7_imx219.gen/sources_1/bd/design_1/ipshared/be12/hdl/axis_register_slice_v1_1_vl_rfs.v:2830]
INFO: [Synth 8-6157] synthesizing module 'axis_infrastructure_v1_1_1_util_axis2vector' [c:/Users/dotignore/Desktop/Xilinx/projects/zybo_z7_cam_rpi_v2_5mp/zybo_z7_imx219/zybo_z7_imx219.gen/sources_1/bd/design_1/ipshared/434f/hdl/axis_infrastructure_v1_1_vl_rfs.v:805]
INFO: [Synth 8-6155] done synthesizing module 'axis_infrastructure_v1_1_1_util_axis2vector' (0#1) [c:/Users/dotignore/Desktop/Xilinx/projects/zybo_z7_cam_rpi_v2_5mp/zybo_z7_imx219/zybo_z7_imx219.gen/sources_1/bd/design_1/ipshared/434f/hdl/axis_infrastructure_v1_1_vl_rfs.v:805]
INFO: [Synth 8-6157] synthesizing module 'axis_register_slice_v1_1_35_axisc_register_slice' [c:/Users/dotignore/Desktop/Xilinx/projects/zybo_z7_cam_rpi_v2_5mp/zybo_z7_imx219/zybo_z7_imx219.gen/sources_1/bd/design_1/ipshared/be12/hdl/axis_register_slice_v1_1_vl_rfs.v:1929]
INFO: [Synth 8-6155] done synthesizing module 'axis_register_slice_v1_1_35_axisc_register_slice' (0#1) [c:/Users/dotignore/Desktop/Xilinx/projects/zybo_z7_cam_rpi_v2_5mp/zybo_z7_imx219/zybo_z7_imx219.gen/sources_1/bd/design_1/ipshared/be12/hdl/axis_register_slice_v1_1_vl_rfs.v:1929]
INFO: [Synth 8-6157] synthesizing module 'axis_infrastructure_v1_1_1_util_vector2axis' [c:/Users/dotignore/Desktop/Xilinx/projects/zybo_z7_cam_rpi_v2_5mp/zybo_z7_imx219/zybo_z7_imx219.gen/sources_1/bd/design_1/ipshared/434f/hdl/axis_infrastructure_v1_1_vl_rfs.v:986]
INFO: [Synth 8-6155] done synthesizing module 'axis_infrastructure_v1_1_1_util_vector2axis' (0#1) [c:/Users/dotignore/Desktop/Xilinx/projects/zybo_z7_cam_rpi_v2_5mp/zybo_z7_imx219/zybo_z7_imx219.gen/sources_1/bd/design_1/ipshared/434f/hdl/axis_infrastructure_v1_1_vl_rfs.v:986]
INFO: [Synth 8-6155] done synthesizing module 'axis_register_slice_v1_1_35_axis_register_slice' (0#1) [c:/Users/dotignore/Desktop/Xilinx/projects/zybo_z7_cam_rpi_v2_5mp/zybo_z7_imx219/zybo_z7_imx219.gen/sources_1/bd/design_1/ipshared/be12/hdl/axis_register_slice_v1_1_vl_rfs.v:2830]
INFO: [Synth 8-6157] synthesizing module 'axis_register_slice_v1_1_35_axis_register_slice__parameterized0' [c:/Users/dotignore/Desktop/Xilinx/projects/zybo_z7_cam_rpi_v2_5mp/zybo_z7_imx219/zybo_z7_imx219.gen/sources_1/bd/design_1/ipshared/be12/hdl/axis_register_slice_v1_1_vl_rfs.v:2830]
INFO: [Synth 8-6157] synthesizing module 'axis_infrastructure_v1_1_1_util_axis2vector__parameterized0' [c:/Users/dotignore/Desktop/Xilinx/projects/zybo_z7_cam_rpi_v2_5mp/zybo_z7_imx219/zybo_z7_imx219.gen/sources_1/bd/design_1/ipshared/434f/hdl/axis_infrastructure_v1_1_vl_rfs.v:805]
INFO: [Synth 8-6155] done synthesizing module 'axis_infrastructure_v1_1_1_util_axis2vector__parameterized0' (0#1) [c:/Users/dotignore/Desktop/Xilinx/projects/zybo_z7_cam_rpi_v2_5mp/zybo_z7_imx219/zybo_z7_imx219.gen/sources_1/bd/design_1/ipshared/434f/hdl/axis_infrastructure_v1_1_vl_rfs.v:805]
INFO: [Synth 8-6157] synthesizing module 'axis_register_slice_v1_1_35_axisc_register_slice__parameterized0' [c:/Users/dotignore/Desktop/Xilinx/projects/zybo_z7_cam_rpi_v2_5mp/zybo_z7_imx219/zybo_z7_imx219.gen/sources_1/bd/design_1/ipshared/be12/hdl/axis_register_slice_v1_1_vl_rfs.v:1929]
INFO: [Synth 8-6155] done synthesizing module 'axis_register_slice_v1_1_35_axisc_register_slice__parameterized0' (0#1) [c:/Users/dotignore/Desktop/Xilinx/projects/zybo_z7_cam_rpi_v2_5mp/zybo_z7_imx219/zybo_z7_imx219.gen/sources_1/bd/design_1/ipshared/be12/hdl/axis_register_slice_v1_1_vl_rfs.v:1929]
INFO: [Synth 8-6157] synthesizing module 'axis_infrastructure_v1_1_1_util_vector2axis__parameterized0' [c:/Users/dotignore/Desktop/Xilinx/projects/zybo_z7_cam_rpi_v2_5mp/zybo_z7_imx219/zybo_z7_imx219.gen/sources_1/bd/design_1/ipshared/434f/hdl/axis_infrastructure_v1_1_vl_rfs.v:986]
INFO: [Synth 8-6155] done synthesizing module 'axis_infrastructure_v1_1_1_util_vector2axis__parameterized0' (0#1) [c:/Users/dotignore/Desktop/Xilinx/projects/zybo_z7_cam_rpi_v2_5mp/zybo_z7_imx219/zybo_z7_imx219.gen/sources_1/bd/design_1/ipshared/434f/hdl/axis_infrastructure_v1_1_vl_rfs.v:986]
INFO: [Synth 8-6155] done synthesizing module 'axis_register_slice_v1_1_35_axis_register_slice__parameterized0' (0#1) [c:/Users/dotignore/Desktop/Xilinx/projects/zybo_z7_cam_rpi_v2_5mp/zybo_z7_imx219/zybo_z7_imx219.gen/sources_1/bd/design_1/ipshared/be12/hdl/axis_register_slice_v1_1_vl_rfs.v:2830]
INFO: [Synth 8-6155] done synthesizing module 'axis_dwidth_converter_v1_1_34_axis_dwidth_converter' (0#1) [c:/Users/dotignore/Desktop/Xilinx/projects/zybo_z7_cam_rpi_v2_5mp/zybo_z7_imx219/zybo_z7_imx219.gen/sources_1/bd/design_1/ipshared/80a6/hdl/axis_dwidth_converter_v1_1_vl_rfs.v:814]
INFO: [Synth 8-6155] done synthesizing module 'bd_d10d_vfb_0_0_axis_converter' (0#1) [c:/Users/dotignore/Desktop/Xilinx/projects/zybo_z7_cam_rpi_v2_5mp/zybo_z7_imx219/zybo_z7_imx219.gen/sources_1/bd/design_1/ip/design_1_mipi_csi2_rx_subsyst_0_0/bd_0/ip/ip_2/ip_0/synth/bd_d10d_vfb_0_0_axis_converter.v:53]
WARNING: [Synth 8-689] width (3) of port connection 'm_axis_tuser' does not match port width (6) of module 'bd_d10d_vfb_0_0_axis_converter' [c:/Users/dotignore/Desktop/Xilinx/projects/zybo_z7_cam_rpi_v2_5mp/zybo_z7_imx219/zybo_z7_imx219.gen/sources_1/bd/design_1/ip/design_1_mipi_csi2_rx_subsyst_0_0/bd_0/ip/ip_2/bd_d10d_vfb_0_0/src/verilog/bd_d10d_vfb_0_0_axis_dconverter.v:75]
INFO: [Synth 8-6155] done synthesizing module 'bd_d10d_vfb_0_0_axis_dconverter' (0#1) [c:/Users/dotignore/Desktop/Xilinx/projects/zybo_z7_cam_rpi_v2_5mp/zybo_z7_imx219/zybo_z7_imx219.gen/sources_1/bd/design_1/ip/design_1_mipi_csi2_rx_subsyst_0_0/bd_0/ip/ip_2/bd_d10d_vfb_0_0/src/verilog/bd_d10d_vfb_0_0_axis_dconverter.v:47]
INFO: [Synth 8-6157] synthesizing module 'vfb_v1_0_29_op_inf' [c:/Users/dotignore/Desktop/Xilinx/projects/zybo_z7_cam_rpi_v2_5mp/zybo_z7_imx219/zybo_z7_imx219.gen/sources_1/bd/design_1/ipshared/ce4e/hdl/vfb_v1_0_syn_rfs.v:3831]
	Parameter VFB_TU_WIDTH bound to: 1 - type: integer 
	Parameter VFB_TSB0_WIDTH bound to: 32 - type: integer 
	Parameter VFB_TSB1_WIDTH bound to: 0 - type: integer 
	Parameter VFB_TSB2_WIDTH bound to: 3 - type: integer 
	Parameter AXIS_TDATA_WIDTH bound to: 64 - type: integer 
	Parameter VFB_PXL_W bound to: 10 - type: integer 
	Parameter VFB_PXL_W_BB bound to: 16 - type: integer 
	Parameter VFB_DCONV_OWIDTH bound to: 16 - type: integer 
	Parameter VFB_OP_DWIDTH bound to: 16 - type: integer 
	Parameter VFB_OP_PIXELS bound to: 1 - type: integer 
INFO: [Synth 8-6155] done synthesizing module 'vfb_v1_0_29_op_inf' (0#1) [c:/Users/dotignore/Desktop/Xilinx/projects/zybo_z7_cam_rpi_v2_5mp/zybo_z7_imx219/zybo_z7_imx219.gen/sources_1/bd/design_1/ipshared/ce4e/hdl/vfb_v1_0_syn_rfs.v:3831]
INFO: [Synth 8-6155] done synthesizing module 'bd_d10d_vfb_0_0_core' (0#1) [c:/Users/dotignore/Desktop/Xilinx/projects/zybo_z7_cam_rpi_v2_5mp/zybo_z7_imx219/zybo_z7_imx219.gen/sources_1/bd/design_1/ip/design_1_mipi_csi2_rx_subsyst_0_0/bd_0/ip/ip_2/bd_d10d_vfb_0_0_core.v:52]
INFO: [Synth 8-6155] done synthesizing module 'bd_d10d_vfb_0_0' (0#1) [c:/Users/dotignore/Desktop/Xilinx/projects/zybo_z7_cam_rpi_v2_5mp/zybo_z7_imx219/zybo_z7_imx219.gen/sources_1/bd/design_1/ip/design_1_mipi_csi2_rx_subsyst_0_0/bd_0/ip/ip_2/bd_d10d_vfb_0_0.v:52]
INFO: [Synth 8-6014] Unused sequential element REQ_BUFFER_RAW10.buff_tk_i_reg was removed.  [c:/Users/dotignore/Desktop/Xilinx/projects/zybo_z7_cam_rpi_v2_5mp/zybo_z7_imx219/zybo_z7_imx219.gen/sources_1/bd/design_1/ipshared/ce4e/hdl/vfb_v1_0_syn_rfs.v:2219]
INFO: [Synth 8-6014] Unused sequential element REQ_BUFFER_RAW10.liv_tk_reg was removed.  [c:/Users/dotignore/Desktop/Xilinx/projects/zybo_z7_cam_rpi_v2_5mp/zybo_z7_imx219/zybo_z7_imx219.gen/sources_1/bd/design_1/ipshared/ce4e/hdl/vfb_v1_0_syn_rfs.v:2220]
INFO: [Synth 8-6014] Unused sequential element first_beat_rcvd_reg was removed.  [c:/Users/dotignore/Desktop/Xilinx/projects/zybo_z7_cam_rpi_v2_5mp/zybo_z7_imx219/zybo_z7_imx219.gen/sources_1/bd/design_1/ipshared/ce4e/hdl/vfb_v1_0_syn_rfs.v:3665]
INFO: [Synth 8-4490] FSM extraction disabled for register 'state_reg' through user attribute
INFO: [Synth 8-6014] Unused sequential element lbuffull_reg was removed.  [c:/Users/dotignore/Desktop/Xilinx/projects/zybo_z7_cam_rpi_v2_5mp/zybo_z7_imx219/zybo_z7_imx219.gen/sources_1/bd/design_1/ip/design_1_mipi_csi2_rx_subsyst_0_0/bd_0/ip/ip_2/bd_d10d_vfb_0_0_core.v:3398]
INFO: [Synth 8-6014] Unused sequential element strm_lb_full_d1_reg was removed.  [c:/Users/dotignore/Desktop/Xilinx/projects/zybo_z7_cam_rpi_v2_5mp/zybo_z7_imx219/zybo_z7_imx219.gen/sources_1/bd/design_1/ip/design_1_mipi_csi2_rx_subsyst_0_0/bd_0/ip/ip_2/bd_d10d_vfb_0_0_core.v:3365]
INFO: [Synth 8-6014] Unused sequential element strm_lb_fullvld_reg was removed.  [c:/Users/dotignore/Desktop/Xilinx/projects/zybo_z7_cam_rpi_v2_5mp/zybo_z7_imx219/zybo_z7_imx219.gen/sources_1/bd/design_1/ip/design_1_mipi_csi2_rx_subsyst_0_0/bd_0/ip/ip_2/bd_d10d_vfb_0_0_core.v:3372]
INFO: [Synth 8-6014] Unused sequential element vfb_buffull_reg was removed.  [c:/Users/dotignore/Desktop/Xilinx/projects/zybo_z7_cam_rpi_v2_5mp/zybo_z7_imx219/zybo_z7_imx219.gen/sources_1/bd/design_1/ip/design_1_mipi_csi2_rx_subsyst_0_0/bd_0/ip/ip_2/bd_d10d_vfb_0_0_core.v:3381]
INFO: [Synth 8-6014] Unused sequential element asyncfifofull_reg was removed.  [c:/Users/dotignore/Desktop/Xilinx/projects/zybo_z7_cam_rpi_v2_5mp/zybo_z7_imx219/zybo_z7_imx219.gen/sources_1/bd/design_1/ip/design_1_mipi_csi2_rx_subsyst_0_0/bd_0/ip/ip_2/bd_d10d_vfb_0_0_core.v:3389]
INFO: [Synth 8-3848] Net m_axis_tdest in module/entity bd_d10d_vfb_0_0_core does not have driver. [c:/Users/dotignore/Desktop/Xilinx/projects/zybo_z7_cam_rpi_v2_5mp/zybo_z7_imx219/zybo_z7_imx219.gen/sources_1/bd/design_1/ip/design_1_mipi_csi2_rx_subsyst_0_0/bd_0/ip/ip_2/bd_d10d_vfb_0_0_core.v:140]
INFO: [Synth 8-7129] Port s_axis_tdata[15] in module vfb_v1_0_29_op_inf is either unconnected or has no load
INFO: [Synth 8-7129] Port s_axis_tdata[14] in module vfb_v1_0_29_op_inf is either unconnected or has no load
INFO: [Synth 8-7129] Port s_axis_tdata[13] in module vfb_v1_0_29_op_inf is either unconnected or has no load
INFO: [Synth 8-7129] Port s_axis_tdata[12] in module vfb_v1_0_29_op_inf is either unconnected or has no load
INFO: [Synth 8-7129] Port s_axis_tdata[11] in module vfb_v1_0_29_op_inf is either unconnected or has no load
INFO: [Synth 8-7129] Port s_axis_tdata[10] in module vfb_v1_0_29_op_inf is either unconnected or has no load
INFO: [Synth 8-7129] Port s_axis_tid[31] in module vfb_v1_0_29_op_inf is either unconnected or has no load
INFO: [Synth 8-7129] Port s_axis_tid[30] in module vfb_v1_0_29_op_inf is either unconnected or has no load
INFO: [Synth 8-7129] Port s_axis_tid[29] in module vfb_v1_0_29_op_inf is either unconnected or has no load
INFO: [Synth 8-7129] Port s_axis_tid[28] in module vfb_v1_0_29_op_inf is either unconnected or has no load
INFO: [Synth 8-7129] Port s_axis_tid[27] in module vfb_v1_0_29_op_inf is either unconnected or has no load
INFO: [Synth 8-7129] Port s_axis_tid[26] in module vfb_v1_0_29_op_inf is either unconnected or has no load
INFO: [Synth 8-7129] Port s_axis_tid[25] in module vfb_v1_0_29_op_inf is either unconnected or has no load
INFO: [Synth 8-7129] Port s_axis_tid[24] in module vfb_v1_0_29_op_inf is either unconnected or has no load
INFO: [Synth 8-7129] Port s_axis_tid[23] in module vfb_v1_0_29_op_inf is either unconnected or has no load
INFO: [Synth 8-7129] Port s_axis_tid[22] in module vfb_v1_0_29_op_inf is either unconnected or has no load
INFO: [Synth 8-7129] Port s_axis_tid[21] in module vfb_v1_0_29_op_inf is either unconnected or has no load
INFO: [Synth 8-7129] Port s_axis_tid[20] in module vfb_v1_0_29_op_inf is either unconnected or has no load
INFO: [Synth 8-7129] Port s_axis_tid[19] in module vfb_v1_0_29_op_inf is either unconnected or has no load
INFO: [Synth 8-7129] Port s_axis_tid[18] in module vfb_v1_0_29_op_inf is either unconnected or has no load
INFO: [Synth 8-7129] Port s_axis_tid[17] in module vfb_v1_0_29_op_inf is either unconnected or has no load
INFO: [Synth 8-7129] Port s_axis_tid[16] in module vfb_v1_0_29_op_inf is either unconnected or has no load
INFO: [Synth 8-7129] Port s_axis_tid[15] in module vfb_v1_0_29_op_inf is either unconnected or has no load
INFO: [Synth 8-7129] Port s_axis_tid[14] in module vfb_v1_0_29_op_inf is either unconnected or has no load
INFO: [Synth 8-7129] Port s_axis_tid[13] in module vfb_v1_0_29_op_inf is either unconnected or has no load
INFO: [Synth 8-7129] Port s_axis_tid[12] in module vfb_v1_0_29_op_inf is either unconnected or has no load
INFO: [Synth 8-7129] Port s_axis_tid[11] in module vfb_v1_0_29_op_inf is either unconnected or has no load
INFO: [Synth 8-7129] Port s_axis_tid[10] in module vfb_v1_0_29_op_inf is either unconnected or has no load
INFO: [Synth 8-7129] Port s_axis_tdest[31] in module vfb_v1_0_29_op_inf is either unconnected or has no load
INFO: [Synth 8-7129] Port s_axis_tdest[30] in module vfb_v1_0_29_op_inf is either unconnected or has no load
INFO: [Synth 8-7129] Port s_axis_tdest[29] in module vfb_v1_0_29_op_inf is either unconnected or has no load
INFO: [Synth 8-7129] Port s_axis_tdest[28] in module vfb_v1_0_29_op_inf is either unconnected or has no load
INFO: [Synth 8-7129] Port s_axis_tdest[27] in module vfb_v1_0_29_op_inf is either unconnected or has no load
INFO: [Synth 8-7129] Port s_axis_tdest[26] in module vfb_v1_0_29_op_inf is either unconnected or has no load
INFO: [Synth 8-7129] Port s_axis_tdest[25] in module vfb_v1_0_29_op_inf is either unconnected or has no load
INFO: [Synth 8-7129] Port s_axis_tdest[24] in module vfb_v1_0_29_op_inf is either unconnected or has no load
INFO: [Synth 8-7129] Port s_axis_tdest[23] in module vfb_v1_0_29_op_inf is either unconnected or has no load
INFO: [Synth 8-7129] Port s_axis_tdest[22] in module vfb_v1_0_29_op_inf is either unconnected or has no load
INFO: [Synth 8-7129] Port s_axis_tdest[21] in module vfb_v1_0_29_op_inf is either unconnected or has no load
INFO: [Synth 8-7129] Port s_axis_tdest[20] in module vfb_v1_0_29_op_inf is either unconnected or has no load
INFO: [Synth 8-7129] Port s_axis_tdest[19] in module vfb_v1_0_29_op_inf is either unconnected or has no load
INFO: [Synth 8-7129] Port s_axis_tdest[18] in module vfb_v1_0_29_op_inf is either unconnected or has no load
INFO: [Synth 8-7129] Port s_axis_tdest[17] in module vfb_v1_0_29_op_inf is either unconnected or has no load
INFO: [Synth 8-7129] Port s_axis_tdest[16] in module vfb_v1_0_29_op_inf is either unconnected or has no load
INFO: [Synth 8-7129] Port s_axis_tdest[15] in module vfb_v1_0_29_op_inf is either unconnected or has no load
INFO: [Synth 8-7129] Port s_axis_tdest[14] in module vfb_v1_0_29_op_inf is either unconnected or has no load
INFO: [Synth 8-7129] Port s_axis_tdest[13] in module vfb_v1_0_29_op_inf is either unconnected or has no load
INFO: [Synth 8-7129] Port s_axis_tdest[12] in module vfb_v1_0_29_op_inf is either unconnected or has no load
INFO: [Synth 8-7129] Port s_axis_tdest[11] in module vfb_v1_0_29_op_inf is either unconnected or has no load
INFO: [Synth 8-7129] Port s_axis_tdest[10] in module vfb_v1_0_29_op_inf is either unconnected or has no load
INFO: [Synth 8-7129] Port s_axis_tdest[9] in module vfb_v1_0_29_op_inf is either unconnected or has no load
INFO: [Synth 8-7129] Port s_axis_tdest[8] in module vfb_v1_0_29_op_inf is either unconnected or has no load
INFO: [Synth 8-7129] Port s_axis_tdest[7] in module vfb_v1_0_29_op_inf is either unconnected or has no load
INFO: [Synth 8-7129] Port s_axis_tdest[6] in module vfb_v1_0_29_op_inf is either unconnected or has no load
INFO: [Synth 8-7129] Port s_axis_tdest[5] in module vfb_v1_0_29_op_inf is either unconnected or has no load
INFO: [Synth 8-7129] Port s_axis_tdest[4] in module vfb_v1_0_29_op_inf is either unconnected or has no load
INFO: [Synth 8-7129] Port s_axis_tdest[3] in module vfb_v1_0_29_op_inf is either unconnected or has no load
INFO: [Synth 8-7129] Port s_axis_tdest[2] in module vfb_v1_0_29_op_inf is either unconnected or has no load
INFO: [Synth 8-7129] Port s_axis_tdest[1] in module vfb_v1_0_29_op_inf is either unconnected or has no load
INFO: [Synth 8-7129] Port s_axis_tdest[0] in module vfb_v1_0_29_op_inf is either unconnected or has no load
INFO: [Synth 8-7129] Port s_axis_tuser[2] in module vfb_v1_0_29_op_inf is either unconnected or has no load
INFO: [Synth 8-7129] Port s_axis_tuser[1] in module vfb_v1_0_29_op_inf is either unconnected or has no load
INFO: [Synth 8-7129] Port s_axis_tkeep[1] in module vfb_v1_0_29_op_inf is either unconnected or has no load
INFO: [Synth 8-7129] Port s_axis_tkeep[0] in module vfb_v1_0_29_op_inf is either unconnected or has no load
INFO: [Synth 8-7129] Port sband_te in module vfb_v1_0_29_op_inf is either unconnected or has no load
INFO: [Synth 8-7129] Port ACLK in module axis_register_slice_v1_1_35_axisc_register_slice__parameterized0 is either unconnected or has no load
INFO: [Synth 8-7129] Port ACLK2X in module axis_register_slice_v1_1_35_axisc_register_slice__parameterized0 is either unconnected or has no load
INFO: [Synth 8-7129] Port ARESET in module axis_register_slice_v1_1_35_axisc_register_slice__parameterized0 is either unconnected or has no load
INFO: [Synth 8-7129] Port ACLKEN in module axis_register_slice_v1_1_35_axisc_register_slice__parameterized0 is either unconnected or has no load
INFO: [Synth 8-7129] Port TSTRB[1] in module axis_infrastructure_v1_1_1_util_axis2vector__parameterized0 is either unconnected or has no load
INFO: [Synth 8-7129] Port TSTRB[0] in module axis_infrastructure_v1_1_1_util_axis2vector__parameterized0 is either unconnected or has no load
INFO: [Synth 8-7129] Port TDEST[0] in module axis_infrastructure_v1_1_1_util_axis2vector__parameterized0 is either unconnected or has no load
INFO: [Synth 8-7129] Port ACLK in module axis_register_slice_v1_1_35_axisc_register_slice is either unconnected or has no load
INFO: [Synth 8-7129] Port ACLK2X in module axis_register_slice_v1_1_35_axisc_register_slice is either unconnected or has no load
INFO: [Synth 8-7129] Port ARESET in module axis_register_slice_v1_1_35_axisc_register_slice is either unconnected or has no load
INFO: [Synth 8-7129] Port ACLKEN in module axis_register_slice_v1_1_35_axisc_register_slice is either unconnected or has no load
INFO: [Synth 8-7129] Port TSTRB[7] in module axis_infrastructure_v1_1_1_util_axis2vector is either unconnected or has no load
INFO: [Synth 8-7129] Port TSTRB[6] in module axis_infrastructure_v1_1_1_util_axis2vector is either unconnected or has no load
INFO: [Synth 8-7129] Port TSTRB[5] in module axis_infrastructure_v1_1_1_util_axis2vector is either unconnected or has no load
INFO: [Synth 8-7129] Port TSTRB[4] in module axis_infrastructure_v1_1_1_util_axis2vector is either unconnected or has no load
INFO: [Synth 8-7129] Port TSTRB[3] in module axis_infrastructure_v1_1_1_util_axis2vector is either unconnected or has no load
INFO: [Synth 8-7129] Port TSTRB[2] in module axis_infrastructure_v1_1_1_util_axis2vector is either unconnected or has no load
INFO: [Synth 8-7129] Port TSTRB[1] in module axis_infrastructure_v1_1_1_util_axis2vector is either unconnected or has no load
INFO: [Synth 8-7129] Port TSTRB[0] in module axis_infrastructure_v1_1_1_util_axis2vector is either unconnected or has no load
INFO: [Synth 8-7129] Port TDEST[0] in module axis_infrastructure_v1_1_1_util_axis2vector is either unconnected or has no load
INFO: [Synth 8-7129] Port core_men_vfb in module bd_d10d_vfb_0_0_core is either unconnected or has no load
---------------------------------------------------------------------------------
Finished RTL Elaboration : Time (s): cpu = 00:00:24 ; elapsed = 00:00:33 . Memory (MB): peak = 1521.344 ; gain = 681.336
---------------------------------------------------------------------------------
---------------------------------------------------------------------------------
Start Handling Custom Attributes
---------------------------------------------------------------------------------
---------------------------------------------------------------------------------
Finished Handling Custom Attributes : Time (s): cpu = 00:00:25 ; elapsed = 00:00:33 . Memory (MB): peak = 1521.344 ; gain = 681.336
---------------------------------------------------------------------------------
---------------------------------------------------------------------------------
Finished RTL Optimization Phase 1 : Time (s): cpu = 00:00:25 ; elapsed = 00:00:33 . Memory (MB): peak = 1521.344 ; gain = 681.336
---------------------------------------------------------------------------------
Netlist sorting complete. Time (s): cpu = 00:00:00 ; elapsed = 00:00:00.160 . Memory (MB): peak = 1521.344 ; gain = 0.000
INFO: [Project 1-570] Preparing netlist for logic optimization

Processing XDC Constraints
Initializing timing engine
Parsing XDC File [c:/Users/dotignore/Desktop/Xilinx/projects/zybo_z7_cam_rpi_v2_5mp/zybo_z7_imx219/zybo_z7_imx219.gen/sources_1/bd/design_1/ip/design_1_mipi_csi2_rx_subsyst_0_0/bd_0/ip/ip_2/bd_d10d_vfb_0_0_ooc.xdc] for cell 'inst'
Finished Parsing XDC File [c:/Users/dotignore/Desktop/Xilinx/projects/zybo_z7_cam_rpi_v2_5mp/zybo_z7_imx219/zybo_z7_imx219.gen/sources_1/bd/design_1/ip/design_1_mipi_csi2_rx_subsyst_0_0/bd_0/ip/ip_2/bd_d10d_vfb_0_0_ooc.xdc] for cell 'inst'
Parsing XDC File [C:/Users/dotignore/Desktop/Xilinx/projects/zybo_z7_cam_rpi_v2_5mp/zybo_z7_imx219/zybo_z7_imx219.runs/bd_d10d_vfb_0_0_synth_1/dont_touch.xdc]
Finished Parsing XDC File [C:/Users/dotignore/Desktop/Xilinx/projects/zybo_z7_cam_rpi_v2_5mp/zybo_z7_imx219/zybo_z7_imx219.runs/bd_d10d_vfb_0_0_synth_1/dont_touch.xdc]
Completed Processing XDC Constraints

Netlist sorting complete. Time (s): cpu = 00:00:00 ; elapsed = 00:00:00.003 . Memory (MB): peak = 1581.332 ; gain = 0.000
INFO: [Project 1-111] Unisim Transformation Summary:
No Unisim elements were transformed.

Constraint Validation Runtime : Time (s): cpu = 00:00:00 ; elapsed = 00:00:00.242 . Memory (MB): peak = 1582.203 ; gain = 0.871
INFO: [Designutils 20-5008] Incremental synthesis strategy off
---------------------------------------------------------------------------------
Finished Constraint Validation : Time (s): cpu = 00:00:52 ; elapsed = 00:01:03 . Memory (MB): peak = 1582.203 ; gain = 742.195
---------------------------------------------------------------------------------
---------------------------------------------------------------------------------
Start Loading Part and Timing Information
---------------------------------------------------------------------------------
Loading part: xc7z020clg400-1
---------------------------------------------------------------------------------
Finished Loading Part and Timing Information : Time (s): cpu = 00:00:52 ; elapsed = 00:01:03 . Memory (MB): peak = 1582.203 ; gain = 742.195
---------------------------------------------------------------------------------
---------------------------------------------------------------------------------
Start Applying 'set_property' XDC Constraints
---------------------------------------------------------------------------------
---------------------------------------------------------------------------------
Finished applying 'set_property' XDC Constraints : Time (s): cpu = 00:00:52 ; elapsed = 00:01:03 . Memory (MB): peak = 1582.203 ; gain = 742.195
---------------------------------------------------------------------------------
INFO: [Synth 8-4490] FSM extraction disabled for register 'state_reg' through user attribute
INFO: [Synth 8-4490] FSM extraction disabled for register 'state_reg' through user attribute
---------------------------------------------------------------------------------
Finished RTL Optimization Phase 2 : Time (s): cpu = 00:00:53 ; elapsed = 00:01:04 . Memory (MB): peak = 1582.203 ; gain = 742.195
---------------------------------------------------------------------------------
---------------------------------------------------------------------------------
Start RTL Component Statistics 
---------------------------------------------------------------------------------
Detailed RTL Component Info : 
+---Adders : 
	   2 Input    8 Bit       Adders := 1     
	  10 Input    8 Bit       Adders := 1     
	   2 Input    5 Bit       Adders := 1     
	   8 Input    4 Bit       Adders := 1     
	   2 Input    4 Bit       Adders := 1     
	   2 Input    3 Bit       Adders := 1     
	   2 Input    2 Bit       Adders := 1     
+---Registers : 
	              180 Bit    Registers := 2     
	               64 Bit    Registers := 6     
	               41 Bit    Registers := 2     
	               32 Bit    Registers := 4     
	               24 Bit    Registers := 2     
	               16 Bit    Registers := 1     
	               10 Bit    Registers := 3     
	                9 Bit    Registers := 1     
	                8 Bit    Registers := 4     
	                6 Bit    Registers := 1     
	                4 Bit    Registers := 2     
	                3 Bit    Registers := 2     
	                2 Bit    Registers := 5     
	                1 Bit    Registers := 24    
+---Muxes : 
	   2 Input  180 Bit        Muxes := 4     
	   4 Input  176 Bit        Muxes := 2     
	   4 Input   64 Bit        Muxes := 1     
	   2 Input   64 Bit        Muxes := 3     
	   2 Input   41 Bit        Muxes := 2     
	   4 Input   32 Bit        Muxes := 1     
	   2 Input   32 Bit        Muxes := 1     
	   4 Input   24 Bit        Muxes := 1     
	   2 Input   10 Bit        Muxes := 3     
	   4 Input   10 Bit        Muxes := 1     
	   2 Input    9 Bit        Muxes := 1     
	   2 Input    8 Bit        Muxes := 1     
	   4 Input    3 Bit        Muxes := 1     
	   2 Input    3 Bit        Muxes := 1     
	   2 Input    2 Bit        Muxes := 6     
	   3 Input    2 Bit        Muxes := 1     
	   2 Input    1 Bit        Muxes := 39    
---------------------------------------------------------------------------------
Finished RTL Component Statistics 
---------------------------------------------------------------------------------
---------------------------------------------------------------------------------
Start Part Resource Summary
---------------------------------------------------------------------------------
Part Resources:
DSPs: 220 (col length:60)
BRAMs: 280 (col length: RAMB18 60 RAMB36 30)
---------------------------------------------------------------------------------
Finished Part Resource Summary
---------------------------------------------------------------------------------
---------------------------------------------------------------------------------
Start Cross Boundary and Area Optimization
---------------------------------------------------------------------------------
INFO: [Synth 8-7129] Port core_men_vfb in module bd_d10d_vfb_0_0_core is either unconnected or has no load
---------------------------------------------------------------------------------
Finished Cross Boundary and Area Optimization : Time (s): cpu = 00:01:05 ; elapsed = 00:01:18 . Memory (MB): peak = 1586.379 ; gain = 746.371
---------------------------------------------------------------------------------
---------------------------------------------------------------------------------
Start Applying XDC Timing Constraints
---------------------------------------------------------------------------------
---------------------------------------------------------------------------------
Finished Applying XDC Timing Constraints : Time (s): cpu = 00:01:24 ; elapsed = 00:01:38 . Memory (MB): peak = 1718.375 ; gain = 878.367
---------------------------------------------------------------------------------
---------------------------------------------------------------------------------
Start Timing Optimization
---------------------------------------------------------------------------------
---------------------------------------------------------------------------------
Finished Timing Optimization : Time (s): cpu = 00:01:28 ; elapsed = 00:01:43 . Memory (MB): peak = 1778.590 ; gain = 938.582
---------------------------------------------------------------------------------
---------------------------------------------------------------------------------
Start Technology Mapping
---------------------------------------------------------------------------------
---------------------------------------------------------------------------------
Finished Technology Mapping : Time (s): cpu = 00:01:29 ; elapsed = 00:01:44 . Memory (MB): peak = 1785.953 ; gain = 945.945
---------------------------------------------------------------------------------
---------------------------------------------------------------------------------
Start IO Insertion
---------------------------------------------------------------------------------
---------------------------------------------------------------------------------
Start Flattening Before IO Insertion
---------------------------------------------------------------------------------
---------------------------------------------------------------------------------
Finished Flattening Before IO Insertion
---------------------------------------------------------------------------------
---------------------------------------------------------------------------------
Start Final Netlist Cleanup
---------------------------------------------------------------------------------
---------------------------------------------------------------------------------
Finished Final Netlist Cleanup
---------------------------------------------------------------------------------
---------------------------------------------------------------------------------
Finished IO Insertion : Time (s): cpu = 00:01:40 ; elapsed = 00:01:56 . Memory (MB): peak = 2000.441 ; gain = 1160.434
---------------------------------------------------------------------------------
---------------------------------------------------------------------------------
Start Renaming Generated Instances
---------------------------------------------------------------------------------
---------------------------------------------------------------------------------
Finished Renaming Generated Instances : Time (s): cpu = 00:01:40 ; elapsed = 00:01:56 . Memory (MB): peak = 2000.441 ; gain = 1160.434
---------------------------------------------------------------------------------
---------------------------------------------------------------------------------
Start Rebuilding User Hierarchy
---------------------------------------------------------------------------------
---------------------------------------------------------------------------------
Finished Rebuilding User Hierarchy : Time (s): cpu = 00:01:40 ; elapsed = 00:01:57 . Memory (MB): peak = 2000.441 ; gain = 1160.434
---------------------------------------------------------------------------------
---------------------------------------------------------------------------------
Start Renaming Generated Ports
---------------------------------------------------------------------------------
---------------------------------------------------------------------------------
Finished Renaming Generated Ports : Time (s): cpu = 00:01:40 ; elapsed = 00:01:57 . Memory (MB): peak = 2000.441 ; gain = 1160.434
---------------------------------------------------------------------------------
---------------------------------------------------------------------------------
Start Handling Custom Attributes
---------------------------------------------------------------------------------
---------------------------------------------------------------------------------
Finished Handling Custom Attributes : Time (s): cpu = 00:01:41 ; elapsed = 00:01:57 . Memory (MB): peak = 2000.441 ; gain = 1160.434
---------------------------------------------------------------------------------
---------------------------------------------------------------------------------
Start Renaming Generated Nets
---------------------------------------------------------------------------------
---------------------------------------------------------------------------------
Finished Renaming Generated Nets : Time (s): cpu = 00:01:41 ; elapsed = 00:01:57 . Memory (MB): peak = 2000.441 ; gain = 1160.434
---------------------------------------------------------------------------------
---------------------------------------------------------------------------------
Start Writing Synthesis Report
---------------------------------------------------------------------------------

Report BlackBoxes: 
+-+--------------+----------+
| |BlackBox name |Instances |
+-+--------------+----------+
+-+--------------+----------+

Report Cell Usage: 
+------+-------+------+
|      |Cell   |Count |
+------+-------+------+
|1     |CARRY4 |     2|
|2     |LUT1   |     5|
|3     |LUT2   |    21|
|4     |LUT3   |    70|
|5     |LUT4   |    24|
|6     |LUT5   |   139|
|7     |LUT6   |   209|
|8     |MUXF7  |    41|
|9     |FDRE   |   630|
|10    |FDSE   |     1|
+------+-------+------+
---------------------------------------------------------------------------------
Finished Writing Synthesis Report : Time (s): cpu = 00:01:41 ; elapsed = 00:01:57 . Memory (MB): peak = 2000.441 ; gain = 1160.434
---------------------------------------------------------------------------------
Synthesis finished with 0 errors, 0 critical warnings and 0 warnings.
Synthesis Optimization Runtime : Time (s): cpu = 00:01:08 ; elapsed = 00:01:48 . Memory (MB): peak = 2000.441 ; gain = 1099.574
Synthesis Optimization Complete : Time (s): cpu = 00:01:41 ; elapsed = 00:01:58 . Memory (MB): peak = 2000.441 ; gain = 1160.434
INFO: [Project 1-571] Translating synthesized netlist
Netlist sorting complete. Time (s): cpu = 00:00:00 ; elapsed = 00:00:00.050 . Memory (MB): peak = 2009.570 ; gain = 0.000
INFO: [Netlist 29-17] Analyzing 43 Unisim elements for replacement
INFO: [Netlist 29-28] Unisim Transformation completed in 0 CPU seconds
INFO: [Project 1-570] Preparing netlist for logic optimization
INFO: [Opt 31-138] Pushed 0 inverter(s) to 0 load pin(s).
Netlist sorting complete. Time (s): cpu = 00:00:00 ; elapsed = 00:00:00.003 . Memory (MB): peak = 2013.266 ; gain = 0.000
INFO: [Project 1-111] Unisim Transformation Summary:
No Unisim elements were transformed.

Synth Design complete | Checksum: 6c423ae3
INFO: [Common 17-83] Releasing license: Synthesis
149 Infos, 1 Warnings, 0 Critical Warnings and 0 Errors encountered.
synth_design completed successfully
synth_design: Time (s): cpu = 00:01:56 ; elapsed = 00:02:37 . Memory (MB): peak = 2013.266 ; gain = 1400.832
Write ShapeDB Complete: Time (s): cpu = 00:00:00 ; elapsed = 00:00:00.013 . Memory (MB): peak = 2013.266 ; gain = 0.000
INFO: [Common 17-1381] The checkpoint 'C:/Users/dotignore/Desktop/Xilinx/projects/zybo_z7_cam_rpi_v2_5mp/zybo_z7_imx219/zybo_z7_imx219.runs/bd_d10d_vfb_0_0_synth_1/bd_d10d_vfb_0_0.dcp' has been generated.
INFO: [Coretcl 2-1648] Added synthesis output to IP cache for IP bd_d10d_vfb_0_0, cache-ID = 4f4db29a8f529d56
INFO: [Coretcl 2-1174] Renamed 4 cell refs.
Write ShapeDB Complete: Time (s): cpu = 00:00:00 ; elapsed = 00:00:00.007 . Memory (MB): peak = 2013.266 ; gain = 0.000
INFO: [Common 17-1381] The checkpoint 'C:/Users/dotignore/Desktop/Xilinx/projects/zybo_z7_cam_rpi_v2_5mp/zybo_z7_imx219/zybo_z7_imx219.runs/bd_d10d_vfb_0_0_synth_1/bd_d10d_vfb_0_0.dcp' has been generated.
INFO: [Vivado 12-24828] Executing command : report_utilization -file bd_d10d_vfb_0_0_utilization_synth.rpt -pb bd_d10d_vfb_0_0_utilization_synth.pb
INFO: [Common 17-206] Exiting Vivado at Thu Sep  3 17:11:25 2026...
