

================================================================
== Vitis HLS Report for 'AXIvideo2MultiBayer_Pipeline_loop_width'
================================================================
* Date:           Wed Sep 23 22:09:23 2026

* Version:        2025.2 (Build 6295257 on Nov 14 2025)
* Project:        prj
* Solution:       sol (Vivado IP Flow Target)
* Product family: zynq
* Target device:  xc7z020-clg400-1


================================================================
== Performance Estimates
================================================================
+ Timing: 
    * Summary: 
    +--------+----------+----------+------------+
    |  Clock |  Target  | Estimated| Uncertainty|
    +--------+----------+----------+------------+
    |ap_clk  |  10.00 ns|  4.815 ns|     2.70 ns|
    +--------+----------+----------+------------+

+ Latency: 
    * Summary: 
    +---------+---------+-----------+-----------+-----+-----+-------------------+
    |  Latency (cycles) |   Latency (absolute)  |  Interval |      Pipeline     |
    |   min   |   max   |    min    |    max    | min | max |        Type       |
    +---------+---------+-----------+-----------+-----+-----+-------------------+
    |        3|     1923|  30.000 ns|  19.230 us|    0|    0|  loop pipeline stp|
    +---------+---------+-----------+-----------+-----+-----+-------------------+

    + Detail: 
        * Instance: 
        N/A

        * Loop: 
        +--------------+---------+---------+----------+-----------+-----------+----------+----------+
        |              |  Latency (cycles) | Iteration|  Initiation Interval  |   Trip   |          |
        |   Loop Name  |   min   |   max   |  Latency |  achieved |   target  |   Count  | Pipelined|
        +--------------+---------+---------+----------+-----------+-----------+----------+----------+
        |- loop_width  |        1|     1921|         3|          1|          1|  0 ~ 1920|       yes|
        +--------------+---------+---------+----------+-----------+-----------+----------+----------+

============================================================
+ Verbose Summary: Synthesis Manager
============================================================
InlineROM: 1
ExposeGlobal: 0
============================================================
+ Verbose Summary: CDFG Model
============================================================
IsTopModel: 0
ResetActiveHigh: 1
IsCombinational: 0
IsDatapathOnly: 0
HasWiredReturn: 1
HasMFsm: 2
HasVarLatency: 1
IsPipeline: 0
IsRtlPipelined: 0
IsInstanceOverlapped: 0
IsDontTouch: 0
HasImplIP: 0
IsGatedGlobalClock: 0

+ Individual pipeline summary: 
  * Pipeline-0: initiation interval (II) = 1, depth = 3


============================================================
+ Verbose Summary: Schedule
============================================================
* Number of FSM states : 3
* Pipeline : 1
  Pipeline-0 : II = 1, D = 3, States = { 1 2 3 }
* Dataflow Pipeline: 0

* FSM state transitions: 
1 --> 2 
2 --> 3 
3 --> 

* FSM state operations: 

State 1 <SV = 0> <Delay = 4.81>
ST_1 : Operation 6 [1/1] (0.00ns)   --->   "%j = alloca i32 1" [V:/zybo_z7_imx219/zybo_z7_imx219.runs/design_1_v_demosaic_0_0_synth_1/prj/sol/.autopilot/db/v_demosaic.cpp:166]   --->   Operation 6 'alloca' 'j' <Predicate = true> <Delay = 0.00>
ST_1 : Operation 7 [1/1] (0.00ns)   --->   "%p_0_0_0_097262 = alloca i32 1"   --->   Operation 7 'alloca' 'p_0_0_0_097262' <Predicate = true> <Delay = 0.00>
ST_1 : Operation 8 [1/1] (0.00ns)   --->   "%p_4_0_0_0105271 = alloca i32 1"   --->   Operation 8 'alloca' 'p_4_0_0_0105271' <Predicate = true> <Delay = 0.00>
ST_1 : Operation 9 [1/1] (0.00ns)   --->   "%specaxissidechannel_ln0 = specaxissidechannel void @_ssdm_op_SpecAXISSideChannel, i10 %s_axis_video_V_data_V, i2 %s_axis_video_V_keep_V, i2 %s_axis_video_V_strb_V, i1 %s_axis_video_V_user_V, i1 %s_axis_video_V_last_V, i1 %s_axis_video_V_id_V, i1 %s_axis_video_V_dest_V, void @empty_23"   --->   Operation 9 'specaxissidechannel' 'specaxissidechannel_ln0' <Predicate = true> <Delay = 0.00>
ST_1 : Operation 10 [1/1] (0.00ns)   --->   "%specinterface_ln0 = specinterface void @_ssdm_op_SpecInterface, i10 %s_axis_video_V_data_V, void @empty_19, i32 0, i32 0, void @empty_12, i32 0, i32 0, void @empty_14, void @empty_14, void @empty_14, i32 0, i32 0, i32 0, i32 0, void @empty_14, void @empty_14, i32 4294967295, i32 0, i32 0, i32 0"   --->   Operation 10 'specinterface' 'specinterface_ln0' <Predicate = true> <Delay = 0.00>
ST_1 : Operation 11 [1/1] (0.00ns)   --->   "%specinterface_ln0 = specinterface void @_ssdm_op_SpecInterface, i2 %s_axis_video_V_keep_V, void @empty_19, i32 0, i32 0, void @empty_12, i32 0, i32 0, void @empty_14, void @empty_14, void @empty_14, i32 0, i32 0, i32 0, i32 0, void @empty_14, void @empty_14, i32 4294967295, i32 0, i32 0, i32 0"   --->   Operation 11 'specinterface' 'specinterface_ln0' <Predicate = true> <Delay = 0.00>
ST_1 : Operation 12 [1/1] (0.00ns)   --->   "%specinterface_ln0 = specinterface void @_ssdm_op_SpecInterface, i2 %s_axis_video_V_strb_V, void @empty_19, i32 0, i32 0, void @empty_12, i32 0, i32 0, void @empty_14, void @empty_14, void @empty_14, i32 0, i32 0, i32 0, i32 0, void @empty_14, void @empty_14, i32 4294967295, i32 0, i32 0, i32 0"   --->   Operation 12 'specinterface' 'specinterface_ln0' <Predicate = true> <Delay = 0.00>
ST_1 : Operation 13 [1/1] (0.00ns)   --->   "%specinterface_ln0 = specinterface void @_ssdm_op_SpecInterface, i1 %s_axis_video_V_user_V, void @empty_19, i32 0, i32 0, void @empty_12, i32 0, i32 0, void @empty_14, void @empty_14, void @empty_14, i32 0, i32 0, i32 0, i32 0, void @empty_14, void @empty_14, i32 4294967295, i32 0, i32 0, i32 0"   --->   Operation 13 'specinterface' 'specinterface_ln0' <Predicate = true> <Delay = 0.00>
ST_1 : Operation 14 [1/1] (0.00ns)   --->   "%specinterface_ln0 = specinterface void @_ssdm_op_SpecInterface, i1 %s_axis_video_V_last_V, void @empty_19, i32 0, i32 0, void @empty_12, i32 0, i32 0, void @empty_14, void @empty_14, void @empty_14, i32 0, i32 0, i32 0, i32 0, void @empty_14, void @empty_14, i32 4294967295, i32 0, i32 0, i32 0"   --->   Operation 14 'specinterface' 'specinterface_ln0' <Predicate = true> <Delay = 0.00>
ST_1 : Operation 15 [1/1] (0.00ns)   --->   "%specinterface_ln0 = specinterface void @_ssdm_op_SpecInterface, i1 %s_axis_video_V_id_V, void @empty_19, i32 0, i32 0, void @empty_12, i32 0, i32 0, void @empty_14, void @empty_14, void @empty_14, i32 0, i32 0, i32 0, i32 0, void @empty_14, void @empty_14, i32 4294967295, i32 0, i32 0, i32 0"   --->   Operation 15 'specinterface' 'specinterface_ln0' <Predicate = true> <Delay = 0.00>
ST_1 : Operation 16 [1/1] (0.00ns)   --->   "%specinterface_ln0 = specinterface void @_ssdm_op_SpecInterface, i1 %s_axis_video_V_dest_V, void @empty_19, i32 0, i32 0, void @empty_12, i32 0, i32 0, void @empty_14, void @empty_14, void @empty_14, i32 0, i32 0, i32 0, i32 0, void @empty_14, void @empty_14, i32 4294967295, i32 0, i32 0, i32 0"   --->   Operation 16 'specinterface' 'specinterface_ln0' <Predicate = true> <Delay = 0.00>
ST_1 : Operation 17 [1/1] (0.00ns)   --->   "%specinterface_ln0 = specinterface void @_ssdm_op_SpecInterface, i10 %imgBayer, void @empty_20, i32 0, i32 0, void @empty_14, i32 0, i32 0, void @empty_14, void @empty_14, void @empty_14, i32 0, i32 0, i32 0, i32 0, void @empty_14, void @empty_14, i32 4294967295, i32 0, i32 0, i32 0"   --->   Operation 17 'specinterface' 'specinterface_ln0' <Predicate = true> <Delay = 0.00>
ST_1 : Operation 18 [1/1] (0.00ns)   --->   "%cols_read = read i11 @_ssdm_op_Read.ap_auto.i11, i11 %cols"   --->   Operation 18 'read' 'cols_read' <Predicate = true> <Delay = 0.00>
ST_1 : Operation 19 [1/1] (0.00ns)   --->   "%sof_3_read = read i1 @_ssdm_op_Read.ap_auto.i1, i1 %sof_3"   --->   Operation 19 'read' 'sof_3_read' <Predicate = true> <Delay = 0.00>
ST_1 : Operation 20 [1/1] (0.00ns)   --->   "%p_0_0_0_097263_lcssa281_read = read i10 @_ssdm_op_Read.ap_auto.i10, i10 %p_0_0_0_097263_lcssa281"   --->   Operation 20 'read' 'p_0_0_0_097263_lcssa281_read' <Predicate = true> <Delay = 0.00>
ST_1 : Operation 21 [1/1] (0.00ns)   --->   "%p_4_0_0_0105270_lcssa297_read = read i1 @_ssdm_op_Read.ap_auto.i1, i1 %p_4_0_0_0105270_lcssa297"   --->   Operation 21 'read' 'p_4_0_0_0105270_lcssa297_read' <Predicate = true> <Delay = 0.00>
ST_1 : Operation 22 [1/1] (1.58ns)   --->   "%store_ln0 = store i1 %p_4_0_0_0105270_lcssa297_read, i1 %p_4_0_0_0105271"   --->   Operation 22 'store' 'store_ln0' <Predicate = true> <Delay = 1.58>
ST_1 : Operation 23 [1/1] (1.58ns)   --->   "%store_ln0 = store i10 %p_0_0_0_097263_lcssa281_read, i10 %p_0_0_0_097262"   --->   Operation 23 'store' 'store_ln0' <Predicate = true> <Delay = 1.58>
ST_1 : Operation 24 [1/1] (1.58ns)   --->   "%store_ln166 = store i11 0, i11 %j" [V:/zybo_z7_imx219/zybo_z7_imx219.runs/design_1_v_demosaic_0_0_synth_1/prj/sol/.autopilot/db/v_demosaic.cpp:166]   --->   Operation 24 'store' 'store_ln166' <Predicate = true> <Delay = 1.58>
ST_1 : Operation 25 [1/1] (1.58ns)   --->   "%br_ln166 = br void %for.body12" [V:/zybo_z7_imx219/zybo_z7_imx219.runs/design_1_v_demosaic_0_0_synth_1/prj/sol/.autopilot/db/v_demosaic.cpp:166]   --->   Operation 25 'br' 'br_ln166' <Predicate = true> <Delay = 1.58>
ST_1 : Operation 26 [1/1] (0.00ns)   --->   "%j_3 = load i11 %j" [V:/zybo_z7_imx219/zybo_z7_imx219.runs/design_1_v_demosaic_0_0_synth_1/prj/sol/.autopilot/db/v_demosaic.cpp:166]   --->   Operation 26 'load' 'j_3' <Predicate = true> <Delay = 0.00>
ST_1 : Operation 27 [1/1] (1.63ns)   --->   "%icmp_ln166 = icmp_eq  i11 %j_3, i11 %cols_read" [V:/zybo_z7_imx219/zybo_z7_imx219.runs/design_1_v_demosaic_0_0_synth_1/prj/sol/.autopilot/db/v_demosaic.cpp:166]   --->   Operation 27 'icmp' 'icmp_ln166' <Predicate = true> <Delay = 1.63> <CoreInst = "Cmp">   --->   Core 9 'Cmp' <Latency = 0> <II = 1> <Delay = 1.63> <FuncUnit> <Opcode : 'seteq' 'setne' 'setle' 'setge' 'setlt' 'setgt'> <InPorts = 2> <OutPorts = 1>
ST_1 : Operation 28 [1/1] (1.63ns)   --->   "%j_4 = add i11 %j_3, i11 1" [V:/zybo_z7_imx219/zybo_z7_imx219.runs/design_1_v_demosaic_0_0_synth_1/prj/sol/.autopilot/db/v_demosaic.cpp:166]   --->   Operation 28 'add' 'j_4' <Predicate = true> <Delay = 1.63> <CoreInst = "Adder">   --->   Core 1 'Adder' <Latency = 0> <II = 1> <Delay = 1.63> <FuncUnit> <Opcode : 'add' 'sub'> <InPorts = 2> <OutPorts = 1>
ST_1 : Operation 29 [1/1] (0.00ns)   --->   "%br_ln166 = br i1 %icmp_ln166, void %for.body12.split, void %loop_wait_for_eol.exitStub" [V:/zybo_z7_imx219/zybo_z7_imx219.runs/design_1_v_demosaic_0_0_synth_1/prj/sol/.autopilot/db/v_demosaic.cpp:166]   --->   Operation 29 'br' 'br_ln166' <Predicate = true> <Delay = 0.00>
ST_1 : Operation 30 [1/1] (1.58ns)   --->   "%store_ln166 = store i11 %j_4, i11 %j" [V:/zybo_z7_imx219/zybo_z7_imx219.runs/design_1_v_demosaic_0_0_synth_1/prj/sol/.autopilot/db/v_demosaic.cpp:166]   --->   Operation 30 'store' 'store_ln166' <Predicate = (!icmp_ln166)> <Delay = 1.58>
ST_1 : Operation 31 [1/1] (0.00ns)   --->   "%br_ln166 = br void %for.body12" [V:/zybo_z7_imx219/zybo_z7_imx219.runs/design_1_v_demosaic_0_0_synth_1/prj/sol/.autopilot/db/v_demosaic.cpp:166]   --->   Operation 31 'br' 'br_ln166' <Predicate = (!icmp_ln166)> <Delay = 0.00>

State 2 <SV = 1> <Delay = 2.56>
ST_2 : Operation 32 [1/1] (0.00ns)   --->   "%eol = phi i1 0, void %newFuncRoot, i1 %eol_2, void %if.end"   --->   Operation 32 'phi' 'eol' <Predicate = true> <Delay = 0.00>
ST_2 : Operation 33 [1/1] (0.00ns)   --->   "%sof = phi i1 %sof_3_read, void %newFuncRoot, i1 0, void %if.end"   --->   Operation 33 'phi' 'sof' <Predicate = true> <Delay = 0.00>
ST_2 : Operation 34 [1/1] (0.00ns)   --->   "%speclooptripcount_ln0 = speclooptripcount void @_ssdm_op_SpecLoopTripCount, i64 0, i64 1920, i64 0"   --->   Operation 34 'speclooptripcount' 'speclooptripcount_ln0' <Predicate = true> <Delay = 0.00>
ST_2 : Operation 35 [1/1] (0.00ns)   --->   "%specpipeline_ln169 = specpipeline void @_ssdm_op_SpecPipeline, i32 1, i32 0, i32 0, i32 0, i32 4294967295, void @empty_14" [V:/zybo_z7_imx219/zybo_z7_imx219.runs/design_1_v_demosaic_0_0_synth_1/prj/sol/.autopilot/db/v_demosaic.cpp:169]   --->   Operation 35 'specpipeline' 'specpipeline_ln169' <Predicate = (!icmp_ln166)> <Delay = 0.00>
ST_2 : Operation 36 [1/1] (0.00ns)   --->   "%specloopname_ln166 = specloopname void @_ssdm_op_SpecLoopName, void @empty_25" [V:/zybo_z7_imx219/zybo_z7_imx219.runs/design_1_v_demosaic_0_0_synth_1/prj/sol/.autopilot/db/v_demosaic.cpp:166]   --->   Operation 36 'specloopname' 'specloopname_ln166' <Predicate = (!icmp_ln166)> <Delay = 0.00>
ST_2 : Operation 37 [1/1] (0.97ns)   --->   "%or_ln170 = or i1 %sof, i1 %eol" [V:/zybo_z7_imx219/zybo_z7_imx219.runs/design_1_v_demosaic_0_0_synth_1/prj/sol/.autopilot/db/v_demosaic.cpp:170]   --->   Operation 37 'or' 'or_ln170' <Predicate = (!icmp_ln166)> <Delay = 0.97> <CoreInst = "LogicGate">   --->   Core 74 'LogicGate' <Latency = 0> <II = 1> <Delay = 0.97> <FuncUnit> <Opcode : 'and' 'or' 'xor'> <InPorts = 2> <OutPorts = 1>
ST_2 : Operation 38 [1/1] (0.00ns)   --->   "%br_ln170 = br i1 %or_ln170, void %if.else, void %if.end" [V:/zybo_z7_imx219/zybo_z7_imx219.runs/design_1_v_demosaic_0_0_synth_1/prj/sol/.autopilot/db/v_demosaic.cpp:170]   --->   Operation 38 'br' 'br_ln170' <Predicate = (!icmp_ln166)> <Delay = 0.00>
ST_2 : Operation 39 [1/1] ( I:0.50ns O:0.50ns )   --->   "%empty = read i18 @_ssdm_op_Read.axis.volatile.i10P0A.i2P0A.i2P0A.i1P0A.i1P0A.i1P0A.i1P0A, i10 %s_axis_video_V_data_V, i2 %s_axis_video_V_keep_V, i2 %s_axis_video_V_strb_V, i1 %s_axis_video_V_user_V, i1 %s_axis_video_V_last_V, i1 %s_axis_video_V_id_V, i1 %s_axis_video_V_dest_V" [V:/zybo_z7_imx219/zybo_z7_imx219.runs/design_1_v_demosaic_0_0_synth_1/prj/sol/.autopilot/db/v_demosaic.cpp:174]   --->   Operation 39 'read' 'empty' <Predicate = (!icmp_ln166 & !or_ln170)> <Delay = 0.50> <CoreInst = "regslice">   --->   Core 135 'regslice' <Latency = 0> <II = 1> <Delay = 2.14> <Adapter> <Opcode : 'read' 'write'>
ST_2 : Operation 40 [1/1] (0.00ns)   --->   "%p_s = extractvalue i18 %empty" [V:/zybo_z7_imx219/zybo_z7_imx219.runs/design_1_v_demosaic_0_0_synth_1/prj/sol/.autopilot/db/v_demosaic.cpp:174]   --->   Operation 40 'extractvalue' 'p_s' <Predicate = (!icmp_ln166 & !or_ln170)> <Delay = 0.00>
ST_2 : Operation 41 [1/1] (0.00ns)   --->   "%eol_1 = extractvalue i18 %empty" [V:/zybo_z7_imx219/zybo_z7_imx219.runs/design_1_v_demosaic_0_0_synth_1/prj/sol/.autopilot/db/v_demosaic.cpp:174]   --->   Operation 41 'extractvalue' 'eol_1' <Predicate = (!icmp_ln166 & !or_ln170)> <Delay = 0.00>
ST_2 : Operation 42 [1/1] (1.58ns)   --->   "%store_ln174 = store i1 %eol_1, i1 %p_4_0_0_0105271" [V:/zybo_z7_imx219/zybo_z7_imx219.runs/design_1_v_demosaic_0_0_synth_1/prj/sol/.autopilot/db/v_demosaic.cpp:174]   --->   Operation 42 'store' 'store_ln174' <Predicate = (!icmp_ln166 & !or_ln170)> <Delay = 1.58>
ST_2 : Operation 43 [1/1] (1.58ns)   --->   "%store_ln174 = store i10 %p_s, i10 %p_0_0_0_097262" [V:/zybo_z7_imx219/zybo_z7_imx219.runs/design_1_v_demosaic_0_0_synth_1/prj/sol/.autopilot/db/v_demosaic.cpp:174]   --->   Operation 43 'store' 'store_ln174' <Predicate = (!icmp_ln166 & !or_ln170)> <Delay = 1.58>
ST_2 : Operation 44 [1/1] (0.00ns)   --->   "%br_ln0 = br void %if.end"   --->   Operation 44 'br' 'br_ln0' <Predicate = (!icmp_ln166 & !or_ln170)> <Delay = 0.00>
ST_2 : Operation 48 [1/1] (0.00ns)   --->   "%p_0_0_0_097262_load = load i10 %p_0_0_0_097262"   --->   Operation 48 'load' 'p_0_0_0_097262_load' <Predicate = (icmp_ln166)> <Delay = 0.00>
ST_2 : Operation 49 [1/1] (0.00ns)   --->   "%p_4_0_0_0105271_load = load i1 %p_4_0_0_0105271"   --->   Operation 49 'load' 'p_4_0_0_0105271_load' <Predicate = (icmp_ln166)> <Delay = 0.00>
ST_2 : Operation 50 [1/1] (0.00ns)   --->   "%write_ln0 = write void @_ssdm_op_Write.ap_auto.i1P0A, i1 %p_4_0_0_0105271_out, i1 %p_4_0_0_0105271_load"   --->   Operation 50 'write' 'write_ln0' <Predicate = (icmp_ln166)> <Delay = 0.00>
ST_2 : Operation 51 [1/1] (0.00ns)   --->   "%write_ln0 = write void @_ssdm_op_Write.ap_auto.i10P0A, i10 %p_0_0_0_097262_out, i10 %p_0_0_0_097262_load"   --->   Operation 51 'write' 'write_ln0' <Predicate = (icmp_ln166)> <Delay = 0.00>
ST_2 : Operation 52 [1/1] (1.58ns)   --->   "%ret_ln0 = ret"   --->   Operation 52 'ret' 'ret_ln0' <Predicate = (icmp_ln166)> <Delay = 1.58>

State 3 <SV = 2> <Delay = 4.15>
ST_3 : Operation 45 [1/1] (0.00ns)   --->   "%axi_data = load i10 %p_0_0_0_097262" [V:/zybo_z7_imx219/zybo_z7_imx219.runs/design_1_v_demosaic_0_0_synth_1/prj/sol/.autopilot/db/v_demosaic.cpp:185]   --->   Operation 45 'load' 'axi_data' <Predicate = (!icmp_ln166)> <Delay = 0.00>
ST_3 : Operation 46 [1/1] (0.00ns)   --->   "%eol_2 = load i1 %p_4_0_0_0105271"   --->   Operation 46 'load' 'eol_2' <Predicate = (!icmp_ln166)> <Delay = 0.00>
ST_3 : Operation 47 [1/1] ( I:3.63ns O:3.63ns )   --->   "%write_ln185 = write void @_ssdm_op_Write.ap_fifo.volatile.i10P0A, i10 %imgBayer, i10 %axi_data" [V:/zybo_z7_imx219/zybo_z7_imx219.runs/design_1_v_demosaic_0_0_synth_1/prj/sol/.autopilot/db/v_demosaic.cpp:185]   --->   Operation 47 'write' 'write_ln185' <Predicate = (!icmp_ln166)> <Delay = 3.63> <CoreInst = "FIFO_SRL">   --->   Core 80 'FIFO_SRL' <Latency = 0> <II = 1> <Delay = 3.63> <Storage> <Opcode : 'read' 'write' 'nbread' 'nbwrite'> <Ports = 0> <Width = 10> <Depth = 2> <FIFO>


============================================================
+ Verbose Summary: Binding
============================================================
STG Binding: 
---------------- STG Properties BEGIN ----------------
- Is combinational: 0
- Is one-state seq: 0
- Is datapath-only: 0
- Is pipelined: 0
- Is top level: 0
Port [ Return ] is wired: 1; IO mode=ap_ctrl_hs:ce=0
Port [ p_4_0_0_0105270_lcssa297]:  wired=1; compound=0; hidden=0; nouse=0; global=0; static=0; extern=0; dir=0; type=0; pingpong=0; private_global=0; IO mode=ap_none:ce=0
Port [ p_0_0_0_097263_lcssa281]:  wired=1; compound=0; hidden=0; nouse=0; global=0; static=0; extern=0; dir=0; type=0; pingpong=0; private_global=0; IO mode=ap_none:ce=0
Port [ sof_3]:  wired=1; compound=0; hidden=0; nouse=0; global=0; static=0; extern=0; dir=0; type=0; pingpong=0; private_global=0; IO mode=ap_none:ce=0
Port [ cols]:  wired=1; compound=0; hidden=0; nouse=0; global=0; static=0; extern=0; dir=0; type=0; pingpong=0; private_global=0; IO mode=ap_none:ce=0
Port [ imgBayer]:  wired=1; compound=1; hidden=0; nouse=0; global=0; static=0; extern=0; dir=1; type=3; pingpong=0; private_global=0; IO mode=ap_fifo:ce=0
Port [ s_axis_video_V_data_V]:  wired=1; compound=1; hidden=0; nouse=0; global=0; static=0; extern=0; dir=0; type=0; pingpong=0; private_global=0; IO mode=axis:ce=0
Port [ s_axis_video_V_keep_V]:  wired=1; compound=1; hidden=0; nouse=0; global=0; static=0; extern=0; dir=0; type=0; pingpong=0; private_global=0; IO mode=axis:ce=0
Port [ s_axis_video_V_strb_V]:  wired=1; compound=1; hidden=0; nouse=0; global=0; static=0; extern=0; dir=0; type=0; pingpong=0; private_global=0; IO mode=axis:ce=0
Port [ s_axis_video_V_user_V]:  wired=1; compound=1; hidden=0; nouse=0; global=0; static=0; extern=0; dir=0; type=0; pingpong=0; private_global=0; IO mode=axis:ce=0
Port [ s_axis_video_V_last_V]:  wired=1; compound=1; hidden=0; nouse=0; global=0; static=0; extern=0; dir=0; type=0; pingpong=0; private_global=0; IO mode=axis:ce=0
Port [ s_axis_video_V_id_V]:  wired=1; compound=1; hidden=0; nouse=0; global=0; static=0; extern=0; dir=0; type=0; pingpong=0; private_global=0; IO mode=axis:ce=0
Port [ s_axis_video_V_dest_V]:  wired=1; compound=1; hidden=0; nouse=0; global=0; static=0; extern=0; dir=0; type=0; pingpong=0; private_global=0; IO mode=axis:ce=0
Port [ p_4_0_0_0105271_out]:  wired=1; compound=0; hidden=0; nouse=0; global=0; static=0; extern=0; dir=1; type=0; pingpong=0; private_global=0; IO mode=ap_vld:ce=0
Port [ p_0_0_0_097262_out]:  wired=1; compound=0; hidden=0; nouse=0; global=0; static=0; extern=0; dir=1; type=0; pingpong=0; private_global=0; IO mode=ap_vld:ce=0
---------------- STG Properties END ------------------

---------------- Datapath Model BEGIN ----------------

<LifeTime>
<method=bitvector/>
j                             (alloca             ) [ 0100]
p_0_0_0_097262                (alloca             ) [ 0111]
p_4_0_0_0105271               (alloca             ) [ 0111]
specaxissidechannel_ln0       (specaxissidechannel) [ 0000]
specinterface_ln0             (specinterface      ) [ 0000]
specinterface_ln0             (specinterface      ) [ 0000]
specinterface_ln0             (specinterface      ) [ 0000]
specinterface_ln0             (specinterface      ) [ 0000]
specinterface_ln0             (specinterface      ) [ 0000]
specinterface_ln0             (specinterface      ) [ 0000]
specinterface_ln0             (specinterface      ) [ 0000]
specinterface_ln0             (specinterface      ) [ 0000]
cols_read                     (read               ) [ 0000]
sof_3_read                    (read               ) [ 0110]
p_0_0_0_097263_lcssa281_read  (read               ) [ 0000]
p_4_0_0_0105270_lcssa297_read (read               ) [ 0000]
store_ln0                     (store              ) [ 0000]
store_ln0                     (store              ) [ 0000]
store_ln166                   (store              ) [ 0000]
br_ln166                      (br                 ) [ 0110]
j_3                           (load               ) [ 0000]
icmp_ln166                    (icmp               ) [ 0111]
j_4                           (add                ) [ 0000]
br_ln166                      (br                 ) [ 0000]
store_ln166                   (store              ) [ 0000]
br_ln166                      (br                 ) [ 0110]
eol                           (phi                ) [ 0110]
sof                           (phi                ) [ 0110]
speclooptripcount_ln0         (speclooptripcount  ) [ 0000]
specpipeline_ln169            (specpipeline       ) [ 0000]
specloopname_ln166            (specloopname       ) [ 0000]
or_ln170                      (or                 ) [ 0110]
br_ln170                      (br                 ) [ 0000]
empty                         (read               ) [ 0000]
p_s                           (extractvalue       ) [ 0000]
eol_1                         (extractvalue       ) [ 0000]
store_ln174                   (store              ) [ 0000]
store_ln174                   (store              ) [ 0000]
br_ln0                        (br                 ) [ 0000]
axi_data                      (load               ) [ 0000]
eol_2                         (load               ) [ 0110]
write_ln185                   (write              ) [ 0000]
p_0_0_0_097262_load           (load               ) [ 0000]
p_4_0_0_0105271_load          (load               ) [ 0000]
write_ln0                     (write              ) [ 0000]
write_ln0                     (write              ) [ 0000]
ret_ln0                       (ret                ) [ 0000]
</LifeTime>

<model>

<comp_list>
<comp id="0" class="1000" name="p_4_0_0_0105270_lcssa297">
<pin_list>
<pin id="1" dir="1" index="0" bw="1" slack="0"/>
</pin_list>
<bind>
<StgValue><ssdm name="p_4_0_0_0105270_lcssa297"/></StgValue>
</bind>
</comp>

<comp id="2" class="1000" name="p_0_0_0_097263_lcssa281">
<pin_list>
<pin id="3" dir="1" index="0" bw="1" slack="0"/>
</pin_list>
<bind>
<StgValue><ssdm name="p_0_0_0_097263_lcssa281"/></StgValue>
</bind>
</comp>

<comp id="4" class="1000" name="sof_3">
<pin_list>
<pin id="5" dir="1" index="0" bw="1" slack="0"/>
</pin_list>
<bind>
<StgValue><ssdm name="sof_3"/></StgValue>
</bind>
</comp>

<comp id="6" class="1000" name="cols">
<pin_list>
<pin id="7" dir="1" index="0" bw="1" slack="0"/>
</pin_list>
<bind>
<StgValue><ssdm name="cols"/></StgValue>
</bind>
</comp>

<comp id="8" class="1000" name="imgBayer">
<pin_list>
<pin id="9" dir="1" index="0" bw="1" slack="0"/>
</pin_list>
<bind>
<StgValue><ssdm name="imgBayer"/></StgValue>
</bind>
</comp>

<comp id="10" class="1000" name="s_axis_video_V_data_V">
<pin_list>
<pin id="11" dir="1" index="0" bw="1" slack="0"/>
</pin_list>
<bind>
<StgValue><ssdm name="s_axis_video_V_data_V"/></StgValue>
</bind>
</comp>

<comp id="12" class="1000" name="s_axis_video_V_keep_V">
<pin_list>
<pin id="13" dir="1" index="0" bw="1" slack="0"/>
</pin_list>
<bind>
<StgValue><ssdm name="s_axis_video_V_keep_V"/></StgValue>
</bind>
</comp>

<comp id="14" class="1000" name="s_axis_video_V_strb_V">
<pin_list>
<pin id="15" dir="1" index="0" bw="1" slack="0"/>
</pin_list>
<bind>
<StgValue><ssdm name="s_axis_video_V_strb_V"/></StgValue>
</bind>
</comp>

<comp id="16" class="1000" name="s_axis_video_V_user_V">
<pin_list>
<pin id="17" dir="1" index="0" bw="1" slack="0"/>
</pin_list>
<bind>
<StgValue><ssdm name="s_axis_video_V_user_V"/></StgValue>
</bind>
</comp>

<comp id="18" class="1000" name="s_axis_video_V_last_V">
<pin_list>
<pin id="19" dir="1" index="0" bw="1" slack="0"/>
</pin_list>
<bind>
<StgValue><ssdm name="s_axis_video_V_last_V"/></StgValue>
</bind>
</comp>

<comp id="20" class="1000" name="s_axis_video_V_id_V">
<pin_list>
<pin id="21" dir="1" index="0" bw="1" slack="0"/>
</pin_list>
<bind>
<StgValue><ssdm name="s_axis_video_V_id_V"/></StgValue>
</bind>
</comp>

<comp id="22" class="1000" name="s_axis_video_V_dest_V">
<pin_list>
<pin id="23" dir="1" index="0" bw="1" slack="0"/>
</pin_list>
<bind>
<StgValue><ssdm name="s_axis_video_V_dest_V"/></StgValue>
</bind>
</comp>

<comp id="24" class="1000" name="p_4_0_0_0105271_out">
<pin_list>
<pin id="25" dir="1" index="0" bw="1" slack="0"/>
</pin_list>
<bind>
<StgValue><ssdm name="p_4_0_0_0105271_out"/></StgValue>
</bind>
</comp>

<comp id="26" class="1000" name="p_0_0_0_097262_out">
<pin_list>
<pin id="27" dir="1" index="0" bw="1" slack="0"/>
</pin_list>
<bind>
<StgValue><ssdm name="p_0_0_0_097262_out"/></StgValue>
</bind>
</comp>

<comp id="28" class="1001" name="const_28">
<pin_list>
<pin id="29" dir="1" index="0" bw="1" slack="0"/>
</pin_list>
<bind>
<StgValue><ssdm name=""/></StgValue>
</bind>
</comp>

<comp id="30" class="1001" name="const_30">
<pin_list>
<pin id="31" dir="1" index="0" bw="1" slack="2147483647"/>
</pin_list>
<bind>
<StgValue><ssdm name="_ssdm_op_SpecAXISSideChannel"/></StgValue>
</bind>
</comp>

<comp id="32" class="1001" name="const_32">
<pin_list>
<pin id="33" dir="1" index="0" bw="1" slack="2147483647"/>
</pin_list>
<bind>
<StgValue><ssdm name="empty_23"/></StgValue>
</bind>
</comp>

<comp id="34" class="1001" name="const_34">
<pin_list>
<pin id="35" dir="1" index="0" bw="1" slack="2147483647"/>
</pin_list>
<bind>
<StgValue><ssdm name="_ssdm_op_SpecInterface"/></StgValue>
</bind>
</comp>

<comp id="36" class="1001" name="const_36">
<pin_list>
<pin id="37" dir="1" index="0" bw="1" slack="2147483647"/>
</pin_list>
<bind>
<StgValue><ssdm name="empty_19"/></StgValue>
</bind>
</comp>

<comp id="38" class="1001" name="const_38">
<pin_list>
<pin id="39" dir="1" index="0" bw="1" slack="2147483647"/>
</pin_list>
<bind>
<StgValue><ssdm name=""/></StgValue>
</bind>
</comp>

<comp id="40" class="1001" name="const_40">
<pin_list>
<pin id="41" dir="1" index="0" bw="1" slack="2147483647"/>
</pin_list>
<bind>
<StgValue><ssdm name="empty_12"/></StgValue>
</bind>
</comp>

<comp id="42" class="1001" name="const_42">
<pin_list>
<pin id="43" dir="1" index="0" bw="1" slack="2147483647"/>
</pin_list>
<bind>
<StgValue><ssdm name="empty_14"/></StgValue>
</bind>
</comp>

<comp id="44" class="1001" name="const_44">
<pin_list>
<pin id="45" dir="1" index="0" bw="1" slack="2147483647"/>
</pin_list>
<bind>
<StgValue><ssdm name=""/></StgValue>
</bind>
</comp>

<comp id="46" class="1001" name="const_46">
<pin_list>
<pin id="47" dir="1" index="0" bw="1" slack="2147483647"/>
</pin_list>
<bind>
<StgValue><ssdm name="empty_20"/></StgValue>
</bind>
</comp>

<comp id="48" class="1001" name="const_48">
<pin_list>
<pin id="49" dir="1" index="0" bw="1" slack="0"/>
</pin_list>
<bind>
<StgValue><ssdm name="_ssdm_op_Read.ap_auto.i11"/></StgValue>
</bind>
</comp>

<comp id="50" class="1001" name="const_50">
<pin_list>
<pin id="51" dir="1" index="0" bw="1" slack="0"/>
</pin_list>
<bind>
<StgValue><ssdm name="_ssdm_op_Read.ap_auto.i1"/></StgValue>
</bind>
</comp>

<comp id="52" class="1001" name="const_52">
<pin_list>
<pin id="53" dir="1" index="0" bw="1" slack="0"/>
</pin_list>
<bind>
<StgValue><ssdm name="_ssdm_op_Read.ap_auto.i10"/></StgValue>
</bind>
</comp>

<comp id="54" class="1001" name="const_54">
<pin_list>
<pin id="55" dir="1" index="0" bw="1" slack="0"/>
</pin_list>
<bind>
<StgValue><ssdm name=""/></StgValue>
</bind>
</comp>

<comp id="56" class="1001" name="const_56">
<pin_list>
<pin id="57" dir="1" index="0" bw="1" slack="0"/>
</pin_list>
<bind>
<StgValue><ssdm name=""/></StgValue>
</bind>
</comp>

<comp id="58" class="1001" name="const_58">
<pin_list>
<pin id="59" dir="1" index="0" bw="1" slack="1"/>
</pin_list>
<bind>
<StgValue><ssdm name=""/></StgValue>
</bind>
</comp>

<comp id="60" class="1001" name="const_60">
<pin_list>
<pin id="61" dir="1" index="0" bw="1" slack="2147483647"/>
</pin_list>
<bind>
<StgValue><ssdm name="_ssdm_op_SpecLoopTripCount"/></StgValue>
</bind>
</comp>

<comp id="62" class="1001" name="const_62">
<pin_list>
<pin id="63" dir="1" index="0" bw="1" slack="2147483647"/>
</pin_list>
<bind>
<StgValue><ssdm name=""/></StgValue>
</bind>
</comp>

<comp id="64" class="1001" name="const_64">
<pin_list>
<pin id="65" dir="1" index="0" bw="1" slack="2147483647"/>
</pin_list>
<bind>
<StgValue><ssdm name=""/></StgValue>
</bind>
</comp>

<comp id="66" class="1001" name="const_66">
<pin_list>
<pin id="67" dir="1" index="0" bw="1" slack="2147483647"/>
</pin_list>
<bind>
<StgValue><ssdm name="_ssdm_op_SpecPipeline"/></StgValue>
</bind>
</comp>

<comp id="68" class="1001" name="const_68">
<pin_list>
<pin id="69" dir="1" index="0" bw="1" slack="2147483647"/>
</pin_list>
<bind>
<StgValue><ssdm name="_ssdm_op_SpecLoopName"/></StgValue>
</bind>
</comp>

<comp id="70" class="1001" name="const_70">
<pin_list>
<pin id="71" dir="1" index="0" bw="1" slack="2147483647"/>
</pin_list>
<bind>
<StgValue><ssdm name="empty_25"/></StgValue>
</bind>
</comp>

<comp id="72" class="1001" name="const_72">
<pin_list>
<pin id="73" dir="1" index="0" bw="1" slack="0"/>
</pin_list>
<bind>
<StgValue><ssdm name="_ssdm_op_Read.axis.volatile.i10P0A.i2P0A.i2P0A.i1P0A.i1P0A.i1P0A.i1P0A"/></StgValue>
</bind>
</comp>

<comp id="74" class="1001" name="const_74">
<pin_list>
<pin id="75" dir="1" index="0" bw="1" slack="0"/>
</pin_list>
<bind>
<StgValue><ssdm name="_ssdm_op_Write.ap_fifo.volatile.i10P0A"/></StgValue>
</bind>
</comp>

<comp id="76" class="1001" name="const_76">
<pin_list>
<pin id="77" dir="1" index="0" bw="1" slack="0"/>
</pin_list>
<bind>
<StgValue><ssdm name="_ssdm_op_Write.ap_auto.i1P0A"/></StgValue>
</bind>
</comp>

<comp id="78" class="1001" name="const_78">
<pin_list>
<pin id="79" dir="1" index="0" bw="1" slack="0"/>
</pin_list>
<bind>
<StgValue><ssdm name="_ssdm_op_Write.ap_auto.i10P0A"/></StgValue>
</bind>
</comp>

<comp id="80" class="1004" name="j_fu_80">
<pin_list>
<pin id="81" dir="0" index="0" bw="1" slack="0"/>
<pin id="82" dir="1" index="1" bw="11" slack="0"/>
</pin_list>
<bind>
<opcode="alloca(26) " fcode="alloca"/>
<opset="j/1 "/>
</bind>
</comp>

<comp id="84" class="1004" name="p_0_0_0_097262_fu_84">
<pin_list>
<pin id="85" dir="0" index="0" bw="1" slack="0"/>
<pin id="86" dir="1" index="1" bw="10" slack="0"/>
</pin_list>
<bind>
<opcode="alloca(26) " fcode="alloca"/>
<opset="p_0_0_0_097262/1 "/>
</bind>
</comp>

<comp id="88" class="1004" name="p_4_0_0_0105271_fu_88">
<pin_list>
<pin id="89" dir="0" index="0" bw="1" slack="0"/>
<pin id="90" dir="1" index="1" bw="1" slack="0"/>
</pin_list>
<bind>
<opcode="alloca(26) " fcode="alloca"/>
<opset="p_4_0_0_0105271/1 "/>
</bind>
</comp>

<comp id="92" class="1004" name="cols_read_read_fu_92">
<pin_list>
<pin id="93" dir="0" index="0" bw="11" slack="0"/>
<pin id="94" dir="0" index="1" bw="11" slack="0"/>
<pin id="95" dir="1" index="2" bw="11" slack="0"/>
</pin_list>
<bind>
<opcode="read(1150) " fcode="read"/>
<opset="cols_read/1 "/>
</bind>
</comp>

<comp id="98" class="1004" name="sof_3_read_read_fu_98">
<pin_list>
<pin id="99" dir="0" index="0" bw="1" slack="0"/>
<pin id="100" dir="0" index="1" bw="1" slack="0"/>
<pin id="101" dir="1" index="2" bw="1" slack="1"/>
</pin_list>
<bind>
<opcode="read(1150) " fcode="read"/>
<opset="sof_3_read/1 "/>
</bind>
</comp>

<comp id="104" class="1004" name="p_0_0_0_097263_lcssa281_read_read_fu_104">
<pin_list>
<pin id="105" dir="0" index="0" bw="10" slack="0"/>
<pin id="106" dir="0" index="1" bw="10" slack="0"/>
<pin id="107" dir="1" index="2" bw="10" slack="0"/>
</pin_list>
<bind>
<opcode="read(1150) " fcode="read"/>
<opset="p_0_0_0_097263_lcssa281_read/1 "/>
</bind>
</comp>

<comp id="110" class="1004" name="p_4_0_0_0105270_lcssa297_read_read_fu_110">
<pin_list>
<pin id="111" dir="0" index="0" bw="1" slack="0"/>
<pin id="112" dir="0" index="1" bw="1" slack="0"/>
<pin id="113" dir="1" index="2" bw="1" slack="0"/>
</pin_list>
<bind>
<opcode="read(1150) " fcode="read"/>
<opset="p_4_0_0_0105270_lcssa297_read/1 "/>
</bind>
</comp>

<comp id="116" class="1004" name="empty_read_fu_116">
<pin_list>
<pin id="117" dir="0" index="0" bw="18" slack="0"/>
<pin id="118" dir="0" index="1" bw="10" slack="0"/>
<pin id="119" dir="0" index="2" bw="2" slack="0"/>
<pin id="120" dir="0" index="3" bw="2" slack="0"/>
<pin id="121" dir="0" index="4" bw="1" slack="0"/>
<pin id="122" dir="0" index="5" bw="1" slack="0"/>
<pin id="123" dir="0" index="6" bw="1" slack="0"/>
<pin id="124" dir="0" index="7" bw="1" slack="0"/>
<pin id="125" dir="1" index="8" bw="18" slack="0"/>
</pin_list>
<bind>
<opcode="read(1150) " fcode="read"/>
<opset="empty/2 "/>
</bind>
</comp>

<comp id="134" class="1004" name="write_ln185_write_fu_134">
<pin_list>
<pin id="135" dir="0" index="0" bw="0" slack="0"/>
<pin id="136" dir="0" index="1" bw="10" slack="0"/>
<pin id="137" dir="0" index="2" bw="10" slack="0"/>
<pin id="138" dir="1" index="3" bw="0" slack="2147483647"/>
</pin_list>
<bind>
<opcode="write(1151) " fcode="write"/>
<opset="write_ln185/3 "/>
</bind>
</comp>

<comp id="141" class="1004" name="write_ln0_write_fu_141">
<pin_list>
<pin id="142" dir="0" index="0" bw="0" slack="0"/>
<pin id="143" dir="0" index="1" bw="1" slack="0"/>
<pin id="144" dir="0" index="2" bw="1" slack="0"/>
<pin id="145" dir="1" index="3" bw="0" slack="2147483647"/>
</pin_list>
<bind>
<opcode="write(1151) " fcode="write"/>
<opset="write_ln0/2 "/>
</bind>
</comp>

<comp id="148" class="1004" name="write_ln0_write_fu_148">
<pin_list>
<pin id="149" dir="0" index="0" bw="0" slack="0"/>
<pin id="150" dir="0" index="1" bw="10" slack="0"/>
<pin id="151" dir="0" index="2" bw="10" slack="0"/>
<pin id="152" dir="1" index="3" bw="0" slack="2147483647"/>
</pin_list>
<bind>
<opcode="write(1151) " fcode="write"/>
<opset="write_ln0/2 "/>
</bind>
</comp>

<comp id="155" class="1005" name="eol_reg_155">
<pin_list>
<pin id="156" dir="0" index="0" bw="1" slack="1"/>
<pin id="157" dir="1" index="1" bw="1" slack="1"/>
</pin_list>
<bind>
<opset="eol (phireg) "/>
</bind>
</comp>

<comp id="159" class="1004" name="eol_phi_fu_159">
<pin_list>
<pin id="160" dir="0" index="0" bw="1" slack="1"/>
<pin id="161" dir="0" index="1" bw="0" slack="2147483647"/>
<pin id="162" dir="0" index="2" bw="1" slack="1"/>
<pin id="163" dir="0" index="3" bw="0" slack="2147483647"/>
<pin id="164" dir="1" index="4" bw="1" slack="0"/>
</pin_list>
<bind>
<opcode="phi(47) " fcode="phi"/>
<opset="eol/2 "/>
</bind>
</comp>

<comp id="166" class="1005" name="sof_reg_166">
<pin_list>
<pin id="167" dir="0" index="0" bw="1" slack="1"/>
<pin id="168" dir="1" index="1" bw="1" slack="1"/>
</pin_list>
<bind>
<opset="sof (phireg) "/>
</bind>
</comp>

<comp id="170" class="1004" name="sof_phi_fu_170">
<pin_list>
<pin id="171" dir="0" index="0" bw="1" slack="1"/>
<pin id="172" dir="0" index="1" bw="0" slack="2147483647"/>
<pin id="173" dir="0" index="2" bw="1" slack="1"/>
<pin id="174" dir="0" index="3" bw="0" slack="2147483647"/>
<pin id="175" dir="1" index="4" bw="1" slack="0"/>
</pin_list>
<bind>
<opcode="phi(47) " fcode="phi"/>
<opset="sof/2 "/>
</bind>
</comp>

<comp id="177" class="1004" name="store_ln0_store_fu_177">
<pin_list>
<pin id="178" dir="0" index="0" bw="1" slack="0"/>
<pin id="179" dir="0" index="1" bw="1" slack="0"/>
<pin id="180" dir="1" index="2" bw="0" slack="2147483647"/>
</pin_list>
<bind>
<opcode="store(28) " fcode="store"/>
<opset="store_ln0/1 "/>
</bind>
</comp>

<comp id="182" class="1004" name="store_ln0_store_fu_182">
<pin_list>
<pin id="183" dir="0" index="0" bw="10" slack="0"/>
<pin id="184" dir="0" index="1" bw="10" slack="0"/>
<pin id="185" dir="1" index="2" bw="0" slack="2147483647"/>
</pin_list>
<bind>
<opcode="store(28) " fcode="store"/>
<opset="store_ln0/1 "/>
</bind>
</comp>

<comp id="187" class="1004" name="store_ln166_store_fu_187">
<pin_list>
<pin id="188" dir="0" index="0" bw="1" slack="0"/>
<pin id="189" dir="0" index="1" bw="11" slack="0"/>
<pin id="190" dir="1" index="2" bw="0" slack="2147483647"/>
</pin_list>
<bind>
<opcode="store(28) " fcode="store"/>
<opset="store_ln166/1 "/>
</bind>
</comp>

<comp id="192" class="1004" name="j_3_load_fu_192">
<pin_list>
<pin id="193" dir="0" index="0" bw="11" slack="0"/>
<pin id="194" dir="1" index="1" bw="11" slack="0"/>
</pin_list>
<bind>
<opcode="load(27) " fcode="load"/>
<opset="j_3/1 "/>
</bind>
</comp>

<comp id="195" class="1004" name="icmp_ln166_fu_195">
<pin_list>
<pin id="196" dir="0" index="0" bw="11" slack="0"/>
<pin id="197" dir="0" index="1" bw="11" slack="0"/>
<pin id="198" dir="1" index="2" bw="1" slack="1"/>
</pin_list>
<bind>
<opcode="icmp(45) " fcode="icmp"/>
<opset="icmp_ln166/1 "/>
</bind>
</comp>

<comp id="201" class="1004" name="j_4_fu_201">
<pin_list>
<pin id="202" dir="0" index="0" bw="11" slack="0"/>
<pin id="203" dir="0" index="1" bw="1" slack="0"/>
<pin id="204" dir="1" index="2" bw="11" slack="0"/>
</pin_list>
<bind>
<opcode="add(8) " fcode="add"/>
<opset="j_4/1 "/>
</bind>
</comp>

<comp id="207" class="1004" name="store_ln166_store_fu_207">
<pin_list>
<pin id="208" dir="0" index="0" bw="11" slack="0"/>
<pin id="209" dir="0" index="1" bw="11" slack="0"/>
<pin id="210" dir="1" index="2" bw="0" slack="2147483647"/>
</pin_list>
<bind>
<opcode="store(28) " fcode="store"/>
<opset="store_ln166/1 "/>
</bind>
</comp>

<comp id="212" class="1004" name="or_ln170_fu_212">
<pin_list>
<pin id="213" dir="0" index="0" bw="1" slack="0"/>
<pin id="214" dir="0" index="1" bw="1" slack="0"/>
<pin id="215" dir="1" index="2" bw="1" slack="2147483647"/>
</pin_list>
<bind>
<opcode="or(24) " fcode="or"/>
<opset="or_ln170/2 "/>
</bind>
</comp>

<comp id="218" class="1004" name="p_s_fu_218">
<pin_list>
<pin id="219" dir="0" index="0" bw="18" slack="0"/>
<pin id="220" dir="1" index="1" bw="10" slack="0"/>
</pin_list>
<bind>
<opcode="extractvalue(56) " fcode="extractvalue"/>
<opset="p_s/2 "/>
</bind>
</comp>

<comp id="222" class="1004" name="eol_1_fu_222">
<pin_list>
<pin id="223" dir="0" index="0" bw="18" slack="0"/>
<pin id="224" dir="1" index="1" bw="1" slack="0"/>
</pin_list>
<bind>
<opcode="extractvalue(56) " fcode="extractvalue"/>
<opset="eol_1/2 "/>
</bind>
</comp>

<comp id="226" class="1004" name="store_ln174_store_fu_226">
<pin_list>
<pin id="227" dir="0" index="0" bw="1" slack="0"/>
<pin id="228" dir="0" index="1" bw="1" slack="1"/>
<pin id="229" dir="1" index="2" bw="0" slack="2147483647"/>
</pin_list>
<bind>
<opcode="store(28) " fcode="store"/>
<opset="store_ln174/2 "/>
</bind>
</comp>

<comp id="231" class="1004" name="store_ln174_store_fu_231">
<pin_list>
<pin id="232" dir="0" index="0" bw="10" slack="0"/>
<pin id="233" dir="0" index="1" bw="10" slack="1"/>
<pin id="234" dir="1" index="2" bw="0" slack="2147483647"/>
</pin_list>
<bind>
<opcode="store(28) " fcode="store"/>
<opset="store_ln174/2 "/>
</bind>
</comp>

<comp id="236" class="1004" name="axi_data_load_fu_236">
<pin_list>
<pin id="237" dir="0" index="0" bw="10" slack="2"/>
<pin id="238" dir="1" index="1" bw="10" slack="0"/>
</pin_list>
<bind>
<opcode="load(27) " fcode="load"/>
<opset="axi_data/3 "/>
</bind>
</comp>

<comp id="240" class="1004" name="eol_2_load_fu_240">
<pin_list>
<pin id="241" dir="0" index="0" bw="1" slack="2"/>
<pin id="242" dir="1" index="1" bw="1" slack="1"/>
</pin_list>
<bind>
<opcode="load(27) " fcode="load"/>
<opset="eol_2/3 "/>
</bind>
</comp>

<comp id="243" class="1004" name="p_0_0_0_097262_load_load_fu_243">
<pin_list>
<pin id="244" dir="0" index="0" bw="10" slack="1"/>
<pin id="245" dir="1" index="1" bw="10" slack="0"/>
</pin_list>
<bind>
<opcode="load(27) " fcode="load"/>
<opset="p_0_0_0_097262_load/2 "/>
</bind>
</comp>

<comp id="247" class="1004" name="p_4_0_0_0105271_load_load_fu_247">
<pin_list>
<pin id="248" dir="0" index="0" bw="1" slack="1"/>
<pin id="249" dir="1" index="1" bw="1" slack="0"/>
</pin_list>
<bind>
<opcode="load(27) " fcode="load"/>
<opset="p_4_0_0_0105271_load/2 "/>
</bind>
</comp>

<comp id="251" class="1005" name="j_reg_251">
<pin_list>
<pin id="252" dir="0" index="0" bw="11" slack="0"/>
<pin id="253" dir="1" index="1" bw="11" slack="0"/>
</pin_list>
<bind>
<opset="j "/>
</bind>
</comp>

<comp id="258" class="1005" name="p_0_0_0_097262_reg_258">
<pin_list>
<pin id="259" dir="0" index="0" bw="10" slack="0"/>
<pin id="260" dir="1" index="1" bw="10" slack="0"/>
</pin_list>
<bind>
<opset="p_0_0_0_097262 "/>
</bind>
</comp>

<comp id="266" class="1005" name="p_4_0_0_0105271_reg_266">
<pin_list>
<pin id="267" dir="0" index="0" bw="1" slack="0"/>
<pin id="268" dir="1" index="1" bw="1" slack="0"/>
</pin_list>
<bind>
<opset="p_4_0_0_0105271 "/>
</bind>
</comp>

<comp id="274" class="1005" name="sof_3_read_reg_274">
<pin_list>
<pin id="275" dir="0" index="0" bw="1" slack="1"/>
<pin id="276" dir="1" index="1" bw="1" slack="1"/>
</pin_list>
<bind>
<opset="sof_3_read "/>
</bind>
</comp>

<comp id="279" class="1005" name="icmp_ln166_reg_279">
<pin_list>
<pin id="280" dir="0" index="0" bw="1" slack="1"/>
<pin id="281" dir="1" index="1" bw="1" slack="2147483647"/>
</pin_list>
<bind>
<opset="icmp_ln166 "/>
</bind>
</comp>

<comp id="286" class="1005" name="eol_2_reg_286">
<pin_list>
<pin id="287" dir="0" index="0" bw="1" slack="1"/>
<pin id="288" dir="1" index="1" bw="1" slack="1"/>
</pin_list>
<bind>
<opset="eol_2 "/>
</bind>
</comp>

</comp_list>

<net_list>
<net id="83"><net_src comp="28" pin="0"/><net_sink comp="80" pin=0"/></net>

<net id="87"><net_src comp="28" pin="0"/><net_sink comp="84" pin=0"/></net>

<net id="91"><net_src comp="28" pin="0"/><net_sink comp="88" pin=0"/></net>

<net id="96"><net_src comp="48" pin="0"/><net_sink comp="92" pin=0"/></net>

<net id="97"><net_src comp="6" pin="0"/><net_sink comp="92" pin=1"/></net>

<net id="102"><net_src comp="50" pin="0"/><net_sink comp="98" pin=0"/></net>

<net id="103"><net_src comp="4" pin="0"/><net_sink comp="98" pin=1"/></net>

<net id="108"><net_src comp="52" pin="0"/><net_sink comp="104" pin=0"/></net>

<net id="109"><net_src comp="2" pin="0"/><net_sink comp="104" pin=1"/></net>

<net id="114"><net_src comp="50" pin="0"/><net_sink comp="110" pin=0"/></net>

<net id="115"><net_src comp="0" pin="0"/><net_sink comp="110" pin=1"/></net>

<net id="126"><net_src comp="72" pin="0"/><net_sink comp="116" pin=0"/></net>

<net id="127"><net_src comp="10" pin="0"/><net_sink comp="116" pin=1"/></net>

<net id="128"><net_src comp="12" pin="0"/><net_sink comp="116" pin=2"/></net>

<net id="129"><net_src comp="14" pin="0"/><net_sink comp="116" pin=3"/></net>

<net id="130"><net_src comp="16" pin="0"/><net_sink comp="116" pin=4"/></net>

<net id="131"><net_src comp="18" pin="0"/><net_sink comp="116" pin=5"/></net>

<net id="132"><net_src comp="20" pin="0"/><net_sink comp="116" pin=6"/></net>

<net id="133"><net_src comp="22" pin="0"/><net_sink comp="116" pin=7"/></net>

<net id="139"><net_src comp="74" pin="0"/><net_sink comp="134" pin=0"/></net>

<net id="140"><net_src comp="8" pin="0"/><net_sink comp="134" pin=1"/></net>

<net id="146"><net_src comp="76" pin="0"/><net_sink comp="141" pin=0"/></net>

<net id="147"><net_src comp="24" pin="0"/><net_sink comp="141" pin=1"/></net>

<net id="153"><net_src comp="78" pin="0"/><net_sink comp="148" pin=0"/></net>

<net id="154"><net_src comp="26" pin="0"/><net_sink comp="148" pin=1"/></net>

<net id="158"><net_src comp="58" pin="0"/><net_sink comp="155" pin=0"/></net>

<net id="165"><net_src comp="155" pin="1"/><net_sink comp="159" pin=0"/></net>

<net id="169"><net_src comp="58" pin="0"/><net_sink comp="166" pin=0"/></net>

<net id="176"><net_src comp="166" pin="1"/><net_sink comp="170" pin=2"/></net>

<net id="181"><net_src comp="110" pin="2"/><net_sink comp="177" pin=0"/></net>

<net id="186"><net_src comp="104" pin="2"/><net_sink comp="182" pin=0"/></net>

<net id="191"><net_src comp="54" pin="0"/><net_sink comp="187" pin=0"/></net>

<net id="199"><net_src comp="192" pin="1"/><net_sink comp="195" pin=0"/></net>

<net id="200"><net_src comp="92" pin="2"/><net_sink comp="195" pin=1"/></net>

<net id="205"><net_src comp="192" pin="1"/><net_sink comp="201" pin=0"/></net>

<net id="206"><net_src comp="56" pin="0"/><net_sink comp="201" pin=1"/></net>

<net id="211"><net_src comp="201" pin="2"/><net_sink comp="207" pin=0"/></net>

<net id="216"><net_src comp="170" pin="4"/><net_sink comp="212" pin=0"/></net>

<net id="217"><net_src comp="159" pin="4"/><net_sink comp="212" pin=1"/></net>

<net id="221"><net_src comp="116" pin="8"/><net_sink comp="218" pin=0"/></net>

<net id="225"><net_src comp="116" pin="8"/><net_sink comp="222" pin=0"/></net>

<net id="230"><net_src comp="222" pin="1"/><net_sink comp="226" pin=0"/></net>

<net id="235"><net_src comp="218" pin="1"/><net_sink comp="231" pin=0"/></net>

<net id="239"><net_src comp="236" pin="1"/><net_sink comp="134" pin=2"/></net>

<net id="246"><net_src comp="243" pin="1"/><net_sink comp="148" pin=2"/></net>

<net id="250"><net_src comp="247" pin="1"/><net_sink comp="141" pin=2"/></net>

<net id="254"><net_src comp="80" pin="1"/><net_sink comp="251" pin=0"/></net>

<net id="255"><net_src comp="251" pin="1"/><net_sink comp="187" pin=1"/></net>

<net id="256"><net_src comp="251" pin="1"/><net_sink comp="192" pin=0"/></net>

<net id="257"><net_src comp="251" pin="1"/><net_sink comp="207" pin=1"/></net>

<net id="261"><net_src comp="84" pin="1"/><net_sink comp="258" pin=0"/></net>

<net id="262"><net_src comp="258" pin="1"/><net_sink comp="182" pin=1"/></net>

<net id="263"><net_src comp="258" pin="1"/><net_sink comp="231" pin=1"/></net>

<net id="264"><net_src comp="258" pin="1"/><net_sink comp="236" pin=0"/></net>

<net id="265"><net_src comp="258" pin="1"/><net_sink comp="243" pin=0"/></net>

<net id="269"><net_src comp="88" pin="1"/><net_sink comp="266" pin=0"/></net>

<net id="270"><net_src comp="266" pin="1"/><net_sink comp="177" pin=1"/></net>

<net id="271"><net_src comp="266" pin="1"/><net_sink comp="226" pin=1"/></net>

<net id="272"><net_src comp="266" pin="1"/><net_sink comp="240" pin=0"/></net>

<net id="273"><net_src comp="266" pin="1"/><net_sink comp="247" pin=0"/></net>

<net id="277"><net_src comp="98" pin="2"/><net_sink comp="274" pin=0"/></net>

<net id="278"><net_src comp="274" pin="1"/><net_sink comp="170" pin=0"/></net>

<net id="282"><net_src comp="195" pin="2"/><net_sink comp="279" pin=0"/></net>

<net id="289"><net_src comp="240" pin="1"/><net_sink comp="286" pin=0"/></net>

<net id="290"><net_src comp="286" pin="1"/><net_sink comp="159" pin=2"/></net>

</net_list>

</model> 
---------------- Datapath Model END ------------------

* FSMD analyzer results:
  - Output states:
	Port: imgBayer | {3 }
	Port: p_4_0_0_0105271_out | {2 }
	Port: p_0_0_0_097262_out | {2 }
 - Input state : 
	Port: AXIvideo2MultiBayer_Pipeline_loop_width : p_4_0_0_0105270_lcssa297 | {1 }
	Port: AXIvideo2MultiBayer_Pipeline_loop_width : p_0_0_0_097263_lcssa281 | {1 }
	Port: AXIvideo2MultiBayer_Pipeline_loop_width : sof_3 | {1 }
	Port: AXIvideo2MultiBayer_Pipeline_loop_width : cols | {1 }
	Port: AXIvideo2MultiBayer_Pipeline_loop_width : s_axis_video_V_data_V | {2 }
	Port: AXIvideo2MultiBayer_Pipeline_loop_width : s_axis_video_V_keep_V | {2 }
	Port: AXIvideo2MultiBayer_Pipeline_loop_width : s_axis_video_V_strb_V | {2 }
	Port: AXIvideo2MultiBayer_Pipeline_loop_width : s_axis_video_V_user_V | {2 }
	Port: AXIvideo2MultiBayer_Pipeline_loop_width : s_axis_video_V_last_V | {2 }
	Port: AXIvideo2MultiBayer_Pipeline_loop_width : s_axis_video_V_id_V | {2 }
	Port: AXIvideo2MultiBayer_Pipeline_loop_width : s_axis_video_V_dest_V | {2 }
  - Chain level:
	State 1
		store_ln166 : 1
		j_3 : 1
		icmp_ln166 : 2
		j_4 : 2
		br_ln166 : 3
		store_ln166 : 3
	State 2
		or_ln170 : 1
		br_ln170 : 1
		store_ln174 : 1
		store_ln174 : 1
		write_ln0 : 1
		write_ln0 : 1
	State 3
		write_ln185 : 1


============================================================
+ Verbose Summary: Datapath Resource usage 
============================================================

* Functional unit list:
|----------|-------------------------------------------|---------|---------|
| Operation|              Functional Unit              |    FF   |   LUT   |
|----------|-------------------------------------------|---------|---------|
|   icmp   |             icmp_ln166_fu_195             |    0    |    12   |
|----------|-------------------------------------------|---------|---------|
|    add   |                 j_4_fu_201                |    0    |    12   |
|----------|-------------------------------------------|---------|---------|
|    or    |              or_ln170_fu_212              |    0    |    2    |
|----------|-------------------------------------------|---------|---------|
|          |            cols_read_read_fu_92           |    0    |    0    |
|          |           sof_3_read_read_fu_98           |    0    |    0    |
|   read   |  p_0_0_0_097263_lcssa281_read_read_fu_104 |    0    |    0    |
|          | p_4_0_0_0105270_lcssa297_read_read_fu_110 |    0    |    0    |
|          |             empty_read_fu_116             |    0    |    0    |
|----------|-------------------------------------------|---------|---------|
|          |          write_ln185_write_fu_134         |    0    |    0    |
|   write  |           write_ln0_write_fu_141          |    0    |    0    |
|          |           write_ln0_write_fu_148          |    0    |    0    |
|----------|-------------------------------------------|---------|---------|
|extractvalue|                 p_s_fu_218                |    0    |    0    |
|          |                eol_1_fu_222               |    0    |    0    |
|----------|-------------------------------------------|---------|---------|
|   Total  |                                           |    0    |    26   |
|----------|-------------------------------------------|---------|---------|

Memories:
N/A

* Register list:
+-----------------------+--------+
|                       |   FF   |
+-----------------------+--------+
|     eol_2_reg_286     |    1   |
|      eol_reg_155      |    1   |
|   icmp_ln166_reg_279  |    1   |
|       j_reg_251       |   11   |
| p_0_0_0_097262_reg_258|   10   |
|p_4_0_0_0105271_reg_266|    1   |
|   sof_3_read_reg_274  |    1   |
|      sof_reg_166      |    1   |
+-----------------------+--------+
|         Total         |   27   |
+-----------------------+--------+

* Multiplexer (MUX) list: 
|--------|------|------|------|--------|
|  Comp  |  Pin | Size |  BW  | S x BW |
|--------|------|------|------|--------|
|  Total |      |      |      |    0   |
|--------|------|------|------|--------|



* Summary:
+-----------+--------+--------+
|           |   FF   |   LUT  |
+-----------+--------+--------+
|  Function |    0   |   26   |
|   Memory  |    -   |    -   |
|Multiplexer|    -   |    -   |
|  Register |   27   |    -   |
+-----------+--------+--------+
|   Total   |   27   |   26   |
+-----------+--------+--------+
