

================================================================
== Vitis HLS Report for 'AXIvideo2MultiBayer'
================================================================
* Date:           Mon Sep 21 19:19:14 2026

* Version:        2025.2 (Build 6295257 on Nov 14 2025)
* Project:        prj
* Solution:       sol (Vivado IP Flow Target)
* Product family: zynq
* Target device:  xc7z020-clg400-1


================================================================
== Performance Estimates
================================================================
+ Timing: 
    * Summary: 
    +--------+----------+----------+------------+
    |  Clock |  Target  | Estimated| Uncertainty|
    +--------+----------+----------+------------+
    |ap_clk  |  10.00 ns|  4.866 ns|     2.70 ns|
    +--------+----------+----------+------------+

+ Latency: 
    * Summary: 
    +---------+---------+----------+----------+-----+-----+---------+
    |  Latency (cycles) |  Latency (absolute) |  Interval | Pipeline|
    |   min   |   max   |    min   |    max   | min | max |   Type  |
    +---------+---------+----------+----------+-----+-----+---------+
    |        ?|        ?|         ?|         ?|    ?|    ?|       no|
    +---------+---------+----------+----------+-----+-----+---------+

    + Detail: 
        * Instance: 
        +-------------------------------------------------------------+--------------------------------------------------+---------+---------+-----------+-----------+-----+-----+-------------------+
        |                                                             |                                                  |  Latency (cycles) |   Latency (absolute)  |  Interval |      Pipeline     |
        |                           Instance                          |                      Module                      |   min   |   max   |    min    |    max    | min | max |        Type       |
        +-------------------------------------------------------------+--------------------------------------------------+---------+---------+-----------+-----------+-----+-----+-------------------+
        |grp_AXIvideo2MultiBayer_Pipeline_loop_wait_for_start_fu_128  |AXIvideo2MultiBayer_Pipeline_loop_wait_for_start  |        ?|        ?|          ?|          ?|    0|    0|  loop pipeline stp|
        |grp_AXIvideo2MultiBayer_Pipeline_loop_width_fu_148           |AXIvideo2MultiBayer_Pipeline_loop_width           |        3|     1923|  30.000 ns|  19.230 us|    0|    0|  loop pipeline stp|
        |grp_AXIvideo2MultiBayer_Pipeline_loop_wait_for_eol_fu_176    |AXIvideo2MultiBayer_Pipeline_loop_wait_for_eol    |        ?|        ?|          ?|          ?|    0|    0|  loop pipeline stp|
        |grp_reg_unsigned_short_s_fu_212                              |reg_unsigned_short_s                              |        1|        1|  10.000 ns|  10.000 ns|    1|    1|                yes|
        |grp_reg_unsigned_short_s_fu_218                              |reg_unsigned_short_s                              |        1|        1|  10.000 ns|  10.000 ns|    1|    1|                yes|
        +-------------------------------------------------------------+--------------------------------------------------+---------+---------+-----------+-----------+-----+-----+-------------------+

        * Loop: 
        +---------------+---------+---------+----------+-----------+-----------+----------+----------+
        |               |  Latency (cycles) | Iteration|  Initiation Interval  |   Trip   |          |
        |   Loop Name   |   min   |   max   |  Latency |  achieved |   target  |   Count  | Pipelined|
        +---------------+---------+---------+----------+-----------+-----------+----------+----------+
        |- loop_height  |        ?|        ?|         ?|          -|          -|  0 ~ 1080|        no|
        +---------------+---------+---------+----------+-----------+-----------+----------+----------+



================================================================
== Utilization Estimates
================================================================
* Summary: 
+-----------------+---------+-----+--------+-------+-----+
|       Name      | BRAM_18K| DSP |   FF   |  LUT  | URAM|
+-----------------+---------+-----+--------+-------+-----+
|DSP              |        -|    -|       -|      -|    -|
|Expression       |        -|    -|       0|     44|    -|
|FIFO             |        -|    -|       -|      -|    -|
|Instance         |        -|    -|      65|    249|    -|
|Memory           |        -|    -|       -|      -|    -|
|Multiplexer      |        -|    -|       0|    118|    -|
|Register         |        -|    -|      66|      -|    -|
+-----------------+---------+-----+--------+-------+-----+
|Total            |        0|    0|     131|    411|    0|
+-----------------+---------+-----+--------+-------+-----+
|Available        |      280|  220|  106400|  53200|    0|
+-----------------+---------+-----+--------+-------+-----+
|Utilization (%)  |        0|    0|      ~0|     ~0|    0|
+-----------------+---------+-----+--------+-------+-----+

+ Detail: 
    * Instance: 
    +-------------------------------------------------------------+--------------------------------------------------+---------+----+----+-----+-----+
    |                           Instance                          |                      Module                      | BRAM_18K| DSP| FF | LUT | URAM|
    +-------------------------------------------------------------+--------------------------------------------------+---------+----+----+-----+-----+
    |grp_AXIvideo2MultiBayer_Pipeline_loop_wait_for_eol_fu_176    |AXIvideo2MultiBayer_Pipeline_loop_wait_for_eol    |        0|   0|   4|   52|    0|
    |grp_AXIvideo2MultiBayer_Pipeline_loop_wait_for_start_fu_128  |AXIvideo2MultiBayer_Pipeline_loop_wait_for_start  |        0|   0|   4|   47|    0|
    |grp_AXIvideo2MultiBayer_Pipeline_loop_width_fu_148           |AXIvideo2MultiBayer_Pipeline_loop_width           |        0|   0|  31|  146|    0|
    |grp_reg_unsigned_short_s_fu_212                              |reg_unsigned_short_s                              |        0|   0|  13|    2|    0|
    |grp_reg_unsigned_short_s_fu_218                              |reg_unsigned_short_s                              |        0|   0|  13|    2|    0|
    +-------------------------------------------------------------+--------------------------------------------------+---------+----+----+-----+-----+
    |Total                                                        |                                                  |        0|   0|  65|  249|    0|
    +-------------------------------------------------------------+--------------------------------------------------+---------+----+----+-----+-----+

    * DSP: 
    N/A

    * Memory: 
    N/A

    * FIFO: 
    N/A

    * Expression: 
    +-----------------------+----------+----+---+----+------------+------------+
    |     Variable Name     | Operation| DSP| FF| LUT| Bitwidth P0| Bitwidth P1|
    +-----------------------+----------+----+---+----+------------+------------+
    |i_4_fu_285_p2          |         +|   0|  0|  12|          11|           1|
    |and_ln188_1_fu_295_p2  |       and|   0|  0|   2|           1|           1|
    |and_ln188_fu_351_p2    |       and|   0|  0|   2|           1|           1|
    |icmp_ln163_fu_280_p2   |      icmp|   0|  0|  12|          11|          11|
    |icmp_ln166_fu_265_p2   |      icmp|   0|  0|  12|          11|           1|
    |ap_block_state1        |        or|   0|  0|   2|           1|           1|
    |xor_ln188_fu_271_p2    |       xor|   0|  0|   2|           1|           2|
    +-----------------------+----------+----+---+----+------------+------------+
    |Total                  |          |   0|  0|  44|          37|          18|
    +-----------------------+----------+----+---+----+------------+------------+

    * Multiplexer: 
    +----------------------------------+----+-----------+-----+-----------+
    |               Name               | LUT| Input Size| Bits| Total Bits|
    +----------------------------------+----+-----------+-----+-----------+
    |ap_NS_fsm                         |  53|         10|    1|         10|
    |ap_done                           |   9|          2|    1|          2|
    |i_fu_70                           |   9|          2|   11|         22|
    |p_0_0_0_097263_lcssa281_fu_74     |   9|          2|   10|         20|
    |p_4_0_0_0105270_lcssa297_reg_106  |   9|          2|    1|          2|
    |s_axis_video_TREADY_int_regslice  |  20|          4|    1|          4|
    |sof_reg_116                       |   9|          2|    1|          2|
    +----------------------------------+----+-----------+-----+-----------+
    |Total                             | 118|         24|   26|         62|
    +----------------------------------+----+-----------+-----+-----------+

    * Register: 
    +--------------------------------------------------------------------------+----+----+-----+-----------+
    |                                   Name                                   | FF | LUT| Bits| Const Bits|
    +--------------------------------------------------------------------------+----+----+-----+-----------+
    |and_ln188_1_reg_465                                                       |   1|   0|    1|          0|
    |and_ln188_reg_476                                                         |   1|   0|    1|          0|
    |ap_CS_fsm                                                                 |   9|   0|    9|          0|
    |ap_done_reg                                                               |   1|   0|    1|          0|
    |axi_last_loc_fu_90                                                        |   1|   0|    1|          0|
    |cols_reg_441                                                              |  11|   0|   11|          0|
    |grp_AXIvideo2MultiBayer_Pipeline_loop_wait_for_eol_fu_176_ap_start_reg    |   1|   0|    1|          0|
    |grp_AXIvideo2MultiBayer_Pipeline_loop_wait_for_start_fu_128_ap_start_reg  |   1|   0|    1|          0|
    |grp_AXIvideo2MultiBayer_Pipeline_loop_width_fu_148_ap_start_reg           |   1|   0|    1|          0|
    |grp_reg_unsigned_short_s_fu_212_ap_start_reg                              |   1|   0|    1|          0|
    |grp_reg_unsigned_short_s_fu_218_ap_start_reg                              |   1|   0|    1|          0|
    |i_fu_70                                                                   |  11|   0|   11|          0|
    |icmp_ln166_reg_449                                                        |   1|   0|    1|          0|
    |p_0_0_0_097263_lcssa281_fu_74                                             |  10|   0|   10|          0|
    |p_4_0_0_0105270_lcssa295_loc_fu_78                                        |   1|   0|    1|          0|
    |p_4_0_0_0105270_lcssa297_reg_106                                          |   1|   0|    1|          0|
    |rows_reg_436                                                              |  11|   0|   11|          0|
    |sof_reg_116                                                               |   1|   0|    1|          0|
    |xor_ln188_reg_454                                                         |   1|   0|    1|          0|
    +--------------------------------------------------------------------------+----+----+-----+-----------+
    |Total                                                                     |  66|   0|   66|          0|
    +--------------------------------------------------------------------------+----+----+-----+-----------+



================================================================
== Interface
================================================================
* Summary: 
+-------------------------+-----+-----+------------+-----------------------+--------------+
|        RTL Ports        | Dir | Bits|  Protocol  |     Source Object     |    C Type    |
+-------------------------+-----+-----+------------+-----------------------+--------------+
|ap_clk                   |   in|    1|  ap_ctrl_hs|    AXIvideo2MultiBayer|  return value|
|ap_rst                   |   in|    1|  ap_ctrl_hs|    AXIvideo2MultiBayer|  return value|
|ap_start                 |   in|    1|  ap_ctrl_hs|    AXIvideo2MultiBayer|  return value|
|ap_done                  |  out|    1|  ap_ctrl_hs|    AXIvideo2MultiBayer|  return value|
|ap_continue              |   in|    1|  ap_ctrl_hs|    AXIvideo2MultiBayer|  return value|
|ap_idle                  |  out|    1|  ap_ctrl_hs|    AXIvideo2MultiBayer|  return value|
|ap_ready                 |  out|    1|  ap_ctrl_hs|    AXIvideo2MultiBayer|  return value|
|s_axis_video_TDATA       |   in|   10|        axis|  s_axis_video_V_data_V|       pointer|
|s_axis_video_TVALID      |   in|    1|        axis|  s_axis_video_V_dest_V|       pointer|
|s_axis_video_TREADY      |  out|    1|        axis|  s_axis_video_V_dest_V|       pointer|
|s_axis_video_TDEST       |   in|    1|        axis|  s_axis_video_V_dest_V|       pointer|
|s_axis_video_TKEEP       |   in|    2|        axis|  s_axis_video_V_keep_V|       pointer|
|s_axis_video_TSTRB       |   in|    2|        axis|  s_axis_video_V_strb_V|       pointer|
|s_axis_video_TUSER       |   in|    1|        axis|  s_axis_video_V_user_V|       pointer|
|s_axis_video_TLAST       |   in|    1|        axis|  s_axis_video_V_last_V|       pointer|
|s_axis_video_TID         |   in|    1|        axis|    s_axis_video_V_id_V|       pointer|
|imgBayer_din             |  out|   10|     ap_fifo|               imgBayer|       pointer|
|imgBayer_full_n          |   in|    1|     ap_fifo|               imgBayer|       pointer|
|imgBayer_write           |  out|    1|     ap_fifo|               imgBayer|       pointer|
|imgBayer_num_data_valid  |   in|    3|     ap_fifo|               imgBayer|       pointer|
|imgBayer_fifo_cap        |   in|    3|     ap_fifo|               imgBayer|       pointer|
|Height_val               |   in|   16|     ap_none|             Height_val|        scalar|
|WidthIn_val              |   in|   16|     ap_none|            WidthIn_val|        scalar|
+-------------------------+-----+-----+------------+-----------------------+--------------+

============================================================
+ Verbose Summary: Synthesis Manager
============================================================
InlineROM: 1
ExposeGlobal: 0
============================================================
+ Verbose Summary: CDFG Model
============================================================
IsTopModel: 0
ResetActiveHigh: 1
IsCombinational: 2
IsDatapathOnly: 0
HasWiredReturn: 1
HasMFsm: 0
HasVarLatency: 1
IsPipeline: 0
IsRtlPipelined: 0
IsInstanceOverlapped: 0
IsDontTouch: 0
HasImplIP: 0
IsGatedGlobalClock: 0


============================================================
+ Verbose Summary: Schedule
============================================================
* Number of FSM states : 9
* Pipeline : 0
* Dataflow Pipeline: 0

* FSM state transitions: 
1 --> 2 
2 --> 3 
3 --> 4 
4 --> 5 
5 --> 6 
6 --> 7 
7 --> 8 
8 --> 9 
9 --> 5 

* FSM state operations: 

State 1 <SV = 0> <Delay = 1.58>
ST_1 : Operation 10 [1/1] (0.00ns)   --->   "%i = alloca i32 1" [C:/github/zybo_z7_cam_rpi_v2_5mp_hdmi/zybo_z7_imx219/zybo_z7_imx219.runs/design_1_v_demosaic_0_0_synth_1/prj/sol/.autopilot/db/v_demosaic.cpp:163]   --->   Operation 10 'alloca' 'i' <Predicate = true> <Delay = 0.00>
ST_1 : Operation 11 [1/1] (0.00ns)   --->   "%p_0_0_0_097263_lcssa281 = alloca i32 1"   --->   Operation 11 'alloca' 'p_0_0_0_097263_lcssa281' <Predicate = true> <Delay = 0.00>
ST_1 : Operation 12 [1/1] (0.00ns)   --->   "%p_4_0_0_0105270_lcssa295_loc = alloca i64 1"   --->   Operation 12 'alloca' 'p_4_0_0_0105270_lcssa295_loc' <Predicate = true> <Delay = 0.00>
ST_1 : Operation 13 [1/1] (0.00ns)   --->   "%p_0_0_0_097262_loc = alloca i64 1"   --->   Operation 13 'alloca' 'p_0_0_0_097262_loc' <Predicate = true> <Delay = 0.00>
ST_1 : Operation 14 [1/1] (0.00ns)   --->   "%p_4_0_0_0105271_loc = alloca i64 1"   --->   Operation 14 'alloca' 'p_4_0_0_0105271_loc' <Predicate = true> <Delay = 0.00>
ST_1 : Operation 15 [1/1] (0.00ns)   --->   "%axi_last_loc = alloca i64 1"   --->   Operation 15 'alloca' 'axi_last_loc' <Predicate = true> <Delay = 0.00>
ST_1 : Operation 16 [1/1] (1.58ns)   --->   "%store_ln163 = store i11 0, i11 %i" [C:/github/zybo_z7_cam_rpi_v2_5mp_hdmi/zybo_z7_imx219/zybo_z7_imx219.runs/design_1_v_demosaic_0_0_synth_1/prj/sol/.autopilot/db/v_demosaic.cpp:163]   --->   Operation 16 'store' 'store_ln163' <Predicate = true> <Delay = 1.58>

State 2 <SV = 1> <Delay = 2.09>
ST_2 : Operation 17 [2/2] (2.09ns)   --->   "%call_ln0 = call void @AXIvideo2MultiBayer_Pipeline_loop_wait_for_start, i10 %s_axis_video_V_data_V, i2 %s_axis_video_V_keep_V, i2 %s_axis_video_V_strb_V, i1 %s_axis_video_V_user_V, i1 %s_axis_video_V_last_V, i1 %s_axis_video_V_id_V, i1 %s_axis_video_V_dest_V, i1 %axi_last_loc, i10 %p_0_0_0_097263_lcssa281"   --->   Operation 17 'call' 'call_ln0' <Predicate = true> <Delay = 2.09> <CoreType = "Generic">   --->   Generic Core

State 3 <SV = 2> <Delay = 3.17>
ST_3 : Operation 18 [1/1] (0.00ns)   --->   "%WidthIn_val_read = read i16 @_ssdm_op_Read.ap_auto.i16, i16 %WidthIn_val"   --->   Operation 18 'read' 'WidthIn_val_read' <Predicate = true> <Delay = 0.00>
ST_3 : Operation 19 [1/1] (0.00ns)   --->   "%Height_val_read = read i16 @_ssdm_op_Read.ap_auto.i16, i16 %Height_val"   --->   Operation 19 'read' 'Height_val_read' <Predicate = true> <Delay = 0.00>
ST_3 : Operation 20 [1/1] (0.00ns)   --->   "%empty = trunc i16 %WidthIn_val_read"   --->   Operation 20 'trunc' 'empty' <Predicate = true> <Delay = 0.00>
ST_3 : Operation 21 [1/1] (0.00ns)   --->   "%empty_180 = trunc i16 %Height_val_read"   --->   Operation 21 'trunc' 'empty_180' <Predicate = true> <Delay = 0.00>
ST_3 : Operation 22 [2/2] (0.00ns)   --->   "%rows = call i11 @reg<unsigned short>, i11 %empty_180" [C:/github/zybo_z7_cam_rpi_v2_5mp_hdmi/zybo_z7_imx219/zybo_z7_imx219.runs/design_1_v_demosaic_0_0_synth_1/prj/sol/.autopilot/db/v_demosaic.cpp:145]   --->   Operation 22 'call' 'rows' <Predicate = true> <Delay = 0.00> <CoreType = "Generic">   --->   Generic Core
ST_3 : Operation 23 [2/2] (0.00ns)   --->   "%cols = call i11 @reg<unsigned short>, i11 %empty" [C:/github/zybo_z7_cam_rpi_v2_5mp_hdmi/zybo_z7_imx219/zybo_z7_imx219.runs/design_1_v_demosaic_0_0_synth_1/prj/sol/.autopilot/db/v_demosaic.cpp:146]   --->   Operation 23 'call' 'cols' <Predicate = true> <Delay = 0.00> <CoreType = "Generic">   --->   Generic Core
ST_3 : Operation 24 [1/2] (3.17ns)   --->   "%call_ln0 = call void @AXIvideo2MultiBayer_Pipeline_loop_wait_for_start, i10 %s_axis_video_V_data_V, i2 %s_axis_video_V_keep_V, i2 %s_axis_video_V_strb_V, i1 %s_axis_video_V_user_V, i1 %s_axis_video_V_last_V, i1 %s_axis_video_V_id_V, i1 %s_axis_video_V_dest_V, i1 %axi_last_loc, i10 %p_0_0_0_097263_lcssa281"   --->   Operation 24 'call' 'call_ln0' <Predicate = true> <Delay = 3.17> <CoreType = "Generic">   --->   Generic Core

State 4 <SV = 3> <Delay = 2.61>
ST_4 : Operation 25 [1/1] (0.00ns)   --->   "%specaxissidechannel_ln0 = specaxissidechannel void @_ssdm_op_SpecAXISSideChannel, i10 %s_axis_video_V_data_V, i2 %s_axis_video_V_keep_V, i2 %s_axis_video_V_strb_V, i1 %s_axis_video_V_user_V, i1 %s_axis_video_V_last_V, i1 %s_axis_video_V_id_V, i1 %s_axis_video_V_dest_V, void @empty_23"   --->   Operation 25 'specaxissidechannel' 'specaxissidechannel_ln0' <Predicate = true> <Delay = 0.00>
ST_4 : Operation 26 [1/1] (0.00ns)   --->   "%specinterface_ln0 = specinterface void @_ssdm_op_SpecInterface, i10 %imgBayer, void @empty_20, i32 0, i32 0, void @empty_14, i32 0, i32 0, void @empty_14, void @empty_14, void @empty_14, i32 0, i32 0, i32 0, i32 0, void @empty_14, void @empty_14, i32 4294967295, i32 0, i32 0, i32 0"   --->   Operation 26 'specinterface' 'specinterface_ln0' <Predicate = true> <Delay = 0.00>
ST_4 : Operation 27 [1/1] (0.00ns)   --->   "%specinterface_ln0 = specinterface void @_ssdm_op_SpecInterface, i1 %s_axis_video_V_dest_V, i1 %s_axis_video_V_id_V, i1 %s_axis_video_V_last_V, i1 %s_axis_video_V_user_V, i2 %s_axis_video_V_strb_V, i2 %s_axis_video_V_keep_V, i10 %s_axis_video_V_data_V, void @empty_19, i32 1, i32 1, void @empty_12, i32 0, i32 0, void @empty_14, void @empty_14, void @empty_14, i32 0, i32 0, i32 0, i32 0, void @empty_14, void @empty_14, i32 4294967295, i32 0, i32 0, i32 0"   --->   Operation 27 'specinterface' 'specinterface_ln0' <Predicate = true> <Delay = 0.00>
ST_4 : Operation 28 [1/2] (0.00ns)   --->   "%rows = call i11 @reg<unsigned short>, i11 %empty_180" [C:/github/zybo_z7_cam_rpi_v2_5mp_hdmi/zybo_z7_imx219/zybo_z7_imx219.runs/design_1_v_demosaic_0_0_synth_1/prj/sol/.autopilot/db/v_demosaic.cpp:145]   --->   Operation 28 'call' 'rows' <Predicate = true> <Delay = 0.00> <CoreType = "Generic">   --->   Generic Core
ST_4 : Operation 29 [1/2] (0.00ns)   --->   "%cols = call i11 @reg<unsigned short>, i11 %empty" [C:/github/zybo_z7_cam_rpi_v2_5mp_hdmi/zybo_z7_imx219/zybo_z7_imx219.runs/design_1_v_demosaic_0_0_synth_1/prj/sol/.autopilot/db/v_demosaic.cpp:146]   --->   Operation 29 'call' 'cols' <Predicate = true> <Delay = 0.00> <CoreType = "Generic">   --->   Generic Core
ST_4 : Operation 30 [1/1] (0.00ns)   --->   "%fence_ln153 = fence void @_ssdm_op_Fence, i10 %s_axis_video_V_data_V, i2 %s_axis_video_V_keep_V, i2 %s_axis_video_V_strb_V, i1 %s_axis_video_V_user_V, i1 %s_axis_video_V_last_V, i1 %s_axis_video_V_id_V, i1 %s_axis_video_V_dest_V, i32 4294967295, i10 %s_axis_video_V_data_V, i2 %s_axis_video_V_keep_V, i2 %s_axis_video_V_strb_V, i1 %s_axis_video_V_user_V, i1 %s_axis_video_V_last_V, i1 %s_axis_video_V_id_V, i1 %s_axis_video_V_dest_V, i10 %imgBayer, i32 0" [C:/github/zybo_z7_cam_rpi_v2_5mp_hdmi/zybo_z7_imx219/zybo_z7_imx219.runs/design_1_v_demosaic_0_0_synth_1/prj/sol/.autopilot/db/v_demosaic.cpp:153]   --->   Operation 30 'fence' 'fence_ln153' <Predicate = true> <Delay = 0.00>
ST_4 : Operation 31 [1/1] (0.00ns)   --->   "%axi_last_loc_load = load i1 %axi_last_loc"   --->   Operation 31 'load' 'axi_last_loc_load' <Predicate = true> <Delay = 0.00>
ST_4 : Operation 32 [1/1] (1.63ns)   --->   "%icmp_ln166 = icmp_ne  i11 %cols, i11 0" [C:/github/zybo_z7_cam_rpi_v2_5mp_hdmi/zybo_z7_imx219/zybo_z7_imx219.runs/design_1_v_demosaic_0_0_synth_1/prj/sol/.autopilot/db/v_demosaic.cpp:166]   --->   Operation 32 'icmp' 'icmp_ln166' <Predicate = true> <Delay = 1.63> <CoreInst = "Cmp">   --->   Core 9 'Cmp' <Latency = 0> <II = 1> <Delay = 1.63> <FuncUnit> <Opcode : 'seteq' 'setne' 'setle' 'setge' 'setlt' 'setgt'> <InPorts = 2> <OutPorts = 1>
ST_4 : Operation 33 [1/1] (0.97ns)   --->   "%xor_ln188 = xor i1 %icmp_ln166, i1 1" [C:/github/zybo_z7_cam_rpi_v2_5mp_hdmi/zybo_z7_imx219/zybo_z7_imx219.runs/design_1_v_demosaic_0_0_synth_1/prj/sol/.autopilot/db/v_demosaic.cpp:188]   --->   Operation 33 'xor' 'xor_ln188' <Predicate = true> <Delay = 0.97> <CoreInst = "LogicGate">   --->   Core 74 'LogicGate' <Latency = 0> <II = 1> <Delay = 0.97> <FuncUnit> <Opcode : 'and' 'or' 'xor'> <InPorts = 2> <OutPorts = 1>
ST_4 : Operation 34 [1/1] (1.58ns)   --->   "%br_ln163 = br void %loop_width" [C:/github/zybo_z7_cam_rpi_v2_5mp_hdmi/zybo_z7_imx219/zybo_z7_imx219.runs/design_1_v_demosaic_0_0_synth_1/prj/sol/.autopilot/db/v_demosaic.cpp:163]   --->   Operation 34 'br' 'br_ln163' <Predicate = true> <Delay = 1.58>

State 5 <SV = 4> <Delay = 4.86>
ST_5 : Operation 35 [1/1] (0.00ns)   --->   "%p_4_0_0_0105270_lcssa297 = phi i1 %axi_last_loc_load, void %entry, i1 %p_4_0_0_0105270_lcssa295_loc_load, void %for.body12.lr.ph"   --->   Operation 35 'phi' 'p_4_0_0_0105270_lcssa297' <Predicate = true> <Delay = 0.00>
ST_5 : Operation 36 [1/1] (0.00ns)   --->   "%sof = phi i1 1, void %entry, i1 %and_ln188_1, void %for.body12.lr.ph" [C:/github/zybo_z7_cam_rpi_v2_5mp_hdmi/zybo_z7_imx219/zybo_z7_imx219.runs/design_1_v_demosaic_0_0_synth_1/prj/sol/.autopilot/db/v_demosaic.cpp:188]   --->   Operation 36 'phi' 'sof' <Predicate = true> <Delay = 0.00>
ST_5 : Operation 37 [1/1] (0.00ns)   --->   "%i_3 = load i11 %i" [C:/github/zybo_z7_cam_rpi_v2_5mp_hdmi/zybo_z7_imx219/zybo_z7_imx219.runs/design_1_v_demosaic_0_0_synth_1/prj/sol/.autopilot/db/v_demosaic.cpp:163]   --->   Operation 37 'load' 'i_3' <Predicate = true> <Delay = 0.00>
ST_5 : Operation 38 [1/1] (1.63ns)   --->   "%icmp_ln163 = icmp_eq  i11 %i_3, i11 %rows" [C:/github/zybo_z7_cam_rpi_v2_5mp_hdmi/zybo_z7_imx219/zybo_z7_imx219.runs/design_1_v_demosaic_0_0_synth_1/prj/sol/.autopilot/db/v_demosaic.cpp:163]   --->   Operation 38 'icmp' 'icmp_ln163' <Predicate = true> <Delay = 1.63> <CoreInst = "Cmp">   --->   Core 9 'Cmp' <Latency = 0> <II = 1> <Delay = 1.63> <FuncUnit> <Opcode : 'seteq' 'setne' 'setle' 'setge' 'setlt' 'setgt'> <InPorts = 2> <OutPorts = 1>
ST_5 : Operation 39 [1/1] (0.00ns)   --->   "%speclooptripcount_ln0 = speclooptripcount void @_ssdm_op_SpecLoopTripCount, i64 0, i64 1080, i64 0"   --->   Operation 39 'speclooptripcount' 'speclooptripcount_ln0' <Predicate = true> <Delay = 0.00>
ST_5 : Operation 40 [1/1] (1.63ns)   --->   "%i_4 = add i11 %i_3, i11 1" [C:/github/zybo_z7_cam_rpi_v2_5mp_hdmi/zybo_z7_imx219/zybo_z7_imx219.runs/design_1_v_demosaic_0_0_synth_1/prj/sol/.autopilot/db/v_demosaic.cpp:163]   --->   Operation 40 'add' 'i_4' <Predicate = true> <Delay = 1.63> <CoreInst = "Adder">   --->   Core 1 'Adder' <Latency = 0> <II = 1> <Delay = 1.63> <FuncUnit> <Opcode : 'add' 'sub'> <InPorts = 2> <OutPorts = 1>
ST_5 : Operation 41 [1/1] (0.00ns)   --->   "%br_ln163 = br i1 %icmp_ln163, void %for.body12.lr.ph, void %for.end39" [C:/github/zybo_z7_cam_rpi_v2_5mp_hdmi/zybo_z7_imx219/zybo_z7_imx219.runs/design_1_v_demosaic_0_0_synth_1/prj/sol/.autopilot/db/v_demosaic.cpp:163]   --->   Operation 41 'br' 'br_ln163' <Predicate = true> <Delay = 0.00>
ST_5 : Operation 42 [1/1] (0.00ns)   --->   "%p_0_0_0_097263_lcssa281_load = load i10 %p_0_0_0_097263_lcssa281"   --->   Operation 42 'load' 'p_0_0_0_097263_lcssa281_load' <Predicate = (!icmp_ln163)> <Delay = 0.00>
ST_5 : Operation 43 [2/2] (3.22ns)   --->   "%call_ln188 = call void @AXIvideo2MultiBayer_Pipeline_loop_width, i1 %p_4_0_0_0105270_lcssa297, i10 %p_0_0_0_097263_lcssa281_load, i1 %sof, i11 %cols, i10 %imgBayer, i10 %s_axis_video_V_data_V, i2 %s_axis_video_V_keep_V, i2 %s_axis_video_V_strb_V, i1 %s_axis_video_V_user_V, i1 %s_axis_video_V_last_V, i1 %s_axis_video_V_id_V, i1 %s_axis_video_V_dest_V, i1 %p_4_0_0_0105271_loc, i10 %p_0_0_0_097262_loc" [C:/github/zybo_z7_cam_rpi_v2_5mp_hdmi/zybo_z7_imx219/zybo_z7_imx219.runs/design_1_v_demosaic_0_0_synth_1/prj/sol/.autopilot/db/v_demosaic.cpp:188]   --->   Operation 43 'call' 'call_ln188' <Predicate = (!icmp_ln163)> <Delay = 3.22> <CoreType = "Generic">   --->   Generic Core
ST_5 : Operation 44 [1/1] (0.97ns)   --->   "%and_ln188_1 = and i1 %sof, i1 %xor_ln188" [C:/github/zybo_z7_cam_rpi_v2_5mp_hdmi/zybo_z7_imx219/zybo_z7_imx219.runs/design_1_v_demosaic_0_0_synth_1/prj/sol/.autopilot/db/v_demosaic.cpp:188]   --->   Operation 44 'and' 'and_ln188_1' <Predicate = (!icmp_ln163)> <Delay = 0.97> <CoreInst = "LogicGate">   --->   Core 74 'LogicGate' <Latency = 0> <II = 1> <Delay = 0.97> <FuncUnit> <Opcode : 'and' 'or' 'xor'> <InPorts = 2> <OutPorts = 1>
ST_5 : Operation 45 [1/1] (1.58ns)   --->   "%store_ln163 = store i11 %i_4, i11 %i" [C:/github/zybo_z7_cam_rpi_v2_5mp_hdmi/zybo_z7_imx219/zybo_z7_imx219.runs/design_1_v_demosaic_0_0_synth_1/prj/sol/.autopilot/db/v_demosaic.cpp:163]   --->   Operation 45 'store' 'store_ln163' <Predicate = (!icmp_ln163)> <Delay = 1.58>
ST_5 : Operation 46 [1/1] (0.00ns)   --->   "%ret_ln0 = ret"   --->   Operation 46 'ret' 'ret_ln0' <Predicate = (icmp_ln163)> <Delay = 0.00>

State 6 <SV = 5> <Delay = 0.00>
ST_6 : Operation 47 [1/2] (0.00ns)   --->   "%call_ln188 = call void @AXIvideo2MultiBayer_Pipeline_loop_width, i1 %p_4_0_0_0105270_lcssa297, i10 %p_0_0_0_097263_lcssa281_load, i1 %sof, i11 %cols, i10 %imgBayer, i10 %s_axis_video_V_data_V, i2 %s_axis_video_V_keep_V, i2 %s_axis_video_V_strb_V, i1 %s_axis_video_V_user_V, i1 %s_axis_video_V_last_V, i1 %s_axis_video_V_id_V, i1 %s_axis_video_V_dest_V, i1 %p_4_0_0_0105271_loc, i10 %p_0_0_0_097262_loc" [C:/github/zybo_z7_cam_rpi_v2_5mp_hdmi/zybo_z7_imx219/zybo_z7_imx219.runs/design_1_v_demosaic_0_0_synth_1/prj/sol/.autopilot/db/v_demosaic.cpp:188]   --->   Operation 47 'call' 'call_ln188' <Predicate = true> <Delay = 0.00> <CoreType = "Generic">   --->   Generic Core

State 7 <SV = 6> <Delay = 3.06>
ST_7 : Operation 48 [1/1] (0.00ns)   --->   "%fence_ln188 = fence void @_ssdm_op_Fence, i10 %s_axis_video_V_data_V, i2 %s_axis_video_V_keep_V, i2 %s_axis_video_V_strb_V, i1 %s_axis_video_V_user_V, i1 %s_axis_video_V_last_V, i1 %s_axis_video_V_id_V, i1 %s_axis_video_V_dest_V, i10 %imgBayer, i32 4294967295, i10 %s_axis_video_V_data_V, i2 %s_axis_video_V_keep_V, i2 %s_axis_video_V_strb_V, i1 %s_axis_video_V_user_V, i1 %s_axis_video_V_last_V, i1 %s_axis_video_V_id_V, i1 %s_axis_video_V_dest_V, i32 0" [C:/github/zybo_z7_cam_rpi_v2_5mp_hdmi/zybo_z7_imx219/zybo_z7_imx219.runs/design_1_v_demosaic_0_0_synth_1/prj/sol/.autopilot/db/v_demosaic.cpp:188]   --->   Operation 48 'fence' 'fence_ln188' <Predicate = true> <Delay = 0.00>
ST_7 : Operation 49 [1/1] (0.00ns)   --->   "%p_4_0_0_0105271_loc_load = load i1 %p_4_0_0_0105271_loc"   --->   Operation 49 'load' 'p_4_0_0_0105271_loc_load' <Predicate = true> <Delay = 0.00>
ST_7 : Operation 50 [1/1] (0.00ns)   --->   "%p_0_0_0_097262_loc_load = load i10 %p_0_0_0_097262_loc"   --->   Operation 50 'load' 'p_0_0_0_097262_loc_load' <Predicate = true> <Delay = 0.00>
ST_7 : Operation 51 [1/1] (0.97ns)   --->   "%and_ln188 = and i1 %icmp_ln166, i1 %p_4_0_0_0105271_loc_load" [C:/github/zybo_z7_cam_rpi_v2_5mp_hdmi/zybo_z7_imx219/zybo_z7_imx219.runs/design_1_v_demosaic_0_0_synth_1/prj/sol/.autopilot/db/v_demosaic.cpp:188]   --->   Operation 51 'and' 'and_ln188' <Predicate = true> <Delay = 0.97> <CoreInst = "LogicGate">   --->   Core 74 'LogicGate' <Latency = 0> <II = 1> <Delay = 0.97> <FuncUnit> <Opcode : 'and' 'or' 'xor'> <InPorts = 2> <OutPorts = 1>
ST_7 : Operation 52 [1/1] (0.00ns)   --->   "%fence_ln188 = fence void @_ssdm_op_Fence, i10 %s_axis_video_V_data_V, i2 %s_axis_video_V_keep_V, i2 %s_axis_video_V_strb_V, i1 %s_axis_video_V_user_V, i1 %s_axis_video_V_last_V, i1 %s_axis_video_V_id_V, i1 %s_axis_video_V_dest_V, i10 %imgBayer, i32 4294967295, i10 %s_axis_video_V_data_V, i2 %s_axis_video_V_keep_V, i2 %s_axis_video_V_strb_V, i1 %s_axis_video_V_user_V, i1 %s_axis_video_V_last_V, i1 %s_axis_video_V_id_V, i1 %s_axis_video_V_dest_V, i32 0" [C:/github/zybo_z7_cam_rpi_v2_5mp_hdmi/zybo_z7_imx219/zybo_z7_imx219.runs/design_1_v_demosaic_0_0_synth_1/prj/sol/.autopilot/db/v_demosaic.cpp:188]   --->   Operation 52 'fence' 'fence_ln188' <Predicate = true> <Delay = 0.00>
ST_7 : Operation 53 [2/2] (2.09ns)   --->   "%call_ln188 = call void @AXIvideo2MultiBayer_Pipeline_loop_wait_for_eol, i1 %p_4_0_0_0105271_loc_load, i10 %p_0_0_0_097262_loc_load, i1 %and_ln188, i10 %s_axis_video_V_data_V, i2 %s_axis_video_V_keep_V, i2 %s_axis_video_V_strb_V, i1 %s_axis_video_V_user_V, i1 %s_axis_video_V_last_V, i1 %s_axis_video_V_id_V, i1 %s_axis_video_V_dest_V, i1 %p_4_0_0_0105270_lcssa295_loc, i10 %p_0_0_0_097263_lcssa281" [C:/github/zybo_z7_cam_rpi_v2_5mp_hdmi/zybo_z7_imx219/zybo_z7_imx219.runs/design_1_v_demosaic_0_0_synth_1/prj/sol/.autopilot/db/v_demosaic.cpp:188]   --->   Operation 53 'call' 'call_ln188' <Predicate = true> <Delay = 2.09> <CoreType = "Generic">   --->   Generic Core

State 8 <SV = 7> <Delay = 3.17>
ST_8 : Operation 54 [1/2] (3.17ns)   --->   "%call_ln188 = call void @AXIvideo2MultiBayer_Pipeline_loop_wait_for_eol, i1 %p_4_0_0_0105271_loc_load, i10 %p_0_0_0_097262_loc_load, i1 %and_ln188, i10 %s_axis_video_V_data_V, i2 %s_axis_video_V_keep_V, i2 %s_axis_video_V_strb_V, i1 %s_axis_video_V_user_V, i1 %s_axis_video_V_last_V, i1 %s_axis_video_V_id_V, i1 %s_axis_video_V_dest_V, i1 %p_4_0_0_0105270_lcssa295_loc, i10 %p_0_0_0_097263_lcssa281" [C:/github/zybo_z7_cam_rpi_v2_5mp_hdmi/zybo_z7_imx219/zybo_z7_imx219.runs/design_1_v_demosaic_0_0_synth_1/prj/sol/.autopilot/db/v_demosaic.cpp:188]   --->   Operation 54 'call' 'call_ln188' <Predicate = true> <Delay = 3.17> <CoreType = "Generic">   --->   Generic Core

State 9 <SV = 8> <Delay = 0.00>
ST_9 : Operation 55 [1/1] (0.00ns)   --->   "%specloopname_ln163 = specloopname void @_ssdm_op_SpecLoopName, void @empty_21" [C:/github/zybo_z7_cam_rpi_v2_5mp_hdmi/zybo_z7_imx219/zybo_z7_imx219.runs/design_1_v_demosaic_0_0_synth_1/prj/sol/.autopilot/db/v_demosaic.cpp:163]   --->   Operation 55 'specloopname' 'specloopname_ln163' <Predicate = true> <Delay = 0.00>
ST_9 : Operation 56 [1/1] (0.00ns)   --->   "%p_4_0_0_0105270_lcssa295_loc_load = load i1 %p_4_0_0_0105270_lcssa295_loc"   --->   Operation 56 'load' 'p_4_0_0_0105270_lcssa295_loc_load' <Predicate = true> <Delay = 0.00>
ST_9 : Operation 57 [1/1] (0.00ns)   --->   "%br_ln163 = br void %loop_width" [C:/github/zybo_z7_cam_rpi_v2_5mp_hdmi/zybo_z7_imx219/zybo_z7_imx219.runs/design_1_v_demosaic_0_0_synth_1/prj/sol/.autopilot/db/v_demosaic.cpp:163]   --->   Operation 57 'br' 'br_ln163' <Predicate = true> <Delay = 0.00>


============================================================
+ Verbose Summary: Binding
============================================================
STG Binding: 
---------------- STG Properties BEGIN ----------------
- Is combinational: 0
- Is one-state seq: 0
- Is datapath-only: 0
- Is pipelined: 0
- Is top level: 0
Port [ Return ] is wired: 1; IO mode=ap_ctrl_hs:ce=0
Port [ s_axis_video_V_data_V]:  wired=1; compound=1; hidden=0; nouse=0; global=0; static=0; extern=0; dir=0; type=0; pingpong=0; private_global=0; IO mode=axis:ce=0
Port [ s_axis_video_V_keep_V]:  wired=1; compound=1; hidden=0; nouse=0; global=0; static=0; extern=0; dir=0; type=0; pingpong=0; private_global=0; IO mode=axis:ce=0
Port [ s_axis_video_V_strb_V]:  wired=1; compound=1; hidden=0; nouse=0; global=0; static=0; extern=0; dir=0; type=0; pingpong=0; private_global=0; IO mode=axis:ce=0
Port [ s_axis_video_V_user_V]:  wired=1; compound=1; hidden=0; nouse=0; global=0; static=0; extern=0; dir=0; type=0; pingpong=0; private_global=0; IO mode=axis:ce=0
Port [ s_axis_video_V_last_V]:  wired=1; compound=1; hidden=0; nouse=0; global=0; static=0; extern=0; dir=0; type=0; pingpong=0; private_global=0; IO mode=axis:ce=0
Port [ s_axis_video_V_id_V]:  wired=1; compound=1; hidden=0; nouse=0; global=0; static=0; extern=0; dir=0; type=0; pingpong=0; private_global=0; IO mode=axis:ce=0
Port [ s_axis_video_V_dest_V]:  wired=1; compound=1; hidden=0; nouse=0; global=0; static=0; extern=0; dir=0; type=0; pingpong=0; private_global=0; IO mode=axis:ce=0
Port [ imgBayer]:  wired=1; compound=1; hidden=0; nouse=0; global=0; static=0; extern=0; dir=1; type=3; pingpong=0; private_global=0; IO mode=ap_fifo:ce=0
Port [ Height_val]:  wired=1; compound=0; hidden=0; nouse=0; global=0; static=0; extern=0; dir=0; type=0; pingpong=0; private_global=0; IO mode=ap_none:ce=0
Port [ WidthIn_val]:  wired=1; compound=0; hidden=0; nouse=0; global=0; static=0; extern=0; dir=0; type=0; pingpong=0; private_global=0; IO mode=ap_none:ce=0
---------------- STG Properties END ------------------

---------------- Datapath Model BEGIN ----------------

<LifeTime>
<method=bitvector/>
i                                 (alloca             ) [ 0111111111]
p_0_0_0_097263_lcssa281           (alloca             ) [ 0011111111]
p_4_0_0_0105270_lcssa295_loc      (alloca             ) [ 0011111111]
p_0_0_0_097262_loc                (alloca             ) [ 0011111111]
p_4_0_0_0105271_loc               (alloca             ) [ 0011111111]
axi_last_loc                      (alloca             ) [ 0011100000]
store_ln163                       (store              ) [ 0000000000]
WidthIn_val_read                  (read               ) [ 0000000000]
Height_val_read                   (read               ) [ 0000000000]
empty                             (trunc              ) [ 0000000000]
empty_180                         (trunc              ) [ 0000000000]
call_ln0                          (call               ) [ 0000000000]
specaxissidechannel_ln0           (specaxissidechannel) [ 0000000000]
specinterface_ln0                 (specinterface      ) [ 0000000000]
specinterface_ln0                 (specinterface      ) [ 0000000000]
rows                              (call               ) [ 0000011111]
cols                              (call               ) [ 0000011111]
fence_ln153                       (fence              ) [ 0000000000]
axi_last_loc_load                 (load               ) [ 0000111111]
icmp_ln166                        (icmp               ) [ 0000011111]
xor_ln188                         (xor                ) [ 0000011111]
br_ln163                          (br                 ) [ 0000111111]
p_4_0_0_0105270_lcssa297          (phi                ) [ 0000011000]
sof                               (phi                ) [ 0000011000]
i_3                               (load               ) [ 0000000000]
icmp_ln163                        (icmp               ) [ 0000011111]
speclooptripcount_ln0             (speclooptripcount  ) [ 0000000000]
i_4                               (add                ) [ 0000000000]
br_ln163                          (br                 ) [ 0000000000]
p_0_0_0_097263_lcssa281_load      (load               ) [ 0000001000]
and_ln188_1                       (and                ) [ 0000111111]
store_ln163                       (store              ) [ 0000000000]
ret_ln0                           (ret                ) [ 0000000000]
call_ln188                        (call               ) [ 0000000000]
fence_ln188                       (fence              ) [ 0000000000]
p_4_0_0_0105271_loc_load          (load               ) [ 0000000010]
p_0_0_0_097262_loc_load           (load               ) [ 0000000010]
and_ln188                         (and                ) [ 0000000010]
fence_ln188                       (fence              ) [ 0000000000]
call_ln188                        (call               ) [ 0000000000]
specloopname_ln163                (specloopname       ) [ 0000000000]
p_4_0_0_0105270_lcssa295_loc_load (load               ) [ 0000111111]
br_ln163                          (br                 ) [ 0000111111]
</LifeTime>

<model>

<comp_list>
<comp id="0" class="1000" name="s_axis_video_V_data_V">
<pin_list>
<pin id="1" dir="1" index="0" bw="1" slack="0"/>
</pin_list>
<bind>
<StgValue><ssdm name="s_axis_video_V_data_V"/></StgValue>
</bind>
</comp>

<comp id="2" class="1000" name="s_axis_video_V_keep_V">
<pin_list>
<pin id="3" dir="1" index="0" bw="1" slack="0"/>
</pin_list>
<bind>
<StgValue><ssdm name="s_axis_video_V_keep_V"/></StgValue>
</bind>
</comp>

<comp id="4" class="1000" name="s_axis_video_V_strb_V">
<pin_list>
<pin id="5" dir="1" index="0" bw="1" slack="0"/>
</pin_list>
<bind>
<StgValue><ssdm name="s_axis_video_V_strb_V"/></StgValue>
</bind>
</comp>

<comp id="6" class="1000" name="s_axis_video_V_user_V">
<pin_list>
<pin id="7" dir="1" index="0" bw="1" slack="0"/>
</pin_list>
<bind>
<StgValue><ssdm name="s_axis_video_V_user_V"/></StgValue>
</bind>
</comp>

<comp id="8" class="1000" name="s_axis_video_V_last_V">
<pin_list>
<pin id="9" dir="1" index="0" bw="1" slack="0"/>
</pin_list>
<bind>
<StgValue><ssdm name="s_axis_video_V_last_V"/></StgValue>
</bind>
</comp>

<comp id="10" class="1000" name="s_axis_video_V_id_V">
<pin_list>
<pin id="11" dir="1" index="0" bw="1" slack="0"/>
</pin_list>
<bind>
<StgValue><ssdm name="s_axis_video_V_id_V"/></StgValue>
</bind>
</comp>

<comp id="12" class="1000" name="s_axis_video_V_dest_V">
<pin_list>
<pin id="13" dir="1" index="0" bw="1" slack="0"/>
</pin_list>
<bind>
<StgValue><ssdm name="s_axis_video_V_dest_V"/></StgValue>
</bind>
</comp>

<comp id="14" class="1000" name="imgBayer">
<pin_list>
<pin id="15" dir="1" index="0" bw="1" slack="0"/>
</pin_list>
<bind>
<StgValue><ssdm name="imgBayer"/></StgValue>
</bind>
</comp>

<comp id="16" class="1000" name="Height_val">
<pin_list>
<pin id="17" dir="1" index="0" bw="1" slack="0"/>
</pin_list>
<bind>
<StgValue><ssdm name="Height_val"/></StgValue>
</bind>
</comp>

<comp id="18" class="1000" name="WidthIn_val">
<pin_list>
<pin id="19" dir="1" index="0" bw="1" slack="0"/>
</pin_list>
<bind>
<StgValue><ssdm name="WidthIn_val"/></StgValue>
</bind>
</comp>

<comp id="20" class="1001" name="const_20">
<pin_list>
<pin id="21" dir="1" index="0" bw="1" slack="0"/>
</pin_list>
<bind>
<StgValue><ssdm name=""/></StgValue>
</bind>
</comp>

<comp id="22" class="1001" name="const_22">
<pin_list>
<pin id="23" dir="1" index="0" bw="1" slack="0"/>
</pin_list>
<bind>
<StgValue><ssdm name=""/></StgValue>
</bind>
</comp>

<comp id="24" class="1001" name="const_24">
<pin_list>
<pin id="25" dir="1" index="0" bw="1" slack="0"/>
</pin_list>
<bind>
<StgValue><ssdm name=""/></StgValue>
</bind>
</comp>

<comp id="26" class="1001" name="const_26">
<pin_list>
<pin id="27" dir="1" index="0" bw="1" slack="0"/>
</pin_list>
<bind>
<StgValue><ssdm name="AXIvideo2MultiBayer_Pipeline_loop_wait_for_start"/></StgValue>
</bind>
</comp>

<comp id="28" class="1001" name="const_28">
<pin_list>
<pin id="29" dir="1" index="0" bw="1" slack="0"/>
</pin_list>
<bind>
<StgValue><ssdm name="_ssdm_op_Read.ap_auto.i16"/></StgValue>
</bind>
</comp>

<comp id="30" class="1001" name="const_30">
<pin_list>
<pin id="31" dir="1" index="0" bw="1" slack="0"/>
</pin_list>
<bind>
<StgValue><ssdm name="reg<unsigned short>"/></StgValue>
</bind>
</comp>

<comp id="32" class="1001" name="const_32">
<pin_list>
<pin id="33" dir="1" index="0" bw="1" slack="2147483647"/>
</pin_list>
<bind>
<StgValue><ssdm name="_ssdm_op_SpecAXISSideChannel"/></StgValue>
</bind>
</comp>

<comp id="34" class="1001" name="const_34">
<pin_list>
<pin id="35" dir="1" index="0" bw="1" slack="2147483647"/>
</pin_list>
<bind>
<StgValue><ssdm name="empty_23"/></StgValue>
</bind>
</comp>

<comp id="36" class="1001" name="const_36">
<pin_list>
<pin id="37" dir="1" index="0" bw="1" slack="2147483647"/>
</pin_list>
<bind>
<StgValue><ssdm name="_ssdm_op_SpecInterface"/></StgValue>
</bind>
</comp>

<comp id="38" class="1001" name="const_38">
<pin_list>
<pin id="39" dir="1" index="0" bw="1" slack="2147483647"/>
</pin_list>
<bind>
<StgValue><ssdm name="empty_20"/></StgValue>
</bind>
</comp>

<comp id="40" class="1001" name="const_40">
<pin_list>
<pin id="41" dir="1" index="0" bw="1" slack="0"/>
</pin_list>
<bind>
<StgValue><ssdm name=""/></StgValue>
</bind>
</comp>

<comp id="42" class="1001" name="const_42">
<pin_list>
<pin id="43" dir="1" index="0" bw="1" slack="2147483647"/>
</pin_list>
<bind>
<StgValue><ssdm name="empty_14"/></StgValue>
</bind>
</comp>

<comp id="44" class="1001" name="const_44">
<pin_list>
<pin id="45" dir="1" index="0" bw="1" slack="0"/>
</pin_list>
<bind>
<StgValue><ssdm name=""/></StgValue>
</bind>
</comp>

<comp id="46" class="1001" name="const_46">
<pin_list>
<pin id="47" dir="1" index="0" bw="1" slack="2147483647"/>
</pin_list>
<bind>
<StgValue><ssdm name="empty_19"/></StgValue>
</bind>
</comp>

<comp id="48" class="1001" name="const_48">
<pin_list>
<pin id="49" dir="1" index="0" bw="1" slack="2147483647"/>
</pin_list>
<bind>
<StgValue><ssdm name="empty_12"/></StgValue>
</bind>
</comp>

<comp id="50" class="1001" name="const_50">
<pin_list>
<pin id="51" dir="1" index="0" bw="1" slack="0"/>
</pin_list>
<bind>
<StgValue><ssdm name="_ssdm_op_Fence"/></StgValue>
</bind>
</comp>

<comp id="52" class="1001" name="const_52">
<pin_list>
<pin id="53" dir="1" index="0" bw="1" slack="0"/>
</pin_list>
<bind>
<StgValue><ssdm name=""/></StgValue>
</bind>
</comp>

<comp id="54" class="1001" name="const_54">
<pin_list>
<pin id="55" dir="1" index="0" bw="1" slack="2147483647"/>
</pin_list>
<bind>
<StgValue><ssdm name="_ssdm_op_SpecLoopTripCount"/></StgValue>
</bind>
</comp>

<comp id="56" class="1001" name="const_56">
<pin_list>
<pin id="57" dir="1" index="0" bw="1" slack="2147483647"/>
</pin_list>
<bind>
<StgValue><ssdm name=""/></StgValue>
</bind>
</comp>

<comp id="58" class="1001" name="const_58">
<pin_list>
<pin id="59" dir="1" index="0" bw="1" slack="2147483647"/>
</pin_list>
<bind>
<StgValue><ssdm name=""/></StgValue>
</bind>
</comp>

<comp id="60" class="1001" name="const_60">
<pin_list>
<pin id="61" dir="1" index="0" bw="1" slack="0"/>
</pin_list>
<bind>
<StgValue><ssdm name=""/></StgValue>
</bind>
</comp>

<comp id="62" class="1001" name="const_62">
<pin_list>
<pin id="63" dir="1" index="0" bw="1" slack="0"/>
</pin_list>
<bind>
<StgValue><ssdm name="AXIvideo2MultiBayer_Pipeline_loop_width"/></StgValue>
</bind>
</comp>

<comp id="64" class="1001" name="const_64">
<pin_list>
<pin id="65" dir="1" index="0" bw="1" slack="0"/>
</pin_list>
<bind>
<StgValue><ssdm name="AXIvideo2MultiBayer_Pipeline_loop_wait_for_eol"/></StgValue>
</bind>
</comp>

<comp id="66" class="1001" name="const_66">
<pin_list>
<pin id="67" dir="1" index="0" bw="1" slack="2147483647"/>
</pin_list>
<bind>
<StgValue><ssdm name="_ssdm_op_SpecLoopName"/></StgValue>
</bind>
</comp>

<comp id="68" class="1001" name="const_68">
<pin_list>
<pin id="69" dir="1" index="0" bw="1" slack="2147483647"/>
</pin_list>
<bind>
<StgValue><ssdm name="empty_21"/></StgValue>
</bind>
</comp>

<comp id="70" class="1004" name="i_fu_70">
<pin_list>
<pin id="71" dir="0" index="0" bw="1" slack="0"/>
<pin id="72" dir="1" index="1" bw="11" slack="0"/>
</pin_list>
<bind>
<opcode="alloca(26) " fcode="alloca"/>
<opset="i/1 "/>
</bind>
</comp>

<comp id="74" class="1004" name="p_0_0_0_097263_lcssa281_fu_74">
<pin_list>
<pin id="75" dir="0" index="0" bw="1" slack="0"/>
<pin id="76" dir="1" index="1" bw="10" slack="1"/>
</pin_list>
<bind>
<opcode="alloca(26) " fcode="alloca"/>
<opset="p_0_0_0_097263_lcssa281/1 "/>
</bind>
</comp>

<comp id="78" class="1004" name="p_4_0_0_0105270_lcssa295_loc_fu_78">
<pin_list>
<pin id="79" dir="0" index="0" bw="1" slack="0"/>
<pin id="80" dir="1" index="1" bw="1" slack="6"/>
</pin_list>
<bind>
<opcode="alloca(26) " fcode="alloca"/>
<opset="p_4_0_0_0105270_lcssa295_loc/1 "/>
</bind>
</comp>

<comp id="82" class="1004" name="p_0_0_0_097262_loc_fu_82">
<pin_list>
<pin id="83" dir="0" index="0" bw="1" slack="0"/>
<pin id="84" dir="1" index="1" bw="10" slack="4"/>
</pin_list>
<bind>
<opcode="alloca(26) " fcode="alloca"/>
<opset="p_0_0_0_097262_loc/1 "/>
</bind>
</comp>

<comp id="86" class="1004" name="p_4_0_0_0105271_loc_fu_86">
<pin_list>
<pin id="87" dir="0" index="0" bw="1" slack="0"/>
<pin id="88" dir="1" index="1" bw="1" slack="4"/>
</pin_list>
<bind>
<opcode="alloca(26) " fcode="alloca"/>
<opset="p_4_0_0_0105271_loc/1 "/>
</bind>
</comp>

<comp id="90" class="1004" name="axi_last_loc_fu_90">
<pin_list>
<pin id="91" dir="0" index="0" bw="1" slack="0"/>
<pin id="92" dir="1" index="1" bw="1" slack="1"/>
</pin_list>
<bind>
<opcode="alloca(26) " fcode="alloca"/>
<opset="axi_last_loc/1 "/>
</bind>
</comp>

<comp id="94" class="1004" name="WidthIn_val_read_read_fu_94">
<pin_list>
<pin id="95" dir="0" index="0" bw="16" slack="0"/>
<pin id="96" dir="0" index="1" bw="16" slack="0"/>
<pin id="97" dir="1" index="2" bw="16" slack="0"/>
</pin_list>
<bind>
<opcode="read(1150) " fcode="read"/>
<opset="WidthIn_val_read/3 "/>
</bind>
</comp>

<comp id="100" class="1004" name="Height_val_read_read_fu_100">
<pin_list>
<pin id="101" dir="0" index="0" bw="16" slack="0"/>
<pin id="102" dir="0" index="1" bw="16" slack="0"/>
<pin id="103" dir="1" index="2" bw="16" slack="0"/>
</pin_list>
<bind>
<opcode="read(1150) " fcode="read"/>
<opset="Height_val_read/3 "/>
</bind>
</comp>

<comp id="106" class="1005" name="p_4_0_0_0105270_lcssa297_reg_106">
<pin_list>
<pin id="107" dir="0" index="0" bw="1" slack="1"/>
<pin id="108" dir="1" index="1" bw="1" slack="2147483647"/>
</pin_list>
<bind>
<opset="p_4_0_0_0105270_lcssa297 (phireg) "/>
</bind>
</comp>

<comp id="109" class="1004" name="p_4_0_0_0105270_lcssa297_phi_fu_109">
<pin_list>
<pin id="110" dir="0" index="0" bw="1" slack="2147483647"/>
<pin id="111" dir="0" index="1" bw="0" slack="2147483647"/>
<pin id="112" dir="0" index="2" bw="1" slack="2147483647"/>
<pin id="113" dir="0" index="3" bw="0" slack="2147483647"/>
<pin id="114" dir="1" index="4" bw="1" slack="0"/>
</pin_list>
<bind>
<opcode="phi(47) " fcode="phi"/>
<opset="p_4_0_0_0105270_lcssa297/5 "/>
</bind>
</comp>

<comp id="116" class="1005" name="sof_reg_116">
<pin_list>
<pin id="117" dir="0" index="0" bw="1" slack="1"/>
<pin id="118" dir="1" index="1" bw="1" slack="1"/>
</pin_list>
<bind>
<opset="sof (phireg) "/>
</bind>
</comp>

<comp id="120" class="1004" name="sof_phi_fu_120">
<pin_list>
<pin id="121" dir="0" index="0" bw="1" slack="1"/>
<pin id="122" dir="0" index="1" bw="0" slack="2147483647"/>
<pin id="123" dir="0" index="2" bw="1" slack="0"/>
<pin id="124" dir="0" index="3" bw="0" slack="2147483647"/>
<pin id="125" dir="1" index="4" bw="1" slack="0"/>
</pin_list>
<bind>
<opcode="phi(47) " fcode="phi"/>
<opset="sof/5 "/>
</bind>
</comp>

<comp id="128" class="1004" name="grp_AXIvideo2MultiBayer_Pipeline_loop_wait_for_start_fu_128">
<pin_list>
<pin id="129" dir="0" index="0" bw="0" slack="0"/>
<pin id="130" dir="0" index="1" bw="10" slack="0"/>
<pin id="131" dir="0" index="2" bw="2" slack="0"/>
<pin id="132" dir="0" index="3" bw="2" slack="0"/>
<pin id="133" dir="0" index="4" bw="1" slack="0"/>
<pin id="134" dir="0" index="5" bw="1" slack="0"/>
<pin id="135" dir="0" index="6" bw="1" slack="0"/>
<pin id="136" dir="0" index="7" bw="1" slack="0"/>
<pin id="137" dir="0" index="8" bw="1" slack="1"/>
<pin id="138" dir="0" index="9" bw="10" slack="1"/>
<pin id="139" dir="1" index="10" bw="0" slack="2147483647"/>
</pin_list>
<bind>
<opcode="call(48) " fcode="call"/>
<opset="call_ln0/2 "/>
</bind>
</comp>

<comp id="148" class="1004" name="grp_AXIvideo2MultiBayer_Pipeline_loop_width_fu_148">
<pin_list>
<pin id="149" dir="0" index="0" bw="0" slack="0"/>
<pin id="150" dir="0" index="1" bw="1" slack="0"/>
<pin id="151" dir="0" index="2" bw="10" slack="0"/>
<pin id="152" dir="0" index="3" bw="1" slack="0"/>
<pin id="153" dir="0" index="4" bw="11" slack="1"/>
<pin id="154" dir="0" index="5" bw="10" slack="0"/>
<pin id="155" dir="0" index="6" bw="10" slack="0"/>
<pin id="156" dir="0" index="7" bw="2" slack="0"/>
<pin id="157" dir="0" index="8" bw="2" slack="0"/>
<pin id="158" dir="0" index="9" bw="1" slack="0"/>
<pin id="159" dir="0" index="10" bw="1" slack="0"/>
<pin id="160" dir="0" index="11" bw="1" slack="0"/>
<pin id="161" dir="0" index="12" bw="1" slack="0"/>
<pin id="162" dir="0" index="13" bw="1" slack="4"/>
<pin id="163" dir="0" index="14" bw="10" slack="4"/>
<pin id="164" dir="1" index="15" bw="0" slack="2147483647"/>
</pin_list>
<bind>
<opcode="call(48) " fcode="call"/>
<opset="call_ln188/5 "/>
</bind>
</comp>

<comp id="176" class="1004" name="grp_AXIvideo2MultiBayer_Pipeline_loop_wait_for_eol_fu_176">
<pin_list>
<pin id="177" dir="0" index="0" bw="0" slack="0"/>
<pin id="178" dir="0" index="1" bw="1" slack="0"/>
<pin id="179" dir="0" index="2" bw="10" slack="0"/>
<pin id="180" dir="0" index="3" bw="1" slack="0"/>
<pin id="181" dir="0" index="4" bw="10" slack="0"/>
<pin id="182" dir="0" index="5" bw="2" slack="0"/>
<pin id="183" dir="0" index="6" bw="2" slack="0"/>
<pin id="184" dir="0" index="7" bw="1" slack="0"/>
<pin id="185" dir="0" index="8" bw="1" slack="0"/>
<pin id="186" dir="0" index="9" bw="1" slack="0"/>
<pin id="187" dir="0" index="10" bw="1" slack="0"/>
<pin id="188" dir="0" index="11" bw="1" slack="6"/>
<pin id="189" dir="0" index="12" bw="10" slack="6"/>
<pin id="190" dir="1" index="13" bw="0" slack="2147483647"/>
</pin_list>
<bind>
<opcode="call(48) " fcode="call"/>
<opset="call_ln188/7 "/>
</bind>
</comp>

<comp id="199" class="1004" name="store_ln163_store_fu_199">
<pin_list>
<pin id="200" dir="0" index="0" bw="1" slack="0"/>
<pin id="201" dir="0" index="1" bw="11" slack="0"/>
<pin id="202" dir="1" index="2" bw="0" slack="2147483647"/>
</pin_list>
<bind>
<opcode="store(28) " fcode="store"/>
<opset="store_ln163/1 "/>
</bind>
</comp>

<comp id="204" class="1004" name="empty_fu_204">
<pin_list>
<pin id="205" dir="0" index="0" bw="16" slack="0"/>
<pin id="206" dir="1" index="1" bw="11" slack="0"/>
</pin_list>
<bind>
<opcode="trunc(33) " fcode="trunc"/>
<opset="empty/3 "/>
</bind>
</comp>

<comp id="208" class="1004" name="empty_180_fu_208">
<pin_list>
<pin id="209" dir="0" index="0" bw="16" slack="0"/>
<pin id="210" dir="1" index="1" bw="11" slack="0"/>
</pin_list>
<bind>
<opcode="trunc(33) " fcode="trunc"/>
<opset="empty_180/3 "/>
</bind>
</comp>

<comp id="212" class="1004" name="grp_reg_unsigned_short_s_fu_212">
<pin_list>
<pin id="213" dir="0" index="0" bw="11" slack="0"/>
<pin id="214" dir="0" index="1" bw="11" slack="0"/>
<pin id="215" dir="1" index="2" bw="11" slack="1"/>
</pin_list>
<bind>
<opcode="call(48) " fcode="call"/>
<opset="rows/3 "/>
</bind>
</comp>

<comp id="218" class="1004" name="grp_reg_unsigned_short_s_fu_218">
<pin_list>
<pin id="219" dir="0" index="0" bw="11" slack="0"/>
<pin id="220" dir="0" index="1" bw="11" slack="0"/>
<pin id="221" dir="1" index="2" bw="11" slack="0"/>
</pin_list>
<bind>
<opcode="call(48) " fcode="call"/>
<opset="cols/3 "/>
</bind>
</comp>

<comp id="224" class="1004" name="fence_ln153_fu_224">
<pin_list>
<pin id="225" dir="0" index="0" bw="0" slack="0"/>
<pin id="226" dir="0" index="1" bw="10" slack="0"/>
<pin id="227" dir="0" index="2" bw="2" slack="0"/>
<pin id="228" dir="0" index="3" bw="2" slack="0"/>
<pin id="229" dir="0" index="4" bw="1" slack="0"/>
<pin id="230" dir="0" index="5" bw="1" slack="0"/>
<pin id="231" dir="0" index="6" bw="1" slack="0"/>
<pin id="232" dir="0" index="7" bw="1" slack="0"/>
<pin id="233" dir="0" index="8" bw="1" slack="0"/>
<pin id="234" dir="0" index="9" bw="10" slack="0"/>
<pin id="235" dir="0" index="10" bw="2" slack="0"/>
<pin id="236" dir="0" index="11" bw="2" slack="0"/>
<pin id="237" dir="0" index="12" bw="1" slack="0"/>
<pin id="238" dir="0" index="13" bw="1" slack="0"/>
<pin id="239" dir="0" index="14" bw="1" slack="0"/>
<pin id="240" dir="0" index="15" bw="1" slack="0"/>
<pin id="241" dir="0" index="16" bw="10" slack="0"/>
<pin id="242" dir="0" index="17" bw="1" slack="0"/>
<pin id="243" dir="1" index="18" bw="0" slack="2147483647"/>
</pin_list>
<bind>
<opcode="fence(30) " fcode="fence"/>
<opset="fence_ln153/4 "/>
</bind>
</comp>

<comp id="262" class="1004" name="axi_last_loc_load_load_fu_262">
<pin_list>
<pin id="263" dir="0" index="0" bw="1" slack="3"/>
<pin id="264" dir="1" index="1" bw="1" slack="2147483647"/>
</pin_list>
<bind>
<opcode="load(27) " fcode="load"/>
<opset="axi_last_loc_load/4 "/>
</bind>
</comp>

<comp id="265" class="1004" name="icmp_ln166_fu_265">
<pin_list>
<pin id="266" dir="0" index="0" bw="11" slack="0"/>
<pin id="267" dir="0" index="1" bw="11" slack="0"/>
<pin id="268" dir="1" index="2" bw="1" slack="0"/>
</pin_list>
<bind>
<opcode="icmp(45) " fcode="icmp"/>
<opset="icmp_ln166/4 "/>
</bind>
</comp>

<comp id="271" class="1004" name="xor_ln188_fu_271">
<pin_list>
<pin id="272" dir="0" index="0" bw="1" slack="0"/>
<pin id="273" dir="0" index="1" bw="1" slack="0"/>
<pin id="274" dir="1" index="2" bw="1" slack="1"/>
</pin_list>
<bind>
<opcode="xor(25) " fcode="xor"/>
<opset="xor_ln188/4 "/>
</bind>
</comp>

<comp id="277" class="1004" name="i_3_load_fu_277">
<pin_list>
<pin id="278" dir="0" index="0" bw="11" slack="4"/>
<pin id="279" dir="1" index="1" bw="11" slack="0"/>
</pin_list>
<bind>
<opcode="load(27) " fcode="load"/>
<opset="i_3/5 "/>
</bind>
</comp>

<comp id="280" class="1004" name="icmp_ln163_fu_280">
<pin_list>
<pin id="281" dir="0" index="0" bw="11" slack="0"/>
<pin id="282" dir="0" index="1" bw="11" slack="1"/>
<pin id="283" dir="1" index="2" bw="1" slack="2147483647"/>
</pin_list>
<bind>
<opcode="icmp(45) " fcode="icmp"/>
<opset="icmp_ln163/5 "/>
</bind>
</comp>

<comp id="285" class="1004" name="i_4_fu_285">
<pin_list>
<pin id="286" dir="0" index="0" bw="11" slack="0"/>
<pin id="287" dir="0" index="1" bw="1" slack="0"/>
<pin id="288" dir="1" index="2" bw="11" slack="0"/>
</pin_list>
<bind>
<opcode="add(8) " fcode="add"/>
<opset="i_4/5 "/>
</bind>
</comp>

<comp id="291" class="1004" name="p_0_0_0_097263_lcssa281_load_load_fu_291">
<pin_list>
<pin id="292" dir="0" index="0" bw="10" slack="4"/>
<pin id="293" dir="1" index="1" bw="10" slack="0"/>
</pin_list>
<bind>
<opcode="load(27) " fcode="load"/>
<opset="p_0_0_0_097263_lcssa281_load/5 "/>
</bind>
</comp>

<comp id="295" class="1004" name="and_ln188_1_fu_295">
<pin_list>
<pin id="296" dir="0" index="0" bw="1" slack="0"/>
<pin id="297" dir="0" index="1" bw="1" slack="1"/>
<pin id="298" dir="1" index="2" bw="1" slack="0"/>
</pin_list>
<bind>
<opcode="and(23) " fcode="and"/>
<opset="and_ln188_1/5 "/>
</bind>
</comp>

<comp id="300" class="1004" name="store_ln163_store_fu_300">
<pin_list>
<pin id="301" dir="0" index="0" bw="11" slack="0"/>
<pin id="302" dir="0" index="1" bw="11" slack="4"/>
<pin id="303" dir="1" index="2" bw="0" slack="2147483647"/>
</pin_list>
<bind>
<opcode="store(28) " fcode="store"/>
<opset="store_ln163/5 "/>
</bind>
</comp>

<comp id="305" class="1004" name="fence_ln188_fu_305">
<pin_list>
<pin id="306" dir="0" index="0" bw="0" slack="0"/>
<pin id="307" dir="0" index="1" bw="10" slack="0"/>
<pin id="308" dir="0" index="2" bw="2" slack="0"/>
<pin id="309" dir="0" index="3" bw="2" slack="0"/>
<pin id="310" dir="0" index="4" bw="1" slack="0"/>
<pin id="311" dir="0" index="5" bw="1" slack="0"/>
<pin id="312" dir="0" index="6" bw="1" slack="0"/>
<pin id="313" dir="0" index="7" bw="1" slack="0"/>
<pin id="314" dir="0" index="8" bw="10" slack="0"/>
<pin id="315" dir="0" index="9" bw="1" slack="0"/>
<pin id="316" dir="0" index="10" bw="10" slack="0"/>
<pin id="317" dir="0" index="11" bw="2" slack="0"/>
<pin id="318" dir="0" index="12" bw="2" slack="0"/>
<pin id="319" dir="0" index="13" bw="1" slack="0"/>
<pin id="320" dir="0" index="14" bw="1" slack="0"/>
<pin id="321" dir="0" index="15" bw="1" slack="0"/>
<pin id="322" dir="0" index="16" bw="1" slack="0"/>
<pin id="323" dir="0" index="17" bw="1" slack="0"/>
<pin id="324" dir="1" index="18" bw="0" slack="2147483647"/>
</pin_list>
<bind>
<opcode="fence(30) " fcode="fence"/>
<opset="fence_ln188/7 "/>
</bind>
</comp>

<comp id="343" class="1004" name="p_4_0_0_0105271_loc_load_load_fu_343">
<pin_list>
<pin id="344" dir="0" index="0" bw="1" slack="6"/>
<pin id="345" dir="1" index="1" bw="1" slack="0"/>
</pin_list>
<bind>
<opcode="load(27) " fcode="load"/>
<opset="p_4_0_0_0105271_loc_load/7 "/>
</bind>
</comp>

<comp id="347" class="1004" name="p_0_0_0_097262_loc_load_load_fu_347">
<pin_list>
<pin id="348" dir="0" index="0" bw="10" slack="6"/>
<pin id="349" dir="1" index="1" bw="10" slack="0"/>
</pin_list>
<bind>
<opcode="load(27) " fcode="load"/>
<opset="p_0_0_0_097262_loc_load/7 "/>
</bind>
</comp>

<comp id="351" class="1004" name="and_ln188_fu_351">
<pin_list>
<pin id="352" dir="0" index="0" bw="1" slack="3"/>
<pin id="353" dir="0" index="1" bw="1" slack="0"/>
<pin id="354" dir="1" index="2" bw="1" slack="0"/>
</pin_list>
<bind>
<opcode="and(23) " fcode="and"/>
<opset="and_ln188/7 "/>
</bind>
</comp>

<comp id="357" class="1004" name="fence_ln188_fu_357">
<pin_list>
<pin id="358" dir="0" index="0" bw="0" slack="0"/>
<pin id="359" dir="0" index="1" bw="10" slack="0"/>
<pin id="360" dir="0" index="2" bw="2" slack="0"/>
<pin id="361" dir="0" index="3" bw="2" slack="0"/>
<pin id="362" dir="0" index="4" bw="1" slack="0"/>
<pin id="363" dir="0" index="5" bw="1" slack="0"/>
<pin id="364" dir="0" index="6" bw="1" slack="0"/>
<pin id="365" dir="0" index="7" bw="1" slack="0"/>
<pin id="366" dir="0" index="8" bw="10" slack="0"/>
<pin id="367" dir="0" index="9" bw="1" slack="0"/>
<pin id="368" dir="0" index="10" bw="10" slack="0"/>
<pin id="369" dir="0" index="11" bw="2" slack="0"/>
<pin id="370" dir="0" index="12" bw="2" slack="0"/>
<pin id="371" dir="0" index="13" bw="1" slack="0"/>
<pin id="372" dir="0" index="14" bw="1" slack="0"/>
<pin id="373" dir="0" index="15" bw="1" slack="0"/>
<pin id="374" dir="0" index="16" bw="1" slack="0"/>
<pin id="375" dir="0" index="17" bw="1" slack="0"/>
<pin id="376" dir="1" index="18" bw="0" slack="2147483647"/>
</pin_list>
<bind>
<opcode="fence(30) " fcode="fence"/>
<opset="fence_ln188/7 "/>
</bind>
</comp>

<comp id="395" class="1004" name="p_4_0_0_0105270_lcssa295_loc_load_load_fu_395">
<pin_list>
<pin id="396" dir="0" index="0" bw="1" slack="8"/>
<pin id="397" dir="1" index="1" bw="1" slack="2147483647"/>
</pin_list>
<bind>
<opcode="load(27) " fcode="load"/>
<opset="p_4_0_0_0105270_lcssa295_loc_load/9 "/>
</bind>
</comp>

<comp id="398" class="1005" name="i_reg_398">
<pin_list>
<pin id="399" dir="0" index="0" bw="11" slack="0"/>
<pin id="400" dir="1" index="1" bw="11" slack="0"/>
</pin_list>
<bind>
<opset="i "/>
</bind>
</comp>

<comp id="405" class="1005" name="p_0_0_0_097263_lcssa281_reg_405">
<pin_list>
<pin id="406" dir="0" index="0" bw="10" slack="1"/>
<pin id="407" dir="1" index="1" bw="10" slack="1"/>
</pin_list>
<bind>
<opset="p_0_0_0_097263_lcssa281 "/>
</bind>
</comp>

<comp id="412" class="1005" name="p_4_0_0_0105270_lcssa295_loc_reg_412">
<pin_list>
<pin id="413" dir="0" index="0" bw="1" slack="6"/>
<pin id="414" dir="1" index="1" bw="1" slack="6"/>
</pin_list>
<bind>
<opset="p_4_0_0_0105270_lcssa295_loc "/>
</bind>
</comp>

<comp id="418" class="1005" name="p_0_0_0_097262_loc_reg_418">
<pin_list>
<pin id="419" dir="0" index="0" bw="10" slack="4"/>
<pin id="420" dir="1" index="1" bw="10" slack="4"/>
</pin_list>
<bind>
<opset="p_0_0_0_097262_loc "/>
</bind>
</comp>

<comp id="424" class="1005" name="p_4_0_0_0105271_loc_reg_424">
<pin_list>
<pin id="425" dir="0" index="0" bw="1" slack="4"/>
<pin id="426" dir="1" index="1" bw="1" slack="4"/>
</pin_list>
<bind>
<opset="p_4_0_0_0105271_loc "/>
</bind>
</comp>

<comp id="430" class="1005" name="axi_last_loc_reg_430">
<pin_list>
<pin id="431" dir="0" index="0" bw="1" slack="1"/>
<pin id="432" dir="1" index="1" bw="1" slack="1"/>
</pin_list>
<bind>
<opset="axi_last_loc "/>
</bind>
</comp>

<comp id="436" class="1005" name="rows_reg_436">
<pin_list>
<pin id="437" dir="0" index="0" bw="11" slack="1"/>
<pin id="438" dir="1" index="1" bw="11" slack="1"/>
</pin_list>
<bind>
<opset="rows "/>
</bind>
</comp>

<comp id="441" class="1005" name="cols_reg_441">
<pin_list>
<pin id="442" dir="0" index="0" bw="11" slack="1"/>
<pin id="443" dir="1" index="1" bw="11" slack="1"/>
</pin_list>
<bind>
<opset="cols "/>
</bind>
</comp>

<comp id="449" class="1005" name="icmp_ln166_reg_449">
<pin_list>
<pin id="450" dir="0" index="0" bw="1" slack="3"/>
<pin id="451" dir="1" index="1" bw="1" slack="3"/>
</pin_list>
<bind>
<opset="icmp_ln166 "/>
</bind>
</comp>

<comp id="454" class="1005" name="xor_ln188_reg_454">
<pin_list>
<pin id="455" dir="0" index="0" bw="1" slack="1"/>
<pin id="456" dir="1" index="1" bw="1" slack="1"/>
</pin_list>
<bind>
<opset="xor_ln188 "/>
</bind>
</comp>

<comp id="465" class="1005" name="and_ln188_1_reg_465">
<pin_list>
<pin id="466" dir="0" index="0" bw="1" slack="0"/>
<pin id="467" dir="1" index="1" bw="1" slack="0"/>
</pin_list>
<bind>
<opset="and_ln188_1 "/>
</bind>
</comp>

<comp id="476" class="1005" name="and_ln188_reg_476">
<pin_list>
<pin id="477" dir="0" index="0" bw="1" slack="1"/>
<pin id="478" dir="1" index="1" bw="1" slack="1"/>
</pin_list>
<bind>
<opset="and_ln188 "/>
</bind>
</comp>

</comp_list>

<net_list>
<net id="73"><net_src comp="20" pin="0"/><net_sink comp="70" pin=0"/></net>

<net id="77"><net_src comp="20" pin="0"/><net_sink comp="74" pin=0"/></net>

<net id="81"><net_src comp="22" pin="0"/><net_sink comp="78" pin=0"/></net>

<net id="85"><net_src comp="22" pin="0"/><net_sink comp="82" pin=0"/></net>

<net id="89"><net_src comp="22" pin="0"/><net_sink comp="86" pin=0"/></net>

<net id="93"><net_src comp="22" pin="0"/><net_sink comp="90" pin=0"/></net>

<net id="98"><net_src comp="28" pin="0"/><net_sink comp="94" pin=0"/></net>

<net id="99"><net_src comp="18" pin="0"/><net_sink comp="94" pin=1"/></net>

<net id="104"><net_src comp="28" pin="0"/><net_sink comp="100" pin=0"/></net>

<net id="105"><net_src comp="16" pin="0"/><net_sink comp="100" pin=1"/></net>

<net id="115"><net_src comp="109" pin="4"/><net_sink comp="106" pin=0"/></net>

<net id="119"><net_src comp="52" pin="0"/><net_sink comp="116" pin=0"/></net>

<net id="126"><net_src comp="116" pin="1"/><net_sink comp="120" pin=0"/></net>

<net id="127"><net_src comp="120" pin="4"/><net_sink comp="116" pin=0"/></net>

<net id="140"><net_src comp="26" pin="0"/><net_sink comp="128" pin=0"/></net>

<net id="141"><net_src comp="0" pin="0"/><net_sink comp="128" pin=1"/></net>

<net id="142"><net_src comp="2" pin="0"/><net_sink comp="128" pin=2"/></net>

<net id="143"><net_src comp="4" pin="0"/><net_sink comp="128" pin=3"/></net>

<net id="144"><net_src comp="6" pin="0"/><net_sink comp="128" pin=4"/></net>

<net id="145"><net_src comp="8" pin="0"/><net_sink comp="128" pin=5"/></net>

<net id="146"><net_src comp="10" pin="0"/><net_sink comp="128" pin=6"/></net>

<net id="147"><net_src comp="12" pin="0"/><net_sink comp="128" pin=7"/></net>

<net id="165"><net_src comp="62" pin="0"/><net_sink comp="148" pin=0"/></net>

<net id="166"><net_src comp="109" pin="4"/><net_sink comp="148" pin=1"/></net>

<net id="167"><net_src comp="120" pin="4"/><net_sink comp="148" pin=3"/></net>

<net id="168"><net_src comp="14" pin="0"/><net_sink comp="148" pin=5"/></net>

<net id="169"><net_src comp="0" pin="0"/><net_sink comp="148" pin=6"/></net>

<net id="170"><net_src comp="2" pin="0"/><net_sink comp="148" pin=7"/></net>

<net id="171"><net_src comp="4" pin="0"/><net_sink comp="148" pin=8"/></net>

<net id="172"><net_src comp="6" pin="0"/><net_sink comp="148" pin=9"/></net>

<net id="173"><net_src comp="8" pin="0"/><net_sink comp="148" pin=10"/></net>

<net id="174"><net_src comp="10" pin="0"/><net_sink comp="148" pin=11"/></net>

<net id="175"><net_src comp="12" pin="0"/><net_sink comp="148" pin=12"/></net>

<net id="191"><net_src comp="64" pin="0"/><net_sink comp="176" pin=0"/></net>

<net id="192"><net_src comp="0" pin="0"/><net_sink comp="176" pin=4"/></net>

<net id="193"><net_src comp="2" pin="0"/><net_sink comp="176" pin=5"/></net>

<net id="194"><net_src comp="4" pin="0"/><net_sink comp="176" pin=6"/></net>

<net id="195"><net_src comp="6" pin="0"/><net_sink comp="176" pin=7"/></net>

<net id="196"><net_src comp="8" pin="0"/><net_sink comp="176" pin=8"/></net>

<net id="197"><net_src comp="10" pin="0"/><net_sink comp="176" pin=9"/></net>

<net id="198"><net_src comp="12" pin="0"/><net_sink comp="176" pin=10"/></net>

<net id="203"><net_src comp="24" pin="0"/><net_sink comp="199" pin=0"/></net>

<net id="207"><net_src comp="94" pin="2"/><net_sink comp="204" pin=0"/></net>

<net id="211"><net_src comp="100" pin="2"/><net_sink comp="208" pin=0"/></net>

<net id="216"><net_src comp="30" pin="0"/><net_sink comp="212" pin=0"/></net>

<net id="217"><net_src comp="208" pin="1"/><net_sink comp="212" pin=1"/></net>

<net id="222"><net_src comp="30" pin="0"/><net_sink comp="218" pin=0"/></net>

<net id="223"><net_src comp="204" pin="1"/><net_sink comp="218" pin=1"/></net>

<net id="244"><net_src comp="50" pin="0"/><net_sink comp="224" pin=0"/></net>

<net id="245"><net_src comp="0" pin="0"/><net_sink comp="224" pin=1"/></net>

<net id="246"><net_src comp="2" pin="0"/><net_sink comp="224" pin=2"/></net>

<net id="247"><net_src comp="4" pin="0"/><net_sink comp="224" pin=3"/></net>

<net id="248"><net_src comp="6" pin="0"/><net_sink comp="224" pin=4"/></net>

<net id="249"><net_src comp="8" pin="0"/><net_sink comp="224" pin=5"/></net>

<net id="250"><net_src comp="10" pin="0"/><net_sink comp="224" pin=6"/></net>

<net id="251"><net_src comp="12" pin="0"/><net_sink comp="224" pin=7"/></net>

<net id="252"><net_src comp="44" pin="0"/><net_sink comp="224" pin=8"/></net>

<net id="253"><net_src comp="0" pin="0"/><net_sink comp="224" pin=9"/></net>

<net id="254"><net_src comp="2" pin="0"/><net_sink comp="224" pin=10"/></net>

<net id="255"><net_src comp="4" pin="0"/><net_sink comp="224" pin=11"/></net>

<net id="256"><net_src comp="6" pin="0"/><net_sink comp="224" pin=12"/></net>

<net id="257"><net_src comp="8" pin="0"/><net_sink comp="224" pin=13"/></net>

<net id="258"><net_src comp="10" pin="0"/><net_sink comp="224" pin=14"/></net>

<net id="259"><net_src comp="12" pin="0"/><net_sink comp="224" pin=15"/></net>

<net id="260"><net_src comp="14" pin="0"/><net_sink comp="224" pin=16"/></net>

<net id="261"><net_src comp="40" pin="0"/><net_sink comp="224" pin=17"/></net>

<net id="269"><net_src comp="218" pin="2"/><net_sink comp="265" pin=0"/></net>

<net id="270"><net_src comp="24" pin="0"/><net_sink comp="265" pin=1"/></net>

<net id="275"><net_src comp="265" pin="2"/><net_sink comp="271" pin=0"/></net>

<net id="276"><net_src comp="52" pin="0"/><net_sink comp="271" pin=1"/></net>

<net id="284"><net_src comp="277" pin="1"/><net_sink comp="280" pin=0"/></net>

<net id="289"><net_src comp="277" pin="1"/><net_sink comp="285" pin=0"/></net>

<net id="290"><net_src comp="60" pin="0"/><net_sink comp="285" pin=1"/></net>

<net id="294"><net_src comp="291" pin="1"/><net_sink comp="148" pin=2"/></net>

<net id="299"><net_src comp="120" pin="4"/><net_sink comp="295" pin=0"/></net>

<net id="304"><net_src comp="285" pin="2"/><net_sink comp="300" pin=0"/></net>

<net id="325"><net_src comp="50" pin="0"/><net_sink comp="305" pin=0"/></net>

<net id="326"><net_src comp="0" pin="0"/><net_sink comp="305" pin=1"/></net>

<net id="327"><net_src comp="2" pin="0"/><net_sink comp="305" pin=2"/></net>

<net id="328"><net_src comp="4" pin="0"/><net_sink comp="305" pin=3"/></net>

<net id="329"><net_src comp="6" pin="0"/><net_sink comp="305" pin=4"/></net>

<net id="330"><net_src comp="8" pin="0"/><net_sink comp="305" pin=5"/></net>

<net id="331"><net_src comp="10" pin="0"/><net_sink comp="305" pin=6"/></net>

<net id="332"><net_src comp="12" pin="0"/><net_sink comp="305" pin=7"/></net>

<net id="333"><net_src comp="14" pin="0"/><net_sink comp="305" pin=8"/></net>

<net id="334"><net_src comp="44" pin="0"/><net_sink comp="305" pin=9"/></net>

<net id="335"><net_src comp="0" pin="0"/><net_sink comp="305" pin=10"/></net>

<net id="336"><net_src comp="2" pin="0"/><net_sink comp="305" pin=11"/></net>

<net id="337"><net_src comp="4" pin="0"/><net_sink comp="305" pin=12"/></net>

<net id="338"><net_src comp="6" pin="0"/><net_sink comp="305" pin=13"/></net>

<net id="339"><net_src comp="8" pin="0"/><net_sink comp="305" pin=14"/></net>

<net id="340"><net_src comp="10" pin="0"/><net_sink comp="305" pin=15"/></net>

<net id="341"><net_src comp="12" pin="0"/><net_sink comp="305" pin=16"/></net>

<net id="342"><net_src comp="40" pin="0"/><net_sink comp="305" pin=17"/></net>

<net id="346"><net_src comp="343" pin="1"/><net_sink comp="176" pin=1"/></net>

<net id="350"><net_src comp="347" pin="1"/><net_sink comp="176" pin=2"/></net>

<net id="355"><net_src comp="343" pin="1"/><net_sink comp="351" pin=1"/></net>

<net id="356"><net_src comp="351" pin="2"/><net_sink comp="176" pin=3"/></net>

<net id="377"><net_src comp="50" pin="0"/><net_sink comp="357" pin=0"/></net>

<net id="378"><net_src comp="0" pin="0"/><net_sink comp="357" pin=1"/></net>

<net id="379"><net_src comp="2" pin="0"/><net_sink comp="357" pin=2"/></net>

<net id="380"><net_src comp="4" pin="0"/><net_sink comp="357" pin=3"/></net>

<net id="381"><net_src comp="6" pin="0"/><net_sink comp="357" pin=4"/></net>

<net id="382"><net_src comp="8" pin="0"/><net_sink comp="357" pin=5"/></net>

<net id="383"><net_src comp="10" pin="0"/><net_sink comp="357" pin=6"/></net>

<net id="384"><net_src comp="12" pin="0"/><net_sink comp="357" pin=7"/></net>

<net id="385"><net_src comp="14" pin="0"/><net_sink comp="357" pin=8"/></net>

<net id="386"><net_src comp="44" pin="0"/><net_sink comp="357" pin=9"/></net>

<net id="387"><net_src comp="0" pin="0"/><net_sink comp="357" pin=10"/></net>

<net id="388"><net_src comp="2" pin="0"/><net_sink comp="357" pin=11"/></net>

<net id="389"><net_src comp="4" pin="0"/><net_sink comp="357" pin=12"/></net>

<net id="390"><net_src comp="6" pin="0"/><net_sink comp="357" pin=13"/></net>

<net id="391"><net_src comp="8" pin="0"/><net_sink comp="357" pin=14"/></net>

<net id="392"><net_src comp="10" pin="0"/><net_sink comp="357" pin=15"/></net>

<net id="393"><net_src comp="12" pin="0"/><net_sink comp="357" pin=16"/></net>

<net id="394"><net_src comp="40" pin="0"/><net_sink comp="357" pin=17"/></net>

<net id="401"><net_src comp="70" pin="1"/><net_sink comp="398" pin=0"/></net>

<net id="402"><net_src comp="398" pin="1"/><net_sink comp="199" pin=1"/></net>

<net id="403"><net_src comp="398" pin="1"/><net_sink comp="277" pin=0"/></net>

<net id="404"><net_src comp="398" pin="1"/><net_sink comp="300" pin=1"/></net>

<net id="408"><net_src comp="74" pin="1"/><net_sink comp="405" pin=0"/></net>

<net id="409"><net_src comp="405" pin="1"/><net_sink comp="128" pin=9"/></net>

<net id="410"><net_src comp="405" pin="1"/><net_sink comp="291" pin=0"/></net>

<net id="411"><net_src comp="405" pin="1"/><net_sink comp="176" pin=12"/></net>

<net id="415"><net_src comp="78" pin="1"/><net_sink comp="412" pin=0"/></net>

<net id="416"><net_src comp="412" pin="1"/><net_sink comp="176" pin=11"/></net>

<net id="417"><net_src comp="412" pin="1"/><net_sink comp="395" pin=0"/></net>

<net id="421"><net_src comp="82" pin="1"/><net_sink comp="418" pin=0"/></net>

<net id="422"><net_src comp="418" pin="1"/><net_sink comp="148" pin=14"/></net>

<net id="423"><net_src comp="418" pin="1"/><net_sink comp="347" pin=0"/></net>

<net id="427"><net_src comp="86" pin="1"/><net_sink comp="424" pin=0"/></net>

<net id="428"><net_src comp="424" pin="1"/><net_sink comp="148" pin=13"/></net>

<net id="429"><net_src comp="424" pin="1"/><net_sink comp="343" pin=0"/></net>

<net id="433"><net_src comp="90" pin="1"/><net_sink comp="430" pin=0"/></net>

<net id="434"><net_src comp="430" pin="1"/><net_sink comp="128" pin=8"/></net>

<net id="435"><net_src comp="430" pin="1"/><net_sink comp="262" pin=0"/></net>

<net id="439"><net_src comp="212" pin="2"/><net_sink comp="436" pin=0"/></net>

<net id="440"><net_src comp="436" pin="1"/><net_sink comp="280" pin=1"/></net>

<net id="444"><net_src comp="218" pin="2"/><net_sink comp="441" pin=0"/></net>

<net id="445"><net_src comp="441" pin="1"/><net_sink comp="148" pin=4"/></net>

<net id="452"><net_src comp="265" pin="2"/><net_sink comp="449" pin=0"/></net>

<net id="453"><net_src comp="449" pin="1"/><net_sink comp="351" pin=0"/></net>

<net id="457"><net_src comp="271" pin="2"/><net_sink comp="454" pin=0"/></net>

<net id="458"><net_src comp="454" pin="1"/><net_sink comp="295" pin=1"/></net>

<net id="468"><net_src comp="295" pin="2"/><net_sink comp="465" pin=0"/></net>

<net id="469"><net_src comp="465" pin="1"/><net_sink comp="120" pin=2"/></net>

<net id="479"><net_src comp="351" pin="2"/><net_sink comp="476" pin=0"/></net>

<net id="480"><net_src comp="476" pin="1"/><net_sink comp="176" pin=3"/></net>

</net_list>

</model> 
---------------- Datapath Model END ------------------

* FSMD analyzer results:
  - Output states:
	Port: s_axis_video_V_data_V | {}
	Port: s_axis_video_V_keep_V | {}
	Port: s_axis_video_V_strb_V | {}
	Port: s_axis_video_V_user_V | {}
	Port: s_axis_video_V_last_V | {}
	Port: s_axis_video_V_id_V | {}
	Port: s_axis_video_V_dest_V | {}
	Port: imgBayer | {5 6 }
 - Input state : 
	Port: AXIvideo2MultiBayer : s_axis_video_V_data_V | {2 3 5 6 7 8 }
	Port: AXIvideo2MultiBayer : s_axis_video_V_keep_V | {2 3 5 6 7 8 }
	Port: AXIvideo2MultiBayer : s_axis_video_V_strb_V | {2 3 5 6 7 8 }
	Port: AXIvideo2MultiBayer : s_axis_video_V_user_V | {2 3 5 6 7 8 }
	Port: AXIvideo2MultiBayer : s_axis_video_V_last_V | {2 3 5 6 7 8 }
	Port: AXIvideo2MultiBayer : s_axis_video_V_id_V | {2 3 5 6 7 8 }
	Port: AXIvideo2MultiBayer : s_axis_video_V_dest_V | {2 3 5 6 7 8 }
	Port: AXIvideo2MultiBayer : Height_val | {3 }
	Port: AXIvideo2MultiBayer : WidthIn_val | {3 }
  - Chain level:
	State 1
		store_ln163 : 1
	State 2
	State 3
		rows : 1
		cols : 1
	State 4
		icmp_ln166 : 1
		xor_ln188 : 2
	State 5
		icmp_ln163 : 1
		i_4 : 1
		br_ln163 : 2
		call_ln188 : 1
		and_ln188_1 : 1
		store_ln163 : 2
	State 6
	State 7
		and_ln188 : 1
		call_ln188 : 1
	State 8
	State 9


============================================================
+ Verbose Summary: Datapath Resource usage 
============================================================

* Functional unit list:
|----------|-------------------------------------------------------------|---------|---------|
| Operation|                       Functional Unit                       |    FF   |   LUT   |
|----------|-------------------------------------------------------------|---------|---------|
|          | grp_AXIvideo2MultiBayer_Pipeline_loop_wait_for_start_fu_128 |    4    |    0    |
|          |      grp_AXIvideo2MultiBayer_Pipeline_loop_width_fu_148     |    27   |    26   |
|   call   |  grp_AXIvideo2MultiBayer_Pipeline_loop_wait_for_eol_fu_176  |    3    |    0    |
|          |               grp_reg_unsigned_short_s_fu_212               |    11   |    0    |
|          |               grp_reg_unsigned_short_s_fu_218               |    11   |    0    |
|----------|-------------------------------------------------------------|---------|---------|
|   icmp   |                      icmp_ln166_fu_265                      |    0    |    12   |
|          |                      icmp_ln163_fu_280                      |    0    |    12   |
|----------|-------------------------------------------------------------|---------|---------|
|    add   |                          i_4_fu_285                         |    0    |    12   |
|----------|-------------------------------------------------------------|---------|---------|
|    and   |                      and_ln188_1_fu_295                     |    0    |    2    |
|          |                       and_ln188_fu_351                      |    0    |    2    |
|----------|-------------------------------------------------------------|---------|---------|
|    xor   |                       xor_ln188_fu_271                      |    0    |    2    |
|----------|-------------------------------------------------------------|---------|---------|
|   read   |                 WidthIn_val_read_read_fu_94                 |    0    |    0    |
|          |                 Height_val_read_read_fu_100                 |    0    |    0    |
|----------|-------------------------------------------------------------|---------|---------|
|   trunc  |                         empty_fu_204                        |    0    |    0    |
|          |                       empty_180_fu_208                      |    0    |    0    |
|----------|-------------------------------------------------------------|---------|---------|
|          |                      fence_ln153_fu_224                     |    0    |    0    |
|   fence  |                      fence_ln188_fu_305                     |    0    |    0    |
|          |                      fence_ln188_fu_357                     |    0    |    0    |
|----------|-------------------------------------------------------------|---------|---------|
|   Total  |                                                             |    56   |    68   |
|----------|-------------------------------------------------------------|---------|---------|

Memories:
N/A

* Register list:
+------------------------------------+--------+
|                                    |   FF   |
+------------------------------------+--------+
|         and_ln188_1_reg_465        |    1   |
|          and_ln188_reg_476         |    1   |
|        axi_last_loc_reg_430        |    1   |
|            cols_reg_441            |   11   |
|              i_reg_398             |   11   |
|         icmp_ln166_reg_449         |    1   |
|     p_0_0_0_097262_loc_reg_418     |   10   |
|   p_0_0_0_097263_lcssa281_reg_405  |   10   |
|p_4_0_0_0105270_lcssa295_loc_reg_412|    1   |
|  p_4_0_0_0105270_lcssa297_reg_106  |    1   |
|     p_4_0_0_0105271_loc_reg_424    |    1   |
|            rows_reg_436            |   11   |
|             sof_reg_116            |    1   |
|          xor_ln188_reg_454         |    1   |
+------------------------------------+--------+
|                Total               |   62   |
+------------------------------------+--------+

* Multiplexer (MUX) list: 
|-----------------------------------------------------------|------|------|------|--------||---------||---------||---------|
|                            Comp                           |  Pin | Size |  BW  | S x BW ||  Delay  ||    FF   ||   LUT   |
|-----------------------------------------------------------|------|------|------|--------||---------||---------||---------|
|                        sof_reg_116                        |  p0  |   2  |   1  |    2   ||    0    ||    9    |
| grp_AXIvideo2MultiBayer_Pipeline_loop_wait_for_eol_fu_176 |  p3  |   2  |   1  |    2   ||    0    ||    9    |
|-----------------------------------------------------------|------|------|------|--------||---------||---------||---------|
|                           Total                           |      |      |      |    4   ||  3.176  ||    0    ||    18   |
|-----------------------------------------------------------|------|------|------|--------||---------||---------||---------|



* Summary:
+-----------+--------+--------+--------+
|           |  Delay |   FF   |   LUT  |
+-----------+--------+--------+--------+
|  Function |    -   |   56   |   68   |
|   Memory  |    -   |    -   |    -   |
|Multiplexer|    3   |    0   |   18   |
|  Register |    -   |   62   |    -   |
+-----------+--------+--------+--------+
|   Total   |    3   |   118  |   86   |
+-----------+--------+--------+--------+
