

================================================================
== Vitis HLS Report for 'DebayerG'
================================================================
* Date:           Mon Sep 21 19:19:07 2026

* Version:        2025.2 (Build 6295257 on Nov 14 2025)
* Project:        prj
* Solution:       sol (Vivado IP Flow Target)
* Product family: zynq
* Target device:  xc7z020-clg400-1


================================================================
== Performance Estimates
================================================================
+ Timing: 
    * Summary: 
    +--------+----------+----------+------------+
    |  Clock |  Target  | Estimated| Uncertainty|
    +--------+----------+----------+------------+
    |ap_clk  |  10.00 ns|  7.282 ns|     2.70 ns|
    +--------+----------+----------+------------+

+ Latency: 
    * Summary: 
    +---------+------------+----------+------------+-----+------------+---------+
    |   Latency (cycles)   |   Latency (absolute)  |     Interval     | Pipeline|
    |   min   |     max    |    min   |     max    | min |     max    |   Type  |
    +---------+------------+----------+------------+-----+------------+---------+
    |       41|  4296278036|  0.410 us|  42.963 sec|   41|  4296278036|       no|
    +---------+------------+----------+------------+-----+------------+---------+

    + Detail: 
        * Instance: 
        N/A

        * Loop: 
        +--------------------+---------+------------+------------+-----------+-----------+-----------+----------+
        |                    |   Latency (cycles)   |  Iteration |  Initiation Interval  |    Trip   |          |
        |      Loop Name     |   min   |     max    |   Latency  |  achieved |   target  |   Count   | Pipelined|
        +--------------------+---------+------------+------------+-----------+-----------+-----------+----------+
        |- VITIS_LOOP_315_3  |       40|  4296278035|  20 ~ 65555|          -|          -|  2 ~ 65537|        no|
        +--------------------+---------+------------+------------+-----------+-----------+-----------+----------+

============================================================
+ Verbose Summary: Synthesis Manager
============================================================
InlineROM: 1
ExposeGlobal: 0
============================================================
+ Verbose Summary: CDFG Model
============================================================
IsTopModel: 0
ResetActiveHigh: 1
IsCombinational: 2
IsDatapathOnly: 0
HasWiredReturn: 1
HasMFsm: 0
HasVarLatency: 1
IsPipeline: 0
IsRtlPipelined: 0
IsInstanceOverlapped: 0
IsDontTouch: 0
HasImplIP: 0
IsGatedGlobalClock: 0


============================================================
+ Verbose Summary: Schedule
============================================================
* Number of FSM states : 4
* Pipeline : 0
* Dataflow Pipeline: 0

* FSM state transitions: 
1 --> 2 
2 --> 3 
3 --> 4 
4 --> 2 

* FSM state operations: 

State 1 <SV = 0> <Delay = 7.26>
ST_1 : Operation 5 [1/1] (0.00ns)   --->   "%y = alloca i32 1" [C:/github/zybo_z7_cam_rpi_v2_5mp_hdmi/zybo_z7_imx219/zybo_z7_imx219.runs/design_1_v_demosaic_0_0_synth_1/prj/sol/.autopilot/db/v_demosaic.cpp:271]   --->   Operation 5 'alloca' 'y' <Predicate = true> <Delay = 0.00>
ST_1 : Operation 6 [1/1] (0.00ns)   --->   "%p_lcssa50495082 = alloca i32 1"   --->   Operation 6 'alloca' 'p_lcssa50495082' <Predicate = true> <Delay = 0.00>
ST_1 : Operation 7 [1/1] (0.00ns)   --->   "%p_lcssa50515084 = alloca i32 1"   --->   Operation 7 'alloca' 'p_lcssa50515084' <Predicate = true> <Delay = 0.00>
ST_1 : Operation 8 [1/1] (0.00ns)   --->   "%p_lcssa50525086 = alloca i32 1"   --->   Operation 8 'alloca' 'p_lcssa50525086' <Predicate = true> <Delay = 0.00>
ST_1 : Operation 9 [1/1] (0.00ns)   --->   "%p_lcssa50535088 = alloca i32 1"   --->   Operation 9 'alloca' 'p_lcssa50535088' <Predicate = true> <Delay = 0.00>
ST_1 : Operation 10 [1/1] (0.00ns)   --->   "%p_lcssa50555090 = alloca i32 1"   --->   Operation 10 'alloca' 'p_lcssa50555090' <Predicate = true> <Delay = 0.00>
ST_1 : Operation 11 [1/1] (0.00ns)   --->   "%p_lcssa50565092 = alloca i32 1"   --->   Operation 11 'alloca' 'p_lcssa50565092' <Predicate = true> <Delay = 0.00>
ST_1 : Operation 12 [1/1] (0.00ns)   --->   "%p_lcssa50575094 = alloca i32 1"   --->   Operation 12 'alloca' 'p_lcssa50575094' <Predicate = true> <Delay = 0.00>
ST_1 : Operation 13 [1/1] (0.00ns)   --->   "%p_lcssa50595096 = alloca i32 1"   --->   Operation 13 'alloca' 'p_lcssa50595096' <Predicate = true> <Delay = 0.00>
ST_1 : Operation 14 [1/1] (0.00ns)   --->   "%p_lcssa50605098 = alloca i32 1"   --->   Operation 14 'alloca' 'p_lcssa50605098' <Predicate = true> <Delay = 0.00>
ST_1 : Operation 15 [1/1] (0.00ns)   --->   "%p_lcssa50615100 = alloca i32 1"   --->   Operation 15 'alloca' 'p_lcssa50615100' <Predicate = true> <Delay = 0.00>
ST_1 : Operation 16 [1/1] (0.00ns)   --->   "%p_lcssa50635102 = alloca i32 1"   --->   Operation 16 'alloca' 'p_lcssa50635102' <Predicate = true> <Delay = 0.00>
ST_1 : Operation 17 [1/1] (0.00ns)   --->   "%p_lcssa50645104 = alloca i32 1"   --->   Operation 17 'alloca' 'p_lcssa50645104' <Predicate = true> <Delay = 0.00>
ST_1 : Operation 18 [1/1] (0.00ns)   --->   "%p_lcssa50655106 = alloca i32 1"   --->   Operation 18 'alloca' 'p_lcssa50655106' <Predicate = true> <Delay = 0.00>
ST_1 : Operation 19 [1/1] (0.00ns)   --->   "%p_lcssa50675108 = alloca i32 1"   --->   Operation 19 'alloca' 'p_lcssa50675108' <Predicate = true> <Delay = 0.00>
ST_1 : Operation 20 [1/1] (0.00ns)   --->   "%p_lcssa50685110 = alloca i32 1"   --->   Operation 20 'alloca' 'p_lcssa50685110' <Predicate = true> <Delay = 0.00>
ST_1 : Operation 21 [1/1] (0.00ns)   --->   "%p_lcssa52275233 = alloca i32 1"   --->   Operation 21 'alloca' 'p_lcssa52275233' <Predicate = true> <Delay = 0.00>
ST_1 : Operation 22 [1/1] (0.00ns)   --->   "%p_lcssa52285235 = alloca i32 1"   --->   Operation 22 'alloca' 'p_lcssa52285235' <Predicate = true> <Delay = 0.00>
ST_1 : Operation 23 [1/1] (0.00ns)   --->   "%p_lcssa52295237 = alloca i32 1"   --->   Operation 23 'alloca' 'p_lcssa52295237' <Predicate = true> <Delay = 0.00>
ST_1 : Operation 24 [1/1] (0.00ns)   --->   "%p_lcssa52305239 = alloca i32 1"   --->   Operation 24 'alloca' 'p_lcssa52305239' <Predicate = true> <Delay = 0.00>
ST_1 : Operation 25 [1/1] (0.00ns)   --->   "%p_lcssa52315241 = alloca i32 1"   --->   Operation 25 'alloca' 'p_lcssa52315241' <Predicate = true> <Delay = 0.00>
ST_1 : Operation 26 [1/1] (0.00ns)   --->   "%width_val_read = read i16 @_ssdm_op_Read.ap_auto.i16, i16 %width_val"   --->   Operation 26 'read' 'width_val_read' <Predicate = true> <Delay = 0.00>
ST_1 : Operation 27 [1/1] (0.00ns)   --->   "%height_val_read = read i16 @_ssdm_op_Read.ap_auto.i16, i16 %height_val"   --->   Operation 27 'read' 'height_val_read' <Predicate = true> <Delay = 0.00>
ST_1 : Operation 28 [1/1] (0.00ns)   --->   "%empty = trunc i16 %height_val_read"   --->   Operation 28 'trunc' 'empty' <Predicate = true> <Delay = 0.00>
ST_1 : Operation 29 [1/1] (0.00ns)   --->   "%empty_172 = trunc i16 %width_val_read"   --->   Operation 29 'trunc' 'empty_172' <Predicate = true> <Delay = 0.00>
ST_1 : Operation 30 [1/1] (0.00ns)   --->   "%specinterface_ln0 = specinterface void @_ssdm_op_SpecInterface, i16 %bayerPhase_val, void @ap_fifo_str, i32 0, i32 0, void @p_str, i32 0, i32 0, void @p_str, void @p_str, void @p_str, i32 2, i32 2, i32 16, i32 16, void @p_str, void @ScalarProp_str, i32 4294967295, i32 0, i32 0, i32 0"   --->   Operation 30 'specinterface' 'specinterface_ln0' <Predicate = true> <Delay = 0.00>
ST_1 : Operation 31 [1/1] ( I:3.63ns O:3.63ns )   --->   "%bayerPhase_val_read = read i16 @_ssdm_op_Read.ap_fifo.i16P0A, i16 %bayerPhase_val"   --->   Operation 31 'read' 'bayerPhase_val_read' <Predicate = true> <Delay = 3.63> <CoreInst = "FIFO_SRL">   --->   Core 80 'FIFO_SRL' <Latency = 0> <II = 1> <Delay = 3.63> <Storage> <Opcode : 'read' 'write' 'nbread' 'nbwrite'> <Ports = 0> <Width = 16> <Depth = 3> <FIFO>
ST_1 : Operation 32 [1/1] (0.00ns)   --->   "%specinterface_ln0 = specinterface void @_ssdm_op_SpecInterface, i16 %bayerPhase_val11_c5, void @ap_fifo_str, i32 0, i32 0, void @p_str, i32 0, i32 0, void @p_str, void @p_str, void @p_str, i32 2, i32 2, i32 16, i32 16, void @p_str, void @ScalarProp_str, i32 4294967295, i32 0, i32 0, i32 0"   --->   Operation 32 'specinterface' 'specinterface_ln0' <Predicate = true> <Delay = 0.00>
ST_1 : Operation 33 [1/1] ( I:3.63ns O:3.63ns )   --->   "%write_ln0 = write void @_ssdm_op_Write.ap_fifo.i16P0A, i16 %bayerPhase_val11_c5, i16 %bayerPhase_val_read"   --->   Operation 33 'write' 'write_ln0' <Predicate = true> <Delay = 3.63> <CoreInst = "FIFO_SRL">   --->   Core 80 'FIFO_SRL' <Latency = 0> <II = 1> <Delay = 3.63> <Storage> <Opcode : 'read' 'write' 'nbread' 'nbwrite'> <Ports = 0> <Width = 16> <Depth = 2> <FIFO>
ST_1 : Operation 34 [1/1] (0.00ns)   --->   "%specinterface_ln0 = specinterface void @_ssdm_op_SpecInterface, i11 %width_val8_c4, void @ap_fifo_str, i32 0, i32 0, void @p_str, i32 0, i32 0, void @p_str, void @p_str, void @p_str, i32 2, i32 2, i32 16, i32 16, void @p_str, void @ScalarProp_str, i32 4294967295, i32 0, i32 0, i32 0"   --->   Operation 34 'specinterface' 'specinterface_ln0' <Predicate = true> <Delay = 0.00>
ST_1 : Operation 35 [1/1] ( I:3.63ns O:3.63ns )   --->   "%write_ln0 = write void @_ssdm_op_Write.ap_fifo.i11P0A, i11 %width_val8_c4, i11 %empty_172"   --->   Operation 35 'write' 'write_ln0' <Predicate = true> <Delay = 3.63> <CoreInst = "FIFO_SRL">   --->   Core 80 'FIFO_SRL' <Latency = 0> <II = 1> <Delay = 3.63> <Storage> <Opcode : 'read' 'write' 'nbread' 'nbwrite'> <Ports = 0> <Width = 11> <Depth = 2> <FIFO>
ST_1 : Operation 36 [1/1] (0.00ns)   --->   "%specinterface_ln0 = specinterface void @_ssdm_op_SpecInterface, i11 %height_val4_c3, void @ap_fifo_str, i32 0, i32 0, void @p_str, i32 0, i32 0, void @p_str, void @p_str, void @p_str, i32 2, i32 2, i32 16, i32 16, void @p_str, void @ScalarProp_str, i32 4294967295, i32 0, i32 0, i32 0"   --->   Operation 36 'specinterface' 'specinterface_ln0' <Predicate = true> <Delay = 0.00>
ST_1 : Operation 37 [1/1] ( I:3.63ns O:3.63ns )   --->   "%write_ln0 = write void @_ssdm_op_Write.ap_fifo.i11P0A, i11 %height_val4_c3, i11 %empty"   --->   Operation 37 'write' 'write_ln0' <Predicate = true> <Delay = 3.63> <CoreInst = "FIFO_SRL">   --->   Core 80 'FIFO_SRL' <Latency = 0> <II = 1> <Delay = 3.63> <Storage> <Opcode : 'read' 'write' 'nbread' 'nbwrite'> <Ports = 0> <Width = 11> <Depth = 2> <FIFO>
ST_1 : Operation 38 [1/1] (0.00ns)   --->   "%x_phase = trunc i16 %bayerPhase_val_read"   --->   Operation 38 'trunc' 'x_phase' <Predicate = true> <Delay = 0.00>
ST_1 : Operation 39 [1/1] (0.00ns)   --->   "%specinterface_ln0 = specinterface void @_ssdm_op_SpecInterface, i30 %imgG, void @empty_20, i32 0, i32 0, void @empty_14, i32 0, i32 0, void @empty_14, void @empty_14, void @empty_14, i32 0, i32 0, i32 0, i32 0, void @empty_14, void @empty_14, i32 4294967295, i32 0, i32 0, i32 0"   --->   Operation 39 'specinterface' 'specinterface_ln0' <Predicate = true> <Delay = 0.00>
ST_1 : Operation 40 [1/1] (0.00ns)   --->   "%specinterface_ln0 = specinterface void @_ssdm_op_SpecInterface, i10 %imgBayer, void @empty_20, i32 0, i32 0, void @empty_14, i32 0, i32 0, void @empty_14, void @empty_14, void @empty_14, i32 0, i32 0, i32 0, i32 0, void @empty_14, void @empty_14, i32 4294967295, i32 0, i32 0, i32 0"   --->   Operation 40 'specinterface' 'specinterface_ln0' <Predicate = true> <Delay = 0.00>
ST_1 : Operation 41 [1/1] (0.00ns)   --->   "%zext_ln274 = zext i16 %height_val_read" [C:/github/zybo_z7_cam_rpi_v2_5mp_hdmi/zybo_z7_imx219/zybo_z7_imx219.runs/design_1_v_demosaic_0_0_synth_1/prj/sol/.autopilot/db/v_demosaic.cpp:274]   --->   Operation 41 'zext' 'zext_ln274' <Predicate = true> <Delay = 0.00>
ST_1 : Operation 42 [1/1] (2.07ns)   --->   "%loopHeight = add i17 %zext_ln274, i17 2" [C:/github/zybo_z7_cam_rpi_v2_5mp_hdmi/zybo_z7_imx219/zybo_z7_imx219.runs/design_1_v_demosaic_0_0_synth_1/prj/sol/.autopilot/db/v_demosaic.cpp:274]   --->   Operation 42 'add' 'loopHeight' <Predicate = true> <Delay = 2.07> <CoreInst = "Adder">   --->   Core 1 'Adder' <Latency = 0> <II = 1> <Delay = 2.07> <FuncUnit> <Opcode : 'add' 'sub'> <InPorts = 2> <OutPorts = 1>
ST_1 : Operation 43 [1/1] (0.00ns)   --->   "%zext_ln275 = zext i16 %width_val_read" [C:/github/zybo_z7_cam_rpi_v2_5mp_hdmi/zybo_z7_imx219/zybo_z7_imx219.runs/design_1_v_demosaic_0_0_synth_1/prj/sol/.autopilot/db/v_demosaic.cpp:275]   --->   Operation 43 'zext' 'zext_ln275' <Predicate = true> <Delay = 0.00>
ST_1 : Operation 44 [1/1] (2.07ns)   --->   "%loopWidth = add i17 %zext_ln275, i17 2" [C:/github/zybo_z7_cam_rpi_v2_5mp_hdmi/zybo_z7_imx219/zybo_z7_imx219.runs/design_1_v_demosaic_0_0_synth_1/prj/sol/.autopilot/db/v_demosaic.cpp:275]   --->   Operation 44 'add' 'loopWidth' <Predicate = true> <Delay = 2.07> <CoreInst = "Adder">   --->   Core 1 'Adder' <Latency = 0> <II = 1> <Delay = 2.07> <FuncUnit> <Opcode : 'add' 'sub'> <InPorts = 2> <OutPorts = 1>
ST_1 : Operation 45 [1/1] (0.00ns)   --->   "%trunc_ln = partselect i15 @_ssdm_op_PartSelect.i15.i16.i32.i32, i16 %bayerPhase_val_read, i32 1, i32 15" [C:/github/zybo_z7_cam_rpi_v2_5mp_hdmi/zybo_z7_imx219/zybo_z7_imx219.runs/design_1_v_demosaic_0_0_synth_1/prj/sol/.autopilot/db/v_demosaic.cpp:293]   --->   Operation 45 'partselect' 'trunc_ln' <Predicate = true> <Delay = 0.00>
ST_1 : Operation 46 [1/1] (1.58ns)   --->   "%store_ln271 = store i17 0, i17 %y" [C:/github/zybo_z7_cam_rpi_v2_5mp_hdmi/zybo_z7_imx219/zybo_z7_imx219.runs/design_1_v_demosaic_0_0_synth_1/prj/sol/.autopilot/db/v_demosaic.cpp:271]   --->   Operation 46 'store' 'store_ln271' <Predicate = true> <Delay = 1.58>
ST_1 : Operation 47 [1/1] (0.00ns)   --->   "%br_ln315 = br void %VITIS_LOOP_318_4" [C:/github/zybo_z7_cam_rpi_v2_5mp_hdmi/zybo_z7_imx219/zybo_z7_imx219.runs/design_1_v_demosaic_0_0_synth_1/prj/sol/.autopilot/db/v_demosaic.cpp:315]   --->   Operation 47 'br' 'br_ln315' <Predicate = true> <Delay = 0.00>

State 2 <SV = 1> <Delay = 3.69>
ST_2 : Operation 48 [1/1] (0.00ns)   --->   "%y_7 = load i17 %y" [C:/github/zybo_z7_cam_rpi_v2_5mp_hdmi/zybo_z7_imx219/zybo_z7_imx219.runs/design_1_v_demosaic_0_0_synth_1/prj/sol/.autopilot/db/v_demosaic.cpp:325]   --->   Operation 48 'load' 'y_7' <Predicate = true> <Delay = 0.00>
ST_2 : Operation 49 [1/1] (2.10ns)   --->   "%icmp_ln315 = icmp_eq  i17 %y_7, i17 %loopHeight" [C:/github/zybo_z7_cam_rpi_v2_5mp_hdmi/zybo_z7_imx219/zybo_z7_imx219.runs/design_1_v_demosaic_0_0_synth_1/prj/sol/.autopilot/db/v_demosaic.cpp:315]   --->   Operation 49 'icmp' 'icmp_ln315' <Predicate = true> <Delay = 2.10> <CoreInst = "Cmp">   --->   Core 9 'Cmp' <Latency = 0> <II = 1> <Delay = 2.10> <FuncUnit> <Opcode : 'seteq' 'setne' 'setle' 'setge' 'setlt' 'setgt'> <InPorts = 2> <OutPorts = 1>
ST_2 : Operation 50 [1/1] (2.10ns)   --->   "%y_8 = add i17 %y_7, i17 1" [C:/github/zybo_z7_cam_rpi_v2_5mp_hdmi/zybo_z7_imx219/zybo_z7_imx219.runs/design_1_v_demosaic_0_0_synth_1/prj/sol/.autopilot/db/v_demosaic.cpp:315]   --->   Operation 50 'add' 'y_8' <Predicate = true> <Delay = 2.10> <CoreInst = "Adder">   --->   Core 1 'Adder' <Latency = 0> <II = 1> <Delay = 2.10> <FuncUnit> <Opcode : 'add' 'sub'> <InPorts = 2> <OutPorts = 1>
ST_2 : Operation 51 [1/1] (0.00ns)   --->   "%br_ln315 = br i1 %icmp_ln315, void %VITIS_LOOP_318_4.split, void %for.end750" [C:/github/zybo_z7_cam_rpi_v2_5mp_hdmi/zybo_z7_imx219/zybo_z7_imx219.runs/design_1_v_demosaic_0_0_synth_1/prj/sol/.autopilot/db/v_demosaic.cpp:315]   --->   Operation 51 'br' 'br_ln315' <Predicate = true> <Delay = 0.00>
ST_2 : Operation 52 [1/1] (0.00ns)   --->   "%p_lcssa50495082_load = load i10 %p_lcssa50495082"   --->   Operation 52 'load' 'p_lcssa50495082_load' <Predicate = (!icmp_ln315)> <Delay = 0.00>
ST_2 : Operation 53 [1/1] (0.00ns)   --->   "%p_lcssa50515084_load = load i10 %p_lcssa50515084"   --->   Operation 53 'load' 'p_lcssa50515084_load' <Predicate = (!icmp_ln315)> <Delay = 0.00>
ST_2 : Operation 54 [1/1] (0.00ns)   --->   "%p_lcssa50525086_load = load i10 %p_lcssa50525086"   --->   Operation 54 'load' 'p_lcssa50525086_load' <Predicate = (!icmp_ln315)> <Delay = 0.00>
ST_2 : Operation 55 [1/1] (0.00ns)   --->   "%p_lcssa50535088_load = load i10 %p_lcssa50535088"   --->   Operation 55 'load' 'p_lcssa50535088_load' <Predicate = (!icmp_ln315)> <Delay = 0.00>
ST_2 : Operation 56 [1/1] (0.00ns)   --->   "%p_lcssa50555090_load = load i10 %p_lcssa50555090"   --->   Operation 56 'load' 'p_lcssa50555090_load' <Predicate = (!icmp_ln315)> <Delay = 0.00>
ST_2 : Operation 57 [1/1] (0.00ns)   --->   "%p_lcssa50565092_load = load i10 %p_lcssa50565092"   --->   Operation 57 'load' 'p_lcssa50565092_load' <Predicate = (!icmp_ln315)> <Delay = 0.00>
ST_2 : Operation 58 [1/1] (0.00ns)   --->   "%p_lcssa50575094_load = load i10 %p_lcssa50575094"   --->   Operation 58 'load' 'p_lcssa50575094_load' <Predicate = (!icmp_ln315)> <Delay = 0.00>
ST_2 : Operation 59 [1/1] (0.00ns)   --->   "%p_lcssa50595096_load = load i10 %p_lcssa50595096"   --->   Operation 59 'load' 'p_lcssa50595096_load' <Predicate = (!icmp_ln315)> <Delay = 0.00>
ST_2 : Operation 60 [1/1] (0.00ns)   --->   "%p_lcssa50605098_load = load i10 %p_lcssa50605098"   --->   Operation 60 'load' 'p_lcssa50605098_load' <Predicate = (!icmp_ln315)> <Delay = 0.00>
ST_2 : Operation 61 [1/1] (0.00ns)   --->   "%p_lcssa50615100_load = load i10 %p_lcssa50615100"   --->   Operation 61 'load' 'p_lcssa50615100_load' <Predicate = (!icmp_ln315)> <Delay = 0.00>
ST_2 : Operation 62 [1/1] (0.00ns)   --->   "%p_lcssa50635102_load = load i10 %p_lcssa50635102"   --->   Operation 62 'load' 'p_lcssa50635102_load' <Predicate = (!icmp_ln315)> <Delay = 0.00>
ST_2 : Operation 63 [1/1] (0.00ns)   --->   "%p_lcssa50645104_load = load i10 %p_lcssa50645104"   --->   Operation 63 'load' 'p_lcssa50645104_load' <Predicate = (!icmp_ln315)> <Delay = 0.00>
ST_2 : Operation 64 [1/1] (0.00ns)   --->   "%p_lcssa50655106_load = load i10 %p_lcssa50655106"   --->   Operation 64 'load' 'p_lcssa50655106_load' <Predicate = (!icmp_ln315)> <Delay = 0.00>
ST_2 : Operation 65 [1/1] (0.00ns)   --->   "%p_lcssa50675108_load = load i10 %p_lcssa50675108"   --->   Operation 65 'load' 'p_lcssa50675108_load' <Predicate = (!icmp_ln315)> <Delay = 0.00>
ST_2 : Operation 66 [1/1] (0.00ns)   --->   "%p_lcssa50685110_load = load i10 %p_lcssa50685110"   --->   Operation 66 'load' 'p_lcssa50685110_load' <Predicate = (!icmp_ln315)> <Delay = 0.00>
ST_2 : Operation 67 [1/1] (0.00ns)   --->   "%p_lcssa52275233_load = load i10 %p_lcssa52275233"   --->   Operation 67 'load' 'p_lcssa52275233_load' <Predicate = (!icmp_ln315)> <Delay = 0.00>
ST_2 : Operation 68 [1/1] (0.00ns)   --->   "%p_lcssa52285235_load = load i10 %p_lcssa52285235"   --->   Operation 68 'load' 'p_lcssa52285235_load' <Predicate = (!icmp_ln315)> <Delay = 0.00>
ST_2 : Operation 69 [1/1] (0.00ns)   --->   "%p_lcssa52295237_load = load i10 %p_lcssa52295237"   --->   Operation 69 'load' 'p_lcssa52295237_load' <Predicate = (!icmp_ln315)> <Delay = 0.00>
ST_2 : Operation 70 [1/1] (0.00ns)   --->   "%p_lcssa52305239_load = load i10 %p_lcssa52305239"   --->   Operation 70 'load' 'p_lcssa52305239_load' <Predicate = (!icmp_ln315)> <Delay = 0.00>
ST_2 : Operation 71 [1/1] (0.00ns)   --->   "%p_lcssa52315241_load = load i10 %p_lcssa52315241"   --->   Operation 71 'load' 'p_lcssa52315241_load' <Predicate = (!icmp_ln315)> <Delay = 0.00>
ST_2 : Operation 72 [1/1] (1.58ns)   --->   "%store_ln271 = store i17 %y_8, i17 %y" [C:/github/zybo_z7_cam_rpi_v2_5mp_hdmi/zybo_z7_imx219/zybo_z7_imx219.runs/design_1_v_demosaic_0_0_synth_1/prj/sol/.autopilot/db/v_demosaic.cpp:271]   --->   Operation 72 'store' 'store_ln271' <Predicate = (!icmp_ln315)> <Delay = 1.58>
ST_2 : Operation 73 [1/1] (0.00ns)   --->   "%ret_ln591 = ret" [C:/github/zybo_z7_cam_rpi_v2_5mp_hdmi/zybo_z7_imx219/zybo_z7_imx219.runs/design_1_v_demosaic_0_0_synth_1/prj/sol/.autopilot/db/v_demosaic.cpp:591]   --->   Operation 73 'ret' 'ret_ln591' <Predicate = (icmp_ln315)> <Delay = 0.00>

State 3 <SV = 2> <Delay = 6.79>
ST_3 : Operation 74 [1/1] (2.10ns)   --->   "%add_ln325 = add i17 %y_7, i17 131070" [C:/github/zybo_z7_cam_rpi_v2_5mp_hdmi/zybo_z7_imx219/zybo_z7_imx219.runs/design_1_v_demosaic_0_0_synth_1/prj/sol/.autopilot/db/v_demosaic.cpp:325]   --->   Operation 74 'add' 'add_ln325' <Predicate = true> <Delay = 2.10> <CoreInst = "Adder">   --->   Core 1 'Adder' <Latency = 0> <II = 1> <Delay = 2.10> <FuncUnit> <Opcode : 'add' 'sub'> <InPorts = 2> <OutPorts = 1>
ST_3 : Operation 75 [1/1] (0.00ns)   --->   "%trunc_ln439 = trunc i17 %add_ln325" [C:/github/zybo_z7_cam_rpi_v2_5mp_hdmi/zybo_z7_imx219/zybo_z7_imx219.runs/design_1_v_demosaic_0_0_synth_1/prj/sol/.autopilot/db/v_demosaic.cpp:439]   --->   Operation 75 'trunc' 'trunc_ln439' <Predicate = true> <Delay = 0.00>
ST_3 : Operation 76 [1/1] (0.00ns)   --->   "%zext_ln439 = zext i1 %trunc_ln439" [C:/github/zybo_z7_cam_rpi_v2_5mp_hdmi/zybo_z7_imx219/zybo_z7_imx219.runs/design_1_v_demosaic_0_0_synth_1/prj/sol/.autopilot/db/v_demosaic.cpp:439]   --->   Operation 76 'zext' 'zext_ln439' <Predicate = true> <Delay = 0.00>
ST_3 : Operation 77 [1/1] (0.99ns)   --->   "%xor_ln439 = xor i15 %trunc_ln, i15 %zext_ln439" [C:/github/zybo_z7_cam_rpi_v2_5mp_hdmi/zybo_z7_imx219/zybo_z7_imx219.runs/design_1_v_demosaic_0_0_synth_1/prj/sol/.autopilot/db/v_demosaic.cpp:439]   --->   Operation 77 'xor' 'xor_ln439' <Predicate = true> <Delay = 0.99> <CoreInst = "LogicGate">   --->   Core 74 'LogicGate' <Latency = 0> <II = 1> <Delay = 0.99> <FuncUnit> <Opcode : 'and' 'or' 'xor'> <InPorts = 2> <OutPorts = 1>
ST_3 : Operation 78 [2/2] (3.69ns)   --->   "%call_ln325 = call void @DebayerG_Pipeline_VITIS_LOOP_318_4, i10 %p_lcssa52315241_load, i10 %p_lcssa52305239_load, i10 %p_lcssa52295237_load, i10 %p_lcssa52285235_load, i10 %p_lcssa52275233_load, i10 %p_lcssa50685110_load, i10 %p_lcssa50675108_load, i10 %p_lcssa50655106_load, i10 %p_lcssa50645104_load, i10 %p_lcssa50635102_load, i10 %p_lcssa50615100_load, i10 %p_lcssa50605098_load, i10 %p_lcssa50595096_load, i10 %p_lcssa50575094_load, i10 %p_lcssa50565092_load, i10 %p_lcssa50555090_load, i10 %p_lcssa50535088_load, i10 %p_lcssa50525086_load, i10 %p_lcssa50515084_load, i10 %p_lcssa50495082_load, i16 %height_val_read, i17 %y_7, i16 %width_val_read, i1 %trunc_ln439, i15 %trunc_ln, i17 %loopWidth, i30 %imgG, i1 %x_phase, i15 %xor_ln439, i17 %add_ln325, i10 %imgBayer, i10 %p_lcssa52315241, i10 %p_lcssa52305239, i10 %p_lcssa52295237, i10 %p_lcssa52285235, i10 %p_lcssa52275233, i10 %p_lcssa50685110, i10 %p_lcssa50675108, i10 %p_lcssa50655106, i10 %p_lcssa50645104, i10 %p_lcssa50635102, i10 %p_lcssa50615100, i10 %p_lcssa50605098, i10 %p_lcssa50595096, i10 %p_lcssa50575094, i10 %p_lcssa50565092, i10 %p_lcssa50555090, i10 %p_lcssa50535088, i10 %p_lcssa50525086, i10 %p_lcssa50515084, i10 %p_lcssa50495082, i10 %DIV1_TABLE, i18 %DIV2_TABLE" [C:/github/zybo_z7_cam_rpi_v2_5mp_hdmi/zybo_z7_imx219/zybo_z7_imx219.runs/design_1_v_demosaic_0_0_synth_1/prj/sol/.autopilot/db/v_demosaic.cpp:325]   --->   Operation 78 'call' 'call_ln325' <Predicate = true> <Delay = 3.69> <CoreType = "Generic">   --->   Generic Core

State 4 <SV = 3> <Delay = 0.00>
ST_4 : Operation 79 [1/1] (0.00ns)   --->   "%speclooptripcount_ln282 = speclooptripcount void @_ssdm_op_SpecLoopTripCount, i64 2, i64 65537, i64 32769" [C:/github/zybo_z7_cam_rpi_v2_5mp_hdmi/zybo_z7_imx219/zybo_z7_imx219.runs/design_1_v_demosaic_0_0_synth_1/prj/sol/.autopilot/db/v_demosaic.cpp:282]   --->   Operation 79 'speclooptripcount' 'speclooptripcount_ln282' <Predicate = true> <Delay = 0.00>
ST_4 : Operation 80 [1/1] (0.00ns)   --->   "%specloopname_ln315 = specloopname void @_ssdm_op_SpecLoopName, void @empty_5" [C:/github/zybo_z7_cam_rpi_v2_5mp_hdmi/zybo_z7_imx219/zybo_z7_imx219.runs/design_1_v_demosaic_0_0_synth_1/prj/sol/.autopilot/db/v_demosaic.cpp:315]   --->   Operation 80 'specloopname' 'specloopname_ln315' <Predicate = true> <Delay = 0.00>
ST_4 : Operation 81 [1/2] (0.00ns)   --->   "%call_ln325 = call void @DebayerG_Pipeline_VITIS_LOOP_318_4, i10 %p_lcssa52315241_load, i10 %p_lcssa52305239_load, i10 %p_lcssa52295237_load, i10 %p_lcssa52285235_load, i10 %p_lcssa52275233_load, i10 %p_lcssa50685110_load, i10 %p_lcssa50675108_load, i10 %p_lcssa50655106_load, i10 %p_lcssa50645104_load, i10 %p_lcssa50635102_load, i10 %p_lcssa50615100_load, i10 %p_lcssa50605098_load, i10 %p_lcssa50595096_load, i10 %p_lcssa50575094_load, i10 %p_lcssa50565092_load, i10 %p_lcssa50555090_load, i10 %p_lcssa50535088_load, i10 %p_lcssa50525086_load, i10 %p_lcssa50515084_load, i10 %p_lcssa50495082_load, i16 %height_val_read, i17 %y_7, i16 %width_val_read, i1 %trunc_ln439, i15 %trunc_ln, i17 %loopWidth, i30 %imgG, i1 %x_phase, i15 %xor_ln439, i17 %add_ln325, i10 %imgBayer, i10 %p_lcssa52315241, i10 %p_lcssa52305239, i10 %p_lcssa52295237, i10 %p_lcssa52285235, i10 %p_lcssa52275233, i10 %p_lcssa50685110, i10 %p_lcssa50675108, i10 %p_lcssa50655106, i10 %p_lcssa50645104, i10 %p_lcssa50635102, i10 %p_lcssa50615100, i10 %p_lcssa50605098, i10 %p_lcssa50595096, i10 %p_lcssa50575094, i10 %p_lcssa50565092, i10 %p_lcssa50555090, i10 %p_lcssa50535088, i10 %p_lcssa50525086, i10 %p_lcssa50515084, i10 %p_lcssa50495082, i10 %DIV1_TABLE, i18 %DIV2_TABLE" [C:/github/zybo_z7_cam_rpi_v2_5mp_hdmi/zybo_z7_imx219/zybo_z7_imx219.runs/design_1_v_demosaic_0_0_synth_1/prj/sol/.autopilot/db/v_demosaic.cpp:325]   --->   Operation 81 'call' 'call_ln325' <Predicate = true> <Delay = 0.00> <CoreType = "Generic">   --->   Generic Core
ST_4 : Operation 82 [1/1] (0.00ns)   --->   "%br_ln315 = br void %VITIS_LOOP_318_4" [C:/github/zybo_z7_cam_rpi_v2_5mp_hdmi/zybo_z7_imx219/zybo_z7_imx219.runs/design_1_v_demosaic_0_0_synth_1/prj/sol/.autopilot/db/v_demosaic.cpp:315]   --->   Operation 82 'br' 'br_ln315' <Predicate = true> <Delay = 0.00>


============================================================
+ Verbose Summary: Timing violations
============================================================
Target clock period: 10.000ns, clock uncertainty: 2.700ns.

 <State 1>: 7.268ns
The critical path consists of the following:
	fifo read operation ('bayerPhase_val_read') on port 'bayerPhase_val' [37]  (3.634 ns)
	fifo write operation ('write_ln0') on port 'bayerPhase_val11_c5' [39]  (3.634 ns)

 <State 2>: 3.695ns
The critical path consists of the following:
	'load' operation 17 bit ('y', C:/github/zybo_z7_cam_rpi_v2_5mp_hdmi/zybo_z7_imx219/zybo_z7_imx219.runs/design_1_v_demosaic_0_0_synth_1/prj/sol/.autopilot/db/v_demosaic.cpp:325) on local variable 'y', C:/github/zybo_z7_cam_rpi_v2_5mp_hdmi/zybo_z7_imx219/zybo_z7_imx219.runs/design_1_v_demosaic_0_0_synth_1/prj/sol/.autopilot/db/v_demosaic.cpp:271 [55]  (0.000 ns)
	'icmp' operation 1 bit ('icmp_ln315', C:/github/zybo_z7_cam_rpi_v2_5mp_hdmi/zybo_z7_imx219/zybo_z7_imx219.runs/design_1_v_demosaic_0_0_synth_1/prj/sol/.autopilot/db/v_demosaic.cpp:315) [56]  (2.107 ns)
	'store' operation ('store_ln271', C:/github/zybo_z7_cam_rpi_v2_5mp_hdmi/zybo_z7_imx219/zybo_z7_imx219.runs/design_1_v_demosaic_0_0_synth_1/prj/sol/.autopilot/db/v_demosaic.cpp:271) of variable 'y', C:/github/zybo_z7_cam_rpi_v2_5mp_hdmi/zybo_z7_imx219/zybo_z7_imx219.runs/design_1_v_demosaic_0_0_synth_1/prj/sol/.autopilot/db/v_demosaic.cpp:315 17 bit on local variable 'y', C:/github/zybo_z7_cam_rpi_v2_5mp_hdmi/zybo_z7_imx219/zybo_z7_imx219.runs/design_1_v_demosaic_0_0_synth_1/prj/sol/.autopilot/db/v_demosaic.cpp:271 [87]  (1.588 ns)

 <State 3>: 6.791ns
The critical path consists of the following:
	'add' operation 17 bit ('add_ln325', C:/github/zybo_z7_cam_rpi_v2_5mp_hdmi/zybo_z7_imx219/zybo_z7_imx219.runs/design_1_v_demosaic_0_0_synth_1/prj/sol/.autopilot/db/v_demosaic.cpp:325) [82]  (2.107 ns)
	'xor' operation 15 bit ('xor_ln439', C:/github/zybo_z7_cam_rpi_v2_5mp_hdmi/zybo_z7_imx219/zybo_z7_imx219.runs/design_1_v_demosaic_0_0_synth_1/prj/sol/.autopilot/db/v_demosaic.cpp:439) [85]  (0.990 ns)
	'call' operation ('call_ln325', C:/github/zybo_z7_cam_rpi_v2_5mp_hdmi/zybo_z7_imx219/zybo_z7_imx219.runs/design_1_v_demosaic_0_0_synth_1/prj/sol/.autopilot/db/v_demosaic.cpp:325) to 'DebayerG_Pipeline_VITIS_LOOP_318_4' [86]  (3.695 ns)

 <State 4>: 0.000ns
The critical path consists of the following:


============================================================
+ Verbose Summary: Binding
============================================================
N/A
* FSMD analyzer results:
  - Output states:
 - Input state : 
  - Chain level:
	State 1
	State 2
	State 3
	State 4


============================================================
+ Verbose Summary: Datapath Resource usage 
============================================================
N/A
