

================================================================
== Vitis HLS Report for 'Debayer'
================================================================
* Date:           Wed Sep 23 22:09:28 2026

* Version:        2025.2 (Build 6295257 on Nov 14 2025)
* Project:        prj
* Solution:       sol (Vivado IP Flow Target)
* Product family: zynq
* Target device:  xc7z020-clg400-1


================================================================
== Performance Estimates
================================================================
+ Timing: 
    * Summary: 
    +--------+----------+----------+------------+
    |  Clock |  Target  | Estimated| Uncertainty|
    +--------+----------+----------+------------+
    |ap_clk  |  10.00 ns|  7.282 ns|     2.70 ns|
    +--------+----------+----------+------------+

+ Latency: 
    * Summary: 
    +---------+------------+----------+------------+-----+------------+----------+
    |   Latency (cycles)   |   Latency (absolute)  |     Interval     | Pipeline |
    |   min   |     max    |    min   |     max    | min |     max    |   Type   |
    +---------+------------+----------+------------+-----+------------+----------+
    |    65585|  4296278036|  0.656 ms|  42.963 sec|   42|  4296278037|  dataflow|
    +---------+------------+----------+------------+-----+------------+----------+

    + Detail: 
        * Instance: 
        +------------------------------+-------------------+---------+------------+----------+------------+-----+------------+---------+
        |                              |                   |   Latency (cycles)   |   Latency (absolute)  |     Interval     | Pipeline|
        |           Instance           |       Module      |   min   |     max    |    min   |     max    | min |     max    |   Type  |
        +------------------------------+-------------------+---------+------------+----------+------------+-----+------------+---------+
        |grp_DebayerG_fu_110           |DebayerG           |       41|  4296278036|  0.410 us|  42.963 sec|   41|  4296278036|       no|
        |grp_DebayerRatBorBatR_fu_130  |DebayerRatBorBatR  |       12|     2087412|  0.120 us|   20.874 ms|   12|     2087412|       no|
        |grp_DebayerRandBatG_fu_142    |DebayerRandBatG    |       10|     2085250|  0.100 us|   20.852 ms|   10|     2085250|       no|
        +------------------------------+-------------------+---------+------------+----------+------------+-----+------------+---------+

        * Loop: 
        N/A

============================================================
+ Verbose Summary: Synthesis Manager
============================================================
InlineROM: 1
ExposeGlobal: 0
============================================================
+ Verbose Summary: CDFG Model
============================================================
IsTopModel: 0
ResetActiveHigh: 1
IsCombinational: 2
IsDatapathOnly: 0
HasWiredReturn: 1
HasMFsm: 0
HasVarLatency: 1
IsPipeline: 0
IsRtlPipelined: 0
IsInstanceOverlapped: 0
IsDontTouch: 0
HasImplIP: 0
IsGatedGlobalClock: 0


============================================================
+ Verbose Summary: Schedule
============================================================
* Number of FSM states : 6
* Pipeline : 0
* Dataflow Pipeline: 1
  DF-Pipeline-0: Size = 6, States = { 1 2 3 4 5 6 }

* FSM state transitions: 
1 --> 2 
2 --> 3 
3 --> 4 
4 --> 5 
5 --> 6 
6 --> 

* FSM state operations: 

State 1 <SV = 0> <Delay = 3.63>
ST_1 : Operation 7 [1/1] (0.00ns)   --->   "%width_val8_read = read i16 @_ssdm_op_Read.ap_auto.i16, i16 %width_val8" [V:/zybo_z7_imx219/zybo_z7_imx219.runs/design_1_v_demosaic_0_0_synth_1/prj/sol/.autopilot/db/v_demosaic.cpp:1070]   --->   Operation 7 'read' 'width_val8_read' <Predicate = true> <Delay = 0.00>
ST_1 : Operation 8 [1/1] (0.00ns)   --->   "%height_val4_read = read i16 @_ssdm_op_Read.ap_auto.i16, i16 %height_val4" [V:/zybo_z7_imx219/zybo_z7_imx219.runs/design_1_v_demosaic_0_0_synth_1/prj/sol/.autopilot/db/v_demosaic.cpp:1070]   --->   Operation 8 'read' 'height_val4_read' <Predicate = true> <Delay = 0.00>
ST_1 : Operation 9 [1/1] (0.00ns)   --->   "%bayerPhase_val11_c5 = alloca i64 1" [V:/zybo_z7_imx219/zybo_z7_imx219.runs/design_1_v_demosaic_0_0_synth_1/prj/sol/.autopilot/db/v_demosaic.cpp:1070]   --->   Operation 9 'alloca' 'bayerPhase_val11_c5' <Predicate = true> <Delay = 0.00> <CoreInst = "FIFO_SRL">   --->   Core 80 'FIFO_SRL' <Latency = 0> <II = 1> <Delay = 3.63> <Storage> <Opcode : 'read' 'write' 'nbread' 'nbwrite'> <Ports = 0> <Width = 16> <Depth = 2> <FIFO>
ST_1 : Operation 10 [1/1] (0.00ns)   --->   "%bayerPhase_val11_c = alloca i64 1" [V:/zybo_z7_imx219/zybo_z7_imx219.runs/design_1_v_demosaic_0_0_synth_1/prj/sol/.autopilot/db/v_demosaic.cpp:1070]   --->   Operation 10 'alloca' 'bayerPhase_val11_c' <Predicate = true> <Delay = 0.00> <CoreInst = "FIFO_SRL">   --->   Core 80 'FIFO_SRL' <Latency = 0> <II = 1> <Delay = 3.63> <Storage> <Opcode : 'read' 'write' 'nbread' 'nbwrite'> <Ports = 0> <Width = 16> <Depth = 2> <FIFO>
ST_1 : Operation 11 [1/1] (0.00ns)   --->   "%width_val8_c4 = alloca i64 1" [V:/zybo_z7_imx219/zybo_z7_imx219.runs/design_1_v_demosaic_0_0_synth_1/prj/sol/.autopilot/db/v_demosaic.cpp:1070]   --->   Operation 11 'alloca' 'width_val8_c4' <Predicate = true> <Delay = 0.00> <CoreInst = "FIFO_SRL">   --->   Core 80 'FIFO_SRL' <Latency = 0> <II = 1> <Delay = 3.63> <Storage> <Opcode : 'read' 'write' 'nbread' 'nbwrite'> <Ports = 0> <Width = 11> <Depth = 2> <FIFO>
ST_1 : Operation 12 [1/1] (0.00ns)   --->   "%width_val8_c = alloca i64 1" [V:/zybo_z7_imx219/zybo_z7_imx219.runs/design_1_v_demosaic_0_0_synth_1/prj/sol/.autopilot/db/v_demosaic.cpp:1070]   --->   Operation 12 'alloca' 'width_val8_c' <Predicate = true> <Delay = 0.00> <CoreInst = "FIFO_SRL">   --->   Core 80 'FIFO_SRL' <Latency = 0> <II = 1> <Delay = 3.63> <Storage> <Opcode : 'read' 'write' 'nbread' 'nbwrite'> <Ports = 0> <Width = 11> <Depth = 2> <FIFO>
ST_1 : Operation 13 [1/1] (0.00ns)   --->   "%height_val4_c3 = alloca i64 1" [V:/zybo_z7_imx219/zybo_z7_imx219.runs/design_1_v_demosaic_0_0_synth_1/prj/sol/.autopilot/db/v_demosaic.cpp:1070]   --->   Operation 13 'alloca' 'height_val4_c3' <Predicate = true> <Delay = 0.00> <CoreInst = "FIFO_SRL">   --->   Core 80 'FIFO_SRL' <Latency = 0> <II = 1> <Delay = 3.63> <Storage> <Opcode : 'read' 'write' 'nbread' 'nbwrite'> <Ports = 0> <Width = 11> <Depth = 2> <FIFO>
ST_1 : Operation 14 [1/1] (0.00ns)   --->   "%height_val4_c = alloca i64 1" [V:/zybo_z7_imx219/zybo_z7_imx219.runs/design_1_v_demosaic_0_0_synth_1/prj/sol/.autopilot/db/v_demosaic.cpp:1070]   --->   Operation 14 'alloca' 'height_val4_c' <Predicate = true> <Delay = 0.00> <CoreInst = "FIFO_SRL">   --->   Core 80 'FIFO_SRL' <Latency = 0> <II = 1> <Delay = 3.63> <Storage> <Opcode : 'read' 'write' 'nbread' 'nbwrite'> <Ports = 0> <Width = 11> <Depth = 2> <FIFO>
ST_1 : Operation 15 [1/1] (0.00ns)   --->   "%imgG = alloca i64 1" [V:/zybo_z7_imx219/zybo_z7_imx219.runs/design_1_v_demosaic_0_0_synth_1/prj/sol/.autopilot/db/v_demosaic.cpp:1067]   --->   Operation 15 'alloca' 'imgG' <Predicate = true> <Delay = 0.00> <CoreInst = "FIFO_SRL">   --->   Core 80 'FIFO_SRL' <Latency = 0> <II = 1> <Delay = 3.63> <Storage> <Opcode : 'read' 'write' 'nbread' 'nbwrite'> <Ports = 0> <Width = 30> <Depth = 2> <FIFO>
ST_1 : Operation 16 [1/1] (0.00ns)   --->   "%imgRB = alloca i64 1" [V:/zybo_z7_imx219/zybo_z7_imx219.runs/design_1_v_demosaic_0_0_synth_1/prj/sol/.autopilot/db/v_demosaic.cpp:1067]   --->   Operation 16 'alloca' 'imgRB' <Predicate = true> <Delay = 0.00> <CoreInst = "FIFO_SRL">   --->   Core 80 'FIFO_SRL' <Latency = 0> <II = 1> <Delay = 3.63> <Storage> <Opcode : 'read' 'write' 'nbread' 'nbwrite'> <Ports = 0> <Width = 30> <Depth = 2> <FIFO>
ST_1 : Operation 17 [2/2] (3.63ns)   --->   "%call_ln1071 = call void @DebayerG, i10 %imgBayer, i30 %imgG, i16 %height_val4_read, i16 %width_val8_read, i16 %bayerPhase_val11, i11 %height_val4_c3, i11 %width_val8_c4, i16 %bayerPhase_val11_c5, i10 %DIV1_TABLE, i18 %DIV2_TABLE" [V:/zybo_z7_imx219/zybo_z7_imx219.runs/design_1_v_demosaic_0_0_synth_1/prj/sol/.autopilot/db/v_demosaic.cpp:1071]   --->   Operation 17 'call' 'call_ln1071' <Predicate = true> <Delay = 3.63> <CoreType = "Generic">   --->   Generic Core

State 2 <SV = 1> <Delay = 2.10>
ST_2 : Operation 18 [1/2] (2.10ns)   --->   "%call_ln1071 = call void @DebayerG, i10 %imgBayer, i30 %imgG, i16 %height_val4_read, i16 %width_val8_read, i16 %bayerPhase_val11, i11 %height_val4_c3, i11 %width_val8_c4, i16 %bayerPhase_val11_c5, i10 %DIV1_TABLE, i18 %DIV2_TABLE" [V:/zybo_z7_imx219/zybo_z7_imx219.runs/design_1_v_demosaic_0_0_synth_1/prj/sol/.autopilot/db/v_demosaic.cpp:1071]   --->   Operation 18 'call' 'call_ln1071' <Predicate = true> <Delay = 2.10> <CoreType = "Generic">   --->   Generic Core

State 3 <SV = 2> <Delay = 0.00>
ST_3 : Operation 19 [2/2] (0.00ns)   --->   "%call_ln1072 = call void @DebayerRatBorBatR, i30 %imgG, i30 %imgRB, i11 %height_val4_c3, i11 %width_val8_c4, i16 %bayerPhase_val11_c5, i11 %height_val4_c, i11 %width_val8_c, i16 %bayerPhase_val11_c" [V:/zybo_z7_imx219/zybo_z7_imx219.runs/design_1_v_demosaic_0_0_synth_1/prj/sol/.autopilot/db/v_demosaic.cpp:1072]   --->   Operation 19 'call' 'call_ln1072' <Predicate = true> <Delay = 0.00> <CoreType = "Generic">   --->   Generic Core

State 4 <SV = 3> <Delay = 1.63>
ST_4 : Operation 20 [1/2] (1.63ns)   --->   "%call_ln1072 = call void @DebayerRatBorBatR, i30 %imgG, i30 %imgRB, i11 %height_val4_c3, i11 %width_val8_c4, i16 %bayerPhase_val11_c5, i11 %height_val4_c, i11 %width_val8_c, i16 %bayerPhase_val11_c" [V:/zybo_z7_imx219/zybo_z7_imx219.runs/design_1_v_demosaic_0_0_synth_1/prj/sol/.autopilot/db/v_demosaic.cpp:1072]   --->   Operation 20 'call' 'call_ln1072' <Predicate = true> <Delay = 1.63> <CoreType = "Generic">   --->   Generic Core

State 5 <SV = 4> <Delay = 0.00>
ST_5 : Operation 21 [2/2] (0.00ns)   --->   "%call_ln1073 = call void @DebayerRandBatG, i30 %imgRB, i30 %imgRgb, i11 %height_val4_c, i11 %width_val8_c, i16 %bayerPhase_val11_c" [V:/zybo_z7_imx219/zybo_z7_imx219.runs/design_1_v_demosaic_0_0_synth_1/prj/sol/.autopilot/db/v_demosaic.cpp:1073]   --->   Operation 21 'call' 'call_ln1073' <Predicate = true> <Delay = 0.00> <CoreType = "Generic">   --->   Generic Core

State 6 <SV = 5> <Delay = 1.63>
ST_6 : Operation 22 [1/1] (0.00ns)   --->   "%specinterface_ln0 = specinterface void @_ssdm_op_SpecInterface, i16 %bayerPhase_val11, void @ap_fifo_str, i32 0, i32 0, void @p_str, i32 0, i32 0, void @p_str, void @p_str, void @p_str, i32 2, i32 2, i32 16, i32 16, void @p_str, void @ScalarProp_str, i32 4294967295, i32 0, i32 0, i32 0"   --->   Operation 22 'specinterface' 'specinterface_ln0' <Predicate = true> <Delay = 0.00>
ST_6 : Operation 23 [1/1] (0.00ns)   --->   "%empty = specchannel i32 @_ssdm_op_SpecChannel, void @bayerPhase_OC_val11_c5_str, i32 1, void @p_str, void @p_str, i32 2, i32 0, i16 %bayerPhase_val11_c5, i16 %bayerPhase_val11_c5" [V:/zybo_z7_imx219/zybo_z7_imx219.runs/design_1_v_demosaic_0_0_synth_1/prj/sol/.autopilot/db/v_demosaic.cpp:1070]   --->   Operation 23 'specchannel' 'empty' <Predicate = true> <Delay = 0.00>
ST_6 : Operation 24 [1/1] (0.00ns)   --->   "%specinterface_ln1070 = specinterface void @_ssdm_op_SpecInterface, i16 %bayerPhase_val11_c5, void @ap_fifo_str, i32 0, i32 0, void @p_str, i32 0, i32 0, void @p_str, void @p_str, void @p_str, i32 2, i32 2, i32 16, i32 16, void @p_str, void @p_str, i32 4294967295, i32 0, i32 0, i32 0" [V:/zybo_z7_imx219/zybo_z7_imx219.runs/design_1_v_demosaic_0_0_synth_1/prj/sol/.autopilot/db/v_demosaic.cpp:1070]   --->   Operation 24 'specinterface' 'specinterface_ln1070' <Predicate = true> <Delay = 0.00>
ST_6 : Operation 25 [1/1] (0.00ns)   --->   "%empty_173 = specchannel i32 @_ssdm_op_SpecChannel, void @bayerPhase_OC_val11_c_str, i32 1, void @p_str, void @p_str, i32 2, i32 0, i16 %bayerPhase_val11_c, i16 %bayerPhase_val11_c" [V:/zybo_z7_imx219/zybo_z7_imx219.runs/design_1_v_demosaic_0_0_synth_1/prj/sol/.autopilot/db/v_demosaic.cpp:1070]   --->   Operation 25 'specchannel' 'empty_173' <Predicate = true> <Delay = 0.00>
ST_6 : Operation 26 [1/1] (0.00ns)   --->   "%specinterface_ln1070 = specinterface void @_ssdm_op_SpecInterface, i16 %bayerPhase_val11_c, void @ap_fifo_str, i32 0, i32 0, void @p_str, i32 0, i32 0, void @p_str, void @p_str, void @p_str, i32 2, i32 2, i32 16, i32 16, void @p_str, void @p_str, i32 4294967295, i32 0, i32 0, i32 0" [V:/zybo_z7_imx219/zybo_z7_imx219.runs/design_1_v_demosaic_0_0_synth_1/prj/sol/.autopilot/db/v_demosaic.cpp:1070]   --->   Operation 26 'specinterface' 'specinterface_ln1070' <Predicate = true> <Delay = 0.00>
ST_6 : Operation 27 [1/1] (0.00ns)   --->   "%empty_174 = specchannel i32 @_ssdm_op_SpecChannel, void @width_OC_val8_c4_str, i32 1, void @p_str, void @p_str, i32 2, i32 0, i11 %width_val8_c4, i11 %width_val8_c4" [V:/zybo_z7_imx219/zybo_z7_imx219.runs/design_1_v_demosaic_0_0_synth_1/prj/sol/.autopilot/db/v_demosaic.cpp:1070]   --->   Operation 27 'specchannel' 'empty_174' <Predicate = true> <Delay = 0.00>
ST_6 : Operation 28 [1/1] (0.00ns)   --->   "%specinterface_ln1070 = specinterface void @_ssdm_op_SpecInterface, i11 %width_val8_c4, void @ap_fifo_str, i32 0, i32 0, void @p_str, i32 0, i32 0, void @p_str, void @p_str, void @p_str, i32 2, i32 2, i32 16, i32 16, void @p_str, void @p_str, i32 4294967295, i32 0, i32 0, i32 0" [V:/zybo_z7_imx219/zybo_z7_imx219.runs/design_1_v_demosaic_0_0_synth_1/prj/sol/.autopilot/db/v_demosaic.cpp:1070]   --->   Operation 28 'specinterface' 'specinterface_ln1070' <Predicate = true> <Delay = 0.00>
ST_6 : Operation 29 [1/1] (0.00ns)   --->   "%empty_175 = specchannel i32 @_ssdm_op_SpecChannel, void @width_OC_val8_c_str, i32 1, void @p_str, void @p_str, i32 2, i32 0, i11 %width_val8_c, i11 %width_val8_c" [V:/zybo_z7_imx219/zybo_z7_imx219.runs/design_1_v_demosaic_0_0_synth_1/prj/sol/.autopilot/db/v_demosaic.cpp:1070]   --->   Operation 29 'specchannel' 'empty_175' <Predicate = true> <Delay = 0.00>
ST_6 : Operation 30 [1/1] (0.00ns)   --->   "%specinterface_ln1070 = specinterface void @_ssdm_op_SpecInterface, i11 %width_val8_c, void @ap_fifo_str, i32 0, i32 0, void @p_str, i32 0, i32 0, void @p_str, void @p_str, void @p_str, i32 2, i32 2, i32 16, i32 16, void @p_str, void @p_str, i32 4294967295, i32 0, i32 0, i32 0" [V:/zybo_z7_imx219/zybo_z7_imx219.runs/design_1_v_demosaic_0_0_synth_1/prj/sol/.autopilot/db/v_demosaic.cpp:1070]   --->   Operation 30 'specinterface' 'specinterface_ln1070' <Predicate = true> <Delay = 0.00>
ST_6 : Operation 31 [1/1] (0.00ns)   --->   "%empty_176 = specchannel i32 @_ssdm_op_SpecChannel, void @height_OC_val4_c3_str, i32 1, void @p_str, void @p_str, i32 2, i32 0, i11 %height_val4_c3, i11 %height_val4_c3" [V:/zybo_z7_imx219/zybo_z7_imx219.runs/design_1_v_demosaic_0_0_synth_1/prj/sol/.autopilot/db/v_demosaic.cpp:1070]   --->   Operation 31 'specchannel' 'empty_176' <Predicate = true> <Delay = 0.00>
ST_6 : Operation 32 [1/1] (0.00ns)   --->   "%specinterface_ln1070 = specinterface void @_ssdm_op_SpecInterface, i11 %height_val4_c3, void @ap_fifo_str, i32 0, i32 0, void @p_str, i32 0, i32 0, void @p_str, void @p_str, void @p_str, i32 2, i32 2, i32 16, i32 16, void @p_str, void @p_str, i32 4294967295, i32 0, i32 0, i32 0" [V:/zybo_z7_imx219/zybo_z7_imx219.runs/design_1_v_demosaic_0_0_synth_1/prj/sol/.autopilot/db/v_demosaic.cpp:1070]   --->   Operation 32 'specinterface' 'specinterface_ln1070' <Predicate = true> <Delay = 0.00>
ST_6 : Operation 33 [1/1] (0.00ns)   --->   "%empty_177 = specchannel i32 @_ssdm_op_SpecChannel, void @height_OC_val4_c_str, i32 1, void @p_str, void @p_str, i32 2, i32 0, i11 %height_val4_c, i11 %height_val4_c" [V:/zybo_z7_imx219/zybo_z7_imx219.runs/design_1_v_demosaic_0_0_synth_1/prj/sol/.autopilot/db/v_demosaic.cpp:1070]   --->   Operation 33 'specchannel' 'empty_177' <Predicate = true> <Delay = 0.00>
ST_6 : Operation 34 [1/1] (0.00ns)   --->   "%specinterface_ln1070 = specinterface void @_ssdm_op_SpecInterface, i11 %height_val4_c, void @ap_fifo_str, i32 0, i32 0, void @p_str, i32 0, i32 0, void @p_str, void @p_str, void @p_str, i32 2, i32 2, i32 16, i32 16, void @p_str, void @p_str, i32 4294967295, i32 0, i32 0, i32 0" [V:/zybo_z7_imx219/zybo_z7_imx219.runs/design_1_v_demosaic_0_0_synth_1/prj/sol/.autopilot/db/v_demosaic.cpp:1070]   --->   Operation 34 'specinterface' 'specinterface_ln1070' <Predicate = true> <Delay = 0.00>
ST_6 : Operation 35 [1/1] (0.00ns)   --->   "%specdataflowpipeline_ln1070 = specdataflowpipeline void @_ssdm_op_SpecDataflowPipeline, i32 4294967295, i32 0, void @empty_14" [V:/zybo_z7_imx219/zybo_z7_imx219.runs/design_1_v_demosaic_0_0_synth_1/prj/sol/.autopilot/db/v_demosaic.cpp:1070]   --->   Operation 35 'specdataflowpipeline' 'specdataflowpipeline_ln1070' <Predicate = true> <Delay = 0.00>
ST_6 : Operation 36 [1/1] (0.00ns)   --->   "%specinterface_ln0 = specinterface void @_ssdm_op_SpecInterface, i30 %imgRgb, void @empty_20, i32 0, i32 0, void @empty_14, i32 0, i32 0, void @empty_14, void @empty_14, void @empty_14, i32 0, i32 0, i32 0, i32 0, void @empty_14, void @empty_14, i32 4294967295, i32 0, i32 0, i32 0"   --->   Operation 36 'specinterface' 'specinterface_ln0' <Predicate = true> <Delay = 0.00>
ST_6 : Operation 37 [1/1] (0.00ns)   --->   "%specinterface_ln0 = specinterface void @_ssdm_op_SpecInterface, i10 %imgBayer, void @empty_20, i32 0, i32 0, void @empty_14, i32 0, i32 0, void @empty_14, void @empty_14, void @empty_14, i32 0, i32 0, i32 0, i32 0, void @empty_14, void @empty_14, i32 4294967295, i32 0, i32 0, i32 0"   --->   Operation 37 'specinterface' 'specinterface_ln0' <Predicate = true> <Delay = 0.00>
ST_6 : Operation 38 [1/1] (0.00ns)   --->   "%empty_178 = specchannel i32 @_ssdm_op_SpecChannel, void @imgG_str, i32 1, void @p_str, void @p_str, i32 2, i32 2, i30 %imgG, i30 %imgG"   --->   Operation 38 'specchannel' 'empty_178' <Predicate = true> <Delay = 0.00>
ST_6 : Operation 39 [1/1] (0.00ns)   --->   "%specinterface_ln0 = specinterface void @_ssdm_op_SpecInterface, i30 %imgG, void @empty_20, i32 0, i32 0, void @empty_14, i32 0, i32 0, void @empty_14, void @empty_14, void @empty_14, i32 0, i32 0, i32 0, i32 0, void @empty_14, void @empty_14, i32 4294967295, i32 0, i32 0, i32 0"   --->   Operation 39 'specinterface' 'specinterface_ln0' <Predicate = true> <Delay = 0.00>
ST_6 : Operation 40 [1/1] (0.00ns)   --->   "%empty_179 = specchannel i32 @_ssdm_op_SpecChannel, void @imgRB_str, i32 1, void @p_str, void @p_str, i32 2, i32 2, i30 %imgRB, i30 %imgRB"   --->   Operation 40 'specchannel' 'empty_179' <Predicate = true> <Delay = 0.00>
ST_6 : Operation 41 [1/1] (0.00ns)   --->   "%specinterface_ln0 = specinterface void @_ssdm_op_SpecInterface, i30 %imgRB, void @empty_20, i32 0, i32 0, void @empty_14, i32 0, i32 0, void @empty_14, void @empty_14, void @empty_14, i32 0, i32 0, i32 0, i32 0, void @empty_14, void @empty_14, i32 4294967295, i32 0, i32 0, i32 0"   --->   Operation 41 'specinterface' 'specinterface_ln0' <Predicate = true> <Delay = 0.00>
ST_6 : Operation 42 [1/2] (1.63ns)   --->   "%call_ln1073 = call void @DebayerRandBatG, i30 %imgRB, i30 %imgRgb, i11 %height_val4_c, i11 %width_val8_c, i16 %bayerPhase_val11_c" [V:/zybo_z7_imx219/zybo_z7_imx219.runs/design_1_v_demosaic_0_0_synth_1/prj/sol/.autopilot/db/v_demosaic.cpp:1073]   --->   Operation 42 'call' 'call_ln1073' <Predicate = true> <Delay = 1.63> <CoreType = "Generic">   --->   Generic Core
ST_6 : Operation 43 [1/1] (0.00ns)   --->   "%ret_ln1074 = ret" [V:/zybo_z7_imx219/zybo_z7_imx219.runs/design_1_v_demosaic_0_0_synth_1/prj/sol/.autopilot/db/v_demosaic.cpp:1074]   --->   Operation 43 'ret' 'ret_ln1074' <Predicate = true> <Delay = 0.00>


============================================================
+ Verbose Summary: Binding
============================================================
STG Binding: 
---------------- STG Properties BEGIN ----------------
- Is combinational: 0
- Is one-state seq: 0
- Is datapath-only: 0
- Is pipelined: 0
- Is top level: 0
Port [ Return ] is wired: 1; IO mode=ap_ctrl_hs:ce=0
Port [ imgBayer]:  wired=1; compound=1; hidden=0; nouse=0; global=0; static=0; extern=0; dir=0; type=3; pingpong=0; private_global=0; IO mode=ap_fifo:ce=0
Port [ imgRgb]:  wired=1; compound=1; hidden=0; nouse=0; global=0; static=0; extern=0; dir=1; type=3; pingpong=0; private_global=0; IO mode=ap_fifo:ce=0
Port [ height_val4]:  wired=1; compound=0; hidden=0; nouse=0; global=0; static=0; extern=0; dir=0; type=0; pingpong=0; private_global=0; IO mode=ap_none:ce=0
Port [ width_val8]:  wired=1; compound=0; hidden=0; nouse=0; global=0; static=0; extern=0; dir=0; type=0; pingpong=0; private_global=0; IO mode=ap_none:ce=0
Port [ bayerPhase_val11]:  wired=1; compound=1; hidden=0; nouse=0; global=0; static=0; extern=0; dir=0; type=3; pingpong=0; private_global=0; IO mode=ap_fifo:ce=0
Port [ DIV1_TABLE]:  wired=0; compound=1; hidden=1; nouse=1; global=1; static=1; extern=0; dir=0; type=1; pingpong=0; private_global=0; MemPort=[1111]; IO mode=ap_memory:ce=0
Port [ DIV2_TABLE]:  wired=0; compound=1; hidden=1; nouse=1; global=1; static=1; extern=0; dir=0; type=1; pingpong=0; private_global=0; MemPort=[1]; IO mode=ap_memory:ce=0
---------------- STG Properties END ------------------

---------------- Datapath Model BEGIN ----------------

<LifeTime>
<method=bitvector/>
width_val8_read             (read                ) [ 0010000]
height_val4_read            (read                ) [ 0010000]
bayerPhase_val11_c5         (alloca              ) [ 0111111]
bayerPhase_val11_c          (alloca              ) [ 0011111]
width_val8_c4               (alloca              ) [ 0111111]
width_val8_c                (alloca              ) [ 0011111]
height_val4_c3              (alloca              ) [ 0111111]
height_val4_c               (alloca              ) [ 0011111]
imgG                        (alloca              ) [ 0111111]
imgRB                       (alloca              ) [ 0011111]
call_ln1071                 (call                ) [ 0000000]
call_ln1072                 (call                ) [ 0000000]
specinterface_ln0           (specinterface       ) [ 0000000]
empty                       (specchannel         ) [ 0000000]
specinterface_ln1070        (specinterface       ) [ 0000000]
empty_173                   (specchannel         ) [ 0000000]
specinterface_ln1070        (specinterface       ) [ 0000000]
empty_174                   (specchannel         ) [ 0000000]
specinterface_ln1070        (specinterface       ) [ 0000000]
empty_175                   (specchannel         ) [ 0000000]
specinterface_ln1070        (specinterface       ) [ 0000000]
empty_176                   (specchannel         ) [ 0000000]
specinterface_ln1070        (specinterface       ) [ 0000000]
empty_177                   (specchannel         ) [ 0000000]
specinterface_ln1070        (specinterface       ) [ 0000000]
specdataflowpipeline_ln1070 (specdataflowpipeline) [ 0000000]
specinterface_ln0           (specinterface       ) [ 0000000]
specinterface_ln0           (specinterface       ) [ 0000000]
empty_178                   (specchannel         ) [ 0000000]
specinterface_ln0           (specinterface       ) [ 0000000]
empty_179                   (specchannel         ) [ 0000000]
specinterface_ln0           (specinterface       ) [ 0000000]
call_ln1073                 (call                ) [ 0000000]
ret_ln1074                  (ret                 ) [ 0000000]
</LifeTime>

<model>

<comp_list>
<comp id="0" class="1000" name="imgBayer">
<pin_list>
<pin id="1" dir="1" index="0" bw="1" slack="0"/>
</pin_list>
<bind>
<StgValue><ssdm name="imgBayer"/></StgValue>
</bind>
</comp>

<comp id="2" class="1000" name="imgRgb">
<pin_list>
<pin id="3" dir="1" index="0" bw="1" slack="0"/>
</pin_list>
<bind>
<StgValue><ssdm name="imgRgb"/></StgValue>
</bind>
</comp>

<comp id="4" class="1000" name="height_val4">
<pin_list>
<pin id="5" dir="1" index="0" bw="1" slack="0"/>
</pin_list>
<bind>
<StgValue><ssdm name="height_val4"/></StgValue>
</bind>
</comp>

<comp id="6" class="1000" name="width_val8">
<pin_list>
<pin id="7" dir="1" index="0" bw="1" slack="0"/>
</pin_list>
<bind>
<StgValue><ssdm name="width_val8"/></StgValue>
</bind>
</comp>

<comp id="8" class="1000" name="bayerPhase_val11">
<pin_list>
<pin id="9" dir="1" index="0" bw="1" slack="0"/>
</pin_list>
<bind>
<StgValue><ssdm name="bayerPhase_val11"/></StgValue>
</bind>
</comp>

<comp id="10" class="1000" name="DIV1_TABLE">
<pin_list>
<pin id="11" dir="1" index="0" bw="1" slack="0"/>
</pin_list>
<bind>
<StgValue><ssdm name="DIV1_TABLE"/><MemPortTyVec>1 1 1 1 </MemPortTyVec>
</StgValue>
</bind>
</comp>

<comp id="12" class="1000" name="DIV2_TABLE">
<pin_list>
<pin id="13" dir="1" index="0" bw="1" slack="0"/>
</pin_list>
<bind>
<StgValue><ssdm name="DIV2_TABLE"/><MemPortTyVec>1 </MemPortTyVec>
</StgValue>
</bind>
</comp>

<comp id="14" class="1001" name="const_14">
<pin_list>
<pin id="15" dir="1" index="0" bw="1" slack="0"/>
</pin_list>
<bind>
<StgValue><ssdm name="_ssdm_op_Read.ap_auto.i16"/></StgValue>
</bind>
</comp>

<comp id="16" class="1001" name="const_16">
<pin_list>
<pin id="17" dir="1" index="0" bw="1" slack="0"/>
</pin_list>
<bind>
<StgValue><ssdm name=""/></StgValue>
</bind>
</comp>

<comp id="18" class="1001" name="const_18">
<pin_list>
<pin id="19" dir="1" index="0" bw="1" slack="0"/>
</pin_list>
<bind>
<StgValue><ssdm name="DebayerG"/></StgValue>
</bind>
</comp>

<comp id="20" class="1001" name="const_20">
<pin_list>
<pin id="21" dir="1" index="0" bw="1" slack="0"/>
</pin_list>
<bind>
<StgValue><ssdm name="DebayerRatBorBatR"/></StgValue>
</bind>
</comp>

<comp id="22" class="1001" name="const_22">
<pin_list>
<pin id="23" dir="1" index="0" bw="1" slack="0"/>
</pin_list>
<bind>
<StgValue><ssdm name="DebayerRandBatG"/></StgValue>
</bind>
</comp>

<comp id="24" class="1001" name="const_24">
<pin_list>
<pin id="25" dir="1" index="0" bw="1" slack="2147483647"/>
</pin_list>
<bind>
<StgValue><ssdm name="_ssdm_op_SpecInterface"/></StgValue>
</bind>
</comp>

<comp id="26" class="1001" name="const_26">
<pin_list>
<pin id="27" dir="1" index="0" bw="1" slack="2147483647"/>
</pin_list>
<bind>
<StgValue><ssdm name="ap_fifo_str"/></StgValue>
</bind>
</comp>

<comp id="28" class="1001" name="const_28">
<pin_list>
<pin id="29" dir="1" index="0" bw="1" slack="2147483647"/>
</pin_list>
<bind>
<StgValue><ssdm name=""/></StgValue>
</bind>
</comp>

<comp id="30" class="1001" name="const_30">
<pin_list>
<pin id="31" dir="1" index="0" bw="1" slack="2147483647"/>
</pin_list>
<bind>
<StgValue><ssdm name="p_str"/></StgValue>
</bind>
</comp>

<comp id="32" class="1001" name="const_32">
<pin_list>
<pin id="33" dir="1" index="0" bw="1" slack="2147483647"/>
</pin_list>
<bind>
<StgValue><ssdm name=""/></StgValue>
</bind>
</comp>

<comp id="34" class="1001" name="const_34">
<pin_list>
<pin id="35" dir="1" index="0" bw="1" slack="2147483647"/>
</pin_list>
<bind>
<StgValue><ssdm name=""/></StgValue>
</bind>
</comp>

<comp id="36" class="1001" name="const_36">
<pin_list>
<pin id="37" dir="1" index="0" bw="1" slack="2147483647"/>
</pin_list>
<bind>
<StgValue><ssdm name="ScalarProp_str"/></StgValue>
</bind>
</comp>

<comp id="38" class="1001" name="const_38">
<pin_list>
<pin id="39" dir="1" index="0" bw="1" slack="2147483647"/>
</pin_list>
<bind>
<StgValue><ssdm name=""/></StgValue>
</bind>
</comp>

<comp id="40" class="1001" name="const_40">
<pin_list>
<pin id="41" dir="1" index="0" bw="1" slack="2147483647"/>
</pin_list>
<bind>
<StgValue><ssdm name="_ssdm_op_SpecChannel"/></StgValue>
</bind>
</comp>

<comp id="42" class="1001" name="const_42">
<pin_list>
<pin id="43" dir="1" index="0" bw="1" slack="2147483647"/>
</pin_list>
<bind>
<StgValue><ssdm name="bayerPhase_OC_val11_c5_str"/></StgValue>
</bind>
</comp>

<comp id="44" class="1001" name="const_44">
<pin_list>
<pin id="45" dir="1" index="0" bw="1" slack="2147483647"/>
</pin_list>
<bind>
<StgValue><ssdm name=""/></StgValue>
</bind>
</comp>

<comp id="46" class="1001" name="const_46">
<pin_list>
<pin id="47" dir="1" index="0" bw="1" slack="2147483647"/>
</pin_list>
<bind>
<StgValue><ssdm name="bayerPhase_OC_val11_c_str"/></StgValue>
</bind>
</comp>

<comp id="48" class="1001" name="const_48">
<pin_list>
<pin id="49" dir="1" index="0" bw="1" slack="2147483647"/>
</pin_list>
<bind>
<StgValue><ssdm name="width_OC_val8_c4_str"/></StgValue>
</bind>
</comp>

<comp id="50" class="1001" name="const_50">
<pin_list>
<pin id="51" dir="1" index="0" bw="1" slack="2147483647"/>
</pin_list>
<bind>
<StgValue><ssdm name="width_OC_val8_c_str"/></StgValue>
</bind>
</comp>

<comp id="52" class="1001" name="const_52">
<pin_list>
<pin id="53" dir="1" index="0" bw="1" slack="2147483647"/>
</pin_list>
<bind>
<StgValue><ssdm name="height_OC_val4_c3_str"/></StgValue>
</bind>
</comp>

<comp id="54" class="1001" name="const_54">
<pin_list>
<pin id="55" dir="1" index="0" bw="1" slack="2147483647"/>
</pin_list>
<bind>
<StgValue><ssdm name="height_OC_val4_c_str"/></StgValue>
</bind>
</comp>

<comp id="56" class="1001" name="const_56">
<pin_list>
<pin id="57" dir="1" index="0" bw="1" slack="2147483647"/>
</pin_list>
<bind>
<StgValue><ssdm name="_ssdm_op_SpecDataflowPipeline"/></StgValue>
</bind>
</comp>

<comp id="58" class="1001" name="const_58">
<pin_list>
<pin id="59" dir="1" index="0" bw="1" slack="2147483647"/>
</pin_list>
<bind>
<StgValue><ssdm name="empty_14"/></StgValue>
</bind>
</comp>

<comp id="60" class="1001" name="const_60">
<pin_list>
<pin id="61" dir="1" index="0" bw="1" slack="2147483647"/>
</pin_list>
<bind>
<StgValue><ssdm name="empty_20"/></StgValue>
</bind>
</comp>

<comp id="62" class="1001" name="const_62">
<pin_list>
<pin id="63" dir="1" index="0" bw="1" slack="2147483647"/>
</pin_list>
<bind>
<StgValue><ssdm name="imgG_str"/></StgValue>
</bind>
</comp>

<comp id="64" class="1001" name="const_64">
<pin_list>
<pin id="65" dir="1" index="0" bw="1" slack="2147483647"/>
</pin_list>
<bind>
<StgValue><ssdm name="imgRB_str"/></StgValue>
</bind>
</comp>

<comp id="66" class="1004" name="bayerPhase_val11_c5_fu_66">
<pin_list>
<pin id="67" dir="0" index="0" bw="1" slack="0"/>
<pin id="68" dir="1" index="1" bw="16" slack="0"/>
</pin_list>
<bind>
<opcode="alloca(26) " fcode="alloca"/>
<opset="bayerPhase_val11_c5/1 "/>
</bind>
</comp>

<comp id="70" class="1004" name="bayerPhase_val11_c_fu_70">
<pin_list>
<pin id="71" dir="0" index="0" bw="1" slack="0"/>
<pin id="72" dir="1" index="1" bw="16" slack="2"/>
</pin_list>
<bind>
<opcode="alloca(26) " fcode="alloca"/>
<opset="bayerPhase_val11_c/1 "/>
</bind>
</comp>

<comp id="74" class="1004" name="width_val8_c4_fu_74">
<pin_list>
<pin id="75" dir="0" index="0" bw="1" slack="0"/>
<pin id="76" dir="1" index="1" bw="11" slack="0"/>
</pin_list>
<bind>
<opcode="alloca(26) " fcode="alloca"/>
<opset="width_val8_c4/1 "/>
</bind>
</comp>

<comp id="78" class="1004" name="width_val8_c_fu_78">
<pin_list>
<pin id="79" dir="0" index="0" bw="1" slack="0"/>
<pin id="80" dir="1" index="1" bw="11" slack="2"/>
</pin_list>
<bind>
<opcode="alloca(26) " fcode="alloca"/>
<opset="width_val8_c/1 "/>
</bind>
</comp>

<comp id="82" class="1004" name="height_val4_c3_fu_82">
<pin_list>
<pin id="83" dir="0" index="0" bw="1" slack="0"/>
<pin id="84" dir="1" index="1" bw="11" slack="0"/>
</pin_list>
<bind>
<opcode="alloca(26) " fcode="alloca"/>
<opset="height_val4_c3/1 "/>
</bind>
</comp>

<comp id="86" class="1004" name="height_val4_c_fu_86">
<pin_list>
<pin id="87" dir="0" index="0" bw="1" slack="0"/>
<pin id="88" dir="1" index="1" bw="11" slack="2"/>
</pin_list>
<bind>
<opcode="alloca(26) " fcode="alloca"/>
<opset="height_val4_c/1 "/>
</bind>
</comp>

<comp id="90" class="1004" name="imgG_fu_90">
<pin_list>
<pin id="91" dir="0" index="0" bw="1" slack="0"/>
<pin id="92" dir="1" index="1" bw="30" slack="0"/>
</pin_list>
<bind>
<opcode="alloca(26) " fcode="alloca"/>
<opset="imgG/1 "/>
</bind>
</comp>

<comp id="94" class="1004" name="imgRB_fu_94">
<pin_list>
<pin id="95" dir="0" index="0" bw="1" slack="0"/>
<pin id="96" dir="1" index="1" bw="30" slack="2"/>
</pin_list>
<bind>
<opcode="alloca(26) " fcode="alloca"/>
<opset="imgRB/1 "/>
</bind>
</comp>

<comp id="98" class="1004" name="width_val8_read_read_fu_98">
<pin_list>
<pin id="99" dir="0" index="0" bw="16" slack="0"/>
<pin id="100" dir="0" index="1" bw="16" slack="0"/>
<pin id="101" dir="1" index="2" bw="16" slack="0"/>
</pin_list>
<bind>
<opcode="read(1150) " fcode="read"/>
<opset="width_val8_read/1 "/>
</bind>
</comp>

<comp id="104" class="1004" name="height_val4_read_read_fu_104">
<pin_list>
<pin id="105" dir="0" index="0" bw="16" slack="0"/>
<pin id="106" dir="0" index="1" bw="16" slack="0"/>
<pin id="107" dir="1" index="2" bw="16" slack="0"/>
</pin_list>
<bind>
<opcode="read(1150) " fcode="read"/>
<opset="height_val4_read/1 "/>
</bind>
</comp>

<comp id="110" class="1004" name="grp_DebayerG_fu_110">
<pin_list>
<pin id="111" dir="0" index="0" bw="0" slack="0"/>
<pin id="112" dir="0" index="1" bw="10" slack="0"/>
<pin id="113" dir="0" index="2" bw="30" slack="0"/>
<pin id="114" dir="0" index="3" bw="16" slack="0"/>
<pin id="115" dir="0" index="4" bw="16" slack="0"/>
<pin id="116" dir="0" index="5" bw="16" slack="0"/>
<pin id="117" dir="0" index="6" bw="11" slack="0"/>
<pin id="118" dir="0" index="7" bw="11" slack="0"/>
<pin id="119" dir="0" index="8" bw="16" slack="0"/>
<pin id="120" dir="0" index="9" bw="10" slack="0"/>
<pin id="121" dir="0" index="10" bw="18" slack="0"/>
<pin id="122" dir="1" index="11" bw="0" slack="2147483647"/>
</pin_list>
<bind>
<opcode="call(48) " fcode="call"/>
<opset="call_ln1071/1 "/>
</bind>
</comp>

<comp id="130" class="1004" name="grp_DebayerRatBorBatR_fu_130">
<pin_list>
<pin id="131" dir="0" index="0" bw="0" slack="0"/>
<pin id="132" dir="0" index="1" bw="30" slack="2"/>
<pin id="133" dir="0" index="2" bw="30" slack="2"/>
<pin id="134" dir="0" index="3" bw="11" slack="2"/>
<pin id="135" dir="0" index="4" bw="11" slack="2"/>
<pin id="136" dir="0" index="5" bw="16" slack="2"/>
<pin id="137" dir="0" index="6" bw="11" slack="2"/>
<pin id="138" dir="0" index="7" bw="11" slack="2"/>
<pin id="139" dir="0" index="8" bw="16" slack="2"/>
<pin id="140" dir="1" index="9" bw="0" slack="2147483647"/>
</pin_list>
<bind>
<opcode="call(48) " fcode="call"/>
<opset="call_ln1072/3 "/>
</bind>
</comp>

<comp id="142" class="1004" name="grp_DebayerRandBatG_fu_142">
<pin_list>
<pin id="143" dir="0" index="0" bw="0" slack="0"/>
<pin id="144" dir="0" index="1" bw="30" slack="4"/>
<pin id="145" dir="0" index="2" bw="30" slack="0"/>
<pin id="146" dir="0" index="3" bw="11" slack="4"/>
<pin id="147" dir="0" index="4" bw="11" slack="4"/>
<pin id="148" dir="0" index="5" bw="16" slack="4"/>
<pin id="149" dir="1" index="6" bw="0" slack="2147483647"/>
</pin_list>
<bind>
<opcode="call(48) " fcode="call"/>
<opset="call_ln1073/5 "/>
</bind>
</comp>

<comp id="152" class="1005" name="width_val8_read_reg_152">
<pin_list>
<pin id="153" dir="0" index="0" bw="16" slack="1"/>
<pin id="154" dir="1" index="1" bw="16" slack="1"/>
</pin_list>
<bind>
<opset="width_val8_read "/>
</bind>
</comp>

<comp id="157" class="1005" name="height_val4_read_reg_157">
<pin_list>
<pin id="158" dir="0" index="0" bw="16" slack="1"/>
<pin id="159" dir="1" index="1" bw="16" slack="1"/>
</pin_list>
<bind>
<opset="height_val4_read "/>
</bind>
</comp>

<comp id="162" class="1005" name="bayerPhase_val11_c5_reg_162">
<pin_list>
<pin id="163" dir="0" index="0" bw="16" slack="0"/>
<pin id="164" dir="1" index="1" bw="16" slack="0"/>
</pin_list>
<bind>
<opset="bayerPhase_val11_c5 "/>
</bind>
</comp>

<comp id="168" class="1005" name="bayerPhase_val11_c_reg_168">
<pin_list>
<pin id="169" dir="0" index="0" bw="16" slack="2"/>
<pin id="170" dir="1" index="1" bw="16" slack="2"/>
</pin_list>
<bind>
<opset="bayerPhase_val11_c "/>
</bind>
</comp>

<comp id="174" class="1005" name="width_val8_c4_reg_174">
<pin_list>
<pin id="175" dir="0" index="0" bw="11" slack="0"/>
<pin id="176" dir="1" index="1" bw="11" slack="0"/>
</pin_list>
<bind>
<opset="width_val8_c4 "/>
</bind>
</comp>

<comp id="180" class="1005" name="width_val8_c_reg_180">
<pin_list>
<pin id="181" dir="0" index="0" bw="11" slack="2"/>
<pin id="182" dir="1" index="1" bw="11" slack="2"/>
</pin_list>
<bind>
<opset="width_val8_c "/>
</bind>
</comp>

<comp id="186" class="1005" name="height_val4_c3_reg_186">
<pin_list>
<pin id="187" dir="0" index="0" bw="11" slack="0"/>
<pin id="188" dir="1" index="1" bw="11" slack="0"/>
</pin_list>
<bind>
<opset="height_val4_c3 "/>
</bind>
</comp>

<comp id="192" class="1005" name="height_val4_c_reg_192">
<pin_list>
<pin id="193" dir="0" index="0" bw="11" slack="2"/>
<pin id="194" dir="1" index="1" bw="11" slack="2"/>
</pin_list>
<bind>
<opset="height_val4_c "/>
</bind>
</comp>

<comp id="198" class="1005" name="imgG_reg_198">
<pin_list>
<pin id="199" dir="0" index="0" bw="30" slack="0"/>
<pin id="200" dir="1" index="1" bw="30" slack="0"/>
</pin_list>
<bind>
<opset="imgG "/>
</bind>
</comp>

<comp id="204" class="1005" name="imgRB_reg_204">
<pin_list>
<pin id="205" dir="0" index="0" bw="30" slack="2"/>
<pin id="206" dir="1" index="1" bw="30" slack="2"/>
</pin_list>
<bind>
<opset="imgRB "/>
</bind>
</comp>

</comp_list>

<net_list>
<net id="69"><net_src comp="16" pin="0"/><net_sink comp="66" pin=0"/></net>

<net id="73"><net_src comp="16" pin="0"/><net_sink comp="70" pin=0"/></net>

<net id="77"><net_src comp="16" pin="0"/><net_sink comp="74" pin=0"/></net>

<net id="81"><net_src comp="16" pin="0"/><net_sink comp="78" pin=0"/></net>

<net id="85"><net_src comp="16" pin="0"/><net_sink comp="82" pin=0"/></net>

<net id="89"><net_src comp="16" pin="0"/><net_sink comp="86" pin=0"/></net>

<net id="93"><net_src comp="16" pin="0"/><net_sink comp="90" pin=0"/></net>

<net id="97"><net_src comp="16" pin="0"/><net_sink comp="94" pin=0"/></net>

<net id="102"><net_src comp="14" pin="0"/><net_sink comp="98" pin=0"/></net>

<net id="103"><net_src comp="6" pin="0"/><net_sink comp="98" pin=1"/></net>

<net id="108"><net_src comp="14" pin="0"/><net_sink comp="104" pin=0"/></net>

<net id="109"><net_src comp="4" pin="0"/><net_sink comp="104" pin=1"/></net>

<net id="123"><net_src comp="18" pin="0"/><net_sink comp="110" pin=0"/></net>

<net id="124"><net_src comp="0" pin="0"/><net_sink comp="110" pin=1"/></net>

<net id="125"><net_src comp="104" pin="2"/><net_sink comp="110" pin=3"/></net>

<net id="126"><net_src comp="98" pin="2"/><net_sink comp="110" pin=4"/></net>

<net id="127"><net_src comp="8" pin="0"/><net_sink comp="110" pin=5"/></net>

<net id="128"><net_src comp="10" pin="0"/><net_sink comp="110" pin=9"/></net>

<net id="129"><net_src comp="12" pin="0"/><net_sink comp="110" pin=10"/></net>

<net id="141"><net_src comp="20" pin="0"/><net_sink comp="130" pin=0"/></net>

<net id="150"><net_src comp="22" pin="0"/><net_sink comp="142" pin=0"/></net>

<net id="151"><net_src comp="2" pin="0"/><net_sink comp="142" pin=2"/></net>

<net id="155"><net_src comp="98" pin="2"/><net_sink comp="152" pin=0"/></net>

<net id="156"><net_src comp="152" pin="1"/><net_sink comp="110" pin=4"/></net>

<net id="160"><net_src comp="104" pin="2"/><net_sink comp="157" pin=0"/></net>

<net id="161"><net_src comp="157" pin="1"/><net_sink comp="110" pin=3"/></net>

<net id="165"><net_src comp="66" pin="1"/><net_sink comp="162" pin=0"/></net>

<net id="166"><net_src comp="162" pin="1"/><net_sink comp="110" pin=8"/></net>

<net id="167"><net_src comp="162" pin="1"/><net_sink comp="130" pin=5"/></net>

<net id="171"><net_src comp="70" pin="1"/><net_sink comp="168" pin=0"/></net>

<net id="172"><net_src comp="168" pin="1"/><net_sink comp="130" pin=8"/></net>

<net id="173"><net_src comp="168" pin="1"/><net_sink comp="142" pin=5"/></net>

<net id="177"><net_src comp="74" pin="1"/><net_sink comp="174" pin=0"/></net>

<net id="178"><net_src comp="174" pin="1"/><net_sink comp="110" pin=7"/></net>

<net id="179"><net_src comp="174" pin="1"/><net_sink comp="130" pin=4"/></net>

<net id="183"><net_src comp="78" pin="1"/><net_sink comp="180" pin=0"/></net>

<net id="184"><net_src comp="180" pin="1"/><net_sink comp="130" pin=7"/></net>

<net id="185"><net_src comp="180" pin="1"/><net_sink comp="142" pin=4"/></net>

<net id="189"><net_src comp="82" pin="1"/><net_sink comp="186" pin=0"/></net>

<net id="190"><net_src comp="186" pin="1"/><net_sink comp="110" pin=6"/></net>

<net id="191"><net_src comp="186" pin="1"/><net_sink comp="130" pin=3"/></net>

<net id="195"><net_src comp="86" pin="1"/><net_sink comp="192" pin=0"/></net>

<net id="196"><net_src comp="192" pin="1"/><net_sink comp="130" pin=6"/></net>

<net id="197"><net_src comp="192" pin="1"/><net_sink comp="142" pin=3"/></net>

<net id="201"><net_src comp="90" pin="1"/><net_sink comp="198" pin=0"/></net>

<net id="202"><net_src comp="198" pin="1"/><net_sink comp="110" pin=2"/></net>

<net id="203"><net_src comp="198" pin="1"/><net_sink comp="130" pin=1"/></net>

<net id="207"><net_src comp="94" pin="1"/><net_sink comp="204" pin=0"/></net>

<net id="208"><net_src comp="204" pin="1"/><net_sink comp="130" pin=2"/></net>

<net id="209"><net_src comp="204" pin="1"/><net_sink comp="142" pin=1"/></net>

</net_list>

</model> 
---------------- Datapath Model END ------------------

* FSMD analyzer results:
  - Output states:
	Port: imgRgb | {5 6 }
 - Input state : 
	Port: Debayer : imgBayer | {1 2 }
	Port: Debayer : height_val4 | {1 }
	Port: Debayer : width_val8 | {1 }
	Port: Debayer : bayerPhase_val11 | {1 2 }
	Port: Debayer : DIV1_TABLE | {1 2 }
	Port: Debayer : DIV2_TABLE | {1 2 }
  - Chain level:
	State 1
		call_ln1071 : 1
	State 2
	State 3
	State 4
	State 5
	State 6


============================================================
+ Verbose Summary: Datapath Resource usage 
============================================================

* Functional unit list:
|----------|------------------------------|---------|---------|---------|---------|---------|---------|
| Operation|        Functional Unit       |   BRAM  |   DSP   |  Delay  |    FF   |   LUT   |   URAM  |
|----------|------------------------------|---------|---------|---------|---------|---------|---------|
|          |      grp_DebayerG_fu_110     |    8    |    8    | 25.6466 |   2175  |   2587  |    0    |
|   call   | grp_DebayerRatBorBatR_fu_130 |    8    |    0    |  6.352  |   1196  |   969   |    0    |
|          |  grp_DebayerRandBatG_fu_142  |    8    |    0    |  4.764  |   1098  |   1040  |    0    |
|----------|------------------------------|---------|---------|---------|---------|---------|---------|
|   read   |  width_val8_read_read_fu_98  |    0    |    0    |    0    |    0    |    0    |    0    |
|          | height_val4_read_read_fu_104 |    0    |    0    |    0    |    0    |    0    |    0    |
|----------|------------------------------|---------|---------|---------|---------|---------|---------|
|   Total  |                              |    24   |    8    | 36.7626 |   4469  |   4596  |    0    |
|----------|------------------------------|---------|---------|---------|---------|---------|---------|

Memories:
N/A

* Register list:
+---------------------------+--------+
|                           |   FF   |
+---------------------------+--------+
|bayerPhase_val11_c5_reg_162|   16   |
| bayerPhase_val11_c_reg_168|   16   |
|   height_val4_c3_reg_186  |   11   |
|   height_val4_c_reg_192   |   11   |
|  height_val4_read_reg_157 |   16   |
|        imgG_reg_198       |   30   |
|       imgRB_reg_204       |   30   |
|   width_val8_c4_reg_174   |   11   |
|    width_val8_c_reg_180   |   11   |
|  width_val8_read_reg_152  |   16   |
+---------------------------+--------+
|           Total           |   168  |
+---------------------------+--------+

* Multiplexer (MUX) list: 
|---------------------|------|------|------|--------||---------||---------||---------|
|         Comp        |  Pin | Size |  BW  | S x BW ||  Delay  ||    FF   ||   LUT   |
|---------------------|------|------|------|--------||---------||---------||---------|
| grp_DebayerG_fu_110 |  p3  |   2  |  16  |   32   ||    0    ||    9    |
| grp_DebayerG_fu_110 |  p4  |   2  |  16  |   32   ||    0    ||    9    |
|---------------------|------|------|------|--------||---------||---------||---------|
|        Total        |      |      |      |   64   ||  3.176  ||    0    ||    18   |
|---------------------|------|------|------|--------||---------||---------||---------|



* Summary:
+-----------+--------+--------+--------+--------+--------+--------+
|           |  BRAM  |   DSP  |  Delay |   FF   |   LUT  |  URAM  |
+-----------+--------+--------+--------+--------+--------+--------+
|  Function |   24   |    8   |   36   |  4469  |  4596  |    0   |
|   Memory  |    -   |    -   |    -   |    -   |    -   |    -   |
|Multiplexer|    -   |    -   |    3   |    0   |   18   |    -   |
|  Register |    -   |    -   |    -   |   168  |    -   |    -   |
+-----------+--------+--------+--------+--------+--------+--------+
|   Total   |   24   |    8   |   39   |  4637  |  4614  |    0   |
+-----------+--------+--------+--------+--------+--------+--------+
