

================================================================
== Vitis HLS Report for 'DebayerRandBatG'
================================================================
* Date:           Mon Sep 21 19:19:17 2026

* Version:        2025.2 (Build 6295257 on Nov 14 2025)
* Project:        prj
* Solution:       sol (Vivado IP Flow Target)
* Product family: zynq
* Target device:  xc7z020-clg400-1


================================================================
== Performance Estimates
================================================================
+ Timing: 
    * Summary: 
    +--------+----------+----------+------------+
    |  Clock |  Target  | Estimated| Uncertainty|
    +--------+----------+----------+------------+
    |ap_clk  |  10.00 ns|  7.156 ns|     2.70 ns|
    +--------+----------+----------+------------+

+ Latency: 
    * Summary: 
    +---------+---------+----------+-----------+-----+---------+---------+
    |  Latency (cycles) |  Latency (absolute)  |    Interval   | Pipeline|
    |   min   |   max   |    min   |    max    | min |   max   |   Type  |
    +---------+---------+----------+-----------+-----+---------+---------+
    |       10|  2085250|  0.100 us|  20.852 ms|   10|  2085250|       no|
    +---------+---------+----------+-----------+-----+---------+---------+

    + Detail: 
        * Instance: 
        +------------------------------------------------------+-------------------------------------------+---------+---------+-----------+-----------+-----+-----+-------------------+
        |                                                      |                                           |  Latency (cycles) |   Latency (absolute)  |  Interval |      Pipeline     |
        |                       Instance                       |                   Module                  |   min   |   max   |    min    |    max    | min | max |        Type       |
        +------------------------------------------------------+-------------------------------------------+---------+---------+-----------+-----------+-----+-----+-------------------+
        |grp_DebayerRandBatG_Pipeline_VITIS_LOOP_881_2_fu_130  |DebayerRandBatG_Pipeline_VITIS_LOOP_881_2  |        6|     1926|  60.000 ns|  19.260 us|    0|    0|  loop pipeline stp|
        +------------------------------------------------------+-------------------------------------------+---------+---------+-----------+-----------+-----+-----+-------------------+

        * Loop: 
        +--------------------+---------+---------+----------+-----------+-----------+----------+----------+
        |                    |  Latency (cycles) | Iteration|  Initiation Interval  |   Trip   |          |
        |      Loop Name     |   min   |   max   |  Latency |  achieved |   target  |   Count  | Pipelined|
        +--------------------+---------+---------+----------+-----------+-----------+----------+----------+
        |- VITIS_LOOP_878_1  |        9|  2085249|  9 ~ 1929|          -|          -|  1 ~ 1081|        no|
        +--------------------+---------+---------+----------+-----------+-----------+----------+----------+



================================================================
== Utilization Estimates
================================================================
* Summary: 
+-----------------+---------+-----+--------+-------+-----+
|       Name      | BRAM_18K| DSP |   FF   |  LUT  | URAM|
+-----------------+---------+-----+--------+-------+-----+
|DSP              |        -|    -|       -|      -|    -|
|Expression       |        -|    -|       0|     67|    -|
|FIFO             |        -|    -|       -|      -|    -|
|Instance         |        8|    -|    1180|   1543|    0|
|Memory           |        -|    -|       -|      -|    -|
|Multiplexer      |        -|    -|       0|     70|    -|
|Register         |        -|    -|     343|      -|    -|
+-----------------+---------+-----+--------+-------+-----+
|Total            |        8|    0|    1523|   1680|    0|
+-----------------+---------+-----+--------+-------+-----+
|Available        |      280|  220|  106400|  53200|    0|
+-----------------+---------+-----+--------+-------+-----+
|Utilization (%)  |        2|    0|       1|      3|    0|
+-----------------+---------+-----+--------+-------+-----+

+ Detail: 
    * Instance: 
    +------------------------------------------------------+-------------------------------------------+---------+----+------+------+-----+
    |                       Instance                       |                   Module                  | BRAM_18K| DSP|  FF  |  LUT | URAM|
    +------------------------------------------------------+-------------------------------------------+---------+----+------+------+-----+
    |grp_DebayerRandBatG_Pipeline_VITIS_LOOP_881_2_fu_130  |DebayerRandBatG_Pipeline_VITIS_LOOP_881_2  |        8|   0|  1180|  1543|    0|
    +------------------------------------------------------+-------------------------------------------+---------+----+------+------+-----+
    |Total                                                 |                                           |        8|   0|  1180|  1543|    0|
    +------------------------------------------------------+-------------------------------------------+---------+----+------+------+-----+

    * DSP: 
    N/A

    * Memory: 
    N/A

    * FIFO: 
    N/A

    * Expression: 
    +------------------------+----------+----+---+----+------------+------------+
    |      Variable Name     | Operation| DSP| FF| LUT| Bitwidth P0| Bitwidth P1|
    +------------------------+----------+----+---+----+------------+------------+
    |loopHeight_fu_172_p2    |         +|   0|  0|  12|          11|           1|
    |loopWidth_fu_178_p2     |         +|   0|  0|  12|          11|           1|
    |y_6_fu_207_p2           |         +|   0|  0|  12|          11|           1|
    |icmp_ln878_fu_202_p2    |      icmp|   0|  0|  12|          11|          11|
    |ap_block_state1         |        or|   0|  0|   2|           1|           1|
    |xor_ln1014_1_fu_267_p2  |       xor|   0|  0|  15|          15|          15|
    |xor_ln1014_fu_257_p2    |       xor|   0|  0|   2|           1|           2|
    +------------------------+----------+----+---+----+------------+------------+
    |Total                   |          |   0|  0|  67|          61|          32|
    +------------------------+----------+----+---+----+------------+------------+

    * Multiplexer: 
    +------------------------+----+-----------+-----+-----------+
    |          Name          | LUT| Input Size| Bits| Total Bits|
    +------------------------+----+-----------+-----+-----------+
    |ap_NS_fsm               |  25|          5|    1|          5|
    |ap_done                 |   9|          2|    1|          2|
    |bayerPhase_val11_blk_n  |   9|          2|    1|          2|
    |height_val4_blk_n       |   9|          2|    1|          2|
    |width_val8_blk_n        |   9|          2|    1|          2|
    |y_fu_60                 |   9|          2|   11|         22|
    +------------------------+----+-----------+-----+-----------+
    |Total                   |  70|         15|   16|         35|
    +------------------------+----+-----------+-----+-----------+

    * Register: 
    +-------------------------------------------------------------------+----+----+-----+-----------+
    |                                Name                               | FF | LUT| Bits| Const Bits|
    +-------------------------------------------------------------------+----+----+-----+-----------+
    |ap_CS_fsm                                                          |   4|   0|    4|          0|
    |ap_done_reg                                                        |   1|   0|    1|          0|
    |grp_DebayerRandBatG_Pipeline_VITIS_LOOP_881_2_fu_130_ap_start_reg  |   1|   0|    1|          0|
    |height_val4_read_reg_357                                           |  11|   0|   11|          0|
    |loopHeight_reg_367                                                 |  11|   0|   11|          0|
    |loopWidth_reg_372                                                  |  11|   0|   11|          0|
    |p_0_0_0116417851797_lcssa1833_i_fu_84                              |  10|   0|   10|          0|
    |p_0_0_0116417851797_lcssa1833_i_load_reg_416                       |  10|   0|   10|          0|
    |p_0_0_0116517831795_lcssa1831_i_fu_80                              |  10|   0|   10|          0|
    |p_0_0_0116517831795_lcssa1831_i_load_reg_411                       |  10|   0|   10|          0|
    |p_0_0_0116617811793_lcssa1829_i_fu_76                              |  10|   0|   10|          0|
    |p_0_0_0116617811793_lcssa1829_i_load_reg_406                       |  10|   0|   10|          0|
    |p_0_0_01177_217791809_lcssa1845_i_fu_108                           |  10|   0|   10|          0|
    |p_0_0_01177_217791809_lcssa1845_i_load_reg_446                     |  10|   0|   10|          0|
    |p_0_0_01178_217771807_lcssa1843_i_fu_104                           |  10|   0|   10|          0|
    |p_0_0_01178_217771807_lcssa1843_i_load_reg_441                     |  10|   0|   10|          0|
    |p_0_0_01179_217751805_lcssa1841_i_fu_100                           |  10|   0|   10|          0|
    |p_0_0_01179_217751805_lcssa1841_i_load_reg_436                     |  10|   0|   10|          0|
    |p_0_0_0_0_011521798_lcssa1835_i_fu_88                              |  10|   0|   10|          0|
    |p_0_0_0_0_011521798_lcssa1835_i_load_reg_421                       |  10|   0|   10|          0|
    |p_0_0_0_0_011581703_lcssa1747_i_fu_64                              |  10|   0|   10|          0|
    |p_0_0_0_0_011581703_lcssa1747_i_load_reg_391                       |  10|   0|   10|          0|
    |p_0_1_0_0_011531800_lcssa1837_i_fu_92                              |  10|   0|   10|          0|
    |p_0_1_0_0_011531800_lcssa1837_i_load_reg_426                       |  10|   0|   10|          0|
    |p_0_1_0_0_011591706_lcssa1749_i_fu_68                              |  10|   0|   10|          0|
    |p_0_1_0_0_011591706_lcssa1749_i_load_reg_396                       |  10|   0|   10|          0|
    |p_0_2_0_0_011541802_lcssa1839_i_fu_96                              |  10|   0|   10|          0|
    |p_0_2_0_0_011541802_lcssa1839_i_load_reg_431                       |  10|   0|   10|          0|
    |p_0_2_0_0_011601709_lcssa1751_i_fu_72                              |  10|   0|   10|          0|
    |p_0_2_0_0_011601709_lcssa1751_i_load_reg_401                       |  10|   0|   10|          0|
    |trunc_ln_reg_377                                                   |  15|   0|   15|          0|
    |width_val8_read_reg_352                                            |  11|   0|   11|          0|
    |x_phase_reg_362                                                    |   1|   0|    1|          0|
    |xor_ln1014_1_reg_451                                               |  15|   0|   15|          0|
    |y_5_reg_382                                                        |  11|   0|   11|          0|
    |y_fu_60                                                            |  11|   0|   11|          0|
    +-------------------------------------------------------------------+----+----+-----+-----------+
    |Total                                                              | 343|   0|  343|          0|
    +-------------------------------------------------------------------+----+----+-----+-----------+



================================================================
== Interface
================================================================
* Summary: 
+---------------------------------+-----+-----+------------+------------------+--------------+
|            RTL Ports            | Dir | Bits|  Protocol  |   Source Object  |    C Type    |
+---------------------------------+-----+-----+------------+------------------+--------------+
|ap_clk                           |   in|    1|  ap_ctrl_hs|   DebayerRandBatG|  return value|
|ap_rst                           |   in|    1|  ap_ctrl_hs|   DebayerRandBatG|  return value|
|ap_start                         |   in|    1|  ap_ctrl_hs|   DebayerRandBatG|  return value|
|ap_done                          |  out|    1|  ap_ctrl_hs|   DebayerRandBatG|  return value|
|ap_continue                      |   in|    1|  ap_ctrl_hs|   DebayerRandBatG|  return value|
|ap_idle                          |  out|    1|  ap_ctrl_hs|   DebayerRandBatG|  return value|
|ap_ready                         |  out|    1|  ap_ctrl_hs|   DebayerRandBatG|  return value|
|imgRB_dout                       |   in|   30|     ap_fifo|             imgRB|       pointer|
|imgRB_empty_n                    |   in|    1|     ap_fifo|             imgRB|       pointer|
|imgRB_read                       |  out|    1|     ap_fifo|             imgRB|       pointer|
|imgRB_num_data_valid             |   in|    3|     ap_fifo|             imgRB|       pointer|
|imgRB_fifo_cap                   |   in|    3|     ap_fifo|             imgRB|       pointer|
|imgRgb_din                       |  out|   30|     ap_fifo|            imgRgb|       pointer|
|imgRgb_full_n                    |   in|    1|     ap_fifo|            imgRgb|       pointer|
|imgRgb_write                     |  out|    1|     ap_fifo|            imgRgb|       pointer|
|imgRgb_num_data_valid            |   in|   32|     ap_fifo|            imgRgb|       pointer|
|imgRgb_fifo_cap                  |   in|   32|     ap_fifo|            imgRgb|       pointer|
|height_val4_dout                 |   in|   11|     ap_fifo|       height_val4|       pointer|
|height_val4_empty_n              |   in|    1|     ap_fifo|       height_val4|       pointer|
|height_val4_read                 |  out|    1|     ap_fifo|       height_val4|       pointer|
|height_val4_num_data_valid       |   in|    3|     ap_fifo|       height_val4|       pointer|
|height_val4_fifo_cap             |   in|    3|     ap_fifo|       height_val4|       pointer|
|width_val8_dout                  |   in|   11|     ap_fifo|        width_val8|       pointer|
|width_val8_empty_n               |   in|    1|     ap_fifo|        width_val8|       pointer|
|width_val8_read                  |  out|    1|     ap_fifo|        width_val8|       pointer|
|width_val8_num_data_valid        |   in|    3|     ap_fifo|        width_val8|       pointer|
|width_val8_fifo_cap              |   in|    3|     ap_fifo|        width_val8|       pointer|
|bayerPhase_val11_dout            |   in|   16|     ap_fifo|  bayerPhase_val11|       pointer|
|bayerPhase_val11_empty_n         |   in|    1|     ap_fifo|  bayerPhase_val11|       pointer|
|bayerPhase_val11_read            |  out|    1|     ap_fifo|  bayerPhase_val11|       pointer|
|bayerPhase_val11_num_data_valid  |   in|    3|     ap_fifo|  bayerPhase_val11|       pointer|
|bayerPhase_val11_fifo_cap        |   in|    3|     ap_fifo|  bayerPhase_val11|       pointer|
+---------------------------------+-----+-----+------------+------------------+--------------+

============================================================
+ Verbose Summary: Synthesis Manager
============================================================
InlineROM: 1
ExposeGlobal: 0
============================================================
+ Verbose Summary: CDFG Model
============================================================
IsTopModel: 0
ResetActiveHigh: 1
IsCombinational: 2
IsDatapathOnly: 0
HasWiredReturn: 1
HasMFsm: 0
HasVarLatency: 1
IsPipeline: 0
IsRtlPipelined: 0
IsInstanceOverlapped: 0
IsDontTouch: 0
HasImplIP: 0
IsGatedGlobalClock: 0


============================================================
+ Verbose Summary: Schedule
============================================================
* Number of FSM states : 4
* Pipeline : 0
* Dataflow Pipeline: 0

* FSM state transitions: 
1 --> 2 
2 --> 3 
3 --> 4 
4 --> 2 

* FSM state operations: 

State 1 <SV = 0> <Delay = 5.27>
ST_1 : Operation 5 [1/1] (0.00ns)   --->   "%y = alloca i32 1" [C:/github/zybo_z7_cam_rpi_v2_5mp_hdmi/zybo_z7_imx219/zybo_z7_imx219.runs/design_1_v_demosaic_0_0_synth_1/prj/sol/.autopilot/db/v_demosaic.cpp:851->C:/github/zybo_z7_cam_rpi_v2_5mp_hdmi/zybo_z7_imx219/zybo_z7_imx219.runs/design_1_v_demosaic_0_0_synth_1/prj/sol/.autopilot/db/v_demosaic.cpp:1073]   --->   Operation 5 'alloca' 'y' <Predicate = true> <Delay = 0.00>
ST_1 : Operation 6 [1/1] (0.00ns)   --->   "%p_0_0_0_0_011581703_lcssa1747_i = alloca i32 1"   --->   Operation 6 'alloca' 'p_0_0_0_0_011581703_lcssa1747_i' <Predicate = true> <Delay = 0.00>
ST_1 : Operation 7 [1/1] (0.00ns)   --->   "%p_0_1_0_0_011591706_lcssa1749_i = alloca i32 1"   --->   Operation 7 'alloca' 'p_0_1_0_0_011591706_lcssa1749_i' <Predicate = true> <Delay = 0.00>
ST_1 : Operation 8 [1/1] (0.00ns)   --->   "%p_0_2_0_0_011601709_lcssa1751_i = alloca i32 1"   --->   Operation 8 'alloca' 'p_0_2_0_0_011601709_lcssa1751_i' <Predicate = true> <Delay = 0.00>
ST_1 : Operation 9 [1/1] (0.00ns)   --->   "%p_0_0_0116617811793_lcssa1829_i = alloca i32 1"   --->   Operation 9 'alloca' 'p_0_0_0116617811793_lcssa1829_i' <Predicate = true> <Delay = 0.00>
ST_1 : Operation 10 [1/1] (0.00ns)   --->   "%p_0_0_0116517831795_lcssa1831_i = alloca i32 1"   --->   Operation 10 'alloca' 'p_0_0_0116517831795_lcssa1831_i' <Predicate = true> <Delay = 0.00>
ST_1 : Operation 11 [1/1] (0.00ns)   --->   "%p_0_0_0116417851797_lcssa1833_i = alloca i32 1"   --->   Operation 11 'alloca' 'p_0_0_0116417851797_lcssa1833_i' <Predicate = true> <Delay = 0.00>
ST_1 : Operation 12 [1/1] (0.00ns)   --->   "%p_0_0_0_0_011521798_lcssa1835_i = alloca i32 1"   --->   Operation 12 'alloca' 'p_0_0_0_0_011521798_lcssa1835_i' <Predicate = true> <Delay = 0.00>
ST_1 : Operation 13 [1/1] (0.00ns)   --->   "%p_0_1_0_0_011531800_lcssa1837_i = alloca i32 1"   --->   Operation 13 'alloca' 'p_0_1_0_0_011531800_lcssa1837_i' <Predicate = true> <Delay = 0.00>
ST_1 : Operation 14 [1/1] (0.00ns)   --->   "%p_0_2_0_0_011541802_lcssa1839_i = alloca i32 1"   --->   Operation 14 'alloca' 'p_0_2_0_0_011541802_lcssa1839_i' <Predicate = true> <Delay = 0.00>
ST_1 : Operation 15 [1/1] (0.00ns)   --->   "%p_0_0_01179_217751805_lcssa1841_i = alloca i32 1"   --->   Operation 15 'alloca' 'p_0_0_01179_217751805_lcssa1841_i' <Predicate = true> <Delay = 0.00>
ST_1 : Operation 16 [1/1] (0.00ns)   --->   "%p_0_0_01178_217771807_lcssa1843_i = alloca i32 1"   --->   Operation 16 'alloca' 'p_0_0_01178_217771807_lcssa1843_i' <Predicate = true> <Delay = 0.00>
ST_1 : Operation 17 [1/1] (0.00ns)   --->   "%p_0_0_01177_217791809_lcssa1845_i = alloca i32 1"   --->   Operation 17 'alloca' 'p_0_0_01177_217791809_lcssa1845_i' <Predicate = true> <Delay = 0.00>
ST_1 : Operation 18 [1/1] (0.00ns)   --->   "%specinterface_ln0 = specinterface void @_ssdm_op_SpecInterface, i16 %bayerPhase_val11, void @ap_fifo_str, i32 0, i32 0, void @p_str, i32 0, i32 0, void @p_str, void @p_str, void @p_str, i32 2, i32 2, i32 16, i32 16, void @p_str, void @ScalarProp_str, i32 4294967295, i32 0, i32 0, i32 0"   --->   Operation 18 'specinterface' 'specinterface_ln0' <Predicate = true> <Delay = 0.00>
ST_1 : Operation 19 [1/1] ( I:3.63ns O:3.63ns )   --->   "%bayerPhase_val11_read = read i16 @_ssdm_op_Read.ap_fifo.i16P0A, i16 %bayerPhase_val11"   --->   Operation 19 'read' 'bayerPhase_val11_read' <Predicate = true> <Delay = 3.63> <CoreInst = "FIFO_SRL">   --->   Core 80 'FIFO_SRL' <Latency = 0> <II = 1> <Delay = 3.63> <Storage> <Opcode : 'read' 'write' 'nbread' 'nbwrite'> <Ports = 0> <Width = 16> <Depth = 2> <FIFO>
ST_1 : Operation 20 [1/1] (0.00ns)   --->   "%specinterface_ln0 = specinterface void @_ssdm_op_SpecInterface, i11 %width_val8, void @ap_fifo_str, i32 0, i32 0, void @p_str, i32 0, i32 0, void @p_str, void @p_str, void @p_str, i32 2, i32 2, i32 16, i32 16, void @p_str, void @ScalarProp_str, i32 4294967295, i32 0, i32 0, i32 0"   --->   Operation 20 'specinterface' 'specinterface_ln0' <Predicate = true> <Delay = 0.00>
ST_1 : Operation 21 [1/1] ( I:3.63ns O:3.63ns )   --->   "%width_val8_read = read i11 @_ssdm_op_Read.ap_fifo.i11P0A, i11 %width_val8"   --->   Operation 21 'read' 'width_val8_read' <Predicate = true> <Delay = 3.63> <CoreInst = "FIFO_SRL">   --->   Core 80 'FIFO_SRL' <Latency = 0> <II = 1> <Delay = 3.63> <Storage> <Opcode : 'read' 'write' 'nbread' 'nbwrite'> <Ports = 0> <Width = 11> <Depth = 2> <FIFO>
ST_1 : Operation 22 [1/1] (0.00ns)   --->   "%specinterface_ln0 = specinterface void @_ssdm_op_SpecInterface, i11 %height_val4, void @ap_fifo_str, i32 0, i32 0, void @p_str, i32 0, i32 0, void @p_str, void @p_str, void @p_str, i32 2, i32 2, i32 16, i32 16, void @p_str, void @ScalarProp_str, i32 4294967295, i32 0, i32 0, i32 0"   --->   Operation 22 'specinterface' 'specinterface_ln0' <Predicate = true> <Delay = 0.00>
ST_1 : Operation 23 [1/1] ( I:3.63ns O:3.63ns )   --->   "%height_val4_read = read i11 @_ssdm_op_Read.ap_fifo.i11P0A, i11 %height_val4"   --->   Operation 23 'read' 'height_val4_read' <Predicate = true> <Delay = 3.63> <CoreInst = "FIFO_SRL">   --->   Core 80 'FIFO_SRL' <Latency = 0> <II = 1> <Delay = 3.63> <Storage> <Opcode : 'read' 'write' 'nbread' 'nbwrite'> <Ports = 0> <Width = 11> <Depth = 2> <FIFO>
ST_1 : Operation 24 [1/1] (0.00ns)   --->   "%x_phase = trunc i16 %bayerPhase_val11_read"   --->   Operation 24 'trunc' 'x_phase' <Predicate = true> <Delay = 0.00>
ST_1 : Operation 25 [1/1] (0.00ns)   --->   "%specinterface_ln0 = specinterface void @_ssdm_op_SpecInterface, i30 %imgRB, void @empty_20, i32 0, i32 0, void @empty_14, i32 0, i32 0, void @empty_14, void @empty_14, void @empty_14, i32 0, i32 0, i32 0, i32 0, void @empty_14, void @empty_14, i32 4294967295, i32 0, i32 0, i32 0"   --->   Operation 25 'specinterface' 'specinterface_ln0' <Predicate = true> <Delay = 0.00>
ST_1 : Operation 26 [1/1] (0.00ns)   --->   "%specinterface_ln0 = specinterface void @_ssdm_op_SpecInterface, i30 %imgRgb, void @empty_20, i32 0, i32 0, void @empty_14, i32 0, i32 0, void @empty_14, void @empty_14, void @empty_14, i32 0, i32 0, i32 0, i32 0, void @empty_14, void @empty_14, i32 4294967295, i32 0, i32 0, i32 0"   --->   Operation 26 'specinterface' 'specinterface_ln0' <Predicate = true> <Delay = 0.00>
ST_1 : Operation 27 [1/1] (1.63ns)   --->   "%loopHeight = add i11 %height_val4_read, i11 1" [C:/github/zybo_z7_cam_rpi_v2_5mp_hdmi/zybo_z7_imx219/zybo_z7_imx219.runs/design_1_v_demosaic_0_0_synth_1/prj/sol/.autopilot/db/v_demosaic.cpp:854->C:/github/zybo_z7_cam_rpi_v2_5mp_hdmi/zybo_z7_imx219/zybo_z7_imx219.runs/design_1_v_demosaic_0_0_synth_1/prj/sol/.autopilot/db/v_demosaic.cpp:1073]   --->   Operation 27 'add' 'loopHeight' <Predicate = true> <Delay = 1.63> <CoreInst = "Adder">   --->   Core 1 'Adder' <Latency = 0> <II = 1> <Delay = 1.63> <FuncUnit> <Opcode : 'add' 'sub'> <InPorts = 2> <OutPorts = 1>
ST_1 : Operation 28 [1/1] (1.63ns)   --->   "%loopWidth = add i11 %width_val8_read, i11 1" [C:/github/zybo_z7_cam_rpi_v2_5mp_hdmi/zybo_z7_imx219/zybo_z7_imx219.runs/design_1_v_demosaic_0_0_synth_1/prj/sol/.autopilot/db/v_demosaic.cpp:855->C:/github/zybo_z7_cam_rpi_v2_5mp_hdmi/zybo_z7_imx219/zybo_z7_imx219.runs/design_1_v_demosaic_0_0_synth_1/prj/sol/.autopilot/db/v_demosaic.cpp:1073]   --->   Operation 28 'add' 'loopWidth' <Predicate = true> <Delay = 1.63> <CoreInst = "Adder">   --->   Core 1 'Adder' <Latency = 0> <II = 1> <Delay = 1.63> <FuncUnit> <Opcode : 'add' 'sub'> <InPorts = 2> <OutPorts = 1>
ST_1 : Operation 29 [1/1] (0.00ns)   --->   "%trunc_ln = partselect i15 @_ssdm_op_PartSelect.i15.i16.i32.i32, i16 %bayerPhase_val11_read, i32 1, i32 15" [C:/github/zybo_z7_cam_rpi_v2_5mp_hdmi/zybo_z7_imx219/zybo_z7_imx219.runs/design_1_v_demosaic_0_0_synth_1/prj/sol/.autopilot/db/v_demosaic.cpp:870->C:/github/zybo_z7_cam_rpi_v2_5mp_hdmi/zybo_z7_imx219/zybo_z7_imx219.runs/design_1_v_demosaic_0_0_synth_1/prj/sol/.autopilot/db/v_demosaic.cpp:1073]   --->   Operation 29 'partselect' 'trunc_ln' <Predicate = true> <Delay = 0.00>
ST_1 : Operation 30 [1/1] (1.58ns)   --->   "%store_ln851 = store i11 0, i11 %y" [C:/github/zybo_z7_cam_rpi_v2_5mp_hdmi/zybo_z7_imx219/zybo_z7_imx219.runs/design_1_v_demosaic_0_0_synth_1/prj/sol/.autopilot/db/v_demosaic.cpp:851->C:/github/zybo_z7_cam_rpi_v2_5mp_hdmi/zybo_z7_imx219/zybo_z7_imx219.runs/design_1_v_demosaic_0_0_synth_1/prj/sol/.autopilot/db/v_demosaic.cpp:1073]   --->   Operation 30 'store' 'store_ln851' <Predicate = true> <Delay = 1.58>
ST_1 : Operation 31 [1/1] (0.00ns)   --->   "%br_ln878 = br void %VITIS_LOOP_881_2.i" [C:/github/zybo_z7_cam_rpi_v2_5mp_hdmi/zybo_z7_imx219/zybo_z7_imx219.runs/design_1_v_demosaic_0_0_synth_1/prj/sol/.autopilot/db/v_demosaic.cpp:878->C:/github/zybo_z7_cam_rpi_v2_5mp_hdmi/zybo_z7_imx219/zybo_z7_imx219.runs/design_1_v_demosaic_0_0_synth_1/prj/sol/.autopilot/db/v_demosaic.cpp:1073]   --->   Operation 31 'br' 'br_ln878' <Predicate = true> <Delay = 0.00>

State 2 <SV = 1> <Delay = 3.22>
ST_2 : Operation 32 [1/1] (0.00ns)   --->   "%y_5 = load i11 %y" [C:/github/zybo_z7_cam_rpi_v2_5mp_hdmi/zybo_z7_imx219/zybo_z7_imx219.runs/design_1_v_demosaic_0_0_synth_1/prj/sol/.autopilot/db/v_demosaic.cpp:878->C:/github/zybo_z7_cam_rpi_v2_5mp_hdmi/zybo_z7_imx219/zybo_z7_imx219.runs/design_1_v_demosaic_0_0_synth_1/prj/sol/.autopilot/db/v_demosaic.cpp:1073]   --->   Operation 32 'load' 'y_5' <Predicate = true> <Delay = 0.00>
ST_2 : Operation 33 [1/1] (1.63ns)   --->   "%icmp_ln878 = icmp_eq  i11 %y_5, i11 %loopHeight" [C:/github/zybo_z7_cam_rpi_v2_5mp_hdmi/zybo_z7_imx219/zybo_z7_imx219.runs/design_1_v_demosaic_0_0_synth_1/prj/sol/.autopilot/db/v_demosaic.cpp:878->C:/github/zybo_z7_cam_rpi_v2_5mp_hdmi/zybo_z7_imx219/zybo_z7_imx219.runs/design_1_v_demosaic_0_0_synth_1/prj/sol/.autopilot/db/v_demosaic.cpp:1073]   --->   Operation 33 'icmp' 'icmp_ln878' <Predicate = true> <Delay = 1.63> <CoreInst = "Cmp">   --->   Core 9 'Cmp' <Latency = 0> <II = 1> <Delay = 1.63> <FuncUnit> <Opcode : 'seteq' 'setne' 'setle' 'setge' 'setlt' 'setgt'> <InPorts = 2> <OutPorts = 1>
ST_2 : Operation 34 [1/1] (0.00ns)   --->   "%speclooptripcount_ln0 = speclooptripcount void @_ssdm_op_SpecLoopTripCount, i64 1, i64 1081, i64 0"   --->   Operation 34 'speclooptripcount' 'speclooptripcount_ln0' <Predicate = true> <Delay = 0.00>
ST_2 : Operation 35 [1/1] (1.63ns)   --->   "%y_6 = add i11 %y_5, i11 1" [C:/github/zybo_z7_cam_rpi_v2_5mp_hdmi/zybo_z7_imx219/zybo_z7_imx219.runs/design_1_v_demosaic_0_0_synth_1/prj/sol/.autopilot/db/v_demosaic.cpp:878->C:/github/zybo_z7_cam_rpi_v2_5mp_hdmi/zybo_z7_imx219/zybo_z7_imx219.runs/design_1_v_demosaic_0_0_synth_1/prj/sol/.autopilot/db/v_demosaic.cpp:1073]   --->   Operation 35 'add' 'y_6' <Predicate = true> <Delay = 1.63> <CoreInst = "Adder">   --->   Core 1 'Adder' <Latency = 0> <II = 1> <Delay = 1.63> <FuncUnit> <Opcode : 'add' 'sub'> <InPorts = 2> <OutPorts = 1>
ST_2 : Operation 36 [1/1] (0.00ns)   --->   "%br_ln878 = br i1 %icmp_ln878, void %VITIS_LOOP_881_2.split.i, void %DebayerRandBatG.exit" [C:/github/zybo_z7_cam_rpi_v2_5mp_hdmi/zybo_z7_imx219/zybo_z7_imx219.runs/design_1_v_demosaic_0_0_synth_1/prj/sol/.autopilot/db/v_demosaic.cpp:878->C:/github/zybo_z7_cam_rpi_v2_5mp_hdmi/zybo_z7_imx219/zybo_z7_imx219.runs/design_1_v_demosaic_0_0_synth_1/prj/sol/.autopilot/db/v_demosaic.cpp:1073]   --->   Operation 36 'br' 'br_ln878' <Predicate = true> <Delay = 0.00>
ST_2 : Operation 37 [1/1] (0.00ns)   --->   "%p_0_0_0_0_011581703_lcssa1747_i_load = load i10 %p_0_0_0_0_011581703_lcssa1747_i"   --->   Operation 37 'load' 'p_0_0_0_0_011581703_lcssa1747_i_load' <Predicate = (!icmp_ln878)> <Delay = 0.00>
ST_2 : Operation 38 [1/1] (0.00ns)   --->   "%p_0_1_0_0_011591706_lcssa1749_i_load = load i10 %p_0_1_0_0_011591706_lcssa1749_i"   --->   Operation 38 'load' 'p_0_1_0_0_011591706_lcssa1749_i_load' <Predicate = (!icmp_ln878)> <Delay = 0.00>
ST_2 : Operation 39 [1/1] (0.00ns)   --->   "%p_0_2_0_0_011601709_lcssa1751_i_load = load i10 %p_0_2_0_0_011601709_lcssa1751_i"   --->   Operation 39 'load' 'p_0_2_0_0_011601709_lcssa1751_i_load' <Predicate = (!icmp_ln878)> <Delay = 0.00>
ST_2 : Operation 40 [1/1] (0.00ns)   --->   "%p_0_0_0116617811793_lcssa1829_i_load = load i10 %p_0_0_0116617811793_lcssa1829_i"   --->   Operation 40 'load' 'p_0_0_0116617811793_lcssa1829_i_load' <Predicate = (!icmp_ln878)> <Delay = 0.00>
ST_2 : Operation 41 [1/1] (0.00ns)   --->   "%p_0_0_0116517831795_lcssa1831_i_load = load i10 %p_0_0_0116517831795_lcssa1831_i"   --->   Operation 41 'load' 'p_0_0_0116517831795_lcssa1831_i_load' <Predicate = (!icmp_ln878)> <Delay = 0.00>
ST_2 : Operation 42 [1/1] (0.00ns)   --->   "%p_0_0_0116417851797_lcssa1833_i_load = load i10 %p_0_0_0116417851797_lcssa1833_i"   --->   Operation 42 'load' 'p_0_0_0116417851797_lcssa1833_i_load' <Predicate = (!icmp_ln878)> <Delay = 0.00>
ST_2 : Operation 43 [1/1] (0.00ns)   --->   "%p_0_0_0_0_011521798_lcssa1835_i_load = load i10 %p_0_0_0_0_011521798_lcssa1835_i"   --->   Operation 43 'load' 'p_0_0_0_0_011521798_lcssa1835_i_load' <Predicate = (!icmp_ln878)> <Delay = 0.00>
ST_2 : Operation 44 [1/1] (0.00ns)   --->   "%p_0_1_0_0_011531800_lcssa1837_i_load = load i10 %p_0_1_0_0_011531800_lcssa1837_i"   --->   Operation 44 'load' 'p_0_1_0_0_011531800_lcssa1837_i_load' <Predicate = (!icmp_ln878)> <Delay = 0.00>
ST_2 : Operation 45 [1/1] (0.00ns)   --->   "%p_0_2_0_0_011541802_lcssa1839_i_load = load i10 %p_0_2_0_0_011541802_lcssa1839_i"   --->   Operation 45 'load' 'p_0_2_0_0_011541802_lcssa1839_i_load' <Predicate = (!icmp_ln878)> <Delay = 0.00>
ST_2 : Operation 46 [1/1] (0.00ns)   --->   "%p_0_0_01179_217751805_lcssa1841_i_load = load i10 %p_0_0_01179_217751805_lcssa1841_i"   --->   Operation 46 'load' 'p_0_0_01179_217751805_lcssa1841_i_load' <Predicate = (!icmp_ln878)> <Delay = 0.00>
ST_2 : Operation 47 [1/1] (0.00ns)   --->   "%p_0_0_01178_217771807_lcssa1843_i_load = load i10 %p_0_0_01178_217771807_lcssa1843_i"   --->   Operation 47 'load' 'p_0_0_01178_217771807_lcssa1843_i_load' <Predicate = (!icmp_ln878)> <Delay = 0.00>
ST_2 : Operation 48 [1/1] (0.00ns)   --->   "%p_0_0_01177_217791809_lcssa1845_i_load = load i10 %p_0_0_01177_217791809_lcssa1845_i"   --->   Operation 48 'load' 'p_0_0_01177_217791809_lcssa1845_i_load' <Predicate = (!icmp_ln878)> <Delay = 0.00>
ST_2 : Operation 49 [1/1] (1.58ns)   --->   "%store_ln851 = store i11 %y_6, i11 %y" [C:/github/zybo_z7_cam_rpi_v2_5mp_hdmi/zybo_z7_imx219/zybo_z7_imx219.runs/design_1_v_demosaic_0_0_synth_1/prj/sol/.autopilot/db/v_demosaic.cpp:851->C:/github/zybo_z7_cam_rpi_v2_5mp_hdmi/zybo_z7_imx219/zybo_z7_imx219.runs/design_1_v_demosaic_0_0_synth_1/prj/sol/.autopilot/db/v_demosaic.cpp:1073]   --->   Operation 49 'store' 'store_ln851' <Predicate = (!icmp_ln878)> <Delay = 1.58>
ST_2 : Operation 50 [1/1] (0.00ns)   --->   "%ret_ln1073 = ret" [C:/github/zybo_z7_cam_rpi_v2_5mp_hdmi/zybo_z7_imx219/zybo_z7_imx219.runs/design_1_v_demosaic_0_0_synth_1/prj/sol/.autopilot/db/v_demosaic.cpp:1073]   --->   Operation 50 'ret' 'ret_ln1073' <Predicate = (icmp_ln878)> <Delay = 0.00>

State 3 <SV = 2> <Delay = 4.21>
ST_3 : Operation 51 [1/1] (0.00ns) (grouped into LUT with out node xor_ln1014_1)   --->   "%trunc_ln878 = trunc i11 %y_5" [C:/github/zybo_z7_cam_rpi_v2_5mp_hdmi/zybo_z7_imx219/zybo_z7_imx219.runs/design_1_v_demosaic_0_0_synth_1/prj/sol/.autopilot/db/v_demosaic.cpp:878->C:/github/zybo_z7_cam_rpi_v2_5mp_hdmi/zybo_z7_imx219/zybo_z7_imx219.runs/design_1_v_demosaic_0_0_synth_1/prj/sol/.autopilot/db/v_demosaic.cpp:1073]   --->   Operation 51 'trunc' 'trunc_ln878' <Predicate = true> <Delay = 0.00>
ST_3 : Operation 52 [1/1] (0.00ns) (grouped into LUT with out node xor_ln1014_1)   --->   "%xor_ln1014 = xor i1 %trunc_ln878, i1 1" [C:/github/zybo_z7_cam_rpi_v2_5mp_hdmi/zybo_z7_imx219/zybo_z7_imx219.runs/design_1_v_demosaic_0_0_synth_1/prj/sol/.autopilot/db/v_demosaic.cpp:1014->C:/github/zybo_z7_cam_rpi_v2_5mp_hdmi/zybo_z7_imx219/zybo_z7_imx219.runs/design_1_v_demosaic_0_0_synth_1/prj/sol/.autopilot/db/v_demosaic.cpp:1073]   --->   Operation 52 'xor' 'xor_ln1014' <Predicate = true> <Delay = 0.00> <CoreInst = "LogicGate">   --->   Core 74 'LogicGate' <Latency = 0> <II = 1> <Delay = 0.97> <FuncUnit> <Opcode : 'and' 'or' 'xor'> <InPorts = 2> <OutPorts = 1>
ST_3 : Operation 53 [1/1] (0.00ns) (grouped into LUT with out node xor_ln1014_1)   --->   "%zext_ln1014 = zext i1 %xor_ln1014" [C:/github/zybo_z7_cam_rpi_v2_5mp_hdmi/zybo_z7_imx219/zybo_z7_imx219.runs/design_1_v_demosaic_0_0_synth_1/prj/sol/.autopilot/db/v_demosaic.cpp:1014->C:/github/zybo_z7_cam_rpi_v2_5mp_hdmi/zybo_z7_imx219/zybo_z7_imx219.runs/design_1_v_demosaic_0_0_synth_1/prj/sol/.autopilot/db/v_demosaic.cpp:1073]   --->   Operation 53 'zext' 'zext_ln1014' <Predicate = true> <Delay = 0.00>
ST_3 : Operation 54 [1/1] (0.99ns) (out node of the LUT)   --->   "%xor_ln1014_1 = xor i15 %zext_ln1014, i15 %trunc_ln" [C:/github/zybo_z7_cam_rpi_v2_5mp_hdmi/zybo_z7_imx219/zybo_z7_imx219.runs/design_1_v_demosaic_0_0_synth_1/prj/sol/.autopilot/db/v_demosaic.cpp:1014->C:/github/zybo_z7_cam_rpi_v2_5mp_hdmi/zybo_z7_imx219/zybo_z7_imx219.runs/design_1_v_demosaic_0_0_synth_1/prj/sol/.autopilot/db/v_demosaic.cpp:1073]   --->   Operation 54 'xor' 'xor_ln1014_1' <Predicate = true> <Delay = 0.99> <CoreInst = "LogicGate">   --->   Core 74 'LogicGate' <Latency = 0> <II = 1> <Delay = 0.99> <FuncUnit> <Opcode : 'and' 'or' 'xor'> <InPorts = 2> <OutPorts = 1>
ST_3 : Operation 55 [2/2] (3.22ns)   --->   "%call_ln878 = call void @DebayerRandBatG_Pipeline_VITIS_LOOP_881_2, i10 %p_0_0_01177_217791809_lcssa1845_i_load, i10 %p_0_0_01178_217771807_lcssa1843_i_load, i10 %p_0_0_01179_217751805_lcssa1841_i_load, i10 %p_0_2_0_0_011541802_lcssa1839_i_load, i10 %p_0_1_0_0_011531800_lcssa1837_i_load, i10 %p_0_0_0_0_011521798_lcssa1835_i_load, i10 %p_0_0_0116417851797_lcssa1833_i_load, i10 %p_0_0_0116517831795_lcssa1831_i_load, i10 %p_0_0_0116617811793_lcssa1829_i_load, i10 %p_0_2_0_0_011601709_lcssa1751_i_load, i10 %p_0_1_0_0_011591706_lcssa1749_i_load, i10 %p_0_0_0_0_011581703_lcssa1747_i_load, i11 %y_5, i11 %height_val4_read, i11 %loopWidth, i1 %x_phase, i15 %xor_ln1014_1, i11 %width_val8_read, i30 %imgRB, i30 %imgRgb, i10 %p_0_0_01177_217791809_lcssa1845_i, i10 %p_0_0_01178_217771807_lcssa1843_i, i10 %p_0_0_01179_217751805_lcssa1841_i, i10 %p_0_2_0_0_011541802_lcssa1839_i, i10 %p_0_1_0_0_011531800_lcssa1837_i, i10 %p_0_0_0_0_011521798_lcssa1835_i, i10 %p_0_0_0116417851797_lcssa1833_i, i10 %p_0_0_0116517831795_lcssa1831_i, i10 %p_0_0_0116617811793_lcssa1829_i, i10 %p_0_2_0_0_011601709_lcssa1751_i, i10 %p_0_1_0_0_011591706_lcssa1749_i, i10 %p_0_0_0_0_011581703_lcssa1747_i" [C:/github/zybo_z7_cam_rpi_v2_5mp_hdmi/zybo_z7_imx219/zybo_z7_imx219.runs/design_1_v_demosaic_0_0_synth_1/prj/sol/.autopilot/db/v_demosaic.cpp:878->C:/github/zybo_z7_cam_rpi_v2_5mp_hdmi/zybo_z7_imx219/zybo_z7_imx219.runs/design_1_v_demosaic_0_0_synth_1/prj/sol/.autopilot/db/v_demosaic.cpp:1073]   --->   Operation 55 'call' 'call_ln878' <Predicate = true> <Delay = 3.22> <CoreType = "Generic">   --->   Generic Core

State 4 <SV = 3> <Delay = 0.00>
ST_4 : Operation 56 [1/1] (0.00ns)   --->   "%specloopname_ln878 = specloopname void @_ssdm_op_SpecLoopName, void @empty_18" [C:/github/zybo_z7_cam_rpi_v2_5mp_hdmi/zybo_z7_imx219/zybo_z7_imx219.runs/design_1_v_demosaic_0_0_synth_1/prj/sol/.autopilot/db/v_demosaic.cpp:878->C:/github/zybo_z7_cam_rpi_v2_5mp_hdmi/zybo_z7_imx219/zybo_z7_imx219.runs/design_1_v_demosaic_0_0_synth_1/prj/sol/.autopilot/db/v_demosaic.cpp:1073]   --->   Operation 56 'specloopname' 'specloopname_ln878' <Predicate = true> <Delay = 0.00>
ST_4 : Operation 57 [1/2] (0.00ns)   --->   "%call_ln878 = call void @DebayerRandBatG_Pipeline_VITIS_LOOP_881_2, i10 %p_0_0_01177_217791809_lcssa1845_i_load, i10 %p_0_0_01178_217771807_lcssa1843_i_load, i10 %p_0_0_01179_217751805_lcssa1841_i_load, i10 %p_0_2_0_0_011541802_lcssa1839_i_load, i10 %p_0_1_0_0_011531800_lcssa1837_i_load, i10 %p_0_0_0_0_011521798_lcssa1835_i_load, i10 %p_0_0_0116417851797_lcssa1833_i_load, i10 %p_0_0_0116517831795_lcssa1831_i_load, i10 %p_0_0_0116617811793_lcssa1829_i_load, i10 %p_0_2_0_0_011601709_lcssa1751_i_load, i10 %p_0_1_0_0_011591706_lcssa1749_i_load, i10 %p_0_0_0_0_011581703_lcssa1747_i_load, i11 %y_5, i11 %height_val4_read, i11 %loopWidth, i1 %x_phase, i15 %xor_ln1014_1, i11 %width_val8_read, i30 %imgRB, i30 %imgRgb, i10 %p_0_0_01177_217791809_lcssa1845_i, i10 %p_0_0_01178_217771807_lcssa1843_i, i10 %p_0_0_01179_217751805_lcssa1841_i, i10 %p_0_2_0_0_011541802_lcssa1839_i, i10 %p_0_1_0_0_011531800_lcssa1837_i, i10 %p_0_0_0_0_011521798_lcssa1835_i, i10 %p_0_0_0116417851797_lcssa1833_i, i10 %p_0_0_0116517831795_lcssa1831_i, i10 %p_0_0_0116617811793_lcssa1829_i, i10 %p_0_2_0_0_011601709_lcssa1751_i, i10 %p_0_1_0_0_011591706_lcssa1749_i, i10 %p_0_0_0_0_011581703_lcssa1747_i" [C:/github/zybo_z7_cam_rpi_v2_5mp_hdmi/zybo_z7_imx219/zybo_z7_imx219.runs/design_1_v_demosaic_0_0_synth_1/prj/sol/.autopilot/db/v_demosaic.cpp:878->C:/github/zybo_z7_cam_rpi_v2_5mp_hdmi/zybo_z7_imx219/zybo_z7_imx219.runs/design_1_v_demosaic_0_0_synth_1/prj/sol/.autopilot/db/v_demosaic.cpp:1073]   --->   Operation 57 'call' 'call_ln878' <Predicate = true> <Delay = 0.00> <CoreType = "Generic">   --->   Generic Core
ST_4 : Operation 58 [1/1] (0.00ns)   --->   "%br_ln878 = br void %VITIS_LOOP_881_2.i" [C:/github/zybo_z7_cam_rpi_v2_5mp_hdmi/zybo_z7_imx219/zybo_z7_imx219.runs/design_1_v_demosaic_0_0_synth_1/prj/sol/.autopilot/db/v_demosaic.cpp:878->C:/github/zybo_z7_cam_rpi_v2_5mp_hdmi/zybo_z7_imx219/zybo_z7_imx219.runs/design_1_v_demosaic_0_0_synth_1/prj/sol/.autopilot/db/v_demosaic.cpp:1073]   --->   Operation 58 'br' 'br_ln878' <Predicate = true> <Delay = 0.00>


============================================================
+ Verbose Summary: Binding
============================================================
STG Binding: 
---------------- STG Properties BEGIN ----------------
- Is combinational: 0
- Is one-state seq: 0
- Is datapath-only: 0
- Is pipelined: 0
- Is top level: 0
Port [ Return ] is wired: 1; IO mode=ap_ctrl_hs:ce=0
Port [ imgRB]:  wired=1; compound=1; hidden=0; nouse=0; global=0; static=0; extern=0; dir=0; type=3; pingpong=0; private_global=0; IO mode=ap_fifo:ce=0
Port [ imgRgb]:  wired=1; compound=1; hidden=0; nouse=0; global=0; static=0; extern=0; dir=1; type=3; pingpong=0; private_global=0; IO mode=ap_fifo:ce=0
Port [ height_val4]:  wired=1; compound=1; hidden=0; nouse=0; global=0; static=0; extern=0; dir=0; type=3; pingpong=0; private_global=0; IO mode=ap_fifo:ce=0
Port [ width_val8]:  wired=1; compound=1; hidden=0; nouse=0; global=0; static=0; extern=0; dir=0; type=3; pingpong=0; private_global=0; IO mode=ap_fifo:ce=0
Port [ bayerPhase_val11]:  wired=1; compound=1; hidden=0; nouse=0; global=0; static=0; extern=0; dir=0; type=3; pingpong=0; private_global=0; IO mode=ap_fifo:ce=0
---------------- STG Properties END ------------------

---------------- Datapath Model BEGIN ----------------

<LifeTime>
<method=bitvector/>
y                                      (alloca           ) [ 01111]
p_0_0_0_0_011581703_lcssa1747_i        (alloca           ) [ 00111]
p_0_1_0_0_011591706_lcssa1749_i        (alloca           ) [ 00111]
p_0_2_0_0_011601709_lcssa1751_i        (alloca           ) [ 00111]
p_0_0_0116617811793_lcssa1829_i        (alloca           ) [ 00111]
p_0_0_0116517831795_lcssa1831_i        (alloca           ) [ 00111]
p_0_0_0116417851797_lcssa1833_i        (alloca           ) [ 00111]
p_0_0_0_0_011521798_lcssa1835_i        (alloca           ) [ 00111]
p_0_1_0_0_011531800_lcssa1837_i        (alloca           ) [ 00111]
p_0_2_0_0_011541802_lcssa1839_i        (alloca           ) [ 00111]
p_0_0_01179_217751805_lcssa1841_i      (alloca           ) [ 00111]
p_0_0_01178_217771807_lcssa1843_i      (alloca           ) [ 00111]
p_0_0_01177_217791809_lcssa1845_i      (alloca           ) [ 00111]
specinterface_ln0                      (specinterface    ) [ 00000]
bayerPhase_val11_read                  (read             ) [ 00000]
specinterface_ln0                      (specinterface    ) [ 00000]
width_val8_read                        (read             ) [ 00111]
specinterface_ln0                      (specinterface    ) [ 00000]
height_val4_read                       (read             ) [ 00111]
x_phase                                (trunc            ) [ 00111]
specinterface_ln0                      (specinterface    ) [ 00000]
specinterface_ln0                      (specinterface    ) [ 00000]
loopHeight                             (add              ) [ 00111]
loopWidth                              (add              ) [ 00111]
trunc_ln                               (partselect       ) [ 00111]
store_ln851                            (store            ) [ 00000]
br_ln878                               (br               ) [ 00000]
y_5                                    (load             ) [ 00011]
icmp_ln878                             (icmp             ) [ 00111]
speclooptripcount_ln0                  (speclooptripcount) [ 00000]
y_6                                    (add              ) [ 00000]
br_ln878                               (br               ) [ 00000]
p_0_0_0_0_011581703_lcssa1747_i_load   (load             ) [ 00011]
p_0_1_0_0_011591706_lcssa1749_i_load   (load             ) [ 00011]
p_0_2_0_0_011601709_lcssa1751_i_load   (load             ) [ 00011]
p_0_0_0116617811793_lcssa1829_i_load   (load             ) [ 00011]
p_0_0_0116517831795_lcssa1831_i_load   (load             ) [ 00011]
p_0_0_0116417851797_lcssa1833_i_load   (load             ) [ 00011]
p_0_0_0_0_011521798_lcssa1835_i_load   (load             ) [ 00011]
p_0_1_0_0_011531800_lcssa1837_i_load   (load             ) [ 00011]
p_0_2_0_0_011541802_lcssa1839_i_load   (load             ) [ 00011]
p_0_0_01179_217751805_lcssa1841_i_load (load             ) [ 00011]
p_0_0_01178_217771807_lcssa1843_i_load (load             ) [ 00011]
p_0_0_01177_217791809_lcssa1845_i_load (load             ) [ 00011]
store_ln851                            (store            ) [ 00000]
ret_ln1073                             (ret              ) [ 00000]
trunc_ln878                            (trunc            ) [ 00000]
xor_ln1014                             (xor              ) [ 00000]
zext_ln1014                            (zext             ) [ 00000]
xor_ln1014_1                           (xor              ) [ 00001]
specloopname_ln878                     (specloopname     ) [ 00000]
call_ln878                             (call             ) [ 00000]
br_ln878                               (br               ) [ 00000]
</LifeTime>

<model>

<comp_list>
<comp id="0" class="1000" name="imgRB">
<pin_list>
<pin id="1" dir="1" index="0" bw="1" slack="0"/>
</pin_list>
<bind>
<StgValue><ssdm name="imgRB"/></StgValue>
</bind>
</comp>

<comp id="2" class="1000" name="imgRgb">
<pin_list>
<pin id="3" dir="1" index="0" bw="1" slack="0"/>
</pin_list>
<bind>
<StgValue><ssdm name="imgRgb"/></StgValue>
</bind>
</comp>

<comp id="4" class="1000" name="height_val4">
<pin_list>
<pin id="5" dir="1" index="0" bw="1" slack="0"/>
</pin_list>
<bind>
<StgValue><ssdm name="height_val4"/></StgValue>
</bind>
</comp>

<comp id="6" class="1000" name="width_val8">
<pin_list>
<pin id="7" dir="1" index="0" bw="1" slack="0"/>
</pin_list>
<bind>
<StgValue><ssdm name="width_val8"/></StgValue>
</bind>
</comp>

<comp id="8" class="1000" name="bayerPhase_val11">
<pin_list>
<pin id="9" dir="1" index="0" bw="1" slack="0"/>
</pin_list>
<bind>
<StgValue><ssdm name="bayerPhase_val11"/></StgValue>
</bind>
</comp>

<comp id="10" class="1001" name="const_10">
<pin_list>
<pin id="11" dir="1" index="0" bw="1" slack="0"/>
</pin_list>
<bind>
<StgValue><ssdm name=""/></StgValue>
</bind>
</comp>

<comp id="12" class="1001" name="const_12">
<pin_list>
<pin id="13" dir="1" index="0" bw="1" slack="2147483647"/>
</pin_list>
<bind>
<StgValue><ssdm name="_ssdm_op_SpecInterface"/></StgValue>
</bind>
</comp>

<comp id="14" class="1001" name="const_14">
<pin_list>
<pin id="15" dir="1" index="0" bw="1" slack="2147483647"/>
</pin_list>
<bind>
<StgValue><ssdm name="ap_fifo_str"/></StgValue>
</bind>
</comp>

<comp id="16" class="1001" name="const_16">
<pin_list>
<pin id="17" dir="1" index="0" bw="1" slack="2147483647"/>
</pin_list>
<bind>
<StgValue><ssdm name=""/></StgValue>
</bind>
</comp>

<comp id="18" class="1001" name="const_18">
<pin_list>
<pin id="19" dir="1" index="0" bw="1" slack="2147483647"/>
</pin_list>
<bind>
<StgValue><ssdm name="p_str"/></StgValue>
</bind>
</comp>

<comp id="20" class="1001" name="const_20">
<pin_list>
<pin id="21" dir="1" index="0" bw="1" slack="2147483647"/>
</pin_list>
<bind>
<StgValue><ssdm name=""/></StgValue>
</bind>
</comp>

<comp id="22" class="1001" name="const_22">
<pin_list>
<pin id="23" dir="1" index="0" bw="1" slack="2147483647"/>
</pin_list>
<bind>
<StgValue><ssdm name=""/></StgValue>
</bind>
</comp>

<comp id="24" class="1001" name="const_24">
<pin_list>
<pin id="25" dir="1" index="0" bw="1" slack="2147483647"/>
</pin_list>
<bind>
<StgValue><ssdm name="ScalarProp_str"/></StgValue>
</bind>
</comp>

<comp id="26" class="1001" name="const_26">
<pin_list>
<pin id="27" dir="1" index="0" bw="1" slack="2147483647"/>
</pin_list>
<bind>
<StgValue><ssdm name=""/></StgValue>
</bind>
</comp>

<comp id="28" class="1001" name="const_28">
<pin_list>
<pin id="29" dir="1" index="0" bw="1" slack="0"/>
</pin_list>
<bind>
<StgValue><ssdm name="_ssdm_op_Read.ap_fifo.i16P0A"/></StgValue>
</bind>
</comp>

<comp id="30" class="1001" name="const_30">
<pin_list>
<pin id="31" dir="1" index="0" bw="1" slack="0"/>
</pin_list>
<bind>
<StgValue><ssdm name="_ssdm_op_Read.ap_fifo.i11P0A"/></StgValue>
</bind>
</comp>

<comp id="32" class="1001" name="const_32">
<pin_list>
<pin id="33" dir="1" index="0" bw="1" slack="2147483647"/>
</pin_list>
<bind>
<StgValue><ssdm name="empty_20"/></StgValue>
</bind>
</comp>

<comp id="34" class="1001" name="const_34">
<pin_list>
<pin id="35" dir="1" index="0" bw="1" slack="2147483647"/>
</pin_list>
<bind>
<StgValue><ssdm name="empty_14"/></StgValue>
</bind>
</comp>

<comp id="36" class="1001" name="const_36">
<pin_list>
<pin id="37" dir="1" index="0" bw="1" slack="0"/>
</pin_list>
<bind>
<StgValue><ssdm name=""/></StgValue>
</bind>
</comp>

<comp id="38" class="1001" name="const_38">
<pin_list>
<pin id="39" dir="1" index="0" bw="1" slack="0"/>
</pin_list>
<bind>
<StgValue><ssdm name="_ssdm_op_PartSelect.i15.i16.i32.i32"/></StgValue>
</bind>
</comp>

<comp id="40" class="1001" name="const_40">
<pin_list>
<pin id="41" dir="1" index="0" bw="1" slack="0"/>
</pin_list>
<bind>
<StgValue><ssdm name=""/></StgValue>
</bind>
</comp>

<comp id="42" class="1001" name="const_42">
<pin_list>
<pin id="43" dir="1" index="0" bw="1" slack="0"/>
</pin_list>
<bind>
<StgValue><ssdm name=""/></StgValue>
</bind>
</comp>

<comp id="44" class="1001" name="const_44">
<pin_list>
<pin id="45" dir="1" index="0" bw="1" slack="2147483647"/>
</pin_list>
<bind>
<StgValue><ssdm name="_ssdm_op_SpecLoopTripCount"/></StgValue>
</bind>
</comp>

<comp id="46" class="1001" name="const_46">
<pin_list>
<pin id="47" dir="1" index="0" bw="1" slack="2147483647"/>
</pin_list>
<bind>
<StgValue><ssdm name=""/></StgValue>
</bind>
</comp>

<comp id="48" class="1001" name="const_48">
<pin_list>
<pin id="49" dir="1" index="0" bw="1" slack="2147483647"/>
</pin_list>
<bind>
<StgValue><ssdm name=""/></StgValue>
</bind>
</comp>

<comp id="50" class="1001" name="const_50">
<pin_list>
<pin id="51" dir="1" index="0" bw="1" slack="2147483647"/>
</pin_list>
<bind>
<StgValue><ssdm name=""/></StgValue>
</bind>
</comp>

<comp id="52" class="1001" name="const_52">
<pin_list>
<pin id="53" dir="1" index="0" bw="1" slack="0"/>
</pin_list>
<bind>
<StgValue><ssdm name=""/></StgValue>
</bind>
</comp>

<comp id="54" class="1001" name="const_54">
<pin_list>
<pin id="55" dir="1" index="0" bw="1" slack="0"/>
</pin_list>
<bind>
<StgValue><ssdm name="DebayerRandBatG_Pipeline_VITIS_LOOP_881_2"/></StgValue>
</bind>
</comp>

<comp id="56" class="1001" name="const_56">
<pin_list>
<pin id="57" dir="1" index="0" bw="1" slack="2147483647"/>
</pin_list>
<bind>
<StgValue><ssdm name="_ssdm_op_SpecLoopName"/></StgValue>
</bind>
</comp>

<comp id="58" class="1001" name="const_58">
<pin_list>
<pin id="59" dir="1" index="0" bw="1" slack="2147483647"/>
</pin_list>
<bind>
<StgValue><ssdm name="empty_18"/></StgValue>
</bind>
</comp>

<comp id="60" class="1004" name="y_fu_60">
<pin_list>
<pin id="61" dir="0" index="0" bw="1" slack="0"/>
<pin id="62" dir="1" index="1" bw="11" slack="0"/>
</pin_list>
<bind>
<opcode="alloca(26) " fcode="alloca"/>
<opset="y/1 "/>
</bind>
</comp>

<comp id="64" class="1004" name="p_0_0_0_0_011581703_lcssa1747_i_fu_64">
<pin_list>
<pin id="65" dir="0" index="0" bw="1" slack="0"/>
<pin id="66" dir="1" index="1" bw="10" slack="1"/>
</pin_list>
<bind>
<opcode="alloca(26) " fcode="alloca"/>
<opset="p_0_0_0_0_011581703_lcssa1747_i/1 "/>
</bind>
</comp>

<comp id="68" class="1004" name="p_0_1_0_0_011591706_lcssa1749_i_fu_68">
<pin_list>
<pin id="69" dir="0" index="0" bw="1" slack="0"/>
<pin id="70" dir="1" index="1" bw="10" slack="1"/>
</pin_list>
<bind>
<opcode="alloca(26) " fcode="alloca"/>
<opset="p_0_1_0_0_011591706_lcssa1749_i/1 "/>
</bind>
</comp>

<comp id="72" class="1004" name="p_0_2_0_0_011601709_lcssa1751_i_fu_72">
<pin_list>
<pin id="73" dir="0" index="0" bw="1" slack="0"/>
<pin id="74" dir="1" index="1" bw="10" slack="1"/>
</pin_list>
<bind>
<opcode="alloca(26) " fcode="alloca"/>
<opset="p_0_2_0_0_011601709_lcssa1751_i/1 "/>
</bind>
</comp>

<comp id="76" class="1004" name="p_0_0_0116617811793_lcssa1829_i_fu_76">
<pin_list>
<pin id="77" dir="0" index="0" bw="1" slack="0"/>
<pin id="78" dir="1" index="1" bw="10" slack="1"/>
</pin_list>
<bind>
<opcode="alloca(26) " fcode="alloca"/>
<opset="p_0_0_0116617811793_lcssa1829_i/1 "/>
</bind>
</comp>

<comp id="80" class="1004" name="p_0_0_0116517831795_lcssa1831_i_fu_80">
<pin_list>
<pin id="81" dir="0" index="0" bw="1" slack="0"/>
<pin id="82" dir="1" index="1" bw="10" slack="1"/>
</pin_list>
<bind>
<opcode="alloca(26) " fcode="alloca"/>
<opset="p_0_0_0116517831795_lcssa1831_i/1 "/>
</bind>
</comp>

<comp id="84" class="1004" name="p_0_0_0116417851797_lcssa1833_i_fu_84">
<pin_list>
<pin id="85" dir="0" index="0" bw="1" slack="0"/>
<pin id="86" dir="1" index="1" bw="10" slack="1"/>
</pin_list>
<bind>
<opcode="alloca(26) " fcode="alloca"/>
<opset="p_0_0_0116417851797_lcssa1833_i/1 "/>
</bind>
</comp>

<comp id="88" class="1004" name="p_0_0_0_0_011521798_lcssa1835_i_fu_88">
<pin_list>
<pin id="89" dir="0" index="0" bw="1" slack="0"/>
<pin id="90" dir="1" index="1" bw="10" slack="1"/>
</pin_list>
<bind>
<opcode="alloca(26) " fcode="alloca"/>
<opset="p_0_0_0_0_011521798_lcssa1835_i/1 "/>
</bind>
</comp>

<comp id="92" class="1004" name="p_0_1_0_0_011531800_lcssa1837_i_fu_92">
<pin_list>
<pin id="93" dir="0" index="0" bw="1" slack="0"/>
<pin id="94" dir="1" index="1" bw="10" slack="1"/>
</pin_list>
<bind>
<opcode="alloca(26) " fcode="alloca"/>
<opset="p_0_1_0_0_011531800_lcssa1837_i/1 "/>
</bind>
</comp>

<comp id="96" class="1004" name="p_0_2_0_0_011541802_lcssa1839_i_fu_96">
<pin_list>
<pin id="97" dir="0" index="0" bw="1" slack="0"/>
<pin id="98" dir="1" index="1" bw="10" slack="1"/>
</pin_list>
<bind>
<opcode="alloca(26) " fcode="alloca"/>
<opset="p_0_2_0_0_011541802_lcssa1839_i/1 "/>
</bind>
</comp>

<comp id="100" class="1004" name="p_0_0_01179_217751805_lcssa1841_i_fu_100">
<pin_list>
<pin id="101" dir="0" index="0" bw="1" slack="0"/>
<pin id="102" dir="1" index="1" bw="10" slack="1"/>
</pin_list>
<bind>
<opcode="alloca(26) " fcode="alloca"/>
<opset="p_0_0_01179_217751805_lcssa1841_i/1 "/>
</bind>
</comp>

<comp id="104" class="1004" name="p_0_0_01178_217771807_lcssa1843_i_fu_104">
<pin_list>
<pin id="105" dir="0" index="0" bw="1" slack="0"/>
<pin id="106" dir="1" index="1" bw="10" slack="1"/>
</pin_list>
<bind>
<opcode="alloca(26) " fcode="alloca"/>
<opset="p_0_0_01178_217771807_lcssa1843_i/1 "/>
</bind>
</comp>

<comp id="108" class="1004" name="p_0_0_01177_217791809_lcssa1845_i_fu_108">
<pin_list>
<pin id="109" dir="0" index="0" bw="1" slack="0"/>
<pin id="110" dir="1" index="1" bw="10" slack="1"/>
</pin_list>
<bind>
<opcode="alloca(26) " fcode="alloca"/>
<opset="p_0_0_01177_217791809_lcssa1845_i/1 "/>
</bind>
</comp>

<comp id="112" class="1004" name="bayerPhase_val11_read_read_fu_112">
<pin_list>
<pin id="113" dir="0" index="0" bw="16" slack="0"/>
<pin id="114" dir="0" index="1" bw="16" slack="0"/>
<pin id="115" dir="1" index="2" bw="16" slack="0"/>
</pin_list>
<bind>
<opcode="read(1150) " fcode="read"/>
<opset="bayerPhase_val11_read/1 "/>
</bind>
</comp>

<comp id="118" class="1004" name="width_val8_read_read_fu_118">
<pin_list>
<pin id="119" dir="0" index="0" bw="11" slack="0"/>
<pin id="120" dir="0" index="1" bw="11" slack="0"/>
<pin id="121" dir="1" index="2" bw="11" slack="0"/>
</pin_list>
<bind>
<opcode="read(1150) " fcode="read"/>
<opset="width_val8_read/1 "/>
</bind>
</comp>

<comp id="124" class="1004" name="height_val4_read_read_fu_124">
<pin_list>
<pin id="125" dir="0" index="0" bw="11" slack="0"/>
<pin id="126" dir="0" index="1" bw="11" slack="0"/>
<pin id="127" dir="1" index="2" bw="11" slack="0"/>
</pin_list>
<bind>
<opcode="read(1150) " fcode="read"/>
<opset="height_val4_read/1 "/>
</bind>
</comp>

<comp id="130" class="1004" name="grp_DebayerRandBatG_Pipeline_VITIS_LOOP_881_2_fu_130">
<pin_list>
<pin id="131" dir="0" index="0" bw="0" slack="0"/>
<pin id="132" dir="0" index="1" bw="10" slack="2"/>
<pin id="133" dir="0" index="2" bw="10" slack="2"/>
<pin id="134" dir="0" index="3" bw="10" slack="2"/>
<pin id="135" dir="0" index="4" bw="10" slack="2"/>
<pin id="136" dir="0" index="5" bw="10" slack="2"/>
<pin id="137" dir="0" index="6" bw="10" slack="2"/>
<pin id="138" dir="0" index="7" bw="10" slack="2"/>
<pin id="139" dir="0" index="8" bw="10" slack="2"/>
<pin id="140" dir="0" index="9" bw="10" slack="2"/>
<pin id="141" dir="0" index="10" bw="10" slack="2"/>
<pin id="142" dir="0" index="11" bw="10" slack="2"/>
<pin id="143" dir="0" index="12" bw="10" slack="2"/>
<pin id="144" dir="0" index="13" bw="11" slack="1"/>
<pin id="145" dir="0" index="14" bw="11" slack="2"/>
<pin id="146" dir="0" index="15" bw="11" slack="2"/>
<pin id="147" dir="0" index="16" bw="1" slack="2"/>
<pin id="148" dir="0" index="17" bw="15" slack="0"/>
<pin id="149" dir="0" index="18" bw="11" slack="2"/>
<pin id="150" dir="0" index="19" bw="30" slack="0"/>
<pin id="151" dir="0" index="20" bw="30" slack="0"/>
<pin id="152" dir="0" index="21" bw="10" slack="2"/>
<pin id="153" dir="0" index="22" bw="10" slack="2"/>
<pin id="154" dir="0" index="23" bw="10" slack="2"/>
<pin id="155" dir="0" index="24" bw="10" slack="2"/>
<pin id="156" dir="0" index="25" bw="10" slack="2"/>
<pin id="157" dir="0" index="26" bw="10" slack="2"/>
<pin id="158" dir="0" index="27" bw="10" slack="2"/>
<pin id="159" dir="0" index="28" bw="10" slack="2"/>
<pin id="160" dir="0" index="29" bw="10" slack="2"/>
<pin id="161" dir="0" index="30" bw="10" slack="2"/>
<pin id="162" dir="0" index="31" bw="10" slack="2"/>
<pin id="163" dir="0" index="32" bw="10" slack="2"/>
<pin id="164" dir="1" index="33" bw="0" slack="2147483647"/>
</pin_list>
<bind>
<opcode="call(48) " fcode="call"/>
<opset="call_ln878/3 "/>
</bind>
</comp>

<comp id="168" class="1004" name="x_phase_fu_168">
<pin_list>
<pin id="169" dir="0" index="0" bw="16" slack="0"/>
<pin id="170" dir="1" index="1" bw="1" slack="2"/>
</pin_list>
<bind>
<opcode="trunc(33) " fcode="trunc"/>
<opset="x_phase/1 "/>
</bind>
</comp>

<comp id="172" class="1004" name="loopHeight_fu_172">
<pin_list>
<pin id="173" dir="0" index="0" bw="11" slack="0"/>
<pin id="174" dir="0" index="1" bw="1" slack="0"/>
<pin id="175" dir="1" index="2" bw="11" slack="1"/>
</pin_list>
<bind>
<opcode="add(8) " fcode="add"/>
<opset="loopHeight/1 "/>
</bind>
</comp>

<comp id="178" class="1004" name="loopWidth_fu_178">
<pin_list>
<pin id="179" dir="0" index="0" bw="11" slack="0"/>
<pin id="180" dir="0" index="1" bw="1" slack="0"/>
<pin id="181" dir="1" index="2" bw="11" slack="2"/>
</pin_list>
<bind>
<opcode="add(8) " fcode="add"/>
<opset="loopWidth/1 "/>
</bind>
</comp>

<comp id="184" class="1004" name="trunc_ln_fu_184">
<pin_list>
<pin id="185" dir="0" index="0" bw="15" slack="0"/>
<pin id="186" dir="0" index="1" bw="16" slack="0"/>
<pin id="187" dir="0" index="2" bw="1" slack="0"/>
<pin id="188" dir="0" index="3" bw="5" slack="0"/>
<pin id="189" dir="1" index="4" bw="15" slack="2"/>
</pin_list>
<bind>
<opcode="partselect(1002) " fcode="partselect"/>
<opset="trunc_ln/1 "/>
</bind>
</comp>

<comp id="194" class="1004" name="store_ln851_store_fu_194">
<pin_list>
<pin id="195" dir="0" index="0" bw="1" slack="0"/>
<pin id="196" dir="0" index="1" bw="11" slack="0"/>
<pin id="197" dir="1" index="2" bw="0" slack="2147483647"/>
</pin_list>
<bind>
<opcode="store(28) " fcode="store"/>
<opset="store_ln851/1 "/>
</bind>
</comp>

<comp id="199" class="1004" name="y_5_load_fu_199">
<pin_list>
<pin id="200" dir="0" index="0" bw="11" slack="1"/>
<pin id="201" dir="1" index="1" bw="11" slack="0"/>
</pin_list>
<bind>
<opcode="load(27) " fcode="load"/>
<opset="y_5/2 "/>
</bind>
</comp>

<comp id="202" class="1004" name="icmp_ln878_fu_202">
<pin_list>
<pin id="203" dir="0" index="0" bw="11" slack="0"/>
<pin id="204" dir="0" index="1" bw="11" slack="1"/>
<pin id="205" dir="1" index="2" bw="1" slack="2147483647"/>
</pin_list>
<bind>
<opcode="icmp(45) " fcode="icmp"/>
<opset="icmp_ln878/2 "/>
</bind>
</comp>

<comp id="207" class="1004" name="y_6_fu_207">
<pin_list>
<pin id="208" dir="0" index="0" bw="11" slack="0"/>
<pin id="209" dir="0" index="1" bw="1" slack="0"/>
<pin id="210" dir="1" index="2" bw="11" slack="0"/>
</pin_list>
<bind>
<opcode="add(8) " fcode="add"/>
<opset="y_6/2 "/>
</bind>
</comp>

<comp id="213" class="1004" name="p_0_0_0_0_011581703_lcssa1747_i_load_load_fu_213">
<pin_list>
<pin id="214" dir="0" index="0" bw="10" slack="1"/>
<pin id="215" dir="1" index="1" bw="10" slack="2"/>
</pin_list>
<bind>
<opcode="load(27) " fcode="load"/>
<opset="p_0_0_0_0_011581703_lcssa1747_i_load/2 "/>
</bind>
</comp>

<comp id="216" class="1004" name="p_0_1_0_0_011591706_lcssa1749_i_load_load_fu_216">
<pin_list>
<pin id="217" dir="0" index="0" bw="10" slack="1"/>
<pin id="218" dir="1" index="1" bw="10" slack="2"/>
</pin_list>
<bind>
<opcode="load(27) " fcode="load"/>
<opset="p_0_1_0_0_011591706_lcssa1749_i_load/2 "/>
</bind>
</comp>

<comp id="219" class="1004" name="p_0_2_0_0_011601709_lcssa1751_i_load_load_fu_219">
<pin_list>
<pin id="220" dir="0" index="0" bw="10" slack="1"/>
<pin id="221" dir="1" index="1" bw="10" slack="2"/>
</pin_list>
<bind>
<opcode="load(27) " fcode="load"/>
<opset="p_0_2_0_0_011601709_lcssa1751_i_load/2 "/>
</bind>
</comp>

<comp id="222" class="1004" name="p_0_0_0116617811793_lcssa1829_i_load_load_fu_222">
<pin_list>
<pin id="223" dir="0" index="0" bw="10" slack="1"/>
<pin id="224" dir="1" index="1" bw="10" slack="2"/>
</pin_list>
<bind>
<opcode="load(27) " fcode="load"/>
<opset="p_0_0_0116617811793_lcssa1829_i_load/2 "/>
</bind>
</comp>

<comp id="225" class="1004" name="p_0_0_0116517831795_lcssa1831_i_load_load_fu_225">
<pin_list>
<pin id="226" dir="0" index="0" bw="10" slack="1"/>
<pin id="227" dir="1" index="1" bw="10" slack="2"/>
</pin_list>
<bind>
<opcode="load(27) " fcode="load"/>
<opset="p_0_0_0116517831795_lcssa1831_i_load/2 "/>
</bind>
</comp>

<comp id="228" class="1004" name="p_0_0_0116417851797_lcssa1833_i_load_load_fu_228">
<pin_list>
<pin id="229" dir="0" index="0" bw="10" slack="1"/>
<pin id="230" dir="1" index="1" bw="10" slack="2"/>
</pin_list>
<bind>
<opcode="load(27) " fcode="load"/>
<opset="p_0_0_0116417851797_lcssa1833_i_load/2 "/>
</bind>
</comp>

<comp id="231" class="1004" name="p_0_0_0_0_011521798_lcssa1835_i_load_load_fu_231">
<pin_list>
<pin id="232" dir="0" index="0" bw="10" slack="1"/>
<pin id="233" dir="1" index="1" bw="10" slack="2"/>
</pin_list>
<bind>
<opcode="load(27) " fcode="load"/>
<opset="p_0_0_0_0_011521798_lcssa1835_i_load/2 "/>
</bind>
</comp>

<comp id="234" class="1004" name="p_0_1_0_0_011531800_lcssa1837_i_load_load_fu_234">
<pin_list>
<pin id="235" dir="0" index="0" bw="10" slack="1"/>
<pin id="236" dir="1" index="1" bw="10" slack="2"/>
</pin_list>
<bind>
<opcode="load(27) " fcode="load"/>
<opset="p_0_1_0_0_011531800_lcssa1837_i_load/2 "/>
</bind>
</comp>

<comp id="237" class="1004" name="p_0_2_0_0_011541802_lcssa1839_i_load_load_fu_237">
<pin_list>
<pin id="238" dir="0" index="0" bw="10" slack="1"/>
<pin id="239" dir="1" index="1" bw="10" slack="2"/>
</pin_list>
<bind>
<opcode="load(27) " fcode="load"/>
<opset="p_0_2_0_0_011541802_lcssa1839_i_load/2 "/>
</bind>
</comp>

<comp id="240" class="1004" name="p_0_0_01179_217751805_lcssa1841_i_load_load_fu_240">
<pin_list>
<pin id="241" dir="0" index="0" bw="10" slack="1"/>
<pin id="242" dir="1" index="1" bw="10" slack="2"/>
</pin_list>
<bind>
<opcode="load(27) " fcode="load"/>
<opset="p_0_0_01179_217751805_lcssa1841_i_load/2 "/>
</bind>
</comp>

<comp id="243" class="1004" name="p_0_0_01178_217771807_lcssa1843_i_load_load_fu_243">
<pin_list>
<pin id="244" dir="0" index="0" bw="10" slack="1"/>
<pin id="245" dir="1" index="1" bw="10" slack="2"/>
</pin_list>
<bind>
<opcode="load(27) " fcode="load"/>
<opset="p_0_0_01178_217771807_lcssa1843_i_load/2 "/>
</bind>
</comp>

<comp id="246" class="1004" name="p_0_0_01177_217791809_lcssa1845_i_load_load_fu_246">
<pin_list>
<pin id="247" dir="0" index="0" bw="10" slack="1"/>
<pin id="248" dir="1" index="1" bw="10" slack="2"/>
</pin_list>
<bind>
<opcode="load(27) " fcode="load"/>
<opset="p_0_0_01177_217791809_lcssa1845_i_load/2 "/>
</bind>
</comp>

<comp id="249" class="1004" name="store_ln851_store_fu_249">
<pin_list>
<pin id="250" dir="0" index="0" bw="11" slack="0"/>
<pin id="251" dir="0" index="1" bw="11" slack="1"/>
<pin id="252" dir="1" index="2" bw="0" slack="2147483647"/>
</pin_list>
<bind>
<opcode="store(28) " fcode="store"/>
<opset="store_ln851/2 "/>
</bind>
</comp>

<comp id="254" class="1004" name="trunc_ln878_fu_254">
<pin_list>
<pin id="255" dir="0" index="0" bw="11" slack="1"/>
<pin id="256" dir="1" index="1" bw="1" slack="0"/>
</pin_list>
<bind>
<opcode="trunc(33) " fcode="trunc"/>
<opset="trunc_ln878/3 "/>
</bind>
</comp>

<comp id="257" class="1004" name="xor_ln1014_fu_257">
<pin_list>
<pin id="258" dir="0" index="0" bw="1" slack="0"/>
<pin id="259" dir="0" index="1" bw="1" slack="0"/>
<pin id="260" dir="1" index="2" bw="1" slack="0"/>
</pin_list>
<bind>
<opcode="xor(25) " fcode="xor"/>
<opset="xor_ln1014/3 "/>
</bind>
</comp>

<comp id="263" class="1004" name="zext_ln1014_fu_263">
<pin_list>
<pin id="264" dir="0" index="0" bw="1" slack="0"/>
<pin id="265" dir="1" index="1" bw="15" slack="0"/>
</pin_list>
<bind>
<opcode="zext(34) " fcode="zext"/>
<opset="zext_ln1014/3 "/>
</bind>
</comp>

<comp id="267" class="1004" name="xor_ln1014_1_fu_267">
<pin_list>
<pin id="268" dir="0" index="0" bw="15" slack="0"/>
<pin id="269" dir="0" index="1" bw="15" slack="2"/>
<pin id="270" dir="1" index="2" bw="15" slack="0"/>
</pin_list>
<bind>
<opcode="xor(25) " fcode="xor"/>
<opset="xor_ln1014_1/3 "/>
</bind>
</comp>

<comp id="273" class="1005" name="y_reg_273">
<pin_list>
<pin id="274" dir="0" index="0" bw="11" slack="0"/>
<pin id="275" dir="1" index="1" bw="11" slack="0"/>
</pin_list>
<bind>
<opset="y "/>
</bind>
</comp>

<comp id="280" class="1005" name="p_0_0_0_0_011581703_lcssa1747_i_reg_280">
<pin_list>
<pin id="281" dir="0" index="0" bw="10" slack="1"/>
<pin id="282" dir="1" index="1" bw="10" slack="1"/>
</pin_list>
<bind>
<opset="p_0_0_0_0_011581703_lcssa1747_i "/>
</bind>
</comp>

<comp id="286" class="1005" name="p_0_1_0_0_011591706_lcssa1749_i_reg_286">
<pin_list>
<pin id="287" dir="0" index="0" bw="10" slack="1"/>
<pin id="288" dir="1" index="1" bw="10" slack="1"/>
</pin_list>
<bind>
<opset="p_0_1_0_0_011591706_lcssa1749_i "/>
</bind>
</comp>

<comp id="292" class="1005" name="p_0_2_0_0_011601709_lcssa1751_i_reg_292">
<pin_list>
<pin id="293" dir="0" index="0" bw="10" slack="1"/>
<pin id="294" dir="1" index="1" bw="10" slack="1"/>
</pin_list>
<bind>
<opset="p_0_2_0_0_011601709_lcssa1751_i "/>
</bind>
</comp>

<comp id="298" class="1005" name="p_0_0_0116617811793_lcssa1829_i_reg_298">
<pin_list>
<pin id="299" dir="0" index="0" bw="10" slack="1"/>
<pin id="300" dir="1" index="1" bw="10" slack="1"/>
</pin_list>
<bind>
<opset="p_0_0_0116617811793_lcssa1829_i "/>
</bind>
</comp>

<comp id="304" class="1005" name="p_0_0_0116517831795_lcssa1831_i_reg_304">
<pin_list>
<pin id="305" dir="0" index="0" bw="10" slack="1"/>
<pin id="306" dir="1" index="1" bw="10" slack="1"/>
</pin_list>
<bind>
<opset="p_0_0_0116517831795_lcssa1831_i "/>
</bind>
</comp>

<comp id="310" class="1005" name="p_0_0_0116417851797_lcssa1833_i_reg_310">
<pin_list>
<pin id="311" dir="0" index="0" bw="10" slack="1"/>
<pin id="312" dir="1" index="1" bw="10" slack="1"/>
</pin_list>
<bind>
<opset="p_0_0_0116417851797_lcssa1833_i "/>
</bind>
</comp>

<comp id="316" class="1005" name="p_0_0_0_0_011521798_lcssa1835_i_reg_316">
<pin_list>
<pin id="317" dir="0" index="0" bw="10" slack="1"/>
<pin id="318" dir="1" index="1" bw="10" slack="1"/>
</pin_list>
<bind>
<opset="p_0_0_0_0_011521798_lcssa1835_i "/>
</bind>
</comp>

<comp id="322" class="1005" name="p_0_1_0_0_011531800_lcssa1837_i_reg_322">
<pin_list>
<pin id="323" dir="0" index="0" bw="10" slack="1"/>
<pin id="324" dir="1" index="1" bw="10" slack="1"/>
</pin_list>
<bind>
<opset="p_0_1_0_0_011531800_lcssa1837_i "/>
</bind>
</comp>

<comp id="328" class="1005" name="p_0_2_0_0_011541802_lcssa1839_i_reg_328">
<pin_list>
<pin id="329" dir="0" index="0" bw="10" slack="1"/>
<pin id="330" dir="1" index="1" bw="10" slack="1"/>
</pin_list>
<bind>
<opset="p_0_2_0_0_011541802_lcssa1839_i "/>
</bind>
</comp>

<comp id="334" class="1005" name="p_0_0_01179_217751805_lcssa1841_i_reg_334">
<pin_list>
<pin id="335" dir="0" index="0" bw="10" slack="1"/>
<pin id="336" dir="1" index="1" bw="10" slack="1"/>
</pin_list>
<bind>
<opset="p_0_0_01179_217751805_lcssa1841_i "/>
</bind>
</comp>

<comp id="340" class="1005" name="p_0_0_01178_217771807_lcssa1843_i_reg_340">
<pin_list>
<pin id="341" dir="0" index="0" bw="10" slack="1"/>
<pin id="342" dir="1" index="1" bw="10" slack="1"/>
</pin_list>
<bind>
<opset="p_0_0_01178_217771807_lcssa1843_i "/>
</bind>
</comp>

<comp id="346" class="1005" name="p_0_0_01177_217791809_lcssa1845_i_reg_346">
<pin_list>
<pin id="347" dir="0" index="0" bw="10" slack="1"/>
<pin id="348" dir="1" index="1" bw="10" slack="1"/>
</pin_list>
<bind>
<opset="p_0_0_01177_217791809_lcssa1845_i "/>
</bind>
</comp>

<comp id="352" class="1005" name="width_val8_read_reg_352">
<pin_list>
<pin id="353" dir="0" index="0" bw="11" slack="2"/>
<pin id="354" dir="1" index="1" bw="11" slack="2"/>
</pin_list>
<bind>
<opset="width_val8_read "/>
</bind>
</comp>

<comp id="357" class="1005" name="height_val4_read_reg_357">
<pin_list>
<pin id="358" dir="0" index="0" bw="11" slack="2"/>
<pin id="359" dir="1" index="1" bw="11" slack="2"/>
</pin_list>
<bind>
<opset="height_val4_read "/>
</bind>
</comp>

<comp id="362" class="1005" name="x_phase_reg_362">
<pin_list>
<pin id="363" dir="0" index="0" bw="1" slack="2"/>
<pin id="364" dir="1" index="1" bw="1" slack="2"/>
</pin_list>
<bind>
<opset="x_phase "/>
</bind>
</comp>

<comp id="367" class="1005" name="loopHeight_reg_367">
<pin_list>
<pin id="368" dir="0" index="0" bw="11" slack="1"/>
<pin id="369" dir="1" index="1" bw="11" slack="1"/>
</pin_list>
<bind>
<opset="loopHeight "/>
</bind>
</comp>

<comp id="372" class="1005" name="loopWidth_reg_372">
<pin_list>
<pin id="373" dir="0" index="0" bw="11" slack="2"/>
<pin id="374" dir="1" index="1" bw="11" slack="2"/>
</pin_list>
<bind>
<opset="loopWidth "/>
</bind>
</comp>

<comp id="377" class="1005" name="trunc_ln_reg_377">
<pin_list>
<pin id="378" dir="0" index="0" bw="15" slack="2"/>
<pin id="379" dir="1" index="1" bw="15" slack="2"/>
</pin_list>
<bind>
<opset="trunc_ln "/>
</bind>
</comp>

<comp id="382" class="1005" name="y_5_reg_382">
<pin_list>
<pin id="383" dir="0" index="0" bw="11" slack="1"/>
<pin id="384" dir="1" index="1" bw="11" slack="1"/>
</pin_list>
<bind>
<opset="y_5 "/>
</bind>
</comp>

<comp id="391" class="1005" name="p_0_0_0_0_011581703_lcssa1747_i_load_reg_391">
<pin_list>
<pin id="392" dir="0" index="0" bw="10" slack="2"/>
<pin id="393" dir="1" index="1" bw="10" slack="2"/>
</pin_list>
<bind>
<opset="p_0_0_0_0_011581703_lcssa1747_i_load "/>
</bind>
</comp>

<comp id="396" class="1005" name="p_0_1_0_0_011591706_lcssa1749_i_load_reg_396">
<pin_list>
<pin id="397" dir="0" index="0" bw="10" slack="2"/>
<pin id="398" dir="1" index="1" bw="10" slack="2"/>
</pin_list>
<bind>
<opset="p_0_1_0_0_011591706_lcssa1749_i_load "/>
</bind>
</comp>

<comp id="401" class="1005" name="p_0_2_0_0_011601709_lcssa1751_i_load_reg_401">
<pin_list>
<pin id="402" dir="0" index="0" bw="10" slack="2"/>
<pin id="403" dir="1" index="1" bw="10" slack="2"/>
</pin_list>
<bind>
<opset="p_0_2_0_0_011601709_lcssa1751_i_load "/>
</bind>
</comp>

<comp id="406" class="1005" name="p_0_0_0116617811793_lcssa1829_i_load_reg_406">
<pin_list>
<pin id="407" dir="0" index="0" bw="10" slack="2"/>
<pin id="408" dir="1" index="1" bw="10" slack="2"/>
</pin_list>
<bind>
<opset="p_0_0_0116617811793_lcssa1829_i_load "/>
</bind>
</comp>

<comp id="411" class="1005" name="p_0_0_0116517831795_lcssa1831_i_load_reg_411">
<pin_list>
<pin id="412" dir="0" index="0" bw="10" slack="2"/>
<pin id="413" dir="1" index="1" bw="10" slack="2"/>
</pin_list>
<bind>
<opset="p_0_0_0116517831795_lcssa1831_i_load "/>
</bind>
</comp>

<comp id="416" class="1005" name="p_0_0_0116417851797_lcssa1833_i_load_reg_416">
<pin_list>
<pin id="417" dir="0" index="0" bw="10" slack="2"/>
<pin id="418" dir="1" index="1" bw="10" slack="2"/>
</pin_list>
<bind>
<opset="p_0_0_0116417851797_lcssa1833_i_load "/>
</bind>
</comp>

<comp id="421" class="1005" name="p_0_0_0_0_011521798_lcssa1835_i_load_reg_421">
<pin_list>
<pin id="422" dir="0" index="0" bw="10" slack="2"/>
<pin id="423" dir="1" index="1" bw="10" slack="2"/>
</pin_list>
<bind>
<opset="p_0_0_0_0_011521798_lcssa1835_i_load "/>
</bind>
</comp>

<comp id="426" class="1005" name="p_0_1_0_0_011531800_lcssa1837_i_load_reg_426">
<pin_list>
<pin id="427" dir="0" index="0" bw="10" slack="2"/>
<pin id="428" dir="1" index="1" bw="10" slack="2"/>
</pin_list>
<bind>
<opset="p_0_1_0_0_011531800_lcssa1837_i_load "/>
</bind>
</comp>

<comp id="431" class="1005" name="p_0_2_0_0_011541802_lcssa1839_i_load_reg_431">
<pin_list>
<pin id="432" dir="0" index="0" bw="10" slack="2"/>
<pin id="433" dir="1" index="1" bw="10" slack="2"/>
</pin_list>
<bind>
<opset="p_0_2_0_0_011541802_lcssa1839_i_load "/>
</bind>
</comp>

<comp id="436" class="1005" name="p_0_0_01179_217751805_lcssa1841_i_load_reg_436">
<pin_list>
<pin id="437" dir="0" index="0" bw="10" slack="2"/>
<pin id="438" dir="1" index="1" bw="10" slack="2"/>
</pin_list>
<bind>
<opset="p_0_0_01179_217751805_lcssa1841_i_load "/>
</bind>
</comp>

<comp id="441" class="1005" name="p_0_0_01178_217771807_lcssa1843_i_load_reg_441">
<pin_list>
<pin id="442" dir="0" index="0" bw="10" slack="2"/>
<pin id="443" dir="1" index="1" bw="10" slack="2"/>
</pin_list>
<bind>
<opset="p_0_0_01178_217771807_lcssa1843_i_load "/>
</bind>
</comp>

<comp id="446" class="1005" name="p_0_0_01177_217791809_lcssa1845_i_load_reg_446">
<pin_list>
<pin id="447" dir="0" index="0" bw="10" slack="2"/>
<pin id="448" dir="1" index="1" bw="10" slack="2"/>
</pin_list>
<bind>
<opset="p_0_0_01177_217791809_lcssa1845_i_load "/>
</bind>
</comp>

<comp id="451" class="1005" name="xor_ln1014_1_reg_451">
<pin_list>
<pin id="452" dir="0" index="0" bw="15" slack="1"/>
<pin id="453" dir="1" index="1" bw="15" slack="1"/>
</pin_list>
<bind>
<opset="xor_ln1014_1 "/>
</bind>
</comp>

</comp_list>

<net_list>
<net id="63"><net_src comp="10" pin="0"/><net_sink comp="60" pin=0"/></net>

<net id="67"><net_src comp="10" pin="0"/><net_sink comp="64" pin=0"/></net>

<net id="71"><net_src comp="10" pin="0"/><net_sink comp="68" pin=0"/></net>

<net id="75"><net_src comp="10" pin="0"/><net_sink comp="72" pin=0"/></net>

<net id="79"><net_src comp="10" pin="0"/><net_sink comp="76" pin=0"/></net>

<net id="83"><net_src comp="10" pin="0"/><net_sink comp="80" pin=0"/></net>

<net id="87"><net_src comp="10" pin="0"/><net_sink comp="84" pin=0"/></net>

<net id="91"><net_src comp="10" pin="0"/><net_sink comp="88" pin=0"/></net>

<net id="95"><net_src comp="10" pin="0"/><net_sink comp="92" pin=0"/></net>

<net id="99"><net_src comp="10" pin="0"/><net_sink comp="96" pin=0"/></net>

<net id="103"><net_src comp="10" pin="0"/><net_sink comp="100" pin=0"/></net>

<net id="107"><net_src comp="10" pin="0"/><net_sink comp="104" pin=0"/></net>

<net id="111"><net_src comp="10" pin="0"/><net_sink comp="108" pin=0"/></net>

<net id="116"><net_src comp="28" pin="0"/><net_sink comp="112" pin=0"/></net>

<net id="117"><net_src comp="8" pin="0"/><net_sink comp="112" pin=1"/></net>

<net id="122"><net_src comp="30" pin="0"/><net_sink comp="118" pin=0"/></net>

<net id="123"><net_src comp="6" pin="0"/><net_sink comp="118" pin=1"/></net>

<net id="128"><net_src comp="30" pin="0"/><net_sink comp="124" pin=0"/></net>

<net id="129"><net_src comp="4" pin="0"/><net_sink comp="124" pin=1"/></net>

<net id="165"><net_src comp="54" pin="0"/><net_sink comp="130" pin=0"/></net>

<net id="166"><net_src comp="0" pin="0"/><net_sink comp="130" pin=19"/></net>

<net id="167"><net_src comp="2" pin="0"/><net_sink comp="130" pin=20"/></net>

<net id="171"><net_src comp="112" pin="2"/><net_sink comp="168" pin=0"/></net>

<net id="176"><net_src comp="124" pin="2"/><net_sink comp="172" pin=0"/></net>

<net id="177"><net_src comp="36" pin="0"/><net_sink comp="172" pin=1"/></net>

<net id="182"><net_src comp="118" pin="2"/><net_sink comp="178" pin=0"/></net>

<net id="183"><net_src comp="36" pin="0"/><net_sink comp="178" pin=1"/></net>

<net id="190"><net_src comp="38" pin="0"/><net_sink comp="184" pin=0"/></net>

<net id="191"><net_src comp="112" pin="2"/><net_sink comp="184" pin=1"/></net>

<net id="192"><net_src comp="10" pin="0"/><net_sink comp="184" pin=2"/></net>

<net id="193"><net_src comp="40" pin="0"/><net_sink comp="184" pin=3"/></net>

<net id="198"><net_src comp="42" pin="0"/><net_sink comp="194" pin=0"/></net>

<net id="206"><net_src comp="199" pin="1"/><net_sink comp="202" pin=0"/></net>

<net id="211"><net_src comp="199" pin="1"/><net_sink comp="207" pin=0"/></net>

<net id="212"><net_src comp="36" pin="0"/><net_sink comp="207" pin=1"/></net>

<net id="253"><net_src comp="207" pin="2"/><net_sink comp="249" pin=0"/></net>

<net id="261"><net_src comp="254" pin="1"/><net_sink comp="257" pin=0"/></net>

<net id="262"><net_src comp="52" pin="0"/><net_sink comp="257" pin=1"/></net>

<net id="266"><net_src comp="257" pin="2"/><net_sink comp="263" pin=0"/></net>

<net id="271"><net_src comp="263" pin="1"/><net_sink comp="267" pin=0"/></net>

<net id="272"><net_src comp="267" pin="2"/><net_sink comp="130" pin=17"/></net>

<net id="276"><net_src comp="60" pin="1"/><net_sink comp="273" pin=0"/></net>

<net id="277"><net_src comp="273" pin="1"/><net_sink comp="194" pin=1"/></net>

<net id="278"><net_src comp="273" pin="1"/><net_sink comp="199" pin=0"/></net>

<net id="279"><net_src comp="273" pin="1"/><net_sink comp="249" pin=1"/></net>

<net id="283"><net_src comp="64" pin="1"/><net_sink comp="280" pin=0"/></net>

<net id="284"><net_src comp="280" pin="1"/><net_sink comp="213" pin=0"/></net>

<net id="285"><net_src comp="280" pin="1"/><net_sink comp="130" pin=32"/></net>

<net id="289"><net_src comp="68" pin="1"/><net_sink comp="286" pin=0"/></net>

<net id="290"><net_src comp="286" pin="1"/><net_sink comp="216" pin=0"/></net>

<net id="291"><net_src comp="286" pin="1"/><net_sink comp="130" pin=31"/></net>

<net id="295"><net_src comp="72" pin="1"/><net_sink comp="292" pin=0"/></net>

<net id="296"><net_src comp="292" pin="1"/><net_sink comp="219" pin=0"/></net>

<net id="297"><net_src comp="292" pin="1"/><net_sink comp="130" pin=30"/></net>

<net id="301"><net_src comp="76" pin="1"/><net_sink comp="298" pin=0"/></net>

<net id="302"><net_src comp="298" pin="1"/><net_sink comp="222" pin=0"/></net>

<net id="303"><net_src comp="298" pin="1"/><net_sink comp="130" pin=29"/></net>

<net id="307"><net_src comp="80" pin="1"/><net_sink comp="304" pin=0"/></net>

<net id="308"><net_src comp="304" pin="1"/><net_sink comp="225" pin=0"/></net>

<net id="309"><net_src comp="304" pin="1"/><net_sink comp="130" pin=28"/></net>

<net id="313"><net_src comp="84" pin="1"/><net_sink comp="310" pin=0"/></net>

<net id="314"><net_src comp="310" pin="1"/><net_sink comp="228" pin=0"/></net>

<net id="315"><net_src comp="310" pin="1"/><net_sink comp="130" pin=27"/></net>

<net id="319"><net_src comp="88" pin="1"/><net_sink comp="316" pin=0"/></net>

<net id="320"><net_src comp="316" pin="1"/><net_sink comp="231" pin=0"/></net>

<net id="321"><net_src comp="316" pin="1"/><net_sink comp="130" pin=26"/></net>

<net id="325"><net_src comp="92" pin="1"/><net_sink comp="322" pin=0"/></net>

<net id="326"><net_src comp="322" pin="1"/><net_sink comp="234" pin=0"/></net>

<net id="327"><net_src comp="322" pin="1"/><net_sink comp="130" pin=25"/></net>

<net id="331"><net_src comp="96" pin="1"/><net_sink comp="328" pin=0"/></net>

<net id="332"><net_src comp="328" pin="1"/><net_sink comp="237" pin=0"/></net>

<net id="333"><net_src comp="328" pin="1"/><net_sink comp="130" pin=24"/></net>

<net id="337"><net_src comp="100" pin="1"/><net_sink comp="334" pin=0"/></net>

<net id="338"><net_src comp="334" pin="1"/><net_sink comp="240" pin=0"/></net>

<net id="339"><net_src comp="334" pin="1"/><net_sink comp="130" pin=23"/></net>

<net id="343"><net_src comp="104" pin="1"/><net_sink comp="340" pin=0"/></net>

<net id="344"><net_src comp="340" pin="1"/><net_sink comp="243" pin=0"/></net>

<net id="345"><net_src comp="340" pin="1"/><net_sink comp="130" pin=22"/></net>

<net id="349"><net_src comp="108" pin="1"/><net_sink comp="346" pin=0"/></net>

<net id="350"><net_src comp="346" pin="1"/><net_sink comp="246" pin=0"/></net>

<net id="351"><net_src comp="346" pin="1"/><net_sink comp="130" pin=21"/></net>

<net id="355"><net_src comp="118" pin="2"/><net_sink comp="352" pin=0"/></net>

<net id="356"><net_src comp="352" pin="1"/><net_sink comp="130" pin=18"/></net>

<net id="360"><net_src comp="124" pin="2"/><net_sink comp="357" pin=0"/></net>

<net id="361"><net_src comp="357" pin="1"/><net_sink comp="130" pin=14"/></net>

<net id="365"><net_src comp="168" pin="1"/><net_sink comp="362" pin=0"/></net>

<net id="366"><net_src comp="362" pin="1"/><net_sink comp="130" pin=16"/></net>

<net id="370"><net_src comp="172" pin="2"/><net_sink comp="367" pin=0"/></net>

<net id="371"><net_src comp="367" pin="1"/><net_sink comp="202" pin=1"/></net>

<net id="375"><net_src comp="178" pin="2"/><net_sink comp="372" pin=0"/></net>

<net id="376"><net_src comp="372" pin="1"/><net_sink comp="130" pin=15"/></net>

<net id="380"><net_src comp="184" pin="4"/><net_sink comp="377" pin=0"/></net>

<net id="381"><net_src comp="377" pin="1"/><net_sink comp="267" pin=1"/></net>

<net id="385"><net_src comp="199" pin="1"/><net_sink comp="382" pin=0"/></net>

<net id="386"><net_src comp="382" pin="1"/><net_sink comp="254" pin=0"/></net>

<net id="387"><net_src comp="382" pin="1"/><net_sink comp="130" pin=13"/></net>

<net id="394"><net_src comp="213" pin="1"/><net_sink comp="391" pin=0"/></net>

<net id="395"><net_src comp="391" pin="1"/><net_sink comp="130" pin=12"/></net>

<net id="399"><net_src comp="216" pin="1"/><net_sink comp="396" pin=0"/></net>

<net id="400"><net_src comp="396" pin="1"/><net_sink comp="130" pin=11"/></net>

<net id="404"><net_src comp="219" pin="1"/><net_sink comp="401" pin=0"/></net>

<net id="405"><net_src comp="401" pin="1"/><net_sink comp="130" pin=10"/></net>

<net id="409"><net_src comp="222" pin="1"/><net_sink comp="406" pin=0"/></net>

<net id="410"><net_src comp="406" pin="1"/><net_sink comp="130" pin=9"/></net>

<net id="414"><net_src comp="225" pin="1"/><net_sink comp="411" pin=0"/></net>

<net id="415"><net_src comp="411" pin="1"/><net_sink comp="130" pin=8"/></net>

<net id="419"><net_src comp="228" pin="1"/><net_sink comp="416" pin=0"/></net>

<net id="420"><net_src comp="416" pin="1"/><net_sink comp="130" pin=7"/></net>

<net id="424"><net_src comp="231" pin="1"/><net_sink comp="421" pin=0"/></net>

<net id="425"><net_src comp="421" pin="1"/><net_sink comp="130" pin=6"/></net>

<net id="429"><net_src comp="234" pin="1"/><net_sink comp="426" pin=0"/></net>

<net id="430"><net_src comp="426" pin="1"/><net_sink comp="130" pin=5"/></net>

<net id="434"><net_src comp="237" pin="1"/><net_sink comp="431" pin=0"/></net>

<net id="435"><net_src comp="431" pin="1"/><net_sink comp="130" pin=4"/></net>

<net id="439"><net_src comp="240" pin="1"/><net_sink comp="436" pin=0"/></net>

<net id="440"><net_src comp="436" pin="1"/><net_sink comp="130" pin=3"/></net>

<net id="444"><net_src comp="243" pin="1"/><net_sink comp="441" pin=0"/></net>

<net id="445"><net_src comp="441" pin="1"/><net_sink comp="130" pin=2"/></net>

<net id="449"><net_src comp="246" pin="1"/><net_sink comp="446" pin=0"/></net>

<net id="450"><net_src comp="446" pin="1"/><net_sink comp="130" pin=1"/></net>

<net id="454"><net_src comp="267" pin="2"/><net_sink comp="451" pin=0"/></net>

<net id="455"><net_src comp="451" pin="1"/><net_sink comp="130" pin=17"/></net>

</net_list>

</model> 
---------------- Datapath Model END ------------------

* FSMD analyzer results:
  - Output states:
	Port: imgRgb | {3 4 }
 - Input state : 
	Port: DebayerRandBatG : imgRB | {3 4 }
	Port: DebayerRandBatG : imgRgb | {}
	Port: DebayerRandBatG : height_val4 | {1 }
	Port: DebayerRandBatG : width_val8 | {1 }
	Port: DebayerRandBatG : bayerPhase_val11 | {1 }
  - Chain level:
	State 1
		store_ln851 : 1
	State 2
		icmp_ln878 : 1
		y_6 : 1
		br_ln878 : 2
		store_ln851 : 2
	State 3
		xor_ln1014 : 1
		zext_ln1014 : 1
		xor_ln1014_1 : 2
		call_ln878 : 2
	State 4


============================================================
+ Verbose Summary: Datapath Resource usage 
============================================================

* Functional unit list:
|----------|------------------------------------------------------|---------|---------|---------|---------|---------|
| Operation|                    Functional Unit                   |   BRAM  |  Delay  |    FF   |   LUT   |   URAM  |
|----------|------------------------------------------------------|---------|---------|---------|---------|---------|
|   call   | grp_DebayerRandBatG_Pipeline_VITIS_LOOP_881_2_fu_130 |    8    |  3.176  |   761   |   982   |    0    |
|----------|------------------------------------------------------|---------|---------|---------|---------|---------|
|          |                   loopHeight_fu_172                  |    0    |    0    |    0    |    12   |    0    |
|    add   |                   loopWidth_fu_178                   |    0    |    0    |    0    |    12   |    0    |
|          |                      y_6_fu_207                      |    0    |    0    |    0    |    12   |    0    |
|----------|------------------------------------------------------|---------|---------|---------|---------|---------|
|    xor   |                   xor_ln1014_fu_257                  |    0    |    0    |    0    |    2    |    0    |
|          |                  xor_ln1014_1_fu_267                 |    0    |    0    |    0    |    15   |    0    |
|----------|------------------------------------------------------|---------|---------|---------|---------|---------|
|   icmp   |                   icmp_ln878_fu_202                  |    0    |    0    |    0    |    12   |    0    |
|----------|------------------------------------------------------|---------|---------|---------|---------|---------|
|          |           bayerPhase_val11_read_read_fu_112          |    0    |    0    |    0    |    0    |    0    |
|   read   |              width_val8_read_read_fu_118             |    0    |    0    |    0    |    0    |    0    |
|          |             height_val4_read_read_fu_124             |    0    |    0    |    0    |    0    |    0    |
|----------|------------------------------------------------------|---------|---------|---------|---------|---------|
|   trunc  |                    x_phase_fu_168                    |    0    |    0    |    0    |    0    |    0    |
|          |                  trunc_ln878_fu_254                  |    0    |    0    |    0    |    0    |    0    |
|----------|------------------------------------------------------|---------|---------|---------|---------|---------|
|partselect|                    trunc_ln_fu_184                   |    0    |    0    |    0    |    0    |    0    |
|----------|------------------------------------------------------|---------|---------|---------|---------|---------|
|   zext   |                  zext_ln1014_fu_263                  |    0    |    0    |    0    |    0    |    0    |
|----------|------------------------------------------------------|---------|---------|---------|---------|---------|
|   Total  |                                                      |    8    |  3.176  |   761   |   1047  |    0    |
|----------|------------------------------------------------------|---------|---------|---------|---------|---------|

Memories:
N/A

* Register list:
+----------------------------------------------+--------+
|                                              |   FF   |
+----------------------------------------------+--------+
|           height_val4_read_reg_357           |   11   |
|              loopHeight_reg_367              |   11   |
|               loopWidth_reg_372              |   11   |
| p_0_0_0116417851797_lcssa1833_i_load_reg_416 |   10   |
|    p_0_0_0116417851797_lcssa1833_i_reg_310   |   10   |
| p_0_0_0116517831795_lcssa1831_i_load_reg_411 |   10   |
|    p_0_0_0116517831795_lcssa1831_i_reg_304   |   10   |
| p_0_0_0116617811793_lcssa1829_i_load_reg_406 |   10   |
|    p_0_0_0116617811793_lcssa1829_i_reg_298   |   10   |
|p_0_0_01177_217791809_lcssa1845_i_load_reg_446|   10   |
|   p_0_0_01177_217791809_lcssa1845_i_reg_346  |   10   |
|p_0_0_01178_217771807_lcssa1843_i_load_reg_441|   10   |
|   p_0_0_01178_217771807_lcssa1843_i_reg_340  |   10   |
|p_0_0_01179_217751805_lcssa1841_i_load_reg_436|   10   |
|   p_0_0_01179_217751805_lcssa1841_i_reg_334  |   10   |
| p_0_0_0_0_011521798_lcssa1835_i_load_reg_421 |   10   |
|    p_0_0_0_0_011521798_lcssa1835_i_reg_316   |   10   |
| p_0_0_0_0_011581703_lcssa1747_i_load_reg_391 |   10   |
|    p_0_0_0_0_011581703_lcssa1747_i_reg_280   |   10   |
| p_0_1_0_0_011531800_lcssa1837_i_load_reg_426 |   10   |
|    p_0_1_0_0_011531800_lcssa1837_i_reg_322   |   10   |
| p_0_1_0_0_011591706_lcssa1749_i_load_reg_396 |   10   |
|    p_0_1_0_0_011591706_lcssa1749_i_reg_286   |   10   |
| p_0_2_0_0_011541802_lcssa1839_i_load_reg_431 |   10   |
|    p_0_2_0_0_011541802_lcssa1839_i_reg_328   |   10   |
| p_0_2_0_0_011601709_lcssa1751_i_load_reg_401 |   10   |
|    p_0_2_0_0_011601709_lcssa1751_i_reg_292   |   10   |
|               trunc_ln_reg_377               |   15   |
|            width_val8_read_reg_352           |   11   |
|                x_phase_reg_362               |    1   |
|             xor_ln1014_1_reg_451             |   15   |
|                  y_5_reg_382                 |   11   |
|                   y_reg_273                  |   11   |
+----------------------------------------------+--------+
|                     Total                    |   337  |
+----------------------------------------------+--------+

* Multiplexer (MUX) list: 
|------------------------------------------------------|------|------|------|--------||---------||---------||---------|
|                         Comp                         |  Pin | Size |  BW  | S x BW ||  Delay  ||    FF   ||   LUT   |
|------------------------------------------------------|------|------|------|--------||---------||---------||---------|
| grp_DebayerRandBatG_Pipeline_VITIS_LOOP_881_2_fu_130 |  p17 |   2  |  15  |   30   ||    0    ||    9    |
|------------------------------------------------------|------|------|------|--------||---------||---------||---------|
|                         Total                        |      |      |      |   30   ||  1.588  ||    0    ||    9    |
|------------------------------------------------------|------|------|------|--------||---------||---------||---------|



* Summary:
+-----------+--------+--------+--------+--------+--------+
|           |  BRAM  |  Delay |   FF   |   LUT  |  URAM  |
+-----------+--------+--------+--------+--------+--------+
|  Function |    8   |    3   |   761  |  1047  |    0   |
|   Memory  |    -   |    -   |    -   |    -   |    -   |
|Multiplexer|    -   |    1   |    0   |    9   |    -   |
|  Register |    -   |    -   |   337  |    -   |    -   |
+-----------+--------+--------+--------+--------+--------+
|   Total   |    8   |    4   |  1098  |  1056  |    0   |
+-----------+--------+--------+--------+--------+--------+
