

================================================================
== Vitis HLS Report for 'MultiPixStream2AXIvideo'
================================================================
* Date:           Wed Sep 23 22:09:30 2026

* Version:        2025.2 (Build 6295257 on Nov 14 2025)
* Project:        prj
* Solution:       sol (Vivado IP Flow Target)
* Product family: zynq
* Target device:  xc7z020-clg400-1


================================================================
== Performance Estimates
================================================================
+ Timing: 
    * Summary: 
    +--------+----------+----------+------------+
    |  Clock |  Target  | Estimated| Uncertainty|
    +--------+----------+----------+------------+
    |ap_clk  |  10.00 ns|  4.918 ns|     2.70 ns|
    +--------+----------+----------+------------+

+ Latency: 
    * Summary: 
    +---------+---------+-----------+-----------+-----+---------+---------+
    |  Latency (cycles) |   Latency (absolute)  |    Interval   | Pipeline|
    |   min   |   max   |    min    |    max    | min |   max   |   Type  |
    +---------+---------+-----------+-----------+-----+---------+---------+
    |        2|  2079002|  20.000 ns|  20.790 ms|    2|  2079002|       no|
    +---------+---------+-----------+-----------+-----+---------+---------+

    + Detail: 
        * Instance: 
        +-------------------------------------------------------------+---------------------------------------------------+---------+---------+-----------+-----------+-----+-----+-------------------+
        |                                                             |                                                   |  Latency (cycles) |   Latency (absolute)  |  Interval |      Pipeline     |
        |                           Instance                          |                       Module                      |   min   |   max   |    min    |    max    | min | max |        Type       |
        +-------------------------------------------------------------+---------------------------------------------------+---------+---------+-----------+-----------+-----+-----+-------------------+
        |grp_MultiPixStream2AXIvideo_Pipeline_VITIS_LOOP_230_2_fu_90  |MultiPixStream2AXIvideo_Pipeline_VITIS_LOOP_230_2  |        3|     1923|  30.000 ns|  19.230 us|    0|    0|  loop pipeline stp|
        +-------------------------------------------------------------+---------------------------------------------------+---------+---------+-----------+-----------+-----+-----+-------------------+

        * Loop: 
        +--------------------+---------+---------+----------+-----------+-----------+----------+----------+
        |                    |  Latency (cycles) | Iteration|  Initiation Interval  |   Trip   |          |
        |      Loop Name     |   min   |   max   |  Latency |  achieved |   target  |   Count  | Pipelined|
        +--------------------+---------+---------+----------+-----------+-----------+----------+----------+
        |- VITIS_LOOP_228_1  |        0|  2079000|  5 ~ 1925|          -|          -|  0 ~ 1080|        no|
        +--------------------+---------+---------+----------+-----------+-----------+----------+----------+

============================================================
+ Verbose Summary: Synthesis Manager
============================================================
InlineROM: 1
ExposeGlobal: 0
============================================================
+ Verbose Summary: CDFG Model
============================================================
IsTopModel: 0
ResetActiveHigh: 1
IsCombinational: 2
IsDatapathOnly: 0
HasWiredReturn: 1
HasMFsm: 0
HasVarLatency: 1
IsPipeline: 0
IsRtlPipelined: 0
IsInstanceOverlapped: 0
IsDontTouch: 0
HasImplIP: 0
IsGatedGlobalClock: 0


============================================================
+ Verbose Summary: Schedule
============================================================
* Number of FSM states : 4
* Pipeline : 0
* Dataflow Pipeline: 0

* FSM state transitions: 
1 --> 2 
2 --> 3 4 
3 --> 2 
4 --> 

* FSM state operations: 

State 1 <SV = 0> <Delay = 1.63>
ST_1 : Operation 5 [1/1] (0.00ns)   --->   "%i = alloca i32 1" [V:/zybo_z7_imx219/zybo_z7_imx219.runs/design_1_v_demosaic_0_0_synth_1/prj/sol/.autopilot/db/v_demosaic.cpp:228]   --->   Operation 5 'alloca' 'i' <Predicate = true> <Delay = 0.00>
ST_1 : Operation 6 [1/1] (0.00ns)   --->   "%WidthOut_val_read = read i16 @_ssdm_op_Read.ap_auto.i16, i16 %WidthOut_val"   --->   Operation 6 'read' 'WidthOut_val_read' <Predicate = true> <Delay = 0.00>
ST_1 : Operation 7 [1/1] (0.00ns)   --->   "%Height_val_read = read i16 @_ssdm_op_Read.ap_auto.i16, i16 %Height_val"   --->   Operation 7 'read' 'Height_val_read' <Predicate = true> <Delay = 0.00>
ST_1 : Operation 8 [1/1] (0.00ns)   --->   "%empty = trunc i16 %WidthOut_val_read"   --->   Operation 8 'trunc' 'empty' <Predicate = true> <Delay = 0.00>
ST_1 : Operation 9 [1/1] (0.00ns)   --->   "%empty_132 = trunc i16 %Height_val_read"   --->   Operation 9 'trunc' 'empty_132' <Predicate = true> <Delay = 0.00>
ST_1 : Operation 10 [1/1] (0.00ns)   --->   "%specaxissidechannel_ln0 = specaxissidechannel void @_ssdm_op_SpecAXISSideChannel, i30 %m_axis_video_V_data_V, i4 %m_axis_video_V_keep_V, i4 %m_axis_video_V_strb_V, i1 %m_axis_video_V_user_V, i1 %m_axis_video_V_last_V, i1 %m_axis_video_V_id_V, i1 %m_axis_video_V_dest_V, void @empty_22"   --->   Operation 10 'specaxissidechannel' 'specaxissidechannel_ln0' <Predicate = true> <Delay = 0.00>
ST_1 : Operation 11 [1/1] (0.00ns)   --->   "%specinterface_ln0 = specinterface void @_ssdm_op_SpecInterface, i30 %imgUnzip, void @empty_20, i32 0, i32 0, void @empty_14, i32 0, i32 0, void @empty_14, void @empty_14, void @empty_14, i32 0, i32 0, i32 0, i32 0, void @empty_14, void @empty_14, i32 4294967295, i32 0, i32 0, i32 0"   --->   Operation 11 'specinterface' 'specinterface_ln0' <Predicate = true> <Delay = 0.00>
ST_1 : Operation 12 [1/1] (0.00ns)   --->   "%specinterface_ln0 = specinterface void @_ssdm_op_SpecInterface, i1 %m_axis_video_V_dest_V, i1 %m_axis_video_V_id_V, i1 %m_axis_video_V_last_V, i1 %m_axis_video_V_user_V, i4 %m_axis_video_V_strb_V, i4 %m_axis_video_V_keep_V, i30 %m_axis_video_V_data_V, void @empty_19, i32 1, i32 1, void @empty_12, i32 0, i32 0, void @empty_14, void @empty_14, void @empty_14, i32 0, i32 0, i32 0, i32 0, void @empty_14, void @empty_14, i32 4294967295, i32 0, i32 0, i32 0"   --->   Operation 12 'specinterface' 'specinterface_ln0' <Predicate = true> <Delay = 0.00>
ST_1 : Operation 13 [1/1] (0.00ns)   --->   "%trunc_ln240 = trunc i16 %WidthOut_val_read" [V:/zybo_z7_imx219/zybo_z7_imx219.runs/design_1_v_demosaic_0_0_synth_1/prj/sol/.autopilot/db/v_demosaic.cpp:240]   --->   Operation 13 'trunc' 'trunc_ln240' <Predicate = true> <Delay = 0.00>
ST_1 : Operation 14 [1/1] (1.54ns)   --->   "%add_ln240 = add i12 %trunc_ln240, i12 4095" [V:/zybo_z7_imx219/zybo_z7_imx219.runs/design_1_v_demosaic_0_0_synth_1/prj/sol/.autopilot/db/v_demosaic.cpp:240]   --->   Operation 14 'add' 'add_ln240' <Predicate = true> <Delay = 1.54> <CoreInst = "Adder">   --->   Core 1 'Adder' <Latency = 0> <II = 1> <Delay = 1.54> <FuncUnit> <Opcode : 'add' 'sub'> <InPorts = 2> <OutPorts = 1>
ST_1 : Operation 15 [1/1] (1.63ns)   --->   "%icmp_ln228 = icmp_eq  i11 %empty, i11 0" [V:/zybo_z7_imx219/zybo_z7_imx219.runs/design_1_v_demosaic_0_0_synth_1/prj/sol/.autopilot/db/v_demosaic.cpp:228]   --->   Operation 15 'icmp' 'icmp_ln228' <Predicate = true> <Delay = 1.63> <CoreInst = "Cmp">   --->   Core 9 'Cmp' <Latency = 0> <II = 1> <Delay = 1.63> <FuncUnit> <Opcode : 'seteq' 'setne' 'setle' 'setge' 'setlt' 'setgt'> <InPorts = 2> <OutPorts = 1>
ST_1 : Operation 16 [1/1] (1.58ns)   --->   "%store_ln228 = store i11 0, i11 %i" [V:/zybo_z7_imx219/zybo_z7_imx219.runs/design_1_v_demosaic_0_0_synth_1/prj/sol/.autopilot/db/v_demosaic.cpp:228]   --->   Operation 16 'store' 'store_ln228' <Predicate = true> <Delay = 1.58>
ST_1 : Operation 17 [1/1] (1.58ns)   --->   "%br_ln228 = br void %VITIS_LOOP_230_2" [V:/zybo_z7_imx219/zybo_z7_imx219.runs/design_1_v_demosaic_0_0_synth_1/prj/sol/.autopilot/db/v_demosaic.cpp:228]   --->   Operation 17 'br' 'br_ln228' <Predicate = true> <Delay = 1.58>

State 2 <SV = 1> <Delay = 4.86>
ST_2 : Operation 18 [1/1] (0.00ns)   --->   "%sof = phi i1 1, void %entry, i1 %and_ln228, void %for.body10.lr.ph" [V:/zybo_z7_imx219/zybo_z7_imx219.runs/design_1_v_demosaic_0_0_synth_1/prj/sol/.autopilot/db/v_demosaic.cpp:228]   --->   Operation 18 'phi' 'sof' <Predicate = true> <Delay = 0.00>
ST_2 : Operation 19 [1/1] (0.00ns)   --->   "%i_1 = load i11 %i" [V:/zybo_z7_imx219/zybo_z7_imx219.runs/design_1_v_demosaic_0_0_synth_1/prj/sol/.autopilot/db/v_demosaic.cpp:228]   --->   Operation 19 'load' 'i_1' <Predicate = true> <Delay = 0.00>
ST_2 : Operation 20 [1/1] (1.63ns)   --->   "%icmp_ln228_1 = icmp_eq  i11 %i_1, i11 %empty_132" [V:/zybo_z7_imx219/zybo_z7_imx219.runs/design_1_v_demosaic_0_0_synth_1/prj/sol/.autopilot/db/v_demosaic.cpp:228]   --->   Operation 20 'icmp' 'icmp_ln228_1' <Predicate = true> <Delay = 1.63> <CoreInst = "Cmp">   --->   Core 9 'Cmp' <Latency = 0> <II = 1> <Delay = 1.63> <FuncUnit> <Opcode : 'seteq' 'setne' 'setle' 'setge' 'setlt' 'setgt'> <InPorts = 2> <OutPorts = 1>
ST_2 : Operation 21 [1/1] (0.00ns)   --->   "%speclooptripcount_ln0 = speclooptripcount void @_ssdm_op_SpecLoopTripCount, i64 0, i64 1080, i64 0"   --->   Operation 21 'speclooptripcount' 'speclooptripcount_ln0' <Predicate = true> <Delay = 0.00>
ST_2 : Operation 22 [1/1] (1.63ns)   --->   "%i_2 = add i11 %i_1, i11 1" [V:/zybo_z7_imx219/zybo_z7_imx219.runs/design_1_v_demosaic_0_0_synth_1/prj/sol/.autopilot/db/v_demosaic.cpp:228]   --->   Operation 22 'add' 'i_2' <Predicate = true> <Delay = 1.63> <CoreInst = "Adder">   --->   Core 1 'Adder' <Latency = 0> <II = 1> <Delay = 1.63> <FuncUnit> <Opcode : 'add' 'sub'> <InPorts = 2> <OutPorts = 1>
ST_2 : Operation 23 [1/1] (0.00ns)   --->   "%br_ln228 = br i1 %icmp_ln228_1, void %for.body10.lr.ph, void %for.end47" [V:/zybo_z7_imx219/zybo_z7_imx219.runs/design_1_v_demosaic_0_0_synth_1/prj/sol/.autopilot/db/v_demosaic.cpp:228]   --->   Operation 23 'br' 'br_ln228' <Predicate = true> <Delay = 0.00>
ST_2 : Operation 24 [2/2] (3.22ns)   --->   "%call_ln228 = call void @MultiPixStream2AXIvideo_Pipeline_VITIS_LOOP_230_2, i1 %sof, i11 %empty, i12 %add_ln240, i30 %imgUnzip, i30 %m_axis_video_V_data_V, i4 %m_axis_video_V_keep_V, i4 %m_axis_video_V_strb_V, i1 %m_axis_video_V_user_V, i1 %m_axis_video_V_last_V, i1 %m_axis_video_V_id_V, i1 %m_axis_video_V_dest_V" [V:/zybo_z7_imx219/zybo_z7_imx219.runs/design_1_v_demosaic_0_0_synth_1/prj/sol/.autopilot/db/v_demosaic.cpp:228]   --->   Operation 24 'call' 'call_ln228' <Predicate = (!icmp_ln228_1)> <Delay = 3.22> <CoreType = "Generic">   --->   Generic Core
ST_2 : Operation 25 [1/1] (0.97ns)   --->   "%and_ln228 = and i1 %icmp_ln228, i1 %sof" [V:/zybo_z7_imx219/zybo_z7_imx219.runs/design_1_v_demosaic_0_0_synth_1/prj/sol/.autopilot/db/v_demosaic.cpp:228]   --->   Operation 25 'and' 'and_ln228' <Predicate = (!icmp_ln228_1)> <Delay = 0.97> <CoreInst = "LogicGate">   --->   Core 74 'LogicGate' <Latency = 0> <II = 1> <Delay = 0.97> <FuncUnit> <Opcode : 'and' 'or' 'xor'> <InPorts = 2> <OutPorts = 1>
ST_2 : Operation 26 [1/1] (1.58ns)   --->   "%store_ln228 = store i11 %i_2, i11 %i" [V:/zybo_z7_imx219/zybo_z7_imx219.runs/design_1_v_demosaic_0_0_synth_1/prj/sol/.autopilot/db/v_demosaic.cpp:228]   --->   Operation 26 'store' 'store_ln228' <Predicate = (!icmp_ln228_1)> <Delay = 1.58>

State 3 <SV = 2> <Delay = 4.91>
ST_3 : Operation 27 [1/1] (0.00ns)   --->   "%specloopname_ln228 = specloopname void @_ssdm_op_SpecLoopName, void @empty_8" [V:/zybo_z7_imx219/zybo_z7_imx219.runs/design_1_v_demosaic_0_0_synth_1/prj/sol/.autopilot/db/v_demosaic.cpp:228]   --->   Operation 27 'specloopname' 'specloopname_ln228' <Predicate = true> <Delay = 0.00>
ST_3 : Operation 28 [1/2] (4.91ns)   --->   "%call_ln228 = call void @MultiPixStream2AXIvideo_Pipeline_VITIS_LOOP_230_2, i1 %sof, i11 %empty, i12 %add_ln240, i30 %imgUnzip, i30 %m_axis_video_V_data_V, i4 %m_axis_video_V_keep_V, i4 %m_axis_video_V_strb_V, i1 %m_axis_video_V_user_V, i1 %m_axis_video_V_last_V, i1 %m_axis_video_V_id_V, i1 %m_axis_video_V_dest_V" [V:/zybo_z7_imx219/zybo_z7_imx219.runs/design_1_v_demosaic_0_0_synth_1/prj/sol/.autopilot/db/v_demosaic.cpp:228]   --->   Operation 28 'call' 'call_ln228' <Predicate = true> <Delay = 4.91> <CoreType = "Generic">   --->   Generic Core
ST_3 : Operation 29 [1/1] (0.00ns)   --->   "%br_ln228 = br void %VITIS_LOOP_230_2" [V:/zybo_z7_imx219/zybo_z7_imx219.runs/design_1_v_demosaic_0_0_synth_1/prj/sol/.autopilot/db/v_demosaic.cpp:228]   --->   Operation 29 'br' 'br_ln228' <Predicate = true> <Delay = 0.00>

State 4 <SV = 3> <Delay = 0.00>
ST_4 : Operation 30 [1/1] (0.00ns)   --->   "%ret_ln0 = ret"   --->   Operation 30 'ret' 'ret_ln0' <Predicate = true> <Delay = 0.00>


============================================================
+ Verbose Summary: Binding
============================================================
STG Binding: 
---------------- STG Properties BEGIN ----------------
- Is combinational: 0
- Is one-state seq: 0
- Is datapath-only: 0
- Is pipelined: 0
- Is top level: 0
Port [ Return ] is wired: 1; IO mode=ap_ctrl_hs:ce=0
Port [ imgUnzip]:  wired=1; compound=1; hidden=0; nouse=0; global=0; static=0; extern=0; dir=0; type=3; pingpong=0; private_global=0; IO mode=ap_fifo:ce=0
Port [ m_axis_video_V_data_V]:  wired=1; compound=1; hidden=0; nouse=0; global=0; static=0; extern=0; dir=1; type=0; pingpong=0; private_global=0; IO mode=axis:ce=0
Port [ m_axis_video_V_keep_V]:  wired=1; compound=1; hidden=0; nouse=0; global=0; static=0; extern=0; dir=1; type=0; pingpong=0; private_global=0; IO mode=axis:ce=0
Port [ m_axis_video_V_strb_V]:  wired=1; compound=1; hidden=0; nouse=0; global=0; static=0; extern=0; dir=1; type=0; pingpong=0; private_global=0; IO mode=axis:ce=0
Port [ m_axis_video_V_user_V]:  wired=1; compound=1; hidden=0; nouse=0; global=0; static=0; extern=0; dir=1; type=0; pingpong=0; private_global=0; IO mode=axis:ce=0
Port [ m_axis_video_V_last_V]:  wired=1; compound=1; hidden=0; nouse=0; global=0; static=0; extern=0; dir=1; type=0; pingpong=0; private_global=0; IO mode=axis:ce=0
Port [ m_axis_video_V_id_V]:  wired=1; compound=1; hidden=0; nouse=0; global=0; static=0; extern=0; dir=1; type=0; pingpong=0; private_global=0; IO mode=axis:ce=0
Port [ m_axis_video_V_dest_V]:  wired=1; compound=1; hidden=0; nouse=0; global=0; static=0; extern=0; dir=1; type=0; pingpong=0; private_global=0; IO mode=axis:ce=0
Port [ Height_val]:  wired=1; compound=0; hidden=0; nouse=0; global=0; static=0; extern=0; dir=0; type=0; pingpong=0; private_global=0; IO mode=ap_none:ce=0
Port [ WidthOut_val]:  wired=1; compound=0; hidden=0; nouse=0; global=0; static=0; extern=0; dir=0; type=0; pingpong=0; private_global=0; IO mode=ap_none:ce=0
---------------- STG Properties END ------------------

---------------- Datapath Model BEGIN ----------------

<LifeTime>
<method=bitvector/>
i                       (alloca             ) [ 01110]
WidthOut_val_read       (read               ) [ 00000]
Height_val_read         (read               ) [ 00000]
empty                   (trunc              ) [ 00110]
empty_132               (trunc              ) [ 00110]
specaxissidechannel_ln0 (specaxissidechannel) [ 00000]
specinterface_ln0       (specinterface      ) [ 00000]
specinterface_ln0       (specinterface      ) [ 00000]
trunc_ln240             (trunc              ) [ 00000]
add_ln240               (add                ) [ 00110]
icmp_ln228              (icmp               ) [ 00110]
store_ln228             (store              ) [ 00000]
br_ln228                (br                 ) [ 01110]
sof                     (phi                ) [ 00110]
i_1                     (load               ) [ 00000]
icmp_ln228_1            (icmp               ) [ 00110]
speclooptripcount_ln0   (speclooptripcount  ) [ 00000]
i_2                     (add                ) [ 00000]
br_ln228                (br                 ) [ 00000]
and_ln228               (and                ) [ 01110]
store_ln228             (store              ) [ 00000]
specloopname_ln228      (specloopname       ) [ 00000]
call_ln228              (call               ) [ 00000]
br_ln228                (br                 ) [ 01110]
ret_ln0                 (ret                ) [ 00000]
</LifeTime>

<model>

<comp_list>
<comp id="0" class="1000" name="imgUnzip">
<pin_list>
<pin id="1" dir="1" index="0" bw="1" slack="0"/>
</pin_list>
<bind>
<StgValue><ssdm name="imgUnzip"/></StgValue>
</bind>
</comp>

<comp id="2" class="1000" name="m_axis_video_V_data_V">
<pin_list>
<pin id="3" dir="1" index="0" bw="1" slack="0"/>
</pin_list>
<bind>
<StgValue><ssdm name="m_axis_video_V_data_V"/></StgValue>
</bind>
</comp>

<comp id="4" class="1000" name="m_axis_video_V_keep_V">
<pin_list>
<pin id="5" dir="1" index="0" bw="1" slack="0"/>
</pin_list>
<bind>
<StgValue><ssdm name="m_axis_video_V_keep_V"/></StgValue>
</bind>
</comp>

<comp id="6" class="1000" name="m_axis_video_V_strb_V">
<pin_list>
<pin id="7" dir="1" index="0" bw="1" slack="0"/>
</pin_list>
<bind>
<StgValue><ssdm name="m_axis_video_V_strb_V"/></StgValue>
</bind>
</comp>

<comp id="8" class="1000" name="m_axis_video_V_user_V">
<pin_list>
<pin id="9" dir="1" index="0" bw="1" slack="0"/>
</pin_list>
<bind>
<StgValue><ssdm name="m_axis_video_V_user_V"/></StgValue>
</bind>
</comp>

<comp id="10" class="1000" name="m_axis_video_V_last_V">
<pin_list>
<pin id="11" dir="1" index="0" bw="1" slack="0"/>
</pin_list>
<bind>
<StgValue><ssdm name="m_axis_video_V_last_V"/></StgValue>
</bind>
</comp>

<comp id="12" class="1000" name="m_axis_video_V_id_V">
<pin_list>
<pin id="13" dir="1" index="0" bw="1" slack="0"/>
</pin_list>
<bind>
<StgValue><ssdm name="m_axis_video_V_id_V"/></StgValue>
</bind>
</comp>

<comp id="14" class="1000" name="m_axis_video_V_dest_V">
<pin_list>
<pin id="15" dir="1" index="0" bw="1" slack="0"/>
</pin_list>
<bind>
<StgValue><ssdm name="m_axis_video_V_dest_V"/></StgValue>
</bind>
</comp>

<comp id="16" class="1000" name="Height_val">
<pin_list>
<pin id="17" dir="1" index="0" bw="1" slack="0"/>
</pin_list>
<bind>
<StgValue><ssdm name="Height_val"/></StgValue>
</bind>
</comp>

<comp id="18" class="1000" name="WidthOut_val">
<pin_list>
<pin id="19" dir="1" index="0" bw="1" slack="0"/>
</pin_list>
<bind>
<StgValue><ssdm name="WidthOut_val"/></StgValue>
</bind>
</comp>

<comp id="20" class="1001" name="const_20">
<pin_list>
<pin id="21" dir="1" index="0" bw="1" slack="0"/>
</pin_list>
<bind>
<StgValue><ssdm name=""/></StgValue>
</bind>
</comp>

<comp id="22" class="1001" name="const_22">
<pin_list>
<pin id="23" dir="1" index="0" bw="1" slack="0"/>
</pin_list>
<bind>
<StgValue><ssdm name="_ssdm_op_Read.ap_auto.i16"/></StgValue>
</bind>
</comp>

<comp id="24" class="1001" name="const_24">
<pin_list>
<pin id="25" dir="1" index="0" bw="1" slack="2147483647"/>
</pin_list>
<bind>
<StgValue><ssdm name="_ssdm_op_SpecAXISSideChannel"/></StgValue>
</bind>
</comp>

<comp id="26" class="1001" name="const_26">
<pin_list>
<pin id="27" dir="1" index="0" bw="1" slack="2147483647"/>
</pin_list>
<bind>
<StgValue><ssdm name="empty_22"/></StgValue>
</bind>
</comp>

<comp id="28" class="1001" name="const_28">
<pin_list>
<pin id="29" dir="1" index="0" bw="1" slack="2147483647"/>
</pin_list>
<bind>
<StgValue><ssdm name="_ssdm_op_SpecInterface"/></StgValue>
</bind>
</comp>

<comp id="30" class="1001" name="const_30">
<pin_list>
<pin id="31" dir="1" index="0" bw="1" slack="2147483647"/>
</pin_list>
<bind>
<StgValue><ssdm name="empty_20"/></StgValue>
</bind>
</comp>

<comp id="32" class="1001" name="const_32">
<pin_list>
<pin id="33" dir="1" index="0" bw="1" slack="2147483647"/>
</pin_list>
<bind>
<StgValue><ssdm name=""/></StgValue>
</bind>
</comp>

<comp id="34" class="1001" name="const_34">
<pin_list>
<pin id="35" dir="1" index="0" bw="1" slack="2147483647"/>
</pin_list>
<bind>
<StgValue><ssdm name="empty_14"/></StgValue>
</bind>
</comp>

<comp id="36" class="1001" name="const_36">
<pin_list>
<pin id="37" dir="1" index="0" bw="1" slack="2147483647"/>
</pin_list>
<bind>
<StgValue><ssdm name=""/></StgValue>
</bind>
</comp>

<comp id="38" class="1001" name="const_38">
<pin_list>
<pin id="39" dir="1" index="0" bw="1" slack="2147483647"/>
</pin_list>
<bind>
<StgValue><ssdm name="empty_19"/></StgValue>
</bind>
</comp>

<comp id="40" class="1001" name="const_40">
<pin_list>
<pin id="41" dir="1" index="0" bw="1" slack="2147483647"/>
</pin_list>
<bind>
<StgValue><ssdm name="empty_12"/></StgValue>
</bind>
</comp>

<comp id="42" class="1001" name="const_42">
<pin_list>
<pin id="43" dir="1" index="0" bw="1" slack="0"/>
</pin_list>
<bind>
<StgValue><ssdm name=""/></StgValue>
</bind>
</comp>

<comp id="44" class="1001" name="const_44">
<pin_list>
<pin id="45" dir="1" index="0" bw="1" slack="0"/>
</pin_list>
<bind>
<StgValue><ssdm name=""/></StgValue>
</bind>
</comp>

<comp id="46" class="1001" name="const_46">
<pin_list>
<pin id="47" dir="1" index="0" bw="1" slack="1"/>
</pin_list>
<bind>
<StgValue><ssdm name=""/></StgValue>
</bind>
</comp>

<comp id="48" class="1001" name="const_48">
<pin_list>
<pin id="49" dir="1" index="0" bw="1" slack="2147483647"/>
</pin_list>
<bind>
<StgValue><ssdm name="_ssdm_op_SpecLoopTripCount"/></StgValue>
</bind>
</comp>

<comp id="50" class="1001" name="const_50">
<pin_list>
<pin id="51" dir="1" index="0" bw="1" slack="2147483647"/>
</pin_list>
<bind>
<StgValue><ssdm name=""/></StgValue>
</bind>
</comp>

<comp id="52" class="1001" name="const_52">
<pin_list>
<pin id="53" dir="1" index="0" bw="1" slack="2147483647"/>
</pin_list>
<bind>
<StgValue><ssdm name=""/></StgValue>
</bind>
</comp>

<comp id="54" class="1001" name="const_54">
<pin_list>
<pin id="55" dir="1" index="0" bw="1" slack="0"/>
</pin_list>
<bind>
<StgValue><ssdm name=""/></StgValue>
</bind>
</comp>

<comp id="56" class="1001" name="const_56">
<pin_list>
<pin id="57" dir="1" index="0" bw="1" slack="0"/>
</pin_list>
<bind>
<StgValue><ssdm name="MultiPixStream2AXIvideo_Pipeline_VITIS_LOOP_230_2"/></StgValue>
</bind>
</comp>

<comp id="58" class="1001" name="const_58">
<pin_list>
<pin id="59" dir="1" index="0" bw="1" slack="2147483647"/>
</pin_list>
<bind>
<StgValue><ssdm name="_ssdm_op_SpecLoopName"/></StgValue>
</bind>
</comp>

<comp id="60" class="1001" name="const_60">
<pin_list>
<pin id="61" dir="1" index="0" bw="1" slack="2147483647"/>
</pin_list>
<bind>
<StgValue><ssdm name="empty_8"/></StgValue>
</bind>
</comp>

<comp id="62" class="1004" name="i_fu_62">
<pin_list>
<pin id="63" dir="0" index="0" bw="1" slack="0"/>
<pin id="64" dir="1" index="1" bw="11" slack="0"/>
</pin_list>
<bind>
<opcode="alloca(26) " fcode="alloca"/>
<opset="i/1 "/>
</bind>
</comp>

<comp id="66" class="1004" name="WidthOut_val_read_read_fu_66">
<pin_list>
<pin id="67" dir="0" index="0" bw="16" slack="0"/>
<pin id="68" dir="0" index="1" bw="16" slack="0"/>
<pin id="69" dir="1" index="2" bw="16" slack="0"/>
</pin_list>
<bind>
<opcode="read(1150) " fcode="read"/>
<opset="WidthOut_val_read/1 "/>
</bind>
</comp>

<comp id="72" class="1004" name="Height_val_read_read_fu_72">
<pin_list>
<pin id="73" dir="0" index="0" bw="16" slack="0"/>
<pin id="74" dir="0" index="1" bw="16" slack="0"/>
<pin id="75" dir="1" index="2" bw="16" slack="0"/>
</pin_list>
<bind>
<opcode="read(1150) " fcode="read"/>
<opset="Height_val_read/1 "/>
</bind>
</comp>

<comp id="78" class="1005" name="sof_reg_78">
<pin_list>
<pin id="79" dir="0" index="0" bw="1" slack="1"/>
<pin id="80" dir="1" index="1" bw="1" slack="1"/>
</pin_list>
<bind>
<opset="sof (phireg) "/>
</bind>
</comp>

<comp id="82" class="1004" name="sof_phi_fu_82">
<pin_list>
<pin id="83" dir="0" index="0" bw="1" slack="1"/>
<pin id="84" dir="0" index="1" bw="0" slack="2147483647"/>
<pin id="85" dir="0" index="2" bw="1" slack="0"/>
<pin id="86" dir="0" index="3" bw="0" slack="2147483647"/>
<pin id="87" dir="1" index="4" bw="1" slack="0"/>
</pin_list>
<bind>
<opcode="phi(47) " fcode="phi"/>
<opset="sof/2 "/>
</bind>
</comp>

<comp id="90" class="1004" name="grp_MultiPixStream2AXIvideo_Pipeline_VITIS_LOOP_230_2_fu_90">
<pin_list>
<pin id="91" dir="0" index="0" bw="0" slack="0"/>
<pin id="92" dir="0" index="1" bw="1" slack="0"/>
<pin id="93" dir="0" index="2" bw="11" slack="1"/>
<pin id="94" dir="0" index="3" bw="12" slack="1"/>
<pin id="95" dir="0" index="4" bw="30" slack="0"/>
<pin id="96" dir="0" index="5" bw="30" slack="0"/>
<pin id="97" dir="0" index="6" bw="4" slack="0"/>
<pin id="98" dir="0" index="7" bw="4" slack="0"/>
<pin id="99" dir="0" index="8" bw="1" slack="0"/>
<pin id="100" dir="0" index="9" bw="1" slack="0"/>
<pin id="101" dir="0" index="10" bw="1" slack="0"/>
<pin id="102" dir="0" index="11" bw="1" slack="0"/>
<pin id="103" dir="1" index="12" bw="0" slack="2147483647"/>
</pin_list>
<bind>
<opcode="call(48) " fcode="call"/>
<opset="call_ln228/2 "/>
</bind>
</comp>

<comp id="114" class="1004" name="empty_fu_114">
<pin_list>
<pin id="115" dir="0" index="0" bw="16" slack="0"/>
<pin id="116" dir="1" index="1" bw="11" slack="0"/>
</pin_list>
<bind>
<opcode="trunc(33) " fcode="trunc"/>
<opset="empty/1 "/>
</bind>
</comp>

<comp id="118" class="1004" name="empty_132_fu_118">
<pin_list>
<pin id="119" dir="0" index="0" bw="16" slack="0"/>
<pin id="120" dir="1" index="1" bw="11" slack="1"/>
</pin_list>
<bind>
<opcode="trunc(33) " fcode="trunc"/>
<opset="empty_132/1 "/>
</bind>
</comp>

<comp id="122" class="1004" name="trunc_ln240_fu_122">
<pin_list>
<pin id="123" dir="0" index="0" bw="16" slack="0"/>
<pin id="124" dir="1" index="1" bw="12" slack="0"/>
</pin_list>
<bind>
<opcode="trunc(33) " fcode="trunc"/>
<opset="trunc_ln240/1 "/>
</bind>
</comp>

<comp id="126" class="1004" name="add_ln240_fu_126">
<pin_list>
<pin id="127" dir="0" index="0" bw="12" slack="0"/>
<pin id="128" dir="0" index="1" bw="1" slack="0"/>
<pin id="129" dir="1" index="2" bw="12" slack="1"/>
</pin_list>
<bind>
<opcode="add(8) " fcode="add"/>
<opset="add_ln240/1 "/>
</bind>
</comp>

<comp id="132" class="1004" name="icmp_ln228_fu_132">
<pin_list>
<pin id="133" dir="0" index="0" bw="11" slack="0"/>
<pin id="134" dir="0" index="1" bw="1" slack="0"/>
<pin id="135" dir="1" index="2" bw="1" slack="1"/>
</pin_list>
<bind>
<opcode="icmp(45) " fcode="icmp"/>
<opset="icmp_ln228/1 "/>
</bind>
</comp>

<comp id="138" class="1004" name="store_ln228_store_fu_138">
<pin_list>
<pin id="139" dir="0" index="0" bw="1" slack="0"/>
<pin id="140" dir="0" index="1" bw="11" slack="0"/>
<pin id="141" dir="1" index="2" bw="0" slack="2147483647"/>
</pin_list>
<bind>
<opcode="store(28) " fcode="store"/>
<opset="store_ln228/1 "/>
</bind>
</comp>

<comp id="143" class="1004" name="i_1_load_fu_143">
<pin_list>
<pin id="144" dir="0" index="0" bw="11" slack="1"/>
<pin id="145" dir="1" index="1" bw="11" slack="0"/>
</pin_list>
<bind>
<opcode="load(27) " fcode="load"/>
<opset="i_1/2 "/>
</bind>
</comp>

<comp id="146" class="1004" name="icmp_ln228_1_fu_146">
<pin_list>
<pin id="147" dir="0" index="0" bw="11" slack="0"/>
<pin id="148" dir="0" index="1" bw="11" slack="1"/>
<pin id="149" dir="1" index="2" bw="1" slack="2147483647"/>
</pin_list>
<bind>
<opcode="icmp(45) " fcode="icmp"/>
<opset="icmp_ln228_1/2 "/>
</bind>
</comp>

<comp id="151" class="1004" name="i_2_fu_151">
<pin_list>
<pin id="152" dir="0" index="0" bw="11" slack="0"/>
<pin id="153" dir="0" index="1" bw="1" slack="0"/>
<pin id="154" dir="1" index="2" bw="11" slack="0"/>
</pin_list>
<bind>
<opcode="add(8) " fcode="add"/>
<opset="i_2/2 "/>
</bind>
</comp>

<comp id="157" class="1004" name="and_ln228_fu_157">
<pin_list>
<pin id="158" dir="0" index="0" bw="1" slack="1"/>
<pin id="159" dir="0" index="1" bw="1" slack="0"/>
<pin id="160" dir="1" index="2" bw="1" slack="0"/>
</pin_list>
<bind>
<opcode="and(23) " fcode="and"/>
<opset="and_ln228/2 "/>
</bind>
</comp>

<comp id="162" class="1004" name="store_ln228_store_fu_162">
<pin_list>
<pin id="163" dir="0" index="0" bw="11" slack="0"/>
<pin id="164" dir="0" index="1" bw="11" slack="1"/>
<pin id="165" dir="1" index="2" bw="0" slack="2147483647"/>
</pin_list>
<bind>
<opcode="store(28) " fcode="store"/>
<opset="store_ln228/2 "/>
</bind>
</comp>

<comp id="167" class="1005" name="i_reg_167">
<pin_list>
<pin id="168" dir="0" index="0" bw="11" slack="0"/>
<pin id="169" dir="1" index="1" bw="11" slack="0"/>
</pin_list>
<bind>
<opset="i "/>
</bind>
</comp>

<comp id="174" class="1005" name="empty_reg_174">
<pin_list>
<pin id="175" dir="0" index="0" bw="11" slack="1"/>
<pin id="176" dir="1" index="1" bw="11" slack="1"/>
</pin_list>
<bind>
<opset="empty "/>
</bind>
</comp>

<comp id="179" class="1005" name="empty_132_reg_179">
<pin_list>
<pin id="180" dir="0" index="0" bw="11" slack="1"/>
<pin id="181" dir="1" index="1" bw="11" slack="1"/>
</pin_list>
<bind>
<opset="empty_132 "/>
</bind>
</comp>

<comp id="184" class="1005" name="add_ln240_reg_184">
<pin_list>
<pin id="185" dir="0" index="0" bw="12" slack="1"/>
<pin id="186" dir="1" index="1" bw="12" slack="1"/>
</pin_list>
<bind>
<opset="add_ln240 "/>
</bind>
</comp>

<comp id="189" class="1005" name="icmp_ln228_reg_189">
<pin_list>
<pin id="190" dir="0" index="0" bw="1" slack="1"/>
<pin id="191" dir="1" index="1" bw="1" slack="1"/>
</pin_list>
<bind>
<opset="icmp_ln228 "/>
</bind>
</comp>

<comp id="197" class="1005" name="and_ln228_reg_197">
<pin_list>
<pin id="198" dir="0" index="0" bw="1" slack="0"/>
<pin id="199" dir="1" index="1" bw="1" slack="0"/>
</pin_list>
<bind>
<opset="and_ln228 "/>
</bind>
</comp>

</comp_list>

<net_list>
<net id="65"><net_src comp="20" pin="0"/><net_sink comp="62" pin=0"/></net>

<net id="70"><net_src comp="22" pin="0"/><net_sink comp="66" pin=0"/></net>

<net id="71"><net_src comp="18" pin="0"/><net_sink comp="66" pin=1"/></net>

<net id="76"><net_src comp="22" pin="0"/><net_sink comp="72" pin=0"/></net>

<net id="77"><net_src comp="16" pin="0"/><net_sink comp="72" pin=1"/></net>

<net id="81"><net_src comp="46" pin="0"/><net_sink comp="78" pin=0"/></net>

<net id="88"><net_src comp="78" pin="1"/><net_sink comp="82" pin=0"/></net>

<net id="89"><net_src comp="82" pin="4"/><net_sink comp="78" pin=0"/></net>

<net id="104"><net_src comp="56" pin="0"/><net_sink comp="90" pin=0"/></net>

<net id="105"><net_src comp="82" pin="4"/><net_sink comp="90" pin=1"/></net>

<net id="106"><net_src comp="0" pin="0"/><net_sink comp="90" pin=4"/></net>

<net id="107"><net_src comp="2" pin="0"/><net_sink comp="90" pin=5"/></net>

<net id="108"><net_src comp="4" pin="0"/><net_sink comp="90" pin=6"/></net>

<net id="109"><net_src comp="6" pin="0"/><net_sink comp="90" pin=7"/></net>

<net id="110"><net_src comp="8" pin="0"/><net_sink comp="90" pin=8"/></net>

<net id="111"><net_src comp="10" pin="0"/><net_sink comp="90" pin=9"/></net>

<net id="112"><net_src comp="12" pin="0"/><net_sink comp="90" pin=10"/></net>

<net id="113"><net_src comp="14" pin="0"/><net_sink comp="90" pin=11"/></net>

<net id="117"><net_src comp="66" pin="2"/><net_sink comp="114" pin=0"/></net>

<net id="121"><net_src comp="72" pin="2"/><net_sink comp="118" pin=0"/></net>

<net id="125"><net_src comp="66" pin="2"/><net_sink comp="122" pin=0"/></net>

<net id="130"><net_src comp="122" pin="1"/><net_sink comp="126" pin=0"/></net>

<net id="131"><net_src comp="42" pin="0"/><net_sink comp="126" pin=1"/></net>

<net id="136"><net_src comp="114" pin="1"/><net_sink comp="132" pin=0"/></net>

<net id="137"><net_src comp="44" pin="0"/><net_sink comp="132" pin=1"/></net>

<net id="142"><net_src comp="44" pin="0"/><net_sink comp="138" pin=0"/></net>

<net id="150"><net_src comp="143" pin="1"/><net_sink comp="146" pin=0"/></net>

<net id="155"><net_src comp="143" pin="1"/><net_sink comp="151" pin=0"/></net>

<net id="156"><net_src comp="54" pin="0"/><net_sink comp="151" pin=1"/></net>

<net id="161"><net_src comp="82" pin="4"/><net_sink comp="157" pin=1"/></net>

<net id="166"><net_src comp="151" pin="2"/><net_sink comp="162" pin=0"/></net>

<net id="170"><net_src comp="62" pin="1"/><net_sink comp="167" pin=0"/></net>

<net id="171"><net_src comp="167" pin="1"/><net_sink comp="138" pin=1"/></net>

<net id="172"><net_src comp="167" pin="1"/><net_sink comp="143" pin=0"/></net>

<net id="173"><net_src comp="167" pin="1"/><net_sink comp="162" pin=1"/></net>

<net id="177"><net_src comp="114" pin="1"/><net_sink comp="174" pin=0"/></net>

<net id="178"><net_src comp="174" pin="1"/><net_sink comp="90" pin=2"/></net>

<net id="182"><net_src comp="118" pin="1"/><net_sink comp="179" pin=0"/></net>

<net id="183"><net_src comp="179" pin="1"/><net_sink comp="146" pin=1"/></net>

<net id="187"><net_src comp="126" pin="2"/><net_sink comp="184" pin=0"/></net>

<net id="188"><net_src comp="184" pin="1"/><net_sink comp="90" pin=3"/></net>

<net id="192"><net_src comp="132" pin="2"/><net_sink comp="189" pin=0"/></net>

<net id="193"><net_src comp="189" pin="1"/><net_sink comp="157" pin=0"/></net>

<net id="200"><net_src comp="157" pin="2"/><net_sink comp="197" pin=0"/></net>

<net id="201"><net_src comp="197" pin="1"/><net_sink comp="82" pin=2"/></net>

</net_list>

</model> 
---------------- Datapath Model END ------------------

* FSMD analyzer results:
  - Output states:
	Port: m_axis_video_V_data_V | {2 3 }
	Port: m_axis_video_V_keep_V | {2 3 }
	Port: m_axis_video_V_strb_V | {2 3 }
	Port: m_axis_video_V_user_V | {2 3 }
	Port: m_axis_video_V_last_V | {2 3 }
	Port: m_axis_video_V_id_V | {2 3 }
	Port: m_axis_video_V_dest_V | {2 3 }
 - Input state : 
	Port: MultiPixStream2AXIvideo : imgUnzip | {2 3 }
	Port: MultiPixStream2AXIvideo : Height_val | {1 }
	Port: MultiPixStream2AXIvideo : WidthOut_val | {1 }
  - Chain level:
	State 1
		add_ln240 : 1
		icmp_ln228 : 1
		store_ln228 : 1
	State 2
		icmp_ln228_1 : 1
		i_2 : 1
		br_ln228 : 2
		call_ln228 : 1
		and_ln228 : 1
		store_ln228 : 2
	State 3
	State 4


============================================================
+ Verbose Summary: Datapath Resource usage 
============================================================

* Functional unit list:
|----------|-------------------------------------------------------------|---------|---------|
| Operation|                       Functional Unit                       |    FF   |   LUT   |
|----------|-------------------------------------------------------------|---------|---------|
|   call   | grp_MultiPixStream2AXIvideo_Pipeline_VITIS_LOOP_230_2_fu_90 |    15   |    36   |
|----------|-------------------------------------------------------------|---------|---------|
|    add   |                       add_ln240_fu_126                      |    0    |    12   |
|          |                          i_2_fu_151                         |    0    |    12   |
|----------|-------------------------------------------------------------|---------|---------|
|   icmp   |                      icmp_ln228_fu_132                      |    0    |    12   |
|          |                     icmp_ln228_1_fu_146                     |    0    |    12   |
|----------|-------------------------------------------------------------|---------|---------|
|    and   |                       and_ln228_fu_157                      |    0    |    2    |
|----------|-------------------------------------------------------------|---------|---------|
|   read   |                 WidthOut_val_read_read_fu_66                |    0    |    0    |
|          |                  Height_val_read_read_fu_72                 |    0    |    0    |
|----------|-------------------------------------------------------------|---------|---------|
|          |                         empty_fu_114                        |    0    |    0    |
|   trunc  |                       empty_132_fu_118                      |    0    |    0    |
|          |                      trunc_ln240_fu_122                     |    0    |    0    |
|----------|-------------------------------------------------------------|---------|---------|
|   Total  |                                                             |    15   |    86   |
|----------|-------------------------------------------------------------|---------|---------|

Memories:
N/A

* Register list:
+------------------+--------+
|                  |   FF   |
+------------------+--------+
| add_ln240_reg_184|   12   |
| and_ln228_reg_197|    1   |
| empty_132_reg_179|   11   |
|   empty_reg_174  |   11   |
|     i_reg_167    |   11   |
|icmp_ln228_reg_189|    1   |
|    sof_reg_78    |    1   |
+------------------+--------+
|       Total      |   48   |
+------------------+--------+

* Multiplexer (MUX) list: 
|------------|------|------|------|--------||---------||---------||---------|
|    Comp    |  Pin | Size |  BW  | S x BW ||  Delay  ||    FF   ||   LUT   |
|------------|------|------|------|--------||---------||---------||---------|
| sof_reg_78 |  p0  |   2  |   1  |    2   ||    0    ||    9    |
|------------|------|------|------|--------||---------||---------||---------|
|    Total   |      |      |      |    2   ||  1.588  ||    0    ||    9    |
|------------|------|------|------|--------||---------||---------||---------|



* Summary:
+-----------+--------+--------+--------+
|           |  Delay |   FF   |   LUT  |
+-----------+--------+--------+--------+
|  Function |    -   |   15   |   86   |
|   Memory  |    -   |    -   |    -   |
|Multiplexer|    1   |    0   |    9   |
|  Register |    -   |   48   |    -   |
+-----------+--------+--------+--------+
|   Total   |    1   |   63   |   95   |
+-----------+--------+--------+--------+
