

================================================================
== Vitis HLS Report for 'ZipperRemoval'
================================================================
* Date:           Mon Sep 21 19:19:10 2026

* Version:        2025.2 (Build 6295257 on Nov 14 2025)
* Project:        prj
* Solution:       sol (Vivado IP Flow Target)
* Product family: zynq
* Target device:  xc7z020-clg400-1


================================================================
== Performance Estimates
================================================================
+ Timing: 
    * Summary: 
    +--------+----------+----------+------------+
    |  Clock |  Target  | Estimated| Uncertainty|
    +--------+----------+----------+------------+
    |ap_clk  |  10.00 ns|  7.231 ns|     2.70 ns|
    +--------+----------+----------+------------+

+ Latency: 
    * Summary: 
    +---------+------------+-----------+------------+-----+------------+---------+
    |   Latency (cycles)   |   Latency (absolute)   |     Interval     | Pipeline|
    |   min   |     max    |    min    |     max    | min |     max    |   Type  |
    +---------+------------+-----------+------------+-----+------------+---------+
    |        1|  4295360506|  10.000 ns|  42.954 sec|    1|  4295360506|       no|
    +---------+------------+-----------+------------+-----+------------+---------+

    + Detail: 
        * Instance: 
        +----------------------------------------------------+------------------------------------------+---------+---------+-----------+----------+-----+-----+-------------------+
        |                                                    |                                          |  Latency (cycles) |  Latency (absolute)  |  Interval |      Pipeline     |
        |                      Instance                      |                  Module                  |   min   |   max   |    min    |    max   | min | max |        Type       |
        +----------------------------------------------------+------------------------------------------+---------+---------+-----------+----------+-----+-----+-------------------+
        |grp_ZipperRemoval_Pipeline_VITIS_LOOP_1101_2_fu_94  |ZipperRemoval_Pipeline_VITIS_LOOP_1101_2  |        5|    65540|  50.000 ns|  0.655 ms|    0|    0|  loop pipeline stp|
        +----------------------------------------------------+------------------------------------------+---------+---------+-----------+----------+-----+-----+-------------------+

        * Loop: 
        +---------------------+---------+------------+-----------+-----------+-----------+-----------+----------+
        |                     |   Latency (cycles)   | Iteration |  Initiation Interval  |    Trip   |          |
        |      Loop Name      |   min   |     max    |  Latency  |  achieved |   target  |   Count   | Pipelined|
        +---------------------+---------+------------+-----------+-----------+-----------+-----------+----------+
        |- VITIS_LOOP_1099_1  |        0|  4295360505|  8 ~ 65543|          -|          -|  0 ~ 65535|        no|
        +---------------------+---------+------------+-----------+-----------+-----------+-----------+----------+

============================================================
+ Verbose Summary: Synthesis Manager
============================================================
InlineROM: 1
ExposeGlobal: 0
============================================================
+ Verbose Summary: CDFG Model
============================================================
IsTopModel: 0
ResetActiveHigh: 1
IsCombinational: 2
IsDatapathOnly: 0
HasWiredReturn: 1
HasMFsm: 0
HasVarLatency: 1
IsPipeline: 0
IsRtlPipelined: 0
IsInstanceOverlapped: 0
IsDontTouch: 0
HasImplIP: 0
IsGatedGlobalClock: 0


============================================================
+ Verbose Summary: Schedule
============================================================
* Number of FSM states : 4
* Pipeline : 0
* Dataflow Pipeline: 0

* FSM state transitions: 
1 --> 2 
2 --> 3 
3 --> 4 
4 --> 2 

* FSM state operations: 

State 1 <SV = 0> <Delay = 2.07>
ST_1 : Operation 5 [1/1] (0.00ns)   --->   "%y = alloca i32 1" [C:/github/zybo_z7_cam_rpi_v2_5mp_hdmi/zybo_z7_imx219/zybo_z7_imx219.runs/design_1_v_demosaic_0_0_synth_1/prj/sol/.autopilot/db/v_demosaic.cpp:1083]   --->   Operation 5 'alloca' 'y' <Predicate = true> <Delay = 0.00>
ST_1 : Operation 6 [1/1] (0.00ns)   --->   "%p_0_0_0507_1_lcssa727 = alloca i32 1"   --->   Operation 6 'alloca' 'p_0_0_0507_1_lcssa727' <Predicate = true> <Delay = 0.00>
ST_1 : Operation 7 [1/1] (0.00ns)   --->   "%p_0_0_0506_1_lcssa729 = alloca i32 1"   --->   Operation 7 'alloca' 'p_0_0_0506_1_lcssa729' <Predicate = true> <Delay = 0.00>
ST_1 : Operation 8 [1/1] (0.00ns)   --->   "%p_0_0_0505_1_lcssa731 = alloca i32 1"   --->   Operation 8 'alloca' 'p_0_0_0505_1_lcssa731' <Predicate = true> <Delay = 0.00>
ST_1 : Operation 9 [1/1] (0.00ns)   --->   "%p_0_0_0504_1_lcssa733 = alloca i32 1"   --->   Operation 9 'alloca' 'p_0_0_0504_1_lcssa733' <Predicate = true> <Delay = 0.00>
ST_1 : Operation 10 [1/1] (0.00ns)   --->   "%conv2_i_i_lcssa735 = alloca i32 1"   --->   Operation 10 'alloca' 'conv2_i_i_lcssa735' <Predicate = true> <Delay = 0.00>
ST_1 : Operation 11 [1/1] (0.00ns)   --->   "%p_0_0_0503705_lcssa712737 = alloca i32 1"   --->   Operation 11 'alloca' 'p_0_0_0503705_lcssa712737' <Predicate = true> <Delay = 0.00>
ST_1 : Operation 12 [1/1] (0.00ns)   --->   "%p_0_0_0502701_lcssa714739 = alloca i32 1"   --->   Operation 12 'alloca' 'p_0_0_0502701_lcssa714739' <Predicate = true> <Delay = 0.00>
ST_1 : Operation 13 [1/1] (0.00ns)   --->   "%p_0_0_0501703_lcssa716741 = alloca i32 1"   --->   Operation 13 'alloca' 'p_0_0_0501703_lcssa716741' <Predicate = true> <Delay = 0.00>
ST_1 : Operation 14 [1/1] (0.00ns)   --->   "%width_val_read = read i16 @_ssdm_op_Read.ap_auto.i16, i16 %width_val"   --->   Operation 14 'read' 'width_val_read' <Predicate = true> <Delay = 0.00>
ST_1 : Operation 15 [1/1] (0.00ns)   --->   "%height_val_read = read i16 @_ssdm_op_Read.ap_auto.i16, i16 %height_val"   --->   Operation 15 'read' 'height_val_read' <Predicate = true> <Delay = 0.00>
ST_1 : Operation 16 [1/1] (0.00ns)   --->   "%specinterface_ln0 = specinterface void @_ssdm_op_SpecInterface, i30 %imgUnzip, void @empty_20, i32 0, i32 0, void @empty_14, i32 0, i32 0, void @empty_14, void @empty_14, void @empty_14, i32 0, i32 0, i32 0, i32 0, void @empty_14, void @empty_14, i32 4294967295, i32 0, i32 0, i32 0"   --->   Operation 16 'specinterface' 'specinterface_ln0' <Predicate = true> <Delay = 0.00>
ST_1 : Operation 17 [1/1] (0.00ns)   --->   "%specinterface_ln0 = specinterface void @_ssdm_op_SpecInterface, i30 %imgRgb, void @empty_20, i32 0, i32 0, void @empty_14, i32 0, i32 0, void @empty_14, void @empty_14, void @empty_14, i32 0, i32 0, i32 0, i32 0, void @empty_14, void @empty_14, i32 4294967295, i32 0, i32 0, i32 0"   --->   Operation 17 'specinterface' 'specinterface_ln0' <Predicate = true> <Delay = 0.00>
ST_1 : Operation 18 [1/1] (0.00ns)   --->   "%zext_ln1085 = zext i16 %width_val_read" [C:/github/zybo_z7_cam_rpi_v2_5mp_hdmi/zybo_z7_imx219/zybo_z7_imx219.runs/design_1_v_demosaic_0_0_synth_1/prj/sol/.autopilot/db/v_demosaic.cpp:1085]   --->   Operation 18 'zext' 'zext_ln1085' <Predicate = true> <Delay = 0.00>
ST_1 : Operation 19 [1/1] (2.07ns)   --->   "%loopWidth = add i17 %zext_ln1085, i17 1" [C:/github/zybo_z7_cam_rpi_v2_5mp_hdmi/zybo_z7_imx219/zybo_z7_imx219.runs/design_1_v_demosaic_0_0_synth_1/prj/sol/.autopilot/db/v_demosaic.cpp:1085]   --->   Operation 19 'add' 'loopWidth' <Predicate = true> <Delay = 2.07> <CoreInst = "Adder">   --->   Core 1 'Adder' <Latency = 0> <II = 1> <Delay = 2.07> <FuncUnit> <Opcode : 'add' 'sub'> <InPorts = 2> <OutPorts = 1>
ST_1 : Operation 20 [1/1] (0.00ns)   --->   "%store_ln0 = store i10 0, i10 %p_0_0_0501703_lcssa716741"   --->   Operation 20 'store' 'store_ln0' <Predicate = true> <Delay = 0.00>
ST_1 : Operation 21 [1/1] (0.00ns)   --->   "%store_ln0 = store i10 0, i10 %p_0_0_0502701_lcssa714739"   --->   Operation 21 'store' 'store_ln0' <Predicate = true> <Delay = 0.00>
ST_1 : Operation 22 [1/1] (0.00ns)   --->   "%store_ln0 = store i10 0, i10 %p_0_0_0503705_lcssa712737"   --->   Operation 22 'store' 'store_ln0' <Predicate = true> <Delay = 0.00>
ST_1 : Operation 23 [1/1] (0.00ns)   --->   "%store_ln0 = store i7 0, i7 %conv2_i_i_lcssa735"   --->   Operation 23 'store' 'store_ln0' <Predicate = true> <Delay = 0.00>
ST_1 : Operation 24 [1/1] (0.00ns)   --->   "%store_ln0 = store i10 0, i10 %p_0_0_0504_1_lcssa733"   --->   Operation 24 'store' 'store_ln0' <Predicate = true> <Delay = 0.00>
ST_1 : Operation 25 [1/1] (0.00ns)   --->   "%store_ln0 = store i10 0, i10 %p_0_0_0505_1_lcssa731"   --->   Operation 25 'store' 'store_ln0' <Predicate = true> <Delay = 0.00>
ST_1 : Operation 26 [1/1] (0.00ns)   --->   "%store_ln0 = store i10 0, i10 %p_0_0_0506_1_lcssa729"   --->   Operation 26 'store' 'store_ln0' <Predicate = true> <Delay = 0.00>
ST_1 : Operation 27 [1/1] (0.00ns)   --->   "%store_ln0 = store i10 0, i10 %p_0_0_0507_1_lcssa727"   --->   Operation 27 'store' 'store_ln0' <Predicate = true> <Delay = 0.00>
ST_1 : Operation 28 [1/1] (1.58ns)   --->   "%store_ln1083 = store i16 0, i16 %y" [C:/github/zybo_z7_cam_rpi_v2_5mp_hdmi/zybo_z7_imx219/zybo_z7_imx219.runs/design_1_v_demosaic_0_0_synth_1/prj/sol/.autopilot/db/v_demosaic.cpp:1083]   --->   Operation 28 'store' 'store_ln1083' <Predicate = true> <Delay = 1.58>
ST_1 : Operation 29 [1/1] (0.00ns)   --->   "%br_ln1099 = br void %VITIS_LOOP_1101_2" [C:/github/zybo_z7_cam_rpi_v2_5mp_hdmi/zybo_z7_imx219/zybo_z7_imx219.runs/design_1_v_demosaic_0_0_synth_1/prj/sol/.autopilot/db/v_demosaic.cpp:1099]   --->   Operation 29 'br' 'br_ln1099' <Predicate = true> <Delay = 0.00>

State 2 <SV = 1> <Delay = 3.66>
ST_2 : Operation 30 [1/1] (0.00ns)   --->   "%y_1 = load i16 %y" [C:/github/zybo_z7_cam_rpi_v2_5mp_hdmi/zybo_z7_imx219/zybo_z7_imx219.runs/design_1_v_demosaic_0_0_synth_1/prj/sol/.autopilot/db/v_demosaic.cpp:1099]   --->   Operation 30 'load' 'y_1' <Predicate = true> <Delay = 0.00>
ST_2 : Operation 31 [1/1] (2.07ns)   --->   "%icmp_ln1099 = icmp_eq  i16 %y_1, i16 %height_val_read" [C:/github/zybo_z7_cam_rpi_v2_5mp_hdmi/zybo_z7_imx219/zybo_z7_imx219.runs/design_1_v_demosaic_0_0_synth_1/prj/sol/.autopilot/db/v_demosaic.cpp:1099]   --->   Operation 31 'icmp' 'icmp_ln1099' <Predicate = true> <Delay = 2.07> <CoreInst = "Cmp">   --->   Core 9 'Cmp' <Latency = 0> <II = 1> <Delay = 2.07> <FuncUnit> <Opcode : 'seteq' 'setne' 'setle' 'setge' 'setlt' 'setgt'> <InPorts = 2> <OutPorts = 1>
ST_2 : Operation 32 [1/1] (2.07ns)   --->   "%y_2 = add i16 %y_1, i16 1" [C:/github/zybo_z7_cam_rpi_v2_5mp_hdmi/zybo_z7_imx219/zybo_z7_imx219.runs/design_1_v_demosaic_0_0_synth_1/prj/sol/.autopilot/db/v_demosaic.cpp:1099]   --->   Operation 32 'add' 'y_2' <Predicate = true> <Delay = 2.07> <CoreInst = "Adder">   --->   Core 1 'Adder' <Latency = 0> <II = 1> <Delay = 2.07> <FuncUnit> <Opcode : 'add' 'sub'> <InPorts = 2> <OutPorts = 1>
ST_2 : Operation 33 [1/1] (0.00ns)   --->   "%br_ln1099 = br i1 %icmp_ln1099, void %VITIS_LOOP_1101_2.split, void %for.end228" [C:/github/zybo_z7_cam_rpi_v2_5mp_hdmi/zybo_z7_imx219/zybo_z7_imx219.runs/design_1_v_demosaic_0_0_synth_1/prj/sol/.autopilot/db/v_demosaic.cpp:1099]   --->   Operation 33 'br' 'br_ln1099' <Predicate = true> <Delay = 0.00>
ST_2 : Operation 34 [1/1] (0.00ns)   --->   "%conv2_i_i_lcssa735_load = load i7 %conv2_i_i_lcssa735"   --->   Operation 34 'load' 'conv2_i_i_lcssa735_load' <Predicate = (!icmp_ln1099)> <Delay = 0.00>
ST_2 : Operation 35 [1/1] (0.00ns)   --->   "%p_0_0_0503705_lcssa712737_load = load i10 %p_0_0_0503705_lcssa712737"   --->   Operation 35 'load' 'p_0_0_0503705_lcssa712737_load' <Predicate = (!icmp_ln1099)> <Delay = 0.00>
ST_2 : Operation 36 [1/1] (0.00ns)   --->   "%p_0_0_0502701_lcssa714739_load = load i10 %p_0_0_0502701_lcssa714739"   --->   Operation 36 'load' 'p_0_0_0502701_lcssa714739_load' <Predicate = (!icmp_ln1099)> <Delay = 0.00>
ST_2 : Operation 37 [1/1] (0.00ns)   --->   "%p_0_0_0501703_lcssa716741_load = load i10 %p_0_0_0501703_lcssa716741"   --->   Operation 37 'load' 'p_0_0_0501703_lcssa716741_load' <Predicate = (!icmp_ln1099)> <Delay = 0.00>
ST_2 : Operation 38 [1/1] (1.58ns)   --->   "%store_ln1083 = store i16 %y_2, i16 %y" [C:/github/zybo_z7_cam_rpi_v2_5mp_hdmi/zybo_z7_imx219/zybo_z7_imx219.runs/design_1_v_demosaic_0_0_synth_1/prj/sol/.autopilot/db/v_demosaic.cpp:1083]   --->   Operation 38 'store' 'store_ln1083' <Predicate = (!icmp_ln1099)> <Delay = 1.58>
ST_2 : Operation 39 [1/1] (0.00ns)   --->   "%ret_ln1165 = ret" [C:/github/zybo_z7_cam_rpi_v2_5mp_hdmi/zybo_z7_imx219/zybo_z7_imx219.runs/design_1_v_demosaic_0_0_synth_1/prj/sol/.autopilot/db/v_demosaic.cpp:1165]   --->   Operation 39 'ret' 'ret_ln1165' <Predicate = (icmp_ln1099)> <Delay = 0.00>

State 3 <SV = 2> <Delay = 3.69>
ST_3 : Operation 40 [2/2] (3.69ns)   --->   "%call_ln1085 = call void @ZipperRemoval_Pipeline_VITIS_LOOP_1101_2, i10 %p_0_0_0501703_lcssa716741_load, i10 %p_0_0_0502701_lcssa714739_load, i10 %p_0_0_0503705_lcssa712737_load, i7 %conv2_i_i_lcssa735_load, i16 %width_val_read, i17 %loopWidth, i30 %imgRgb, i30 %imgUnzip, i10 %p_0_0_0501703_lcssa716741, i10 %p_0_0_0502701_lcssa714739, i10 %p_0_0_0503705_lcssa712737, i10 %p_0_0_0504_1_lcssa733, i10 %p_0_0_0505_1_lcssa731, i10 %p_0_0_0506_1_lcssa729, i10 %p_0_0_0507_1_lcssa727, i7 %conv2_i_i_lcssa735" [C:/github/zybo_z7_cam_rpi_v2_5mp_hdmi/zybo_z7_imx219/zybo_z7_imx219.runs/design_1_v_demosaic_0_0_synth_1/prj/sol/.autopilot/db/v_demosaic.cpp:1085]   --->   Operation 40 'call' 'call_ln1085' <Predicate = true> <Delay = 3.69> <CoreType = "Generic">   --->   Generic Core

State 4 <SV = 3> <Delay = 0.00>
ST_4 : Operation 41 [1/1] (0.00ns)   --->   "%speclooptripcount_ln1083 = speclooptripcount void @_ssdm_op_SpecLoopTripCount, i64 0, i64 65535, i64 32767" [C:/github/zybo_z7_cam_rpi_v2_5mp_hdmi/zybo_z7_imx219/zybo_z7_imx219.runs/design_1_v_demosaic_0_0_synth_1/prj/sol/.autopilot/db/v_demosaic.cpp:1083]   --->   Operation 41 'speclooptripcount' 'speclooptripcount_ln1083' <Predicate = true> <Delay = 0.00>
ST_4 : Operation 42 [1/1] (0.00ns)   --->   "%specloopname_ln1099 = specloopname void @_ssdm_op_SpecLoopName, void @empty_1" [C:/github/zybo_z7_cam_rpi_v2_5mp_hdmi/zybo_z7_imx219/zybo_z7_imx219.runs/design_1_v_demosaic_0_0_synth_1/prj/sol/.autopilot/db/v_demosaic.cpp:1099]   --->   Operation 42 'specloopname' 'specloopname_ln1099' <Predicate = true> <Delay = 0.00>
ST_4 : Operation 43 [1/2] (0.00ns)   --->   "%call_ln1085 = call void @ZipperRemoval_Pipeline_VITIS_LOOP_1101_2, i10 %p_0_0_0501703_lcssa716741_load, i10 %p_0_0_0502701_lcssa714739_load, i10 %p_0_0_0503705_lcssa712737_load, i7 %conv2_i_i_lcssa735_load, i16 %width_val_read, i17 %loopWidth, i30 %imgRgb, i30 %imgUnzip, i10 %p_0_0_0501703_lcssa716741, i10 %p_0_0_0502701_lcssa714739, i10 %p_0_0_0503705_lcssa712737, i10 %p_0_0_0504_1_lcssa733, i10 %p_0_0_0505_1_lcssa731, i10 %p_0_0_0506_1_lcssa729, i10 %p_0_0_0507_1_lcssa727, i7 %conv2_i_i_lcssa735" [C:/github/zybo_z7_cam_rpi_v2_5mp_hdmi/zybo_z7_imx219/zybo_z7_imx219.runs/design_1_v_demosaic_0_0_synth_1/prj/sol/.autopilot/db/v_demosaic.cpp:1085]   --->   Operation 43 'call' 'call_ln1085' <Predicate = true> <Delay = 0.00> <CoreType = "Generic">   --->   Generic Core
ST_4 : Operation 44 [1/1] (0.00ns)   --->   "%br_ln1099 = br void %VITIS_LOOP_1101_2" [C:/github/zybo_z7_cam_rpi_v2_5mp_hdmi/zybo_z7_imx219/zybo_z7_imx219.runs/design_1_v_demosaic_0_0_synth_1/prj/sol/.autopilot/db/v_demosaic.cpp:1099]   --->   Operation 44 'br' 'br_ln1099' <Predicate = true> <Delay = 0.00>


============================================================
+ Verbose Summary: Binding
============================================================
STG Binding: 
---------------- STG Properties BEGIN ----------------
- Is combinational: 0
- Is one-state seq: 0
- Is datapath-only: 0
- Is pipelined: 0
- Is top level: 0
Port [ Return ] is wired: 1; IO mode=ap_ctrl_hs:ce=0
Port [ imgRgb]:  wired=1; compound=1; hidden=0; nouse=0; global=0; static=0; extern=0; dir=0; type=3; pingpong=0; private_global=0; IO mode=ap_fifo:ce=0
Port [ imgUnzip]:  wired=1; compound=1; hidden=0; nouse=0; global=0; static=0; extern=0; dir=1; type=3; pingpong=0; private_global=0; IO mode=ap_fifo:ce=0
Port [ height_val]:  wired=1; compound=0; hidden=0; nouse=0; global=0; static=0; extern=0; dir=0; type=0; pingpong=0; private_global=0; IO mode=ap_none:ce=0
Port [ width_val]:  wired=1; compound=0; hidden=0; nouse=0; global=0; static=0; extern=0; dir=0; type=0; pingpong=0; private_global=0; IO mode=ap_none:ce=0
---------------- STG Properties END ------------------

---------------- Datapath Model BEGIN ----------------

<LifeTime>
<method=bitvector/>
y                              (alloca           ) [ 01111]
p_0_0_0507_1_lcssa727          (alloca           ) [ 01111]
p_0_0_0506_1_lcssa729          (alloca           ) [ 01111]
p_0_0_0505_1_lcssa731          (alloca           ) [ 01111]
p_0_0_0504_1_lcssa733          (alloca           ) [ 01111]
conv2_i_i_lcssa735             (alloca           ) [ 01111]
p_0_0_0503705_lcssa712737      (alloca           ) [ 01111]
p_0_0_0502701_lcssa714739      (alloca           ) [ 01111]
p_0_0_0501703_lcssa716741      (alloca           ) [ 01111]
width_val_read                 (read             ) [ 00111]
height_val_read                (read             ) [ 00111]
specinterface_ln0              (specinterface    ) [ 00000]
specinterface_ln0              (specinterface    ) [ 00000]
zext_ln1085                    (zext             ) [ 00000]
loopWidth                      (add              ) [ 00111]
store_ln0                      (store            ) [ 00000]
store_ln0                      (store            ) [ 00000]
store_ln0                      (store            ) [ 00000]
store_ln0                      (store            ) [ 00000]
store_ln0                      (store            ) [ 00000]
store_ln0                      (store            ) [ 00000]
store_ln0                      (store            ) [ 00000]
store_ln0                      (store            ) [ 00000]
store_ln1083                   (store            ) [ 00000]
br_ln1099                      (br               ) [ 00000]
y_1                            (load             ) [ 00000]
icmp_ln1099                    (icmp             ) [ 00111]
y_2                            (add              ) [ 00000]
br_ln1099                      (br               ) [ 00000]
conv2_i_i_lcssa735_load        (load             ) [ 00011]
p_0_0_0503705_lcssa712737_load (load             ) [ 00011]
p_0_0_0502701_lcssa714739_load (load             ) [ 00011]
p_0_0_0501703_lcssa716741_load (load             ) [ 00011]
store_ln1083                   (store            ) [ 00000]
ret_ln1165                     (ret              ) [ 00000]
speclooptripcount_ln1083       (speclooptripcount) [ 00000]
specloopname_ln1099            (specloopname     ) [ 00000]
call_ln1085                    (call             ) [ 00000]
br_ln1099                      (br               ) [ 00000]
</LifeTime>

<model>

<comp_list>
<comp id="0" class="1000" name="imgRgb">
<pin_list>
<pin id="1" dir="1" index="0" bw="1" slack="0"/>
</pin_list>
<bind>
<StgValue><ssdm name="imgRgb"/></StgValue>
</bind>
</comp>

<comp id="2" class="1000" name="imgUnzip">
<pin_list>
<pin id="3" dir="1" index="0" bw="1" slack="0"/>
</pin_list>
<bind>
<StgValue><ssdm name="imgUnzip"/></StgValue>
</bind>
</comp>

<comp id="4" class="1000" name="height_val">
<pin_list>
<pin id="5" dir="1" index="0" bw="1" slack="0"/>
</pin_list>
<bind>
<StgValue><ssdm name="height_val"/></StgValue>
</bind>
</comp>

<comp id="6" class="1000" name="width_val">
<pin_list>
<pin id="7" dir="1" index="0" bw="1" slack="0"/>
</pin_list>
<bind>
<StgValue><ssdm name="width_val"/></StgValue>
</bind>
</comp>

<comp id="8" class="1001" name="const_8">
<pin_list>
<pin id="9" dir="1" index="0" bw="1" slack="0"/>
</pin_list>
<bind>
<StgValue><ssdm name=""/></StgValue>
</bind>
</comp>

<comp id="10" class="1001" name="const_10">
<pin_list>
<pin id="11" dir="1" index="0" bw="1" slack="0"/>
</pin_list>
<bind>
<StgValue><ssdm name="_ssdm_op_Read.ap_auto.i16"/></StgValue>
</bind>
</comp>

<comp id="12" class="1001" name="const_12">
<pin_list>
<pin id="13" dir="1" index="0" bw="1" slack="2147483647"/>
</pin_list>
<bind>
<StgValue><ssdm name="_ssdm_op_SpecInterface"/></StgValue>
</bind>
</comp>

<comp id="14" class="1001" name="const_14">
<pin_list>
<pin id="15" dir="1" index="0" bw="1" slack="2147483647"/>
</pin_list>
<bind>
<StgValue><ssdm name="empty_20"/></StgValue>
</bind>
</comp>

<comp id="16" class="1001" name="const_16">
<pin_list>
<pin id="17" dir="1" index="0" bw="1" slack="2147483647"/>
</pin_list>
<bind>
<StgValue><ssdm name=""/></StgValue>
</bind>
</comp>

<comp id="18" class="1001" name="const_18">
<pin_list>
<pin id="19" dir="1" index="0" bw="1" slack="2147483647"/>
</pin_list>
<bind>
<StgValue><ssdm name="empty_14"/></StgValue>
</bind>
</comp>

<comp id="20" class="1001" name="const_20">
<pin_list>
<pin id="21" dir="1" index="0" bw="1" slack="2147483647"/>
</pin_list>
<bind>
<StgValue><ssdm name=""/></StgValue>
</bind>
</comp>

<comp id="22" class="1001" name="const_22">
<pin_list>
<pin id="23" dir="1" index="0" bw="1" slack="0"/>
</pin_list>
<bind>
<StgValue><ssdm name=""/></StgValue>
</bind>
</comp>

<comp id="24" class="1001" name="const_24">
<pin_list>
<pin id="25" dir="1" index="0" bw="1" slack="0"/>
</pin_list>
<bind>
<StgValue><ssdm name=""/></StgValue>
</bind>
</comp>

<comp id="26" class="1001" name="const_26">
<pin_list>
<pin id="27" dir="1" index="0" bw="1" slack="0"/>
</pin_list>
<bind>
<StgValue><ssdm name=""/></StgValue>
</bind>
</comp>

<comp id="28" class="1001" name="const_28">
<pin_list>
<pin id="29" dir="1" index="0" bw="1" slack="0"/>
</pin_list>
<bind>
<StgValue><ssdm name=""/></StgValue>
</bind>
</comp>

<comp id="30" class="1001" name="const_30">
<pin_list>
<pin id="31" dir="1" index="0" bw="1" slack="0"/>
</pin_list>
<bind>
<StgValue><ssdm name=""/></StgValue>
</bind>
</comp>

<comp id="32" class="1001" name="const_32">
<pin_list>
<pin id="33" dir="1" index="0" bw="1" slack="0"/>
</pin_list>
<bind>
<StgValue><ssdm name="ZipperRemoval_Pipeline_VITIS_LOOP_1101_2"/></StgValue>
</bind>
</comp>

<comp id="34" class="1001" name="const_34">
<pin_list>
<pin id="35" dir="1" index="0" bw="1" slack="2147483647"/>
</pin_list>
<bind>
<StgValue><ssdm name="_ssdm_op_SpecLoopTripCount"/></StgValue>
</bind>
</comp>

<comp id="36" class="1001" name="const_36">
<pin_list>
<pin id="37" dir="1" index="0" bw="1" slack="2147483647"/>
</pin_list>
<bind>
<StgValue><ssdm name=""/></StgValue>
</bind>
</comp>

<comp id="38" class="1001" name="const_38">
<pin_list>
<pin id="39" dir="1" index="0" bw="1" slack="2147483647"/>
</pin_list>
<bind>
<StgValue><ssdm name=""/></StgValue>
</bind>
</comp>

<comp id="40" class="1001" name="const_40">
<pin_list>
<pin id="41" dir="1" index="0" bw="1" slack="2147483647"/>
</pin_list>
<bind>
<StgValue><ssdm name=""/></StgValue>
</bind>
</comp>

<comp id="42" class="1001" name="const_42">
<pin_list>
<pin id="43" dir="1" index="0" bw="1" slack="2147483647"/>
</pin_list>
<bind>
<StgValue><ssdm name="_ssdm_op_SpecLoopName"/></StgValue>
</bind>
</comp>

<comp id="44" class="1001" name="const_44">
<pin_list>
<pin id="45" dir="1" index="0" bw="1" slack="2147483647"/>
</pin_list>
<bind>
<StgValue><ssdm name="empty_1"/></StgValue>
</bind>
</comp>

<comp id="46" class="1004" name="y_fu_46">
<pin_list>
<pin id="47" dir="0" index="0" bw="1" slack="0"/>
<pin id="48" dir="1" index="1" bw="16" slack="0"/>
</pin_list>
<bind>
<opcode="alloca(26) " fcode="alloca"/>
<opset="y/1 "/>
</bind>
</comp>

<comp id="50" class="1004" name="p_0_0_0507_1_lcssa727_fu_50">
<pin_list>
<pin id="51" dir="0" index="0" bw="1" slack="0"/>
<pin id="52" dir="1" index="1" bw="10" slack="0"/>
</pin_list>
<bind>
<opcode="alloca(26) " fcode="alloca"/>
<opset="p_0_0_0507_1_lcssa727/1 "/>
</bind>
</comp>

<comp id="54" class="1004" name="p_0_0_0506_1_lcssa729_fu_54">
<pin_list>
<pin id="55" dir="0" index="0" bw="1" slack="0"/>
<pin id="56" dir="1" index="1" bw="10" slack="0"/>
</pin_list>
<bind>
<opcode="alloca(26) " fcode="alloca"/>
<opset="p_0_0_0506_1_lcssa729/1 "/>
</bind>
</comp>

<comp id="58" class="1004" name="p_0_0_0505_1_lcssa731_fu_58">
<pin_list>
<pin id="59" dir="0" index="0" bw="1" slack="0"/>
<pin id="60" dir="1" index="1" bw="10" slack="0"/>
</pin_list>
<bind>
<opcode="alloca(26) " fcode="alloca"/>
<opset="p_0_0_0505_1_lcssa731/1 "/>
</bind>
</comp>

<comp id="62" class="1004" name="p_0_0_0504_1_lcssa733_fu_62">
<pin_list>
<pin id="63" dir="0" index="0" bw="1" slack="0"/>
<pin id="64" dir="1" index="1" bw="10" slack="0"/>
</pin_list>
<bind>
<opcode="alloca(26) " fcode="alloca"/>
<opset="p_0_0_0504_1_lcssa733/1 "/>
</bind>
</comp>

<comp id="66" class="1004" name="conv2_i_i_lcssa735_fu_66">
<pin_list>
<pin id="67" dir="0" index="0" bw="1" slack="0"/>
<pin id="68" dir="1" index="1" bw="7" slack="0"/>
</pin_list>
<bind>
<opcode="alloca(26) " fcode="alloca"/>
<opset="conv2_i_i_lcssa735/1 "/>
</bind>
</comp>

<comp id="70" class="1004" name="p_0_0_0503705_lcssa712737_fu_70">
<pin_list>
<pin id="71" dir="0" index="0" bw="1" slack="0"/>
<pin id="72" dir="1" index="1" bw="10" slack="0"/>
</pin_list>
<bind>
<opcode="alloca(26) " fcode="alloca"/>
<opset="p_0_0_0503705_lcssa712737/1 "/>
</bind>
</comp>

<comp id="74" class="1004" name="p_0_0_0502701_lcssa714739_fu_74">
<pin_list>
<pin id="75" dir="0" index="0" bw="1" slack="0"/>
<pin id="76" dir="1" index="1" bw="10" slack="0"/>
</pin_list>
<bind>
<opcode="alloca(26) " fcode="alloca"/>
<opset="p_0_0_0502701_lcssa714739/1 "/>
</bind>
</comp>

<comp id="78" class="1004" name="p_0_0_0501703_lcssa716741_fu_78">
<pin_list>
<pin id="79" dir="0" index="0" bw="1" slack="0"/>
<pin id="80" dir="1" index="1" bw="10" slack="0"/>
</pin_list>
<bind>
<opcode="alloca(26) " fcode="alloca"/>
<opset="p_0_0_0501703_lcssa716741/1 "/>
</bind>
</comp>

<comp id="82" class="1004" name="width_val_read_read_fu_82">
<pin_list>
<pin id="83" dir="0" index="0" bw="16" slack="0"/>
<pin id="84" dir="0" index="1" bw="16" slack="0"/>
<pin id="85" dir="1" index="2" bw="16" slack="0"/>
</pin_list>
<bind>
<opcode="read(1150) " fcode="read"/>
<opset="width_val_read/1 "/>
</bind>
</comp>

<comp id="88" class="1004" name="height_val_read_read_fu_88">
<pin_list>
<pin id="89" dir="0" index="0" bw="16" slack="0"/>
<pin id="90" dir="0" index="1" bw="16" slack="0"/>
<pin id="91" dir="1" index="2" bw="16" slack="1"/>
</pin_list>
<bind>
<opcode="read(1150) " fcode="read"/>
<opset="height_val_read/1 "/>
</bind>
</comp>

<comp id="94" class="1004" name="grp_ZipperRemoval_Pipeline_VITIS_LOOP_1101_2_fu_94">
<pin_list>
<pin id="95" dir="0" index="0" bw="0" slack="0"/>
<pin id="96" dir="0" index="1" bw="10" slack="2"/>
<pin id="97" dir="0" index="2" bw="10" slack="2"/>
<pin id="98" dir="0" index="3" bw="10" slack="2"/>
<pin id="99" dir="0" index="4" bw="7" slack="2"/>
<pin id="100" dir="0" index="5" bw="16" slack="2"/>
<pin id="101" dir="0" index="6" bw="17" slack="2"/>
<pin id="102" dir="0" index="7" bw="30" slack="0"/>
<pin id="103" dir="0" index="8" bw="30" slack="0"/>
<pin id="104" dir="0" index="9" bw="10" slack="2"/>
<pin id="105" dir="0" index="10" bw="10" slack="2"/>
<pin id="106" dir="0" index="11" bw="10" slack="2"/>
<pin id="107" dir="0" index="12" bw="10" slack="2"/>
<pin id="108" dir="0" index="13" bw="10" slack="2"/>
<pin id="109" dir="0" index="14" bw="10" slack="2"/>
<pin id="110" dir="0" index="15" bw="10" slack="2"/>
<pin id="111" dir="0" index="16" bw="7" slack="2"/>
<pin id="112" dir="1" index="17" bw="0" slack="2147483647"/>
</pin_list>
<bind>
<opcode="call(48) " fcode="call"/>
<opset="call_ln1085/3 "/>
</bind>
</comp>

<comp id="116" class="1004" name="zext_ln1085_fu_116">
<pin_list>
<pin id="117" dir="0" index="0" bw="16" slack="0"/>
<pin id="118" dir="1" index="1" bw="17" slack="0"/>
</pin_list>
<bind>
<opcode="zext(34) " fcode="zext"/>
<opset="zext_ln1085/1 "/>
</bind>
</comp>

<comp id="120" class="1004" name="loopWidth_fu_120">
<pin_list>
<pin id="121" dir="0" index="0" bw="16" slack="0"/>
<pin id="122" dir="0" index="1" bw="1" slack="0"/>
<pin id="123" dir="1" index="2" bw="17" slack="2"/>
</pin_list>
<bind>
<opcode="add(8) " fcode="add"/>
<opset="loopWidth/1 "/>
</bind>
</comp>

<comp id="126" class="1004" name="store_ln0_store_fu_126">
<pin_list>
<pin id="127" dir="0" index="0" bw="1" slack="0"/>
<pin id="128" dir="0" index="1" bw="10" slack="0"/>
<pin id="129" dir="1" index="2" bw="0" slack="2147483647"/>
</pin_list>
<bind>
<opcode="store(28) " fcode="store"/>
<opset="store_ln0/1 "/>
</bind>
</comp>

<comp id="131" class="1004" name="store_ln0_store_fu_131">
<pin_list>
<pin id="132" dir="0" index="0" bw="1" slack="0"/>
<pin id="133" dir="0" index="1" bw="10" slack="0"/>
<pin id="134" dir="1" index="2" bw="0" slack="2147483647"/>
</pin_list>
<bind>
<opcode="store(28) " fcode="store"/>
<opset="store_ln0/1 "/>
</bind>
</comp>

<comp id="136" class="1004" name="store_ln0_store_fu_136">
<pin_list>
<pin id="137" dir="0" index="0" bw="1" slack="0"/>
<pin id="138" dir="0" index="1" bw="10" slack="0"/>
<pin id="139" dir="1" index="2" bw="0" slack="2147483647"/>
</pin_list>
<bind>
<opcode="store(28) " fcode="store"/>
<opset="store_ln0/1 "/>
</bind>
</comp>

<comp id="141" class="1004" name="store_ln0_store_fu_141">
<pin_list>
<pin id="142" dir="0" index="0" bw="1" slack="0"/>
<pin id="143" dir="0" index="1" bw="7" slack="0"/>
<pin id="144" dir="1" index="2" bw="0" slack="2147483647"/>
</pin_list>
<bind>
<opcode="store(28) " fcode="store"/>
<opset="store_ln0/1 "/>
</bind>
</comp>

<comp id="146" class="1004" name="store_ln0_store_fu_146">
<pin_list>
<pin id="147" dir="0" index="0" bw="1" slack="0"/>
<pin id="148" dir="0" index="1" bw="10" slack="0"/>
<pin id="149" dir="1" index="2" bw="0" slack="2147483647"/>
</pin_list>
<bind>
<opcode="store(28) " fcode="store"/>
<opset="store_ln0/1 "/>
</bind>
</comp>

<comp id="151" class="1004" name="store_ln0_store_fu_151">
<pin_list>
<pin id="152" dir="0" index="0" bw="1" slack="0"/>
<pin id="153" dir="0" index="1" bw="10" slack="0"/>
<pin id="154" dir="1" index="2" bw="0" slack="2147483647"/>
</pin_list>
<bind>
<opcode="store(28) " fcode="store"/>
<opset="store_ln0/1 "/>
</bind>
</comp>

<comp id="156" class="1004" name="store_ln0_store_fu_156">
<pin_list>
<pin id="157" dir="0" index="0" bw="1" slack="0"/>
<pin id="158" dir="0" index="1" bw="10" slack="0"/>
<pin id="159" dir="1" index="2" bw="0" slack="2147483647"/>
</pin_list>
<bind>
<opcode="store(28) " fcode="store"/>
<opset="store_ln0/1 "/>
</bind>
</comp>

<comp id="161" class="1004" name="store_ln0_store_fu_161">
<pin_list>
<pin id="162" dir="0" index="0" bw="1" slack="0"/>
<pin id="163" dir="0" index="1" bw="10" slack="0"/>
<pin id="164" dir="1" index="2" bw="0" slack="2147483647"/>
</pin_list>
<bind>
<opcode="store(28) " fcode="store"/>
<opset="store_ln0/1 "/>
</bind>
</comp>

<comp id="166" class="1004" name="store_ln1083_store_fu_166">
<pin_list>
<pin id="167" dir="0" index="0" bw="1" slack="0"/>
<pin id="168" dir="0" index="1" bw="16" slack="0"/>
<pin id="169" dir="1" index="2" bw="0" slack="2147483647"/>
</pin_list>
<bind>
<opcode="store(28) " fcode="store"/>
<opset="store_ln1083/1 "/>
</bind>
</comp>

<comp id="171" class="1004" name="y_1_load_fu_171">
<pin_list>
<pin id="172" dir="0" index="0" bw="16" slack="1"/>
<pin id="173" dir="1" index="1" bw="16" slack="0"/>
</pin_list>
<bind>
<opcode="load(27) " fcode="load"/>
<opset="y_1/2 "/>
</bind>
</comp>

<comp id="174" class="1004" name="icmp_ln1099_fu_174">
<pin_list>
<pin id="175" dir="0" index="0" bw="16" slack="0"/>
<pin id="176" dir="0" index="1" bw="16" slack="1"/>
<pin id="177" dir="1" index="2" bw="1" slack="2147483647"/>
</pin_list>
<bind>
<opcode="icmp(45) " fcode="icmp"/>
<opset="icmp_ln1099/2 "/>
</bind>
</comp>

<comp id="179" class="1004" name="y_2_fu_179">
<pin_list>
<pin id="180" dir="0" index="0" bw="16" slack="0"/>
<pin id="181" dir="0" index="1" bw="1" slack="0"/>
<pin id="182" dir="1" index="2" bw="16" slack="0"/>
</pin_list>
<bind>
<opcode="add(8) " fcode="add"/>
<opset="y_2/2 "/>
</bind>
</comp>

<comp id="185" class="1004" name="conv2_i_i_lcssa735_load_load_fu_185">
<pin_list>
<pin id="186" dir="0" index="0" bw="7" slack="1"/>
<pin id="187" dir="1" index="1" bw="7" slack="2"/>
</pin_list>
<bind>
<opcode="load(27) " fcode="load"/>
<opset="conv2_i_i_lcssa735_load/2 "/>
</bind>
</comp>

<comp id="188" class="1004" name="p_0_0_0503705_lcssa712737_load_load_fu_188">
<pin_list>
<pin id="189" dir="0" index="0" bw="10" slack="1"/>
<pin id="190" dir="1" index="1" bw="10" slack="2"/>
</pin_list>
<bind>
<opcode="load(27) " fcode="load"/>
<opset="p_0_0_0503705_lcssa712737_load/2 "/>
</bind>
</comp>

<comp id="191" class="1004" name="p_0_0_0502701_lcssa714739_load_load_fu_191">
<pin_list>
<pin id="192" dir="0" index="0" bw="10" slack="1"/>
<pin id="193" dir="1" index="1" bw="10" slack="2"/>
</pin_list>
<bind>
<opcode="load(27) " fcode="load"/>
<opset="p_0_0_0502701_lcssa714739_load/2 "/>
</bind>
</comp>

<comp id="194" class="1004" name="p_0_0_0501703_lcssa716741_load_load_fu_194">
<pin_list>
<pin id="195" dir="0" index="0" bw="10" slack="1"/>
<pin id="196" dir="1" index="1" bw="10" slack="2"/>
</pin_list>
<bind>
<opcode="load(27) " fcode="load"/>
<opset="p_0_0_0501703_lcssa716741_load/2 "/>
</bind>
</comp>

<comp id="197" class="1004" name="store_ln1083_store_fu_197">
<pin_list>
<pin id="198" dir="0" index="0" bw="16" slack="0"/>
<pin id="199" dir="0" index="1" bw="16" slack="1"/>
<pin id="200" dir="1" index="2" bw="0" slack="2147483647"/>
</pin_list>
<bind>
<opcode="store(28) " fcode="store"/>
<opset="store_ln1083/2 "/>
</bind>
</comp>

<comp id="202" class="1005" name="y_reg_202">
<pin_list>
<pin id="203" dir="0" index="0" bw="16" slack="0"/>
<pin id="204" dir="1" index="1" bw="16" slack="0"/>
</pin_list>
<bind>
<opset="y "/>
</bind>
</comp>

<comp id="209" class="1005" name="p_0_0_0507_1_lcssa727_reg_209">
<pin_list>
<pin id="210" dir="0" index="0" bw="10" slack="0"/>
<pin id="211" dir="1" index="1" bw="10" slack="0"/>
</pin_list>
<bind>
<opset="p_0_0_0507_1_lcssa727 "/>
</bind>
</comp>

<comp id="215" class="1005" name="p_0_0_0506_1_lcssa729_reg_215">
<pin_list>
<pin id="216" dir="0" index="0" bw="10" slack="0"/>
<pin id="217" dir="1" index="1" bw="10" slack="0"/>
</pin_list>
<bind>
<opset="p_0_0_0506_1_lcssa729 "/>
</bind>
</comp>

<comp id="221" class="1005" name="p_0_0_0505_1_lcssa731_reg_221">
<pin_list>
<pin id="222" dir="0" index="0" bw="10" slack="0"/>
<pin id="223" dir="1" index="1" bw="10" slack="0"/>
</pin_list>
<bind>
<opset="p_0_0_0505_1_lcssa731 "/>
</bind>
</comp>

<comp id="227" class="1005" name="p_0_0_0504_1_lcssa733_reg_227">
<pin_list>
<pin id="228" dir="0" index="0" bw="10" slack="0"/>
<pin id="229" dir="1" index="1" bw="10" slack="0"/>
</pin_list>
<bind>
<opset="p_0_0_0504_1_lcssa733 "/>
</bind>
</comp>

<comp id="233" class="1005" name="conv2_i_i_lcssa735_reg_233">
<pin_list>
<pin id="234" dir="0" index="0" bw="7" slack="0"/>
<pin id="235" dir="1" index="1" bw="7" slack="0"/>
</pin_list>
<bind>
<opset="conv2_i_i_lcssa735 "/>
</bind>
</comp>

<comp id="240" class="1005" name="p_0_0_0503705_lcssa712737_reg_240">
<pin_list>
<pin id="241" dir="0" index="0" bw="10" slack="0"/>
<pin id="242" dir="1" index="1" bw="10" slack="0"/>
</pin_list>
<bind>
<opset="p_0_0_0503705_lcssa712737 "/>
</bind>
</comp>

<comp id="247" class="1005" name="p_0_0_0502701_lcssa714739_reg_247">
<pin_list>
<pin id="248" dir="0" index="0" bw="10" slack="0"/>
<pin id="249" dir="1" index="1" bw="10" slack="0"/>
</pin_list>
<bind>
<opset="p_0_0_0502701_lcssa714739 "/>
</bind>
</comp>

<comp id="254" class="1005" name="p_0_0_0501703_lcssa716741_reg_254">
<pin_list>
<pin id="255" dir="0" index="0" bw="10" slack="0"/>
<pin id="256" dir="1" index="1" bw="10" slack="0"/>
</pin_list>
<bind>
<opset="p_0_0_0501703_lcssa716741 "/>
</bind>
</comp>

<comp id="261" class="1005" name="width_val_read_reg_261">
<pin_list>
<pin id="262" dir="0" index="0" bw="16" slack="2"/>
<pin id="263" dir="1" index="1" bw="16" slack="2"/>
</pin_list>
<bind>
<opset="width_val_read "/>
</bind>
</comp>

<comp id="266" class="1005" name="height_val_read_reg_266">
<pin_list>
<pin id="267" dir="0" index="0" bw="16" slack="1"/>
<pin id="268" dir="1" index="1" bw="16" slack="1"/>
</pin_list>
<bind>
<opset="height_val_read "/>
</bind>
</comp>

<comp id="271" class="1005" name="loopWidth_reg_271">
<pin_list>
<pin id="272" dir="0" index="0" bw="17" slack="2"/>
<pin id="273" dir="1" index="1" bw="17" slack="2"/>
</pin_list>
<bind>
<opset="loopWidth "/>
</bind>
</comp>

<comp id="279" class="1005" name="conv2_i_i_lcssa735_load_reg_279">
<pin_list>
<pin id="280" dir="0" index="0" bw="7" slack="2"/>
<pin id="281" dir="1" index="1" bw="7" slack="2"/>
</pin_list>
<bind>
<opset="conv2_i_i_lcssa735_load "/>
</bind>
</comp>

<comp id="284" class="1005" name="p_0_0_0503705_lcssa712737_load_reg_284">
<pin_list>
<pin id="285" dir="0" index="0" bw="10" slack="2"/>
<pin id="286" dir="1" index="1" bw="10" slack="2"/>
</pin_list>
<bind>
<opset="p_0_0_0503705_lcssa712737_load "/>
</bind>
</comp>

<comp id="289" class="1005" name="p_0_0_0502701_lcssa714739_load_reg_289">
<pin_list>
<pin id="290" dir="0" index="0" bw="10" slack="2"/>
<pin id="291" dir="1" index="1" bw="10" slack="2"/>
</pin_list>
<bind>
<opset="p_0_0_0502701_lcssa714739_load "/>
</bind>
</comp>

<comp id="294" class="1005" name="p_0_0_0501703_lcssa716741_load_reg_294">
<pin_list>
<pin id="295" dir="0" index="0" bw="10" slack="2"/>
<pin id="296" dir="1" index="1" bw="10" slack="2"/>
</pin_list>
<bind>
<opset="p_0_0_0501703_lcssa716741_load "/>
</bind>
</comp>

</comp_list>

<net_list>
<net id="49"><net_src comp="8" pin="0"/><net_sink comp="46" pin=0"/></net>

<net id="53"><net_src comp="8" pin="0"/><net_sink comp="50" pin=0"/></net>

<net id="57"><net_src comp="8" pin="0"/><net_sink comp="54" pin=0"/></net>

<net id="61"><net_src comp="8" pin="0"/><net_sink comp="58" pin=0"/></net>

<net id="65"><net_src comp="8" pin="0"/><net_sink comp="62" pin=0"/></net>

<net id="69"><net_src comp="8" pin="0"/><net_sink comp="66" pin=0"/></net>

<net id="73"><net_src comp="8" pin="0"/><net_sink comp="70" pin=0"/></net>

<net id="77"><net_src comp="8" pin="0"/><net_sink comp="74" pin=0"/></net>

<net id="81"><net_src comp="8" pin="0"/><net_sink comp="78" pin=0"/></net>

<net id="86"><net_src comp="10" pin="0"/><net_sink comp="82" pin=0"/></net>

<net id="87"><net_src comp="6" pin="0"/><net_sink comp="82" pin=1"/></net>

<net id="92"><net_src comp="10" pin="0"/><net_sink comp="88" pin=0"/></net>

<net id="93"><net_src comp="4" pin="0"/><net_sink comp="88" pin=1"/></net>

<net id="113"><net_src comp="32" pin="0"/><net_sink comp="94" pin=0"/></net>

<net id="114"><net_src comp="0" pin="0"/><net_sink comp="94" pin=7"/></net>

<net id="115"><net_src comp="2" pin="0"/><net_sink comp="94" pin=8"/></net>

<net id="119"><net_src comp="82" pin="2"/><net_sink comp="116" pin=0"/></net>

<net id="124"><net_src comp="116" pin="1"/><net_sink comp="120" pin=0"/></net>

<net id="125"><net_src comp="22" pin="0"/><net_sink comp="120" pin=1"/></net>

<net id="130"><net_src comp="24" pin="0"/><net_sink comp="126" pin=0"/></net>

<net id="135"><net_src comp="24" pin="0"/><net_sink comp="131" pin=0"/></net>

<net id="140"><net_src comp="24" pin="0"/><net_sink comp="136" pin=0"/></net>

<net id="145"><net_src comp="26" pin="0"/><net_sink comp="141" pin=0"/></net>

<net id="150"><net_src comp="24" pin="0"/><net_sink comp="146" pin=0"/></net>

<net id="155"><net_src comp="24" pin="0"/><net_sink comp="151" pin=0"/></net>

<net id="160"><net_src comp="24" pin="0"/><net_sink comp="156" pin=0"/></net>

<net id="165"><net_src comp="24" pin="0"/><net_sink comp="161" pin=0"/></net>

<net id="170"><net_src comp="28" pin="0"/><net_sink comp="166" pin=0"/></net>

<net id="178"><net_src comp="171" pin="1"/><net_sink comp="174" pin=0"/></net>

<net id="183"><net_src comp="171" pin="1"/><net_sink comp="179" pin=0"/></net>

<net id="184"><net_src comp="30" pin="0"/><net_sink comp="179" pin=1"/></net>

<net id="201"><net_src comp="179" pin="2"/><net_sink comp="197" pin=0"/></net>

<net id="205"><net_src comp="46" pin="1"/><net_sink comp="202" pin=0"/></net>

<net id="206"><net_src comp="202" pin="1"/><net_sink comp="166" pin=1"/></net>

<net id="207"><net_src comp="202" pin="1"/><net_sink comp="171" pin=0"/></net>

<net id="208"><net_src comp="202" pin="1"/><net_sink comp="197" pin=1"/></net>

<net id="212"><net_src comp="50" pin="1"/><net_sink comp="209" pin=0"/></net>

<net id="213"><net_src comp="209" pin="1"/><net_sink comp="161" pin=1"/></net>

<net id="214"><net_src comp="209" pin="1"/><net_sink comp="94" pin=15"/></net>

<net id="218"><net_src comp="54" pin="1"/><net_sink comp="215" pin=0"/></net>

<net id="219"><net_src comp="215" pin="1"/><net_sink comp="156" pin=1"/></net>

<net id="220"><net_src comp="215" pin="1"/><net_sink comp="94" pin=14"/></net>

<net id="224"><net_src comp="58" pin="1"/><net_sink comp="221" pin=0"/></net>

<net id="225"><net_src comp="221" pin="1"/><net_sink comp="151" pin=1"/></net>

<net id="226"><net_src comp="221" pin="1"/><net_sink comp="94" pin=13"/></net>

<net id="230"><net_src comp="62" pin="1"/><net_sink comp="227" pin=0"/></net>

<net id="231"><net_src comp="227" pin="1"/><net_sink comp="146" pin=1"/></net>

<net id="232"><net_src comp="227" pin="1"/><net_sink comp="94" pin=12"/></net>

<net id="236"><net_src comp="66" pin="1"/><net_sink comp="233" pin=0"/></net>

<net id="237"><net_src comp="233" pin="1"/><net_sink comp="141" pin=1"/></net>

<net id="238"><net_src comp="233" pin="1"/><net_sink comp="185" pin=0"/></net>

<net id="239"><net_src comp="233" pin="1"/><net_sink comp="94" pin=16"/></net>

<net id="243"><net_src comp="70" pin="1"/><net_sink comp="240" pin=0"/></net>

<net id="244"><net_src comp="240" pin="1"/><net_sink comp="136" pin=1"/></net>

<net id="245"><net_src comp="240" pin="1"/><net_sink comp="188" pin=0"/></net>

<net id="246"><net_src comp="240" pin="1"/><net_sink comp="94" pin=11"/></net>

<net id="250"><net_src comp="74" pin="1"/><net_sink comp="247" pin=0"/></net>

<net id="251"><net_src comp="247" pin="1"/><net_sink comp="131" pin=1"/></net>

<net id="252"><net_src comp="247" pin="1"/><net_sink comp="191" pin=0"/></net>

<net id="253"><net_src comp="247" pin="1"/><net_sink comp="94" pin=10"/></net>

<net id="257"><net_src comp="78" pin="1"/><net_sink comp="254" pin=0"/></net>

<net id="258"><net_src comp="254" pin="1"/><net_sink comp="126" pin=1"/></net>

<net id="259"><net_src comp="254" pin="1"/><net_sink comp="194" pin=0"/></net>

<net id="260"><net_src comp="254" pin="1"/><net_sink comp="94" pin=9"/></net>

<net id="264"><net_src comp="82" pin="2"/><net_sink comp="261" pin=0"/></net>

<net id="265"><net_src comp="261" pin="1"/><net_sink comp="94" pin=5"/></net>

<net id="269"><net_src comp="88" pin="2"/><net_sink comp="266" pin=0"/></net>

<net id="270"><net_src comp="266" pin="1"/><net_sink comp="174" pin=1"/></net>

<net id="274"><net_src comp="120" pin="2"/><net_sink comp="271" pin=0"/></net>

<net id="275"><net_src comp="271" pin="1"/><net_sink comp="94" pin=6"/></net>

<net id="282"><net_src comp="185" pin="1"/><net_sink comp="279" pin=0"/></net>

<net id="283"><net_src comp="279" pin="1"/><net_sink comp="94" pin=4"/></net>

<net id="287"><net_src comp="188" pin="1"/><net_sink comp="284" pin=0"/></net>

<net id="288"><net_src comp="284" pin="1"/><net_sink comp="94" pin=3"/></net>

<net id="292"><net_src comp="191" pin="1"/><net_sink comp="289" pin=0"/></net>

<net id="293"><net_src comp="289" pin="1"/><net_sink comp="94" pin=2"/></net>

<net id="297"><net_src comp="194" pin="1"/><net_sink comp="294" pin=0"/></net>

<net id="298"><net_src comp="294" pin="1"/><net_sink comp="94" pin=1"/></net>

</net_list>

</model> 
---------------- Datapath Model END ------------------

* FSMD analyzer results:
  - Output states:
	Port: imgUnzip | {3 4 }
 - Input state : 
	Port: ZipperRemoval : imgRgb | {3 4 }
	Port: ZipperRemoval : height_val | {1 }
	Port: ZipperRemoval : width_val | {1 }
  - Chain level:
	State 1
		loopWidth : 1
		store_ln0 : 1
		store_ln0 : 1
		store_ln0 : 1
		store_ln0 : 1
		store_ln0 : 1
		store_ln0 : 1
		store_ln0 : 1
		store_ln0 : 1
		store_ln1083 : 1
	State 2
		icmp_ln1099 : 1
		y_2 : 1
		br_ln1099 : 2
		store_ln1083 : 2
	State 3
	State 4


============================================================
+ Verbose Summary: Datapath Resource usage 
============================================================

* Functional unit list:
|----------|----------------------------------------------------|---------|---------|
| Operation|                   Functional Unit                  |    FF   |   LUT   |
|----------|----------------------------------------------------|---------|---------|
|   call   | grp_ZipperRemoval_Pipeline_VITIS_LOOP_1101_2_fu_94 |   124   |   299   |
|----------|----------------------------------------------------|---------|---------|
|    add   |                  loopWidth_fu_120                  |    0    |    23   |
|          |                     y_2_fu_179                     |    0    |    23   |
|----------|----------------------------------------------------|---------|---------|
|   icmp   |                 icmp_ln1099_fu_174                 |    0    |    23   |
|----------|----------------------------------------------------|---------|---------|
|   read   |              width_val_read_read_fu_82             |    0    |    0    |
|          |             height_val_read_read_fu_88             |    0    |    0    |
|----------|----------------------------------------------------|---------|---------|
|   zext   |                 zext_ln1085_fu_116                 |    0    |    0    |
|----------|----------------------------------------------------|---------|---------|
|   Total  |                                                    |   124   |   368   |
|----------|----------------------------------------------------|---------|---------|

Memories:
N/A

* Register list:
+--------------------------------------+--------+
|                                      |   FF   |
+--------------------------------------+--------+
|    conv2_i_i_lcssa735_load_reg_279   |    7   |
|      conv2_i_i_lcssa735_reg_233      |    7   |
|        height_val_read_reg_266       |   16   |
|           loopWidth_reg_271          |   17   |
|p_0_0_0501703_lcssa716741_load_reg_294|   10   |
|   p_0_0_0501703_lcssa716741_reg_254  |   10   |
|p_0_0_0502701_lcssa714739_load_reg_289|   10   |
|   p_0_0_0502701_lcssa714739_reg_247  |   10   |
|p_0_0_0503705_lcssa712737_load_reg_284|   10   |
|   p_0_0_0503705_lcssa712737_reg_240  |   10   |
|     p_0_0_0504_1_lcssa733_reg_227    |   10   |
|     p_0_0_0505_1_lcssa731_reg_221    |   10   |
|     p_0_0_0506_1_lcssa729_reg_215    |   10   |
|     p_0_0_0507_1_lcssa727_reg_209    |   10   |
|        width_val_read_reg_261        |   16   |
|               y_reg_202              |   16   |
+--------------------------------------+--------+
|                 Total                |   179  |
+--------------------------------------+--------+

* Multiplexer (MUX) list: 
|--------|------|------|------|--------|
|  Comp  |  Pin | Size |  BW  | S x BW |
|--------|------|------|------|--------|
|  Total |      |      |      |    0   |
|--------|------|------|------|--------|



* Summary:
+-----------+--------+--------+
|           |   FF   |   LUT  |
+-----------+--------+--------+
|  Function |   124  |   368  |
|   Memory  |    -   |    -   |
|Multiplexer|    -   |    -   |
|  Register |   179  |    -   |
+-----------+--------+--------+
|   Total   |   303  |   368  |
+-----------+--------+--------+
