
*** Running vivado
    with args -log design_1_wrapper.vds -m64 -product Vivado -mode batch -messageDb vivado.pb -notrace -source design_1_wrapper.tcl



****** Vivado v2025.2 (64-bit)
  **** SW Build 6299465 on Fri Nov 14 19:35:11 GMT 2025
  **** IP Build 6300035 on Fri Nov 14 10:48:45 MST 2025
  **** SharedData Build 6298862 on Thu Nov 13 04:50:51 MST 2025
  **** Start of session at: Wed Sep 23 22:10:24 2026
    ** Copyright 1986-2022 Xilinx, Inc. All Rights Reserved.
    ** Copyright 2022-2025 Advanced Micro Devices, Inc. All Rights Reserved.

source design_1_wrapper.tcl -notrace
create_project: Time (s): cpu = 00:00:18 ; elapsed = 00:00:13 . Memory (MB): peak = 524.910 ; gain = 219.508
INFO: [IP_Flow 19-234] Refreshing IP repositories
INFO: [IP_Flow 19-1700] Loaded user IP repository 'v:/vivado-library'.
INFO: [IP_Flow 19-2313] Loaded Vivado IP repository 'C:/AMDDesignTools/2025.2/Vivado/data/ip'.
INFO: [Project 1-5698] Found the below utility IPs instantiated in block design V:/zybo_z7_imx219/zybo_z7_imx219.srcs/sources_1/bd/design_1/design_1.bd which have equivalent inline hdl with improved performance and reduced diskspace.
It is recommended to migrate these utility IPs to inline hdl  using the command upgrade_project -migrate_to_inline_hdl.  The utility IPs may be deprecated in future releases.
More information on inline hdl is available in UG994.
Utility IP Component Instances:
 design_1_xlconstant_one_0
add_files: Time (s): cpu = 00:00:09 ; elapsed = 00:00:10 . Memory (MB): peak = 676.574 ; gain = 74.645
Command: read_checkpoint -auto_incremental -incremental V:/zybo_z7_imx219/zybo_z7_imx219.srcs/utils_1/imports/synth_1/design_1_wrapper.dcp
INFO: [Vivado 12-5825] Read reference checkpoint from V:/zybo_z7_imx219/zybo_z7_imx219.srcs/utils_1/imports/synth_1/design_1_wrapper.dcp for incremental synthesis
INFO: [Vivado 12-7989] Please ensure there are no constraint changes
Command: synth_design -top design_1_wrapper -part xc7z020clg400-1
Starting synth_design
Attempting to get a license for feature 'Synthesis' and/or device 'xc7z020'
INFO: [Common 17-349] Got license for feature 'Synthesis' and/or device 'xc7z020'
INFO: [Device 21-403] Loading part xc7z020clg400-1
INFO: [Designutils 20-5440] No compile time benefit to using incremental synthesis; A full resynthesis will be run
INFO: [Designutils 20-4379] Flow is switching to default flow due to incremental criteria not met. If you would like to alter this behaviour and have the flow terminate instead, please set the following parameter config_implementation {autoIncr.Synth.RejectBehavior Terminate}
INFO: [Synth 8-7079] Multithreading enabled for synth_design using a maximum of 2 processes.
INFO: [Synth 8-7078] Launching helper process for spawning children vivado processes
INFO: [Synth 8-7075] Helper process launched with PID 6920
---------------------------------------------------------------------------------
Starting RTL Elaboration : Time (s): cpu = 00:00:09 ; elapsed = 00:00:09 . Memory (MB): peak = 1454.215 ; gain = 540.867
---------------------------------------------------------------------------------
INFO: [Synth 8-6157] synthesizing module 'design_1_wrapper' [V:/zybo_z7_imx219/zybo_z7_imx219.gen/sources_1/bd/design_1/hdl/design_1_wrapper.v:13]
INFO: [Synth 8-6157] synthesizing module 'IOBUF' [C:/AMDDesignTools/2025.2/Vivado/scripts/rt/data/unisim_comp.v:87566]
INFO: [Synth 8-6155] done synthesizing module 'IOBUF' (0#1) [C:/AMDDesignTools/2025.2/Vivado/scripts/rt/data/unisim_comp.v:87566]
INFO: [Synth 8-6157] synthesizing module 'design_1' [v:/zybo_z7_imx219/zybo_z7_imx219.gen/sources_1/bd/design_1/synth/design_1.v:13]
INFO: [Synth 8-6157] synthesizing module 'design_1_axi_mem_intercon_0' [v:/zybo_z7_imx219/zybo_z7_imx219.gen/sources_1/bd/design_1/synth/design_1.v:1118]
INFO: [Synth 8-6157] synthesizing module 'm00_couplers_imp_1R706YB' [v:/zybo_z7_imx219/zybo_z7_imx219.gen/sources_1/bd/design_1/synth/design_1.v:1729]
INFO: [Synth 8-6157] synthesizing module 'design_1_axi_mem_intercon_imp_auto_pc_0' [V:/zybo_z7_imx219/zybo_z7_imx219.runs/synth_1/.Xil/Vivado-8516-DESKTOP-6M954OF/realtime/design_1_axi_mem_intercon_imp_auto_pc_0_stub.v:6]
INFO: [Synth 8-6155] done synthesizing module 'design_1_axi_mem_intercon_imp_auto_pc_0' (0#1) [V:/zybo_z7_imx219/zybo_z7_imx219.runs/synth_1/.Xil/Vivado-8516-DESKTOP-6M954OF/realtime/design_1_axi_mem_intercon_imp_auto_pc_0_stub.v:6]
INFO: [Synth 8-6155] done synthesizing module 'm00_couplers_imp_1R706YB' (0#1) [v:/zybo_z7_imx219/zybo_z7_imx219.gen/sources_1/bd/design_1/synth/design_1.v:1729]
INFO: [Synth 8-6157] synthesizing module 's00_couplers_imp_7HNO1D' [v:/zybo_z7_imx219/zybo_z7_imx219.gen/sources_1/bd/design_1/synth/design_1.v:2055]
INFO: [Synth 8-6155] done synthesizing module 's00_couplers_imp_7HNO1D' (0#1) [v:/zybo_z7_imx219/zybo_z7_imx219.gen/sources_1/bd/design_1/synth/design_1.v:2055]
INFO: [Synth 8-6157] synthesizing module 's01_couplers_imp_1W60HW0' [v:/zybo_z7_imx219/zybo_z7_imx219.gen/sources_1/bd/design_1/synth/design_1.v:2164]
INFO: [Synth 8-6155] done synthesizing module 's01_couplers_imp_1W60HW0' (0#1) [v:/zybo_z7_imx219/zybo_z7_imx219.gen/sources_1/bd/design_1/synth/design_1.v:2164]
INFO: [Synth 8-6157] synthesizing module 's02_couplers_imp_8NCF02' [v:/zybo_z7_imx219/zybo_z7_imx219.gen/sources_1/bd/design_1/synth/design_1.v:2255]
INFO: [Synth 8-6155] done synthesizing module 's02_couplers_imp_8NCF02' (0#1) [v:/zybo_z7_imx219/zybo_z7_imx219.gen/sources_1/bd/design_1/synth/design_1.v:2255]
INFO: [Synth 8-6157] synthesizing module 'design_1_axi_mem_intercon_imp_xbar_0' [V:/zybo_z7_imx219/zybo_z7_imx219.runs/synth_1/.Xil/Vivado-8516-DESKTOP-6M954OF/realtime/design_1_axi_mem_intercon_imp_xbar_0_stub.v:6]
INFO: [Synth 8-6155] done synthesizing module 'design_1_axi_mem_intercon_imp_xbar_0' (0#1) [V:/zybo_z7_imx219/zybo_z7_imx219.runs/synth_1/.Xil/Vivado-8516-DESKTOP-6M954OF/realtime/design_1_axi_mem_intercon_imp_xbar_0_stub.v:6]
WARNING: [Synth 8-689] width (1) of port connection 's_axi_awready' does not match port width (3) of module 'design_1_axi_mem_intercon_imp_xbar_0' [v:/zybo_z7_imx219/zybo_z7_imx219.gen/sources_1/bd/design_1/synth/design_1.v:1711]
WARNING: [Synth 8-689] width (2) of port connection 's_axi_bresp' does not match port width (6) of module 'design_1_axi_mem_intercon_imp_xbar_0' [v:/zybo_z7_imx219/zybo_z7_imx219.gen/sources_1/bd/design_1/synth/design_1.v:1715]
WARNING: [Synth 8-689] width (1) of port connection 's_axi_bvalid' does not match port width (3) of module 'design_1_axi_mem_intercon_imp_xbar_0' [v:/zybo_z7_imx219/zybo_z7_imx219.gen/sources_1/bd/design_1/synth/design_1.v:1716]
WARNING: [Synth 8-689] width (1) of port connection 's_axi_wready' does not match port width (3) of module 'design_1_axi_mem_intercon_imp_xbar_0' [v:/zybo_z7_imx219/zybo_z7_imx219.gen/sources_1/bd/design_1/synth/design_1.v:1724]
WARNING: [Synth 8-7071] port 's_axi_bid' of module 'design_1_axi_mem_intercon_imp_xbar_0' is unconnected for instance 'xbar' [v:/zybo_z7_imx219/zybo_z7_imx219.gen/sources_1/bd/design_1/synth/design_1.v:1650]
WARNING: [Synth 8-7071] port 's_axi_rid' of module 'design_1_axi_mem_intercon_imp_xbar_0' is unconnected for instance 'xbar' [v:/zybo_z7_imx219/zybo_z7_imx219.gen/sources_1/bd/design_1/synth/design_1.v:1650]
WARNING: [Synth 8-7023] instance 'xbar' of module 'design_1_axi_mem_intercon_imp_xbar_0' has 78 connections declared, but only 76 given [v:/zybo_z7_imx219/zybo_z7_imx219.gen/sources_1/bd/design_1/synth/design_1.v:1650]
INFO: [Synth 8-6155] done synthesizing module 'design_1_axi_mem_intercon_0' (0#1) [v:/zybo_z7_imx219/zybo_z7_imx219.gen/sources_1/bd/design_1/synth/design_1.v:1118]
INFO: [Synth 8-6157] synthesizing module 'design_1_axi_smc_0' [V:/zybo_z7_imx219/zybo_z7_imx219.runs/synth_1/.Xil/Vivado-8516-DESKTOP-6M954OF/realtime/design_1_axi_smc_0_stub.v:6]
INFO: [Synth 8-6155] done synthesizing module 'design_1_axi_smc_0' (0#1) [V:/zybo_z7_imx219/zybo_z7_imx219.runs/synth_1/.Xil/Vivado-8516-DESKTOP-6M954OF/realtime/design_1_axi_smc_0_stub.v:6]
WARNING: [Synth 8-7071] port 'M00_AXI_awprot' of module 'design_1_axi_smc_0' is unconnected for instance 'axi_smc' [v:/zybo_z7_imx219/zybo_z7_imx219.gen/sources_1/bd/design_1/synth/design_1.v:508]
WARNING: [Synth 8-7071] port 'M00_AXI_arprot' of module 'design_1_axi_smc_0' is unconnected for instance 'axi_smc' [v:/zybo_z7_imx219/zybo_z7_imx219.gen/sources_1/bd/design_1/synth/design_1.v:508]
WARNING: [Synth 8-7071] port 'M01_AXI_awprot' of module 'design_1_axi_smc_0' is unconnected for instance 'axi_smc' [v:/zybo_z7_imx219/zybo_z7_imx219.gen/sources_1/bd/design_1/synth/design_1.v:508]
WARNING: [Synth 8-7071] port 'M01_AXI_wstrb' of module 'design_1_axi_smc_0' is unconnected for instance 'axi_smc' [v:/zybo_z7_imx219/zybo_z7_imx219.gen/sources_1/bd/design_1/synth/design_1.v:508]
WARNING: [Synth 8-7071] port 'M01_AXI_arprot' of module 'design_1_axi_smc_0' is unconnected for instance 'axi_smc' [v:/zybo_z7_imx219/zybo_z7_imx219.gen/sources_1/bd/design_1/synth/design_1.v:508]
WARNING: [Synth 8-7071] port 'M02_AXI_awprot' of module 'design_1_axi_smc_0' is unconnected for instance 'axi_smc' [v:/zybo_z7_imx219/zybo_z7_imx219.gen/sources_1/bd/design_1/synth/design_1.v:508]
WARNING: [Synth 8-7071] port 'M02_AXI_arprot' of module 'design_1_axi_smc_0' is unconnected for instance 'axi_smc' [v:/zybo_z7_imx219/zybo_z7_imx219.gen/sources_1/bd/design_1/synth/design_1.v:508]
WARNING: [Synth 8-7071] port 'M03_AXI_awprot' of module 'design_1_axi_smc_0' is unconnected for instance 'axi_smc' [v:/zybo_z7_imx219/zybo_z7_imx219.gen/sources_1/bd/design_1/synth/design_1.v:508]
WARNING: [Synth 8-7071] port 'M03_AXI_arprot' of module 'design_1_axi_smc_0' is unconnected for instance 'axi_smc' [v:/zybo_z7_imx219/zybo_z7_imx219.gen/sources_1/bd/design_1/synth/design_1.v:508]
WARNING: [Synth 8-7071] port 'M04_AXI_awprot' of module 'design_1_axi_smc_0' is unconnected for instance 'axi_smc' [v:/zybo_z7_imx219/zybo_z7_imx219.gen/sources_1/bd/design_1/synth/design_1.v:508]
WARNING: [Synth 8-7071] port 'M04_AXI_wstrb' of module 'design_1_axi_smc_0' is unconnected for instance 'axi_smc' [v:/zybo_z7_imx219/zybo_z7_imx219.gen/sources_1/bd/design_1/synth/design_1.v:508]
WARNING: [Synth 8-7071] port 'M04_AXI_arprot' of module 'design_1_axi_smc_0' is unconnected for instance 'axi_smc' [v:/zybo_z7_imx219/zybo_z7_imx219.gen/sources_1/bd/design_1/synth/design_1.v:508]
WARNING: [Synth 8-7071] port 'M05_AXI_awprot' of module 'design_1_axi_smc_0' is unconnected for instance 'axi_smc' [v:/zybo_z7_imx219/zybo_z7_imx219.gen/sources_1/bd/design_1/synth/design_1.v:508]
WARNING: [Synth 8-7071] port 'M05_AXI_wstrb' of module 'design_1_axi_smc_0' is unconnected for instance 'axi_smc' [v:/zybo_z7_imx219/zybo_z7_imx219.gen/sources_1/bd/design_1/synth/design_1.v:508]
WARNING: [Synth 8-7071] port 'M05_AXI_arprot' of module 'design_1_axi_smc_0' is unconnected for instance 'axi_smc' [v:/zybo_z7_imx219/zybo_z7_imx219.gen/sources_1/bd/design_1/synth/design_1.v:508]
WARNING: [Synth 8-7023] instance 'axi_smc' of module 'design_1_axi_smc_0' has 154 connections declared, but only 139 given [v:/zybo_z7_imx219/zybo_z7_imx219.gen/sources_1/bd/design_1/synth/design_1.v:508]
INFO: [Synth 8-6157] synthesizing module 'design_1_axi_vdma_0_0' [V:/zybo_z7_imx219/zybo_z7_imx219.runs/synth_1/.Xil/Vivado-8516-DESKTOP-6M954OF/realtime/design_1_axi_vdma_0_0_stub.v:6]
INFO: [Synth 8-6155] done synthesizing module 'design_1_axi_vdma_0_0' (0#1) [V:/zybo_z7_imx219/zybo_z7_imx219.runs/synth_1/.Xil/Vivado-8516-DESKTOP-6M954OF/realtime/design_1_axi_vdma_0_0_stub.v:6]
WARNING: [Synth 8-7071] port 'mm2s_frame_ptr_out' of module 'design_1_axi_vdma_0_0' is unconnected for instance 'axi_vdma_0' [v:/zybo_z7_imx219/zybo_z7_imx219.gen/sources_1/bd/design_1/synth/design_1.v:648]
WARNING: [Synth 8-7071] port 's2mm_frame_ptr_out' of module 'design_1_axi_vdma_0_0' is unconnected for instance 'axi_vdma_0' [v:/zybo_z7_imx219/zybo_z7_imx219.gen/sources_1/bd/design_1/synth/design_1.v:648]
WARNING: [Synth 8-7071] port 'm_axis_mm2s_tkeep' of module 'design_1_axi_vdma_0_0' is unconnected for instance 'axi_vdma_0' [v:/zybo_z7_imx219/zybo_z7_imx219.gen/sources_1/bd/design_1/synth/design_1.v:648]
WARNING: [Synth 8-7071] port 'mm2s_introut' of module 'design_1_axi_vdma_0_0' is unconnected for instance 'axi_vdma_0' [v:/zybo_z7_imx219/zybo_z7_imx219.gen/sources_1/bd/design_1/synth/design_1.v:648]
WARNING: [Synth 8-7071] port 's2mm_introut' of module 'design_1_axi_vdma_0_0' is unconnected for instance 'axi_vdma_0' [v:/zybo_z7_imx219/zybo_z7_imx219.gen/sources_1/bd/design_1/synth/design_1.v:648]
WARNING: [Synth 8-7023] instance 'axi_vdma_0' of module 'design_1_axi_vdma_0_0' has 68 connections declared, but only 63 given [v:/zybo_z7_imx219/zybo_z7_imx219.gen/sources_1/bd/design_1/synth/design_1.v:648]
INFO: [Synth 8-6157] synthesizing module 'design_1_axis_isp_0_0' [V:/zybo_z7_imx219/zybo_z7_imx219.runs/synth_1/.Xil/Vivado-8516-DESKTOP-6M954OF/realtime/design_1_axis_isp_0_0_stub.v:6]
INFO: [Synth 8-6155] done synthesizing module 'design_1_axis_isp_0_0' (0#1) [V:/zybo_z7_imx219/zybo_z7_imx219.runs/synth_1/.Xil/Vivado-8516-DESKTOP-6M954OF/realtime/design_1_axis_isp_0_0_stub.v:6]
WARNING: [Synth 8-7071] port 'm_axis_tdata' of module 'design_1_axis_isp_0_0' is unconnected for instance 'axis_isp_0' [v:/zybo_z7_imx219/zybo_z7_imx219.gen/sources_1/bd/design_1/synth/design_1.v:712]
WARNING: [Synth 8-7071] port 'm_axis_tvalid' of module 'design_1_axis_isp_0_0' is unconnected for instance 'axis_isp_0' [v:/zybo_z7_imx219/zybo_z7_imx219.gen/sources_1/bd/design_1/synth/design_1.v:712]
WARNING: [Synth 8-7071] port 'm_axis_tuser' of module 'design_1_axis_isp_0_0' is unconnected for instance 'axis_isp_0' [v:/zybo_z7_imx219/zybo_z7_imx219.gen/sources_1/bd/design_1/synth/design_1.v:712]
WARNING: [Synth 8-7071] port 'm_axis_tlast' of module 'design_1_axis_isp_0_0' is unconnected for instance 'axis_isp_0' [v:/zybo_z7_imx219/zybo_z7_imx219.gen/sources_1/bd/design_1/synth/design_1.v:712]
WARNING: [Synth 8-7023] instance 'axis_isp_0' of module 'design_1_axis_isp_0_0' has 12 connections declared, but only 8 given [v:/zybo_z7_imx219/zybo_z7_imx219.gen/sources_1/bd/design_1/synth/design_1.v:712]
INFO: [Synth 8-6157] synthesizing module 'design_1_axis_raw_to_gbr_0_0' [V:/zybo_z7_imx219/zybo_z7_imx219.runs/synth_1/.Xil/Vivado-8516-DESKTOP-6M954OF/realtime/design_1_axis_raw_to_gbr_0_0_stub.v:6]
INFO: [Synth 8-6155] done synthesizing module 'design_1_axis_raw_to_gbr_0_0' (0#1) [V:/zybo_z7_imx219/zybo_z7_imx219.runs/synth_1/.Xil/Vivado-8516-DESKTOP-6M954OF/realtime/design_1_axis_raw_to_gbr_0_0_stub.v:6]
INFO: [Synth 8-6157] synthesizing module 'design_1_bayer_phase_gpio_0' [V:/zybo_z7_imx219/zybo_z7_imx219.runs/synth_1/.Xil/Vivado-8516-DESKTOP-6M954OF/realtime/design_1_bayer_phase_gpio_0_stub.v:6]
INFO: [Synth 8-6155] done synthesizing module 'design_1_bayer_phase_gpio_0' (0#1) [V:/zybo_z7_imx219/zybo_z7_imx219.runs/synth_1/.Xil/Vivado-8516-DESKTOP-6M954OF/realtime/design_1_bayer_phase_gpio_0_stub.v:6]
WARNING: [Synth 8-7071] port 's_axi_awready' of module 'design_1_bayer_phase_gpio_0' is unconnected for instance 'bayer_phase_gpio' [v:/zybo_z7_imx219/zybo_z7_imx219.gen/sources_1/bd/design_1/synth/design_1.v:735]
WARNING: [Synth 8-7071] port 's_axi_wready' of module 'design_1_bayer_phase_gpio_0' is unconnected for instance 'bayer_phase_gpio' [v:/zybo_z7_imx219/zybo_z7_imx219.gen/sources_1/bd/design_1/synth/design_1.v:735]
WARNING: [Synth 8-7071] port 's_axi_bresp' of module 'design_1_bayer_phase_gpio_0' is unconnected for instance 'bayer_phase_gpio' [v:/zybo_z7_imx219/zybo_z7_imx219.gen/sources_1/bd/design_1/synth/design_1.v:735]
WARNING: [Synth 8-7071] port 's_axi_bvalid' of module 'design_1_bayer_phase_gpio_0' is unconnected for instance 'bayer_phase_gpio' [v:/zybo_z7_imx219/zybo_z7_imx219.gen/sources_1/bd/design_1/synth/design_1.v:735]
WARNING: [Synth 8-7071] port 's_axi_arready' of module 'design_1_bayer_phase_gpio_0' is unconnected for instance 'bayer_phase_gpio' [v:/zybo_z7_imx219/zybo_z7_imx219.gen/sources_1/bd/design_1/synth/design_1.v:735]
WARNING: [Synth 8-7071] port 's_axi_rdata' of module 'design_1_bayer_phase_gpio_0' is unconnected for instance 'bayer_phase_gpio' [v:/zybo_z7_imx219/zybo_z7_imx219.gen/sources_1/bd/design_1/synth/design_1.v:735]
WARNING: [Synth 8-7071] port 's_axi_rresp' of module 'design_1_bayer_phase_gpio_0' is unconnected for instance 'bayer_phase_gpio' [v:/zybo_z7_imx219/zybo_z7_imx219.gen/sources_1/bd/design_1/synth/design_1.v:735]
WARNING: [Synth 8-7071] port 's_axi_rvalid' of module 'design_1_bayer_phase_gpio_0' is unconnected for instance 'bayer_phase_gpio' [v:/zybo_z7_imx219/zybo_z7_imx219.gen/sources_1/bd/design_1/synth/design_1.v:735]
WARNING: [Synth 8-7023] instance 'bayer_phase_gpio' of module 'design_1_bayer_phase_gpio_0' has 20 connections declared, but only 12 given [v:/zybo_z7_imx219/zybo_z7_imx219.gen/sources_1/bd/design_1/synth/design_1.v:735]
INFO: [Synth 8-6157] synthesizing module 'design_1_capture_fifo_0' [V:/zybo_z7_imx219/zybo_z7_imx219.runs/synth_1/.Xil/Vivado-8516-DESKTOP-6M954OF/realtime/design_1_capture_fifo_0_stub.v:6]
INFO: [Synth 8-6155] done synthesizing module 'design_1_capture_fifo_0' (0#1) [V:/zybo_z7_imx219/zybo_z7_imx219.runs/synth_1/.Xil/Vivado-8516-DESKTOP-6M954OF/realtime/design_1_capture_fifo_0_stub.v:6]
WARNING: [Synth 8-7071] port 'm_axis_tdest' of module 'design_1_capture_fifo_0' is unconnected for instance 'capture_fifo' [v:/zybo_z7_imx219/zybo_z7_imx219.gen/sources_1/bd/design_1/synth/design_1.v:748]
WARNING: [Synth 8-7023] instance 'capture_fifo' of module 'design_1_capture_fifo_0' has 15 connections declared, but only 14 given [v:/zybo_z7_imx219/zybo_z7_imx219.gen/sources_1/bd/design_1/synth/design_1.v:748]
INFO: [Synth 8-6157] synthesizing module 'design_1_clk_wiz_0_0' [V:/zybo_z7_imx219/zybo_z7_imx219.runs/synth_1/.Xil/Vivado-8516-DESKTOP-6M954OF/realtime/design_1_clk_wiz_0_0_stub.v:6]
INFO: [Synth 8-6155] done synthesizing module 'design_1_clk_wiz_0_0' (0#1) [V:/zybo_z7_imx219/zybo_z7_imx219.runs/synth_1/.Xil/Vivado-8516-DESKTOP-6M954OF/realtime/design_1_clk_wiz_0_0_stub.v:6]
INFO: [Synth 8-6157] synthesizing module 'design_1_clk_wiz_hdmi_0' [V:/zybo_z7_imx219/zybo_z7_imx219.runs/synth_1/.Xil/Vivado-8516-DESKTOP-6M954OF/realtime/design_1_clk_wiz_hdmi_0_stub.v:6]
INFO: [Synth 8-6155] done synthesizing module 'design_1_clk_wiz_hdmi_0' (0#1) [V:/zybo_z7_imx219/zybo_z7_imx219.runs/synth_1/.Xil/Vivado-8516-DESKTOP-6M954OF/realtime/design_1_clk_wiz_hdmi_0_stub.v:6]
INFO: [Synth 8-6157] synthesizing module 'design_1_mipi_csi2_rx_subsyst_0_0' [V:/zybo_z7_imx219/zybo_z7_imx219.runs/synth_1/.Xil/Vivado-8516-DESKTOP-6M954OF/realtime/design_1_mipi_csi2_rx_subsyst_0_0_stub.v:6]
INFO: [Synth 8-6155] done synthesizing module 'design_1_mipi_csi2_rx_subsyst_0_0' (0#1) [V:/zybo_z7_imx219/zybo_z7_imx219.runs/synth_1/.Xil/Vivado-8516-DESKTOP-6M954OF/realtime/design_1_mipi_csi2_rx_subsyst_0_0_stub.v:6]
WARNING: [Synth 8-7071] port 'rxbyteclkhs' of module 'design_1_mipi_csi2_rx_subsyst_0_0' is unconnected for instance 'mipi_csi2_rx_subsyst_0' [v:/zybo_z7_imx219/zybo_z7_imx219.gen/sources_1/bd/design_1/synth/design_1.v:770]
WARNING: [Synth 8-7071] port 'system_rst_out' of module 'design_1_mipi_csi2_rx_subsyst_0_0' is unconnected for instance 'mipi_csi2_rx_subsyst_0' [v:/zybo_z7_imx219/zybo_z7_imx219.gen/sources_1/bd/design_1/synth/design_1.v:770]
WARNING: [Synth 8-7071] port 'csirxss_csi_irq' of module 'design_1_mipi_csi2_rx_subsyst_0_0' is unconnected for instance 'mipi_csi2_rx_subsyst_0' [v:/zybo_z7_imx219/zybo_z7_imx219.gen/sources_1/bd/design_1/synth/design_1.v:770]
WARNING: [Synth 8-7023] instance 'mipi_csi2_rx_subsyst_0' of module 'design_1_mipi_csi2_rx_subsyst_0_0' has 39 connections declared, but only 36 given [v:/zybo_z7_imx219/zybo_z7_imx219.gen/sources_1/bd/design_1/synth/design_1.v:770]
INFO: [Synth 8-6157] synthesizing module 'design_1_proc_sys_reset_0_0' [V:/zybo_z7_imx219/zybo_z7_imx219.runs/synth_1/.Xil/Vivado-8516-DESKTOP-6M954OF/realtime/design_1_proc_sys_reset_0_0_stub.v:6]
INFO: [Synth 8-6155] done synthesizing module 'design_1_proc_sys_reset_0_0' (0#1) [V:/zybo_z7_imx219/zybo_z7_imx219.runs/synth_1/.Xil/Vivado-8516-DESKTOP-6M954OF/realtime/design_1_proc_sys_reset_0_0_stub.v:6]
WARNING: [Synth 8-7071] port 'mb_reset' of module 'design_1_proc_sys_reset_0_0' is unconnected for instance 'proc_sys_reset_0' [v:/zybo_z7_imx219/zybo_z7_imx219.gen/sources_1/bd/design_1/synth/design_1.v:807]
WARNING: [Synth 8-7071] port 'bus_struct_reset' of module 'design_1_proc_sys_reset_0_0' is unconnected for instance 'proc_sys_reset_0' [v:/zybo_z7_imx219/zybo_z7_imx219.gen/sources_1/bd/design_1/synth/design_1.v:807]
WARNING: [Synth 8-7071] port 'peripheral_reset' of module 'design_1_proc_sys_reset_0_0' is unconnected for instance 'proc_sys_reset_0' [v:/zybo_z7_imx219/zybo_z7_imx219.gen/sources_1/bd/design_1/synth/design_1.v:807]
WARNING: [Synth 8-7071] port 'interconnect_aresetn' of module 'design_1_proc_sys_reset_0_0' is unconnected for instance 'proc_sys_reset_0' [v:/zybo_z7_imx219/zybo_z7_imx219.gen/sources_1/bd/design_1/synth/design_1.v:807]
WARNING: [Synth 8-7023] instance 'proc_sys_reset_0' of module 'design_1_proc_sys_reset_0_0' has 10 connections declared, but only 6 given [v:/zybo_z7_imx219/zybo_z7_imx219.gen/sources_1/bd/design_1/synth/design_1.v:807]
INFO: [Synth 8-6157] synthesizing module 'design_1_processing_system7_0_0' [V:/zybo_z7_imx219/zybo_z7_imx219.runs/synth_1/.Xil/Vivado-8516-DESKTOP-6M954OF/realtime/design_1_processing_system7_0_0_stub.v:6]
INFO: [Synth 8-6155] done synthesizing module 'design_1_processing_system7_0_0' (0#1) [V:/zybo_z7_imx219/zybo_z7_imx219.runs/synth_1/.Xil/Vivado-8516-DESKTOP-6M954OF/realtime/design_1_processing_system7_0_0_stub.v:6]
WARNING: [Synth 8-7071] port 'USB0_PORT_INDCTL' of module 'design_1_processing_system7_0_0' is unconnected for instance 'processing_system7_0' [v:/zybo_z7_imx219/zybo_z7_imx219.gen/sources_1/bd/design_1/synth/design_1.v:814]
WARNING: [Synth 8-7071] port 'USB0_VBUS_PWRSELECT' of module 'design_1_processing_system7_0_0' is unconnected for instance 'processing_system7_0' [v:/zybo_z7_imx219/zybo_z7_imx219.gen/sources_1/bd/design_1/synth/design_1.v:814]
WARNING: [Synth 8-7071] port 'S_AXI_HP0_RCOUNT' of module 'design_1_processing_system7_0_0' is unconnected for instance 'processing_system7_0' [v:/zybo_z7_imx219/zybo_z7_imx219.gen/sources_1/bd/design_1/synth/design_1.v:814]
WARNING: [Synth 8-7071] port 'S_AXI_HP0_WCOUNT' of module 'design_1_processing_system7_0_0' is unconnected for instance 'processing_system7_0' [v:/zybo_z7_imx219/zybo_z7_imx219.gen/sources_1/bd/design_1/synth/design_1.v:814]
WARNING: [Synth 8-7071] port 'S_AXI_HP0_RACOUNT' of module 'design_1_processing_system7_0_0' is unconnected for instance 'processing_system7_0' [v:/zybo_z7_imx219/zybo_z7_imx219.gen/sources_1/bd/design_1/synth/design_1.v:814]
WARNING: [Synth 8-7071] port 'S_AXI_HP0_WACOUNT' of module 'design_1_processing_system7_0_0' is unconnected for instance 'processing_system7_0' [v:/zybo_z7_imx219/zybo_z7_imx219.gen/sources_1/bd/design_1/synth/design_1.v:814]
WARNING: [Synth 8-7071] port 'FCLK_CLK2' of module 'design_1_processing_system7_0_0' is unconnected for instance 'processing_system7_0' [v:/zybo_z7_imx219/zybo_z7_imx219.gen/sources_1/bd/design_1/synth/design_1.v:814]
WARNING: [Synth 8-7023] instance 'processing_system7_0' of module 'design_1_processing_system7_0_0' has 121 connections declared, but only 114 given [v:/zybo_z7_imx219/zybo_z7_imx219.gen/sources_1/bd/design_1/synth/design_1.v:814]
INFO: [Synth 8-6157] synthesizing module 'design_1_raw_switch_0' [V:/zybo_z7_imx219/zybo_z7_imx219.runs/synth_1/.Xil/Vivado-8516-DESKTOP-6M954OF/realtime/design_1_raw_switch_0_stub.v:6]
INFO: [Synth 8-6155] done synthesizing module 'design_1_raw_switch_0' (0#1) [V:/zybo_z7_imx219/zybo_z7_imx219.runs/synth_1/.Xil/Vivado-8516-DESKTOP-6M954OF/realtime/design_1_raw_switch_0_stub.v:6]
WARNING: [Synth 8-7071] port 'm_axis_tvalid' of module 'design_1_raw_switch_0' is unconnected for instance 'raw_switch' [v:/zybo_z7_imx219/zybo_z7_imx219.gen/sources_1/bd/design_1/synth/design_1.v:929]
WARNING: [Synth 8-7071] port 'm_axis_tdata' of module 'design_1_raw_switch_0' is unconnected for instance 'raw_switch' [v:/zybo_z7_imx219/zybo_z7_imx219.gen/sources_1/bd/design_1/synth/design_1.v:929]
WARNING: [Synth 8-7071] port 'm_axis_tkeep' of module 'design_1_raw_switch_0' is unconnected for instance 'raw_switch' [v:/zybo_z7_imx219/zybo_z7_imx219.gen/sources_1/bd/design_1/synth/design_1.v:929]
WARNING: [Synth 8-7071] port 'm_axis_tlast' of module 'design_1_raw_switch_0' is unconnected for instance 'raw_switch' [v:/zybo_z7_imx219/zybo_z7_imx219.gen/sources_1/bd/design_1/synth/design_1.v:929]
WARNING: [Synth 8-7071] port 'm_axis_tdest' of module 'design_1_raw_switch_0' is unconnected for instance 'raw_switch' [v:/zybo_z7_imx219/zybo_z7_imx219.gen/sources_1/bd/design_1/synth/design_1.v:929]
WARNING: [Synth 8-7071] port 'm_axis_tuser' of module 'design_1_raw_switch_0' is unconnected for instance 'raw_switch' [v:/zybo_z7_imx219/zybo_z7_imx219.gen/sources_1/bd/design_1/synth/design_1.v:929]
WARNING: [Synth 8-7023] instance 'raw_switch' of module 'design_1_raw_switch_0' has 34 connections declared, but only 28 given [v:/zybo_z7_imx219/zybo_z7_imx219.gen/sources_1/bd/design_1/synth/design_1.v:929]
INFO: [Synth 8-6157] synthesizing module 'design_1_raw_vdma_0' [V:/zybo_z7_imx219/zybo_z7_imx219.runs/synth_1/.Xil/Vivado-8516-DESKTOP-6M954OF/realtime/design_1_raw_vdma_0_stub.v:6]
INFO: [Synth 8-6155] done synthesizing module 'design_1_raw_vdma_0' (0#1) [V:/zybo_z7_imx219/zybo_z7_imx219.runs/synth_1/.Xil/Vivado-8516-DESKTOP-6M954OF/realtime/design_1_raw_vdma_0_stub.v:6]
WARNING: [Synth 8-7071] port 'mm2s_frame_ptr_out' of module 'design_1_raw_vdma_0' is unconnected for instance 'raw_vdma' [v:/zybo_z7_imx219/zybo_z7_imx219.gen/sources_1/bd/design_1/synth/design_1.v:958]
WARNING: [Synth 8-7071] port 'mm2s_introut' of module 'design_1_raw_vdma_0' is unconnected for instance 'raw_vdma' [v:/zybo_z7_imx219/zybo_z7_imx219.gen/sources_1/bd/design_1/synth/design_1.v:958]
WARNING: [Synth 8-7023] instance 'raw_vdma' of module 'design_1_raw_vdma_0' has 42 connections declared, but only 40 given [v:/zybo_z7_imx219/zybo_z7_imx219.gen/sources_1/bd/design_1/synth/design_1.v:958]
INFO: [Synth 8-6157] synthesizing module 'design_1_rgb2dvi_0_0' [V:/zybo_z7_imx219/zybo_z7_imx219.runs/synth_1/.Xil/Vivado-8516-DESKTOP-6M954OF/realtime/design_1_rgb2dvi_0_0_stub.v:6]
INFO: [Synth 8-6155] done synthesizing module 'design_1_rgb2dvi_0_0' (0#1) [V:/zybo_z7_imx219/zybo_z7_imx219.runs/synth_1/.Xil/Vivado-8516-DESKTOP-6M954OF/realtime/design_1_rgb2dvi_0_0_stub.v:6]
INFO: [Synth 8-6157] synthesizing module 'design_1_rst_display_axis_0' [V:/zybo_z7_imx219/zybo_z7_imx219.runs/synth_1/.Xil/Vivado-8516-DESKTOP-6M954OF/realtime/design_1_rst_display_axis_0_stub.v:6]
INFO: [Synth 8-6155] done synthesizing module 'design_1_rst_display_axis_0' (0#1) [V:/zybo_z7_imx219/zybo_z7_imx219.runs/synth_1/.Xil/Vivado-8516-DESKTOP-6M954OF/realtime/design_1_rst_display_axis_0_stub.v:6]
WARNING: [Synth 8-7071] port 'mb_reset' of module 'design_1_rst_display_axis_0' is unconnected for instance 'rst_display_axis' [v:/zybo_z7_imx219/zybo_z7_imx219.gen/sources_1/bd/design_1/synth/design_1.v:1010]
WARNING: [Synth 8-7071] port 'bus_struct_reset' of module 'design_1_rst_display_axis_0' is unconnected for instance 'rst_display_axis' [v:/zybo_z7_imx219/zybo_z7_imx219.gen/sources_1/bd/design_1/synth/design_1.v:1010]
WARNING: [Synth 8-7071] port 'peripheral_reset' of module 'design_1_rst_display_axis_0' is unconnected for instance 'rst_display_axis' [v:/zybo_z7_imx219/zybo_z7_imx219.gen/sources_1/bd/design_1/synth/design_1.v:1010]
WARNING: [Synth 8-7071] port 'interconnect_aresetn' of module 'design_1_rst_display_axis_0' is unconnected for instance 'rst_display_axis' [v:/zybo_z7_imx219/zybo_z7_imx219.gen/sources_1/bd/design_1/synth/design_1.v:1010]
WARNING: [Synth 8-7023] instance 'rst_display_axis' of module 'design_1_rst_display_axis_0' has 10 connections declared, but only 6 given [v:/zybo_z7_imx219/zybo_z7_imx219.gen/sources_1/bd/design_1/synth/design_1.v:1010]
INFO: [Synth 8-6157] synthesizing module 'design_1_rst_hdmi_0' [V:/zybo_z7_imx219/zybo_z7_imx219.runs/synth_1/.Xil/Vivado-8516-DESKTOP-6M954OF/realtime/design_1_rst_hdmi_0_stub.v:6]
INFO: [Synth 8-6155] done synthesizing module 'design_1_rst_hdmi_0' (0#1) [V:/zybo_z7_imx219/zybo_z7_imx219.runs/synth_1/.Xil/Vivado-8516-DESKTOP-6M954OF/realtime/design_1_rst_hdmi_0_stub.v:6]
WARNING: [Synth 8-7071] port 'mb_reset' of module 'design_1_rst_hdmi_0' is unconnected for instance 'rst_hdmi' [v:/zybo_z7_imx219/zybo_z7_imx219.gen/sources_1/bd/design_1/synth/design_1.v:1017]
WARNING: [Synth 8-7071] port 'bus_struct_reset' of module 'design_1_rst_hdmi_0' is unconnected for instance 'rst_hdmi' [v:/zybo_z7_imx219/zybo_z7_imx219.gen/sources_1/bd/design_1/synth/design_1.v:1017]
WARNING: [Synth 8-7071] port 'interconnect_aresetn' of module 'design_1_rst_hdmi_0' is unconnected for instance 'rst_hdmi' [v:/zybo_z7_imx219/zybo_z7_imx219.gen/sources_1/bd/design_1/synth/design_1.v:1017]
WARNING: [Synth 8-7023] instance 'rst_hdmi' of module 'design_1_rst_hdmi_0' has 10 connections declared, but only 7 given [v:/zybo_z7_imx219/zybo_z7_imx219.gen/sources_1/bd/design_1/synth/design_1.v:1017]
INFO: [Synth 8-6157] synthesizing module 'design_1_v_axi4s_vid_out_0_0' [V:/zybo_z7_imx219/zybo_z7_imx219.runs/synth_1/.Xil/Vivado-8516-DESKTOP-6M954OF/realtime/design_1_v_axi4s_vid_out_0_0_stub.v:6]
INFO: [Synth 8-6155] done synthesizing module 'design_1_v_axi4s_vid_out_0_0' (0#1) [V:/zybo_z7_imx219/zybo_z7_imx219.runs/synth_1/.Xil/Vivado-8516-DESKTOP-6M954OF/realtime/design_1_v_axi4s_vid_out_0_0_stub.v:6]
WARNING: [Synth 8-7071] port 'vid_vblank' of module 'design_1_v_axi4s_vid_out_0_0' is unconnected for instance 'v_axi4s_vid_out_0' [v:/zybo_z7_imx219/zybo_z7_imx219.gen/sources_1/bd/design_1/synth/design_1.v:1025]
WARNING: [Synth 8-7071] port 'vid_hblank' of module 'design_1_v_axi4s_vid_out_0_0' is unconnected for instance 'v_axi4s_vid_out_0' [v:/zybo_z7_imx219/zybo_z7_imx219.gen/sources_1/bd/design_1/synth/design_1.v:1025]
WARNING: [Synth 8-7071] port 'vid_field_id' of module 'design_1_v_axi4s_vid_out_0_0' is unconnected for instance 'v_axi4s_vid_out_0' [v:/zybo_z7_imx219/zybo_z7_imx219.gen/sources_1/bd/design_1/synth/design_1.v:1025]
WARNING: [Synth 8-7071] port 'locked' of module 'design_1_v_axi4s_vid_out_0_0' is unconnected for instance 'v_axi4s_vid_out_0' [v:/zybo_z7_imx219/zybo_z7_imx219.gen/sources_1/bd/design_1/synth/design_1.v:1025]
WARNING: [Synth 8-7071] port 'overflow' of module 'design_1_v_axi4s_vid_out_0_0' is unconnected for instance 'v_axi4s_vid_out_0' [v:/zybo_z7_imx219/zybo_z7_imx219.gen/sources_1/bd/design_1/synth/design_1.v:1025]
WARNING: [Synth 8-7071] port 'underflow' of module 'design_1_v_axi4s_vid_out_0_0' is unconnected for instance 'v_axi4s_vid_out_0' [v:/zybo_z7_imx219/zybo_z7_imx219.gen/sources_1/bd/design_1/synth/design_1.v:1025]
WARNING: [Synth 8-7071] port 'fifo_read_level' of module 'design_1_v_axi4s_vid_out_0_0' is unconnected for instance 'v_axi4s_vid_out_0' [v:/zybo_z7_imx219/zybo_z7_imx219.gen/sources_1/bd/design_1/synth/design_1.v:1025]
WARNING: [Synth 8-7071] port 'status' of module 'design_1_v_axi4s_vid_out_0_0' is unconnected for instance 'v_axi4s_vid_out_0' [v:/zybo_z7_imx219/zybo_z7_imx219.gen/sources_1/bd/design_1/synth/design_1.v:1025]
WARNING: [Synth 8-7071] port 'sof_state_out' of module 'design_1_v_axi4s_vid_out_0_0' is unconnected for instance 'v_axi4s_vid_out_0' [v:/zybo_z7_imx219/zybo_z7_imx219.gen/sources_1/bd/design_1/synth/design_1.v:1025]
WARNING: [Synth 8-7023] instance 'v_axi4s_vid_out_0' of module 'design_1_v_axi4s_vid_out_0_0' has 32 connections declared, but only 23 given [v:/zybo_z7_imx219/zybo_z7_imx219.gen/sources_1/bd/design_1/synth/design_1.v:1025]
INFO: [Synth 8-6157] synthesizing module 'design_1_v_demosaic_0_0' [V:/zybo_z7_imx219/zybo_z7_imx219.runs/synth_1/.Xil/Vivado-8516-DESKTOP-6M954OF/realtime/design_1_v_demosaic_0_0_stub.v:6]
INFO: [Synth 8-6155] done synthesizing module 'design_1_v_demosaic_0_0' (0#1) [V:/zybo_z7_imx219/zybo_z7_imx219.runs/synth_1/.Xil/Vivado-8516-DESKTOP-6M954OF/realtime/design_1_v_demosaic_0_0_stub.v:6]
WARNING: [Synth 8-7071] port 'interrupt' of module 'design_1_v_demosaic_0_0' is unconnected for instance 'v_demosaic_0' [v:/zybo_z7_imx219/zybo_z7_imx219.gen/sources_1/bd/design_1/synth/design_1.v:1049]
WARNING: [Synth 8-7071] port 's_axis_video_TREADY' of module 'design_1_v_demosaic_0_0' is unconnected for instance 'v_demosaic_0' [v:/zybo_z7_imx219/zybo_z7_imx219.gen/sources_1/bd/design_1/synth/design_1.v:1049]
WARNING: [Synth 8-7071] port 'm_axis_video_TKEEP' of module 'design_1_v_demosaic_0_0' is unconnected for instance 'v_demosaic_0' [v:/zybo_z7_imx219/zybo_z7_imx219.gen/sources_1/bd/design_1/synth/design_1.v:1049]
WARNING: [Synth 8-7071] port 'm_axis_video_TSTRB' of module 'design_1_v_demosaic_0_0' is unconnected for instance 'v_demosaic_0' [v:/zybo_z7_imx219/zybo_z7_imx219.gen/sources_1/bd/design_1/synth/design_1.v:1049]
WARNING: [Synth 8-7071] port 'm_axis_video_TID' of module 'design_1_v_demosaic_0_0' is unconnected for instance 'v_demosaic_0' [v:/zybo_z7_imx219/zybo_z7_imx219.gen/sources_1/bd/design_1/synth/design_1.v:1049]
WARNING: [Synth 8-7071] port 'm_axis_video_TDEST' of module 'design_1_v_demosaic_0_0' is unconnected for instance 'v_demosaic_0' [v:/zybo_z7_imx219/zybo_z7_imx219.gen/sources_1/bd/design_1/synth/design_1.v:1049]
WARNING: [Synth 8-7023] instance 'v_demosaic_0' of module 'design_1_v_demosaic_0_0' has 38 connections declared, but only 32 given [v:/zybo_z7_imx219/zybo_z7_imx219.gen/sources_1/bd/design_1/synth/design_1.v:1049]
INFO: [Synth 8-6157] synthesizing module 'design_1_v_tc_0_0' [V:/zybo_z7_imx219/zybo_z7_imx219.runs/synth_1/.Xil/Vivado-8516-DESKTOP-6M954OF/realtime/design_1_v_tc_0_0_stub.v:6]
INFO: [Synth 8-6155] done synthesizing module 'design_1_v_tc_0_0' (0#1) [V:/zybo_z7_imx219/zybo_z7_imx219.runs/synth_1/.Xil/Vivado-8516-DESKTOP-6M954OF/realtime/design_1_v_tc_0_0_stub.v:6]
WARNING: [Synth 8-7071] port 'irq' of module 'design_1_v_tc_0_0' is unconnected for instance 'v_tc_0' [v:/zybo_z7_imx219/zybo_z7_imx219.gen/sources_1/bd/design_1/synth/design_1.v:1082]
WARNING: [Synth 8-7071] port 'fsync_out' of module 'design_1_v_tc_0_0' is unconnected for instance 'v_tc_0' [v:/zybo_z7_imx219/zybo_z7_imx219.gen/sources_1/bd/design_1/synth/design_1.v:1082]
WARNING: [Synth 8-7023] instance 'v_tc_0' of module 'design_1_v_tc_0_0' has 33 connections declared, but only 31 given [v:/zybo_z7_imx219/zybo_z7_imx219.gen/sources_1/bd/design_1/synth/design_1.v:1082]
INFO: [Synth 8-6157] synthesizing module 'design_1_xlconstant_one_0' [v:/zybo_z7_imx219/zybo_z7_imx219.gen/sources_1/bd/design_1/ip/design_1_xlconstant_one_0/synth/design_1_xlconstant_one_0.v:53]
INFO: [Synth 8-6157] synthesizing module 'xlconstant_v1_1_10_xlconstant' [v:/zybo_z7_imx219/zybo_z7_imx219.gen/sources_1/bd/design_1/ipshared/a165/hdl/xlconstant_v1_1_vl_rfs.v:68]
INFO: [Synth 8-6155] done synthesizing module 'xlconstant_v1_1_10_xlconstant' (0#1) [v:/zybo_z7_imx219/zybo_z7_imx219.gen/sources_1/bd/design_1/ipshared/a165/hdl/xlconstant_v1_1_vl_rfs.v:68]
INFO: [Synth 8-6155] done synthesizing module 'design_1_xlconstant_one_0' (0#1) [v:/zybo_z7_imx219/zybo_z7_imx219.gen/sources_1/bd/design_1/ip/design_1_xlconstant_one_0/synth/design_1_xlconstant_one_0.v:53]
INFO: [Synth 8-6155] done synthesizing module 'design_1' (0#1) [v:/zybo_z7_imx219/zybo_z7_imx219.gen/sources_1/bd/design_1/synth/design_1.v:13]
INFO: [Synth 8-6155] done synthesizing module 'design_1_wrapper' (0#1) [V:/zybo_z7_imx219/zybo_z7_imx219.gen/sources_1/bd/design_1/hdl/design_1_wrapper.v:13]
WARNING: [Synth 8-7129] Port M_ACLK in module s02_couplers_imp_8NCF02 is either unconnected or has no load
WARNING: [Synth 8-7129] Port M_ARESETN in module s02_couplers_imp_8NCF02 is either unconnected or has no load
WARNING: [Synth 8-7129] Port S_ACLK in module s02_couplers_imp_8NCF02 is either unconnected or has no load
WARNING: [Synth 8-7129] Port S_ARESETN in module s02_couplers_imp_8NCF02 is either unconnected or has no load
WARNING: [Synth 8-7129] Port M_ACLK in module s01_couplers_imp_1W60HW0 is either unconnected or has no load
WARNING: [Synth 8-7129] Port M_ARESETN in module s01_couplers_imp_1W60HW0 is either unconnected or has no load
WARNING: [Synth 8-7129] Port S_ACLK in module s01_couplers_imp_1W60HW0 is either unconnected or has no load
WARNING: [Synth 8-7129] Port S_ARESETN in module s01_couplers_imp_1W60HW0 is either unconnected or has no load
WARNING: [Synth 8-7129] Port M_ACLK in module s00_couplers_imp_7HNO1D is either unconnected or has no load
WARNING: [Synth 8-7129] Port M_ARESETN in module s00_couplers_imp_7HNO1D is either unconnected or has no load
WARNING: [Synth 8-7129] Port S_ACLK in module s00_couplers_imp_7HNO1D is either unconnected or has no load
WARNING: [Synth 8-7129] Port S_ARESETN in module s00_couplers_imp_7HNO1D is either unconnected or has no load
WARNING: [Synth 8-7129] Port M_ACLK in module m00_couplers_imp_1R706YB is either unconnected or has no load
WARNING: [Synth 8-7129] Port M_ARESETN in module m00_couplers_imp_1R706YB is either unconnected or has no load
WARNING: [Synth 8-7129] Port M_AXI_bid[5] in module m00_couplers_imp_1R706YB is either unconnected or has no load
WARNING: [Synth 8-7129] Port M_AXI_bid[4] in module m00_couplers_imp_1R706YB is either unconnected or has no load
WARNING: [Synth 8-7129] Port M_AXI_bid[3] in module m00_couplers_imp_1R706YB is either unconnected or has no load
WARNING: [Synth 8-7129] Port M_AXI_bid[2] in module m00_couplers_imp_1R706YB is either unconnected or has no load
WARNING: [Synth 8-7129] Port M_AXI_rid[5] in module m00_couplers_imp_1R706YB is either unconnected or has no load
WARNING: [Synth 8-7129] Port M_AXI_rid[4] in module m00_couplers_imp_1R706YB is either unconnected or has no load
WARNING: [Synth 8-7129] Port M_AXI_rid[3] in module m00_couplers_imp_1R706YB is either unconnected or has no load
WARNING: [Synth 8-7129] Port M_AXI_rid[2] in module m00_couplers_imp_1R706YB is either unconnected or has no load
WARNING: [Synth 8-7129] Port M00_ACLK in module design_1_axi_mem_intercon_0 is either unconnected or has no load
WARNING: [Synth 8-7129] Port M00_ARESETN in module design_1_axi_mem_intercon_0 is either unconnected or has no load
WARNING: [Synth 8-7129] Port S00_ACLK in module design_1_axi_mem_intercon_0 is either unconnected or has no load
WARNING: [Synth 8-7129] Port S00_ARESETN in module design_1_axi_mem_intercon_0 is either unconnected or has no load
WARNING: [Synth 8-7129] Port S01_ACLK in module design_1_axi_mem_intercon_0 is either unconnected or has no load
WARNING: [Synth 8-7129] Port S01_ARESETN in module design_1_axi_mem_intercon_0 is either unconnected or has no load
WARNING: [Synth 8-7129] Port S02_ACLK in module design_1_axi_mem_intercon_0 is either unconnected or has no load
WARNING: [Synth 8-7129] Port S02_ARESETN in module design_1_axi_mem_intercon_0 is either unconnected or has no load
---------------------------------------------------------------------------------
Finished RTL Elaboration : Time (s): cpu = 00:00:12 ; elapsed = 00:00:13 . Memory (MB): peak = 1589.984 ; gain = 676.637
---------------------------------------------------------------------------------
---------------------------------------------------------------------------------
Start Handling Custom Attributes
---------------------------------------------------------------------------------
---------------------------------------------------------------------------------
Finished Handling Custom Attributes : Time (s): cpu = 00:00:12 ; elapsed = 00:00:13 . Memory (MB): peak = 1589.984 ; gain = 676.637
---------------------------------------------------------------------------------
---------------------------------------------------------------------------------
Finished RTL Optimization Phase 1 : Time (s): cpu = 00:00:12 ; elapsed = 00:00:13 . Memory (MB): peak = 1589.984 ; gain = 676.637
---------------------------------------------------------------------------------
Netlist sorting complete. Time (s): cpu = 00:00:00 ; elapsed = 00:00:00.048 . Memory (MB): peak = 1589.984 ; gain = 0.000
INFO: [Netlist 29-17] Analyzing 3 Unisim elements for replacement
INFO: [Netlist 29-28] Unisim Transformation completed in 0 CPU seconds
INFO: [Project 1-570] Preparing netlist for logic optimization

Processing XDC Constraints
Initializing timing engine
Parsing XDC File [v:/zybo_z7_imx219/zybo_z7_imx219.gen/sources_1/bd/design_1/ip/design_1_processing_system7_0_0/design_1_processing_system7_0_0/design_1_processing_system7_0_0_in_context.xdc] for cell 'design_1_i/processing_system7_0'
Finished Parsing XDC File [v:/zybo_z7_imx219/zybo_z7_imx219.gen/sources_1/bd/design_1/ip/design_1_processing_system7_0_0/design_1_processing_system7_0_0/design_1_processing_system7_0_0_in_context.xdc] for cell 'design_1_i/processing_system7_0'
Parsing XDC File [v:/zybo_z7_imx219/zybo_z7_imx219.gen/sources_1/bd/design_1/ip/design_1_proc_sys_reset_0_0/design_1_proc_sys_reset_0_0/design_1_proc_sys_reset_0_0_in_context.xdc] for cell 'design_1_i/proc_sys_reset_0'
Finished Parsing XDC File [v:/zybo_z7_imx219/zybo_z7_imx219.gen/sources_1/bd/design_1/ip/design_1_proc_sys_reset_0_0/design_1_proc_sys_reset_0_0/design_1_proc_sys_reset_0_0_in_context.xdc] for cell 'design_1_i/proc_sys_reset_0'
Parsing XDC File [v:/zybo_z7_imx219/zybo_z7_imx219.gen/sources_1/bd/design_1/ip/design_1_mipi_csi2_rx_subsyst_0_0/design_1_mipi_csi2_rx_subsyst_0_0/design_1_mipi_csi2_rx_subsyst_0_0_in_context.xdc] for cell 'design_1_i/mipi_csi2_rx_subsyst_0'
Finished Parsing XDC File [v:/zybo_z7_imx219/zybo_z7_imx219.gen/sources_1/bd/design_1/ip/design_1_mipi_csi2_rx_subsyst_0_0/design_1_mipi_csi2_rx_subsyst_0_0/design_1_mipi_csi2_rx_subsyst_0_0_in_context.xdc] for cell 'design_1_i/mipi_csi2_rx_subsyst_0'
Parsing XDC File [v:/zybo_z7_imx219/zybo_z7_imx219.gen/sources_1/bd/design_1/ip/design_1_axi_smc_0/design_1_axi_smc_0/design_1_axi_smc_0_in_context.xdc] for cell 'design_1_i/axi_smc'
Finished Parsing XDC File [v:/zybo_z7_imx219/zybo_z7_imx219.gen/sources_1/bd/design_1/ip/design_1_axi_smc_0/design_1_axi_smc_0/design_1_axi_smc_0_in_context.xdc] for cell 'design_1_i/axi_smc'
Parsing XDC File [v:/zybo_z7_imx219/zybo_z7_imx219.gen/sources_1/bd/design_1/ip/design_1_axi_vdma_0_0/design_1_axi_vdma_0_0/design_1_axi_vdma_0_0_in_context.xdc] for cell 'design_1_i/axi_vdma_0'
Finished Parsing XDC File [v:/zybo_z7_imx219/zybo_z7_imx219.gen/sources_1/bd/design_1/ip/design_1_axi_vdma_0_0/design_1_axi_vdma_0_0/design_1_axi_vdma_0_0_in_context.xdc] for cell 'design_1_i/axi_vdma_0'
Parsing XDC File [v:/zybo_z7_imx219/zybo_z7_imx219.gen/sources_1/bd/design_1/ip/design_1_axi_mem_intercon_imp_xbar_0/design_1_axi_mem_intercon_imp_xbar_0/design_1_axi_mem_intercon_imp_xbar_0_in_context.xdc] for cell 'design_1_i/axi_mem_intercon/xbar'
Finished Parsing XDC File [v:/zybo_z7_imx219/zybo_z7_imx219.gen/sources_1/bd/design_1/ip/design_1_axi_mem_intercon_imp_xbar_0/design_1_axi_mem_intercon_imp_xbar_0/design_1_axi_mem_intercon_imp_xbar_0_in_context.xdc] for cell 'design_1_i/axi_mem_intercon/xbar'
Parsing XDC File [v:/zybo_z7_imx219/zybo_z7_imx219.gen/sources_1/bd/design_1/ip/design_1_axi_mem_intercon_imp_auto_pc_0/design_1_axi_mem_intercon_imp_auto_pc_0/design_1_axi_mem_intercon_imp_auto_pc_0_in_context.xdc] for cell 'design_1_i/axi_mem_intercon/m00_couplers/auto_pc'
Finished Parsing XDC File [v:/zybo_z7_imx219/zybo_z7_imx219.gen/sources_1/bd/design_1/ip/design_1_axi_mem_intercon_imp_auto_pc_0/design_1_axi_mem_intercon_imp_auto_pc_0/design_1_axi_mem_intercon_imp_auto_pc_0_in_context.xdc] for cell 'design_1_i/axi_mem_intercon/m00_couplers/auto_pc'
Parsing XDC File [v:/zybo_z7_imx219/zybo_z7_imx219.gen/sources_1/bd/design_1/ip/design_1_clk_wiz_0_0/design_1_clk_wiz_0_0/design_1_clk_wiz_0_0_in_context.xdc] for cell 'design_1_i/clk_wiz_0'
Finished Parsing XDC File [v:/zybo_z7_imx219/zybo_z7_imx219.gen/sources_1/bd/design_1/ip/design_1_clk_wiz_0_0/design_1_clk_wiz_0_0/design_1_clk_wiz_0_0_in_context.xdc] for cell 'design_1_i/clk_wiz_0'
Parsing XDC File [v:/zybo_z7_imx219/zybo_z7_imx219.gen/sources_1/bd/design_1/ip/design_1_v_demosaic_0_0/design_1_v_demosaic_0_0/design_1_v_demosaic_0_0_in_context.xdc] for cell 'design_1_i/v_demosaic_0'
Finished Parsing XDC File [v:/zybo_z7_imx219/zybo_z7_imx219.gen/sources_1/bd/design_1/ip/design_1_v_demosaic_0_0/design_1_v_demosaic_0_0/design_1_v_demosaic_0_0_in_context.xdc] for cell 'design_1_i/v_demosaic_0'
Parsing XDC File [v:/zybo_z7_imx219/zybo_z7_imx219.gen/sources_1/bd/design_1/ip/design_1_clk_wiz_hdmi_0/design_1_clk_wiz_hdmi_0/design_1_clk_wiz_hdmi_0_in_context.xdc] for cell 'design_1_i/clk_wiz_hdmi'
Finished Parsing XDC File [v:/zybo_z7_imx219/zybo_z7_imx219.gen/sources_1/bd/design_1/ip/design_1_clk_wiz_hdmi_0/design_1_clk_wiz_hdmi_0/design_1_clk_wiz_hdmi_0_in_context.xdc] for cell 'design_1_i/clk_wiz_hdmi'
Parsing XDC File [v:/zybo_z7_imx219/zybo_z7_imx219.gen/sources_1/bd/design_1/ip/design_1_rst_hdmi_0/design_1_rst_hdmi_0/design_1_rst_hdmi_0_in_context.xdc] for cell 'design_1_i/rst_hdmi'
Finished Parsing XDC File [v:/zybo_z7_imx219/zybo_z7_imx219.gen/sources_1/bd/design_1/ip/design_1_rst_hdmi_0/design_1_rst_hdmi_0/design_1_rst_hdmi_0_in_context.xdc] for cell 'design_1_i/rst_hdmi'
Parsing XDC File [v:/zybo_z7_imx219/zybo_z7_imx219.gen/sources_1/bd/design_1/ip/design_1_v_tc_0_0/design_1_v_tc_0_0/design_1_v_tc_0_0_in_context.xdc] for cell 'design_1_i/v_tc_0'
Finished Parsing XDC File [v:/zybo_z7_imx219/zybo_z7_imx219.gen/sources_1/bd/design_1/ip/design_1_v_tc_0_0/design_1_v_tc_0_0/design_1_v_tc_0_0_in_context.xdc] for cell 'design_1_i/v_tc_0'
Parsing XDC File [v:/zybo_z7_imx219/zybo_z7_imx219.gen/sources_1/bd/design_1/ip/design_1_v_axi4s_vid_out_0_0/design_1_v_axi4s_vid_out_0_0/design_1_v_axi4s_vid_out_0_0_in_context.xdc] for cell 'design_1_i/v_axi4s_vid_out_0'
Finished Parsing XDC File [v:/zybo_z7_imx219/zybo_z7_imx219.gen/sources_1/bd/design_1/ip/design_1_v_axi4s_vid_out_0_0/design_1_v_axi4s_vid_out_0_0/design_1_v_axi4s_vid_out_0_0_in_context.xdc] for cell 'design_1_i/v_axi4s_vid_out_0'
Parsing XDC File [v:/zybo_z7_imx219/zybo_z7_imx219.gen/sources_1/bd/design_1/ip/design_1_rgb2dvi_0_0/design_1_rgb2dvi_0_0/design_1_rgb2dvi_0_0_in_context.xdc] for cell 'design_1_i/rgb2dvi_0'
Finished Parsing XDC File [v:/zybo_z7_imx219/zybo_z7_imx219.gen/sources_1/bd/design_1/ip/design_1_rgb2dvi_0_0/design_1_rgb2dvi_0_0/design_1_rgb2dvi_0_0_in_context.xdc] for cell 'design_1_i/rgb2dvi_0'
Parsing XDC File [v:/zybo_z7_imx219/zybo_z7_imx219.gen/sources_1/bd/design_1/ip/design_1_rst_display_axis_0/design_1_rst_display_axis_0/design_1_rst_display_axis_0_in_context.xdc] for cell 'design_1_i/rst_display_axis'
Finished Parsing XDC File [v:/zybo_z7_imx219/zybo_z7_imx219.gen/sources_1/bd/design_1/ip/design_1_rst_display_axis_0/design_1_rst_display_axis_0/design_1_rst_display_axis_0_in_context.xdc] for cell 'design_1_i/rst_display_axis'
Parsing XDC File [v:/zybo_z7_imx219/zybo_z7_imx219.gen/sources_1/bd/design_1/ip/design_1_axis_isp_0_0/design_1_axis_isp_0_0/design_1_axis_isp_0_0_in_context.xdc] for cell 'design_1_i/axis_isp_0'
Finished Parsing XDC File [v:/zybo_z7_imx219/zybo_z7_imx219.gen/sources_1/bd/design_1/ip/design_1_axis_isp_0_0/design_1_axis_isp_0_0/design_1_axis_isp_0_0_in_context.xdc] for cell 'design_1_i/axis_isp_0'
Parsing XDC File [v:/zybo_z7_imx219/zybo_z7_imx219.gen/sources_1/bd/design_1/ip/design_1_raw_switch_0/design_1_raw_switch_0/design_1_raw_switch_0_in_context.xdc] for cell 'design_1_i/raw_switch'
Finished Parsing XDC File [v:/zybo_z7_imx219/zybo_z7_imx219.gen/sources_1/bd/design_1/ip/design_1_raw_switch_0/design_1_raw_switch_0/design_1_raw_switch_0_in_context.xdc] for cell 'design_1_i/raw_switch'
Parsing XDC File [v:/zybo_z7_imx219/zybo_z7_imx219.gen/sources_1/bd/design_1/ip/design_1_raw_vdma_0/design_1_raw_vdma_0/design_1_raw_vdma_0_in_context.xdc] for cell 'design_1_i/raw_vdma'
Finished Parsing XDC File [v:/zybo_z7_imx219/zybo_z7_imx219.gen/sources_1/bd/design_1/ip/design_1_raw_vdma_0/design_1_raw_vdma_0/design_1_raw_vdma_0_in_context.xdc] for cell 'design_1_i/raw_vdma'
Parsing XDC File [v:/zybo_z7_imx219/zybo_z7_imx219.gen/sources_1/bd/design_1/ip/design_1_axis_raw_to_gbr_0_0/design_1_axis_raw_to_gbr_0_0/design_1_axis_raw_to_gbr_0_0_in_context.xdc] for cell 'design_1_i/axis_raw_to_gbr_0'
Finished Parsing XDC File [v:/zybo_z7_imx219/zybo_z7_imx219.gen/sources_1/bd/design_1/ip/design_1_axis_raw_to_gbr_0_0/design_1_axis_raw_to_gbr_0_0/design_1_axis_raw_to_gbr_0_0_in_context.xdc] for cell 'design_1_i/axis_raw_to_gbr_0'
Parsing XDC File [v:/zybo_z7_imx219/zybo_z7_imx219.gen/sources_1/bd/design_1/ip/design_1_bayer_phase_gpio_0/design_1_bayer_phase_gpio_0/design_1_bayer_phase_gpio_0_in_context.xdc] for cell 'design_1_i/bayer_phase_gpio'
Finished Parsing XDC File [v:/zybo_z7_imx219/zybo_z7_imx219.gen/sources_1/bd/design_1/ip/design_1_bayer_phase_gpio_0/design_1_bayer_phase_gpio_0/design_1_bayer_phase_gpio_0_in_context.xdc] for cell 'design_1_i/bayer_phase_gpio'
Parsing XDC File [v:/zybo_z7_imx219/zybo_z7_imx219.gen/sources_1/bd/design_1/ip/design_1_capture_fifo_0_1/design_1_capture_fifo_0/design_1_capture_fifo_0_in_context.xdc] for cell 'design_1_i/capture_fifo'
Finished Parsing XDC File [v:/zybo_z7_imx219/zybo_z7_imx219.gen/sources_1/bd/design_1/ip/design_1_capture_fifo_0_1/design_1_capture_fifo_0/design_1_capture_fifo_0_in_context.xdc] for cell 'design_1_i/capture_fifo'
Parsing XDC File [V:/zybo_z7_imx219/zybo_z7_imx219.srcs/constrs_1/new/pcam.xdc]
CRITICAL WARNING: [Constraints 18-1056] Clock 'dphy_hs_clock_clk_p' completely overrides clock 'mipi_phy_if_0_clk_hs_p'.
New: create_clock -period 2.193 -name dphy_hs_clock_clk_p -waveform {0.000 1.096} [get_ports mipi_phy_if_0_clk_hs_p], [V:/zybo_z7_imx219/zybo_z7_imx219.srcs/constrs_1/new/pcam.xdc:30]
Previous: create_clock -period 2.192 [get_ports mipi_phy_if_0_clk_hs_p], [v:/zybo_z7_imx219/zybo_z7_imx219.gen/sources_1/bd/design_1/ip/design_1_mipi_csi2_rx_subsyst_0_0/design_1_mipi_csi2_rx_subsyst_0_0/design_1_mipi_csi2_rx_subsyst_0_0_in_context.xdc:1]
Resolution: Review the constraint files and remove the redundant clock definition(s). If the clock constraints are not saved in a file, you can first save the constraints to an XDC file and reload the design once the constraints have been corrected.
Finished Parsing XDC File [V:/zybo_z7_imx219/zybo_z7_imx219.srcs/constrs_1/new/pcam.xdc]
INFO: [Project 1-236] Implementation specific constraints were found while reading constraint file [V:/zybo_z7_imx219/zybo_z7_imx219.srcs/constrs_1/new/pcam.xdc]. These constraints will be ignored for synthesis but will be used in implementation. Impacted constraints are listed in the file [.Xil/design_1_wrapper_propImpl.xdc].
Resolution: To avoid this warning, move constraints listed in [.Xil/design_1_wrapper_propImpl.xdc] to another XDC file and exclude this new file from synthesis with the used_in_synthesis property (File Properties dialog in GUI) and re-run elaboration/synthesis.
Parsing XDC File [V:/zybo_z7_imx219/zybo_z7_imx219.runs/synth_1/dont_touch.xdc]
Finished Parsing XDC File [V:/zybo_z7_imx219/zybo_z7_imx219.runs/synth_1/dont_touch.xdc]
Completed Processing XDC Constraints

Netlist sorting complete. Time (s): cpu = 00:00:00 ; elapsed = 00:00:00.001 . Memory (MB): peak = 1589.984 ; gain = 0.000
INFO: [Project 1-111] Unisim Transformation Summary:
  A total of 3 instances were transformed.
  IOBUF => IOBUF (IBUF, OBUFT): 3 instances

Constraint Validation Runtime : Time (s): cpu = 00:00:00 ; elapsed = 00:00:00.040 . Memory (MB): peak = 1589.984 ; gain = 0.000
INFO: [Designutils 20-5440] No compile time benefit to using incremental synthesis; A full resynthesis will be run
INFO: [Designutils 20-4379] Flow is switching to default flow due to incremental criteria not met. If you would like to alter this behaviour and have the flow terminate instead, please set the following parameter config_implementation {autoIncr.Synth.RejectBehavior Terminate}
---------------------------------------------------------------------------------
Finished Constraint Validation : Time (s): cpu = 00:00:25 ; elapsed = 00:00:27 . Memory (MB): peak = 1589.984 ; gain = 676.637
---------------------------------------------------------------------------------
---------------------------------------------------------------------------------
Start Loading Part and Timing Information
---------------------------------------------------------------------------------
Loading part: xc7z020clg400-1
---------------------------------------------------------------------------------
Finished Loading Part and Timing Information : Time (s): cpu = 00:00:25 ; elapsed = 00:00:27 . Memory (MB): peak = 1589.984 ; gain = 676.637
---------------------------------------------------------------------------------
---------------------------------------------------------------------------------
Start Applying 'set_property' XDC Constraints
---------------------------------------------------------------------------------
---------------------------------------------------------------------------------
Finished applying 'set_property' XDC Constraints : Time (s): cpu = 00:00:26 ; elapsed = 00:00:28 . Memory (MB): peak = 1589.984 ; gain = 676.637
---------------------------------------------------------------------------------
---------------------------------------------------------------------------------
Finished RTL Optimization Phase 2 : Time (s): cpu = 00:00:27 ; elapsed = 00:00:29 . Memory (MB): peak = 1589.984 ; gain = 676.637
---------------------------------------------------------------------------------
---------------------------------------------------------------------------------
Start RTL Component Statistics 
---------------------------------------------------------------------------------
Detailed RTL Component Info : 
---------------------------------------------------------------------------------
Finished RTL Component Statistics 
---------------------------------------------------------------------------------
---------------------------------------------------------------------------------
Start Part Resource Summary
---------------------------------------------------------------------------------
Part Resources:
DSPs: 220 (col length:60)
BRAMs: 280 (col length: RAMB18 60 RAMB36 30)
---------------------------------------------------------------------------------
Finished Part Resource Summary
---------------------------------------------------------------------------------
---------------------------------------------------------------------------------
Start Cross Boundary and Area Optimization
---------------------------------------------------------------------------------
WARNING: [Synth 8-7129] Port M00_ACLK in module design_1_axi_mem_intercon_0 is either unconnected or has no load
WARNING: [Synth 8-7129] Port M00_ARESETN in module design_1_axi_mem_intercon_0 is either unconnected or has no load
WARNING: [Synth 8-7129] Port M00_AXI_bid[5] in module design_1_axi_mem_intercon_0 is either unconnected or has no load
WARNING: [Synth 8-7129] Port M00_AXI_bid[4] in module design_1_axi_mem_intercon_0 is either unconnected or has no load
WARNING: [Synth 8-7129] Port M00_AXI_bid[3] in module design_1_axi_mem_intercon_0 is either unconnected or has no load
WARNING: [Synth 8-7129] Port M00_AXI_bid[2] in module design_1_axi_mem_intercon_0 is either unconnected or has no load
WARNING: [Synth 8-7129] Port M00_AXI_rid[5] in module design_1_axi_mem_intercon_0 is either unconnected or has no load
WARNING: [Synth 8-7129] Port M00_AXI_rid[4] in module design_1_axi_mem_intercon_0 is either unconnected or has no load
WARNING: [Synth 8-7129] Port M00_AXI_rid[3] in module design_1_axi_mem_intercon_0 is either unconnected or has no load
WARNING: [Synth 8-7129] Port M00_AXI_rid[2] in module design_1_axi_mem_intercon_0 is either unconnected or has no load
WARNING: [Synth 8-7129] Port S00_ACLK in module design_1_axi_mem_intercon_0 is either unconnected or has no load
WARNING: [Synth 8-7129] Port S00_ARESETN in module design_1_axi_mem_intercon_0 is either unconnected or has no load
WARNING: [Synth 8-7129] Port S01_ACLK in module design_1_axi_mem_intercon_0 is either unconnected or has no load
WARNING: [Synth 8-7129] Port S01_ARESETN in module design_1_axi_mem_intercon_0 is either unconnected or has no load
WARNING: [Synth 8-7129] Port S02_ACLK in module design_1_axi_mem_intercon_0 is either unconnected or has no load
WARNING: [Synth 8-7129] Port S02_ARESETN in module design_1_axi_mem_intercon_0 is either unconnected or has no load
---------------------------------------------------------------------------------
Finished Cross Boundary and Area Optimization : Time (s): cpu = 00:00:31 ; elapsed = 00:00:33 . Memory (MB): peak = 1600.930 ; gain = 687.582
---------------------------------------------------------------------------------
---------------------------------------------------------------------------------
Start Applying XDC Timing Constraints
---------------------------------------------------------------------------------
---------------------------------------------------------------------------------
Finished Applying XDC Timing Constraints : Time (s): cpu = 00:00:40 ; elapsed = 00:00:42 . Memory (MB): peak = 1767.828 ; gain = 854.480
---------------------------------------------------------------------------------
---------------------------------------------------------------------------------
Start Timing Optimization
---------------------------------------------------------------------------------
---------------------------------------------------------------------------------
Finished Timing Optimization : Time (s): cpu = 00:00:40 ; elapsed = 00:00:42 . Memory (MB): peak = 1769.027 ; gain = 855.680
---------------------------------------------------------------------------------
---------------------------------------------------------------------------------
Start Technology Mapping
---------------------------------------------------------------------------------
---------------------------------------------------------------------------------
Finished Technology Mapping : Time (s): cpu = 00:00:40 ; elapsed = 00:00:42 . Memory (MB): peak = 1779.750 ; gain = 866.402
---------------------------------------------------------------------------------
---------------------------------------------------------------------------------
Start IO Insertion
---------------------------------------------------------------------------------
---------------------------------------------------------------------------------
Start Flattening Before IO Insertion
---------------------------------------------------------------------------------
---------------------------------------------------------------------------------
Finished Flattening Before IO Insertion
---------------------------------------------------------------------------------
---------------------------------------------------------------------------------
Start Final Netlist Cleanup
---------------------------------------------------------------------------------
---------------------------------------------------------------------------------
Finished Final Netlist Cleanup
---------------------------------------------------------------------------------
---------------------------------------------------------------------------------
Finished IO Insertion : Time (s): cpu = 00:00:46 ; elapsed = 00:00:49 . Memory (MB): peak = 2027.738 ; gain = 1114.391
---------------------------------------------------------------------------------
---------------------------------------------------------------------------------
Start Renaming Generated Instances
---------------------------------------------------------------------------------
---------------------------------------------------------------------------------
Finished Renaming Generated Instances : Time (s): cpu = 00:00:46 ; elapsed = 00:00:49 . Memory (MB): peak = 2027.738 ; gain = 1114.391
---------------------------------------------------------------------------------
---------------------------------------------------------------------------------
Start Rebuilding User Hierarchy
---------------------------------------------------------------------------------
---------------------------------------------------------------------------------
Finished Rebuilding User Hierarchy : Time (s): cpu = 00:00:46 ; elapsed = 00:00:49 . Memory (MB): peak = 2027.738 ; gain = 1114.391
---------------------------------------------------------------------------------
---------------------------------------------------------------------------------
Start Renaming Generated Ports
---------------------------------------------------------------------------------
---------------------------------------------------------------------------------
Finished Renaming Generated Ports : Time (s): cpu = 00:00:46 ; elapsed = 00:00:49 . Memory (MB): peak = 2027.738 ; gain = 1114.391
---------------------------------------------------------------------------------
---------------------------------------------------------------------------------
Start Handling Custom Attributes
---------------------------------------------------------------------------------
---------------------------------------------------------------------------------
Finished Handling Custom Attributes : Time (s): cpu = 00:00:46 ; elapsed = 00:00:49 . Memory (MB): peak = 2027.738 ; gain = 1114.391
---------------------------------------------------------------------------------
---------------------------------------------------------------------------------
Start Renaming Generated Nets
---------------------------------------------------------------------------------
---------------------------------------------------------------------------------
Finished Renaming Generated Nets : Time (s): cpu = 00:00:46 ; elapsed = 00:00:49 . Memory (MB): peak = 2027.738 ; gain = 1114.391
---------------------------------------------------------------------------------
---------------------------------------------------------------------------------
Start Writing Synthesis Report
---------------------------------------------------------------------------------

Report BlackBoxes: 
+------+----------------------------------------+----------+
|      |BlackBox name                           |Instances |
+------+----------------------------------------+----------+
|1     |design_1_axi_mem_intercon_imp_xbar_0    |         1|
|2     |design_1_axi_mem_intercon_imp_auto_pc_0 |         1|
|3     |design_1_axi_smc_0                      |         1|
|4     |design_1_axi_vdma_0_0                   |         1|
|5     |design_1_axis_isp_0_0                   |         1|
|6     |design_1_axis_raw_to_gbr_0_0            |         1|
|7     |design_1_bayer_phase_gpio_0             |         1|
|8     |design_1_capture_fifo_0                 |         1|
|9     |design_1_clk_wiz_0_0                    |         1|
|10    |design_1_clk_wiz_hdmi_0                 |         1|
|11    |design_1_mipi_csi2_rx_subsyst_0_0       |         1|
|12    |design_1_proc_sys_reset_0_0             |         1|
|13    |design_1_processing_system7_0_0         |         1|
|14    |design_1_raw_switch_0                   |         1|
|15    |design_1_raw_vdma_0                     |         1|
|16    |design_1_rgb2dvi_0_0                    |         1|
|17    |design_1_rst_display_axis_0             |         1|
|18    |design_1_rst_hdmi_0                     |         1|
|19    |design_1_v_axi4s_vid_out_0_0            |         1|
|20    |design_1_v_demosaic_0_0                 |         1|
|21    |design_1_v_tc_0_0                       |         1|
+------+----------------------------------------+----------+

Report Cell Usage: 
+------+--------------------------------------+------+
|      |Cell                                  |Count |
+------+--------------------------------------+------+
|1     |design_1_axi_mem_intercon_imp_auto_pc |     1|
|2     |design_1_axi_mem_intercon_imp_xbar    |     1|
|3     |design_1_axi_smc                      |     1|
|4     |design_1_axi_vdma_0                   |     1|
|5     |design_1_axis_isp_0                   |     1|
|6     |design_1_axis_raw_to_gbr_0            |     1|
|7     |design_1_bayer_phase_gpio             |     1|
|8     |design_1_capture_fifo                 |     1|
|9     |design_1_clk_wiz_0                    |     1|
|10    |design_1_clk_wiz_hdmi                 |     1|
|11    |design_1_mipi_csi2_rx_subsyst_0       |     1|
|12    |design_1_proc_sys_reset_0             |     1|
|13    |design_1_processing_system7_0         |     1|
|14    |design_1_raw_switch                   |     1|
|15    |design_1_raw_vdma                     |     1|
|16    |design_1_rgb2dvi_0                    |     1|
|17    |design_1_rst_display_axis             |     1|
|18    |design_1_rst_hdmi                     |     1|
|19    |design_1_v_axi4s_vid_out_0            |     1|
|20    |design_1_v_demosaic_0                 |     1|
|21    |design_1_v_tc_0                       |     1|
|22    |IBUF                                  |     6|
|23    |IOBUF                                 |     3|
|24    |OBUF                                  |     1|
+------+--------------------------------------+------+
---------------------------------------------------------------------------------
Finished Writing Synthesis Report : Time (s): cpu = 00:00:46 ; elapsed = 00:00:49 . Memory (MB): peak = 2027.738 ; gain = 1114.391
---------------------------------------------------------------------------------
Synthesis finished with 0 errors, 0 critical warnings and 16 warnings.
Synthesis Optimization Runtime : Time (s): cpu = 00:00:29 ; elapsed = 00:00:44 . Memory (MB): peak = 2027.738 ; gain = 1114.391
Synthesis Optimization Complete : Time (s): cpu = 00:00:46 ; elapsed = 00:00:49 . Memory (MB): peak = 2027.738 ; gain = 1114.391
INFO: [Project 1-571] Translating synthesized netlist
Netlist sorting complete. Time (s): cpu = 00:00:00 ; elapsed = 00:00:00.035 . Memory (MB): peak = 2027.738 ; gain = 0.000
INFO: [Netlist 29-17] Analyzing 3 Unisim elements for replacement
INFO: [Netlist 29-28] Unisim Transformation completed in 0 CPU seconds
INFO: [Project 1-570] Preparing netlist for logic optimization
INFO: [Opt 31-138] Pushed 0 inverter(s) to 0 load pin(s).
Netlist sorting complete. Time (s): cpu = 00:00:00 ; elapsed = 00:00:00 . Memory (MB): peak = 2040.508 ; gain = 0.000
INFO: [Project 1-111] Unisim Transformation Summary:
  A total of 3 instances were transformed.
  IOBUF => IOBUF (IBUF, OBUFT): 3 instances

Synth Design complete | Checksum: d0cb78ab
INFO: [Common 17-83] Releasing license: Synthesis
89 Infos, 147 Warnings, 1 Critical Warnings and 0 Errors encountered.
synth_design completed successfully
synth_design: Time (s): cpu = 00:00:53 ; elapsed = 00:01:01 . Memory (MB): peak = 2040.508 ; gain = 1358.812
INFO: [runtcl-6] Synthesis results are not added to the cache due to CRITICAL_WARNING
Write ShapeDB Complete: Time (s): cpu = 00:00:00 ; elapsed = 00:00:00.002 . Memory (MB): peak = 2040.508 ; gain = 0.000
INFO: [Common 17-1381] The checkpoint 'V:/zybo_z7_imx219/zybo_z7_imx219.runs/synth_1/design_1_wrapper.dcp' has been generated.
INFO: [Vivado 12-24828] Executing command : report_utilization -file design_1_wrapper_utilization_synth.rpt -pb design_1_wrapper_utilization_synth.pb
INFO: [Common 17-206] Exiting Vivado at Wed Sep 23 22:12:04 2026...
